[2026-10-04 23:06:22,719] [INFO] run_id=full_run01 config=task1_llm/member_aswin/configs/full.yaml device=cuda
[2026-10-04 23:06:22,720] [INFO] data smoke_only=False train=100000 val=10000 vocab=111
[2026-10-04 23:06:31,911] [INFO] epoch=1 step=100 loss=3.441777 lr=0.00002020 grad_norm=1.964195
[2026-10-04 23:06:35,112] [INFO] epoch=1 step=200 loss=2.730361 lr=0.00004020 grad_norm=1.027541
[2026-10-04 23:06:38,328] [INFO] epoch=1 step=300 loss=2.476505 lr=0.00006020 grad_norm=0.567330
[2026-10-04 23:06:41,517] [INFO] epoch=1 step=400 loss=2.414990 lr=0.00008020 grad_norm=0.591479
[2026-10-04 23:06:44,715] [INFO] epoch=1 step=500 loss=2.303850 lr=0.00010020 grad_norm=0.622089
[2026-10-04 23:06:47,932] [INFO] epoch=1 step=600 loss=2.206237 lr=0.00012020 grad_norm=1.193525
[2026-10-04 23:06:51,116] [INFO] epoch=1 step=700 loss=2.107881 lr=0.00014020 grad_norm=1.091575
[2026-10-04 23:06:54,289] [INFO] epoch=1 step=800 loss=2.018471 lr=0.00016020 grad_norm=1.050594
[2026-10-04 23:06:57,470] [INFO] epoch=1 step=900 loss=1.887934 lr=0.00018020 grad_norm=0.953022
[2026-10-04 23:07:00,674] [INFO] epoch=1 step=1000 loss=1.772432 lr=0.00020020 grad_norm=0.971215
[2026-10-04 23:07:03,841] [INFO] epoch=1 step=1100 loss=1.692962 lr=0.00022020 grad_norm=1.127808
[2026-10-04 23:07:07,007] [INFO] epoch=1 step=1200 loss=1.541747 lr=0.00024020 grad_norm=0.985829
[2026-10-04 23:07:10,188] [INFO] epoch=1 step=1300 loss=1.552734 lr=0.00025000 grad_norm=1.096103
[2026-10-04 23:07:13,438] [INFO] epoch=1 step=1400 loss=1.463060 lr=0.00024998 grad_norm=1.025074
[2026-10-04 23:07:16,612] [INFO] epoch=1 step=1500 loss=1.445219 lr=0.00024994 grad_norm=0.955923
[2026-10-04 23:07:19,803] [INFO] epoch=1 step=1600 loss=1.388410 lr=0.00024988 grad_norm=0.968716
[2026-10-04 23:07:22,981] [INFO] epoch=1 step=1700 loss=1.396674 lr=0.00024980 grad_norm=0.919495
[2026-10-04 23:07:26,189] [INFO] epoch=1 step=1800 loss=1.382987 lr=0.00024970 grad_norm=0.910054
[2026-10-04 23:07:29,370] [INFO] epoch=1 step=1900 loss=1.293263 lr=0.00024958 grad_norm=0.908809
[2026-10-04 23:07:32,537] [INFO] epoch=1 step=2000 loss=1.276328 lr=0.00024945 grad_norm=0.883575
[2026-10-04 23:07:37,257] [INFO] epoch_complete=1 train_loss=1.944395 val_loss=1.177729 val_accuracy=0.634922
[2026-10-04 23:07:37,879] [INFO] epoch=2 step=2100 loss=1.287715 lr=0.00024929 grad_norm=0.876463
[2026-10-04 23:07:41,056] [INFO] epoch=2 step=2200 loss=1.272463 lr=0.00024911 grad_norm=0.933081
[2026-10-04 23:07:44,221] [INFO] epoch=2 step=2300 loss=1.227546 lr=0.00024892 grad_norm=0.894332
[2026-10-04 23:07:47,402] [INFO] epoch=2 step=2400 loss=1.188506 lr=0.00024870 grad_norm=0.886838
[2026-10-04 23:07:50,624] [INFO] epoch=2 step=2500 loss=1.168097 lr=0.00024847 grad_norm=0.797858
[2026-10-04 23:07:53,812] [INFO] epoch=2 step=2600 loss=1.227212 lr=0.00024821 grad_norm=0.844984
[2026-10-04 23:07:57,005] [INFO] epoch=2 step=2700 loss=1.176971 lr=0.00024794 grad_norm=0.803259
[2026-10-04 23:08:00,181] [INFO] epoch=2 step=2800 loss=1.193712 lr=0.00024765 grad_norm=0.805428
[2026-10-04 23:08:03,395] [INFO] epoch=2 step=2900 loss=1.140297 lr=0.00024733 grad_norm=0.862189
[2026-10-04 23:08:06,565] [INFO] epoch=2 step=3000 loss=1.135776 lr=0.00024700 grad_norm=0.783014
[2026-10-04 23:08:09,743] [INFO] epoch=2 step=3100 loss=1.156577 lr=0.00024665 grad_norm=0.819182
[2026-10-04 23:08:12,933] [INFO] epoch=2 step=3200 loss=1.108749 lr=0.00024628 grad_norm=0.871495
[2026-10-04 23:08:16,141] [INFO] epoch=2 step=3300 loss=1.093828 lr=0.00024589 grad_norm=0.786227
[2026-10-04 23:08:19,307] [INFO] epoch=2 step=3400 loss=1.071909 lr=0.00024548 grad_norm=0.794703
[2026-10-04 23:08:22,470] [INFO] epoch=2 step=3500 loss=1.092004 lr=0.00024506 grad_norm=0.745042
[2026-10-04 23:08:25,651] [INFO] epoch=2 step=3600 loss=1.100378 lr=0.00024461 grad_norm=0.857340
[2026-10-04 23:08:28,869] [INFO] epoch=2 step=3700 loss=1.083074 lr=0.00024415 grad_norm=0.768337
[2026-10-04 23:08:32,037] [INFO] epoch=2 step=3800 loss=1.047423 lr=0.00024366 grad_norm=0.734405
[2026-10-04 23:08:35,201] [INFO] epoch=2 step=3900 loss=1.066151 lr=0.00024316 grad_norm=0.758686
[2026-10-04 23:08:38,394] [INFO] epoch=2 step=4000 loss=1.043176 lr=0.00024264 grad_norm=0.768018
[2026-10-04 23:08:41,577] [INFO] epoch=2 step=4100 loss=1.053337 lr=0.00024211 grad_norm=0.741086
[2026-10-04 23:08:45,708] [INFO] epoch_complete=2 train_loss=1.133349 val_loss=0.976992 val_accuracy=0.694090
[2026-10-04 23:08:46,827] [INFO] epoch=3 step=4200 loss=1.019928 lr=0.00024155 grad_norm=0.759056
[2026-10-04 23:08:50,028] [INFO] epoch=3 step=4300 loss=1.042673 lr=0.00024097 grad_norm=0.758094
[2026-10-04 23:08:53,253] [INFO] epoch=3 step=4400 loss=1.045533 lr=0.00024038 grad_norm=0.772233
[2026-10-04 23:08:56,433] [INFO] epoch=3 step=4500 loss=1.049370 lr=0.00023977 grad_norm=0.735853
[2026-10-04 23:08:59,595] [INFO] epoch=3 step=4600 loss=1.053291 lr=0.00023914 grad_norm=0.704580
[2026-10-04 23:09:02,795] [INFO] epoch=3 step=4700 loss=1.018934 lr=0.00023849 grad_norm=0.736896
[2026-10-04 23:09:06,000] [INFO] epoch=3 step=4800 loss=1.021305 lr=0.00023783 grad_norm=0.709213
[2026-10-04 23:09:09,169] [INFO] epoch=3 step=4900 loss=1.018692 lr=0.00023715 grad_norm=0.678979
[2026-10-04 23:09:12,333] [INFO] epoch=3 step=5000 loss=0.985874 lr=0.00023645 grad_norm=0.702824
[2026-10-04 23:09:15,535] [INFO] epoch=3 step=5100 loss=0.955456 lr=0.00023573 grad_norm=0.698174
[2026-10-04 23:09:18,736] [INFO] epoch=3 step=5200 loss=0.949317 lr=0.00023500 grad_norm=0.697702
[2026-10-04 23:09:21,904] [INFO] epoch=3 step=5300 loss=1.032115 lr=0.00023425 grad_norm=0.742635
[2026-10-04 23:09:25,073] [INFO] epoch=3 step=5400 loss=1.008781 lr=0.00023348 grad_norm=0.725736
[2026-10-04 23:09:28,267] [INFO] epoch=3 step=5500 loss=1.006825 lr=0.00023270 grad_norm=0.706559
[2026-10-04 23:09:31,468] [INFO] epoch=3 step=5600 loss=0.938636 lr=0.00023190 grad_norm=0.702259
[2026-10-04 23:09:34,635] [INFO] epoch=3 step=5700 loss=0.949711 lr=0.00023108 grad_norm=0.652336
[2026-10-04 23:09:37,825] [INFO] epoch=3 step=5800 loss=0.991773 lr=0.00023024 grad_norm=0.664126
[2026-10-04 23:09:41,020] [INFO] epoch=3 step=5900 loss=0.969345 lr=0.00022939 grad_norm=0.681684
[2026-10-04 23:09:44,211] [INFO] epoch=3 step=6000 loss=0.987929 lr=0.00022853 grad_norm=0.691671
[2026-10-04 23:09:47,367] [INFO] epoch=3 step=6100 loss=1.009892 lr=0.00022765 grad_norm=0.700252
[2026-10-04 23:09:50,533] [INFO] epoch=3 step=6200 loss=0.974998 lr=0.00022675 grad_norm=0.672932
[2026-10-04 23:09:54,168] [INFO] epoch_complete=3 train_loss=0.998101 val_loss=0.902989 val_accuracy=0.715712
[2026-10-04 23:09:55,823] [INFO] epoch=4 step=6300 loss=0.970286 lr=0.00022584 grad_norm=0.701339
[2026-10-04 23:09:59,035] [INFO] epoch=4 step=6400 loss=0.936457 lr=0.00022491 grad_norm=0.661675
[2026-10-04 23:10:02,242] [INFO] epoch=4 step=6500 loss=0.923531 lr=0.00022396 grad_norm=0.640354
[2026-10-04 23:10:05,470] [INFO] epoch=4 step=6600 loss=0.950065 lr=0.00022300 grad_norm=0.681712
[2026-10-04 23:10:08,684] [INFO] epoch=4 step=6700 loss=0.941268 lr=0.00022203 grad_norm=0.691523
[2026-10-04 23:10:11,869] [INFO] epoch=4 step=6800 loss=0.952685 lr=0.00022104 grad_norm=0.700503
[2026-10-04 23:10:15,034] [INFO] epoch=4 step=6900 loss=0.913181 lr=0.00022004 grad_norm=0.647121
[2026-10-04 23:10:18,222] [INFO] epoch=4 step=7000 loss=0.928749 lr=0.00021902 grad_norm=0.650965
[2026-10-04 23:10:21,433] [INFO] epoch=4 step=7100 loss=0.951106 lr=0.00021799 grad_norm=0.656048
[2026-10-04 23:10:24,607] [INFO] epoch=4 step=7200 loss=0.939085 lr=0.00021694 grad_norm=0.673360
[2026-10-04 23:10:27,798] [INFO] epoch=4 step=7300 loss=0.921454 lr=0.00021588 grad_norm=0.634030
[2026-10-04 23:10:30,985] [INFO] epoch=4 step=7400 loss=0.925901 lr=0.00021480 grad_norm=0.649463
[2026-10-04 23:10:34,193] [INFO] epoch=4 step=7500 loss=0.917364 lr=0.00021372 grad_norm=0.665026
[2026-10-04 23:10:37,372] [INFO] epoch=4 step=7600 loss=0.915136 lr=0.00021262 grad_norm=0.642817
[2026-10-04 23:10:40,568] [INFO] epoch=4 step=7700 loss=0.943686 lr=0.00021150 grad_norm=0.700150
[2026-10-04 23:10:43,777] [INFO] epoch=4 step=7800 loss=0.935000 lr=0.00021038 grad_norm=0.653364
[2026-10-04 23:10:46,976] [INFO] epoch=4 step=7900 loss=0.915780 lr=0.00020924 grad_norm=0.634938
[2026-10-04 23:10:50,141] [INFO] epoch=4 step=8000 loss=0.910293 lr=0.00020808 grad_norm=0.647394
[2026-10-04 23:10:53,326] [INFO] epoch=4 step=8100 loss=0.900404 lr=0.00020692 grad_norm=0.634278
[2026-10-04 23:10:56,487] [INFO] epoch=4 step=8200 loss=0.911013 lr=0.00020574 grad_norm=0.622041
[2026-10-04 23:10:59,660] [INFO] epoch=4 step=8300 loss=0.942048 lr=0.00020455 grad_norm=0.655594
[2026-10-04 23:11:02,763] [INFO] epoch_complete=4 train_loss=0.936091 val_loss=0.862612 val_accuracy=0.728455
[2026-10-04 23:11:04,919] [INFO] epoch=5 step=8400 loss=0.871858 lr=0.00020335 grad_norm=0.622134
[2026-10-04 23:11:08,097] [INFO] epoch=5 step=8500 loss=0.931463 lr=0.00020214 grad_norm=0.683053
[2026-10-04 23:11:11,300] [INFO] epoch=5 step=8600 loss=0.892731 lr=0.00020092 grad_norm=0.648024
[2026-10-04 23:11:14,490] [INFO] epoch=5 step=8700 loss=0.926661 lr=0.00019968 grad_norm=0.664133
[2026-10-04 23:11:17,703] [INFO] epoch=5 step=8800 loss=0.883912 lr=0.00019844 grad_norm=0.644421
[2026-10-04 23:11:20,868] [INFO] epoch=5 step=8900 loss=0.891998 lr=0.00019718 grad_norm=0.646048
[2026-10-04 23:11:24,085] [INFO] epoch=5 step=9000 loss=0.872105 lr=0.00019592 grad_norm=0.622677
[2026-10-04 23:11:27,256] [INFO] epoch=5 step=9100 loss=0.879337 lr=0.00019464 grad_norm=0.619728
[2026-10-04 23:11:30,439] [INFO] epoch=5 step=9200 loss=0.943263 lr=0.00019335 grad_norm=0.674110
[2026-10-04 23:11:33,607] [INFO] epoch=5 step=9300 loss=0.864898 lr=0.00019206 grad_norm=0.611925
[2026-10-04 23:11:36,782] [INFO] epoch=5 step=9400 loss=0.936623 lr=0.00019075 grad_norm=0.665302
[2026-10-04 23:11:39,952] [INFO] epoch=5 step=9500 loss=0.915711 lr=0.00018944 grad_norm=0.644767
[2026-10-04 23:11:43,143] [INFO] epoch=5 step=9600 loss=0.860346 lr=0.00018811 grad_norm=0.602614
[2026-10-04 23:11:46,319] [INFO] epoch=5 step=9700 loss=0.903518 lr=0.00018678 grad_norm=0.643399
[2026-10-04 23:11:49,508] [INFO] epoch=5 step=9800 loss=0.897552 lr=0.00018544 grad_norm=0.628888
[2026-10-04 23:11:52,687] [INFO] epoch=5 step=9900 loss=0.896410 lr=0.00018409 grad_norm=0.660733
[2026-10-04 23:11:55,884] [INFO] epoch=5 step=10000 loss=0.903784 lr=0.00018273 grad_norm=0.666205
[2026-10-04 23:11:59,074] [INFO] epoch=5 step=10100 loss=0.877731 lr=0.00018136 grad_norm=0.594720
[2026-10-04 23:12:02,259] [INFO] epoch=5 step=10200 loss=0.866842 lr=0.00017999 grad_norm=0.626171
[2026-10-04 23:12:05,448] [INFO] epoch=5 step=10300 loss=0.872848 lr=0.00017861 grad_norm=0.635175
[2026-10-04 23:12:08,615] [INFO] epoch=5 step=10400 loss=0.869511 lr=0.00017722 grad_norm=0.644278
[2026-10-04 23:12:11,212] [INFO] epoch_complete=5 train_loss=0.897257 val_loss=0.836300 val_accuracy=0.736739
[2026-10-04 23:12:13,860] [INFO] epoch=6 step=10500 loss=0.896111 lr=0.00017583 grad_norm=0.651401
[2026-10-04 23:12:17,048] [INFO] epoch=6 step=10600 loss=0.864695 lr=0.00017442 grad_norm=0.635489
[2026-10-04 23:12:20,240] [INFO] epoch=6 step=10700 loss=0.897894 lr=0.00017302 grad_norm=0.670527
[2026-10-04 23:12:23,400] [INFO] epoch=6 step=10800 loss=0.870145 lr=0.00017160 grad_norm=0.615520
[2026-10-04 23:12:26,598] [INFO] epoch=6 step=10900 loss=0.874892 lr=0.00017018 grad_norm=0.638939
[2026-10-04 23:12:29,778] [INFO] epoch=6 step=11000 loss=0.889307 lr=0.00016875 grad_norm=0.624495
[2026-10-04 23:12:32,958] [INFO] epoch=6 step=11100 loss=0.884063 lr=0.00016732 grad_norm=0.649175
[2026-10-04 23:12:36,121] [INFO] epoch=6 step=11200 loss=0.860123 lr=0.00016589 grad_norm=0.641418
[2026-10-04 23:12:39,296] [INFO] epoch=6 step=11300 loss=0.877150 lr=0.00016444 grad_norm=0.651345
[2026-10-04 23:12:42,490] [INFO] epoch=6 step=11400 loss=0.870043 lr=0.00016300 grad_norm=0.640426
[2026-10-04 23:12:45,667] [INFO] epoch=6 step=11500 loss=0.841507 lr=0.00016155 grad_norm=0.605671
[2026-10-04 23:12:48,837] [INFO] epoch=6 step=11600 loss=0.824163 lr=0.00016009 grad_norm=0.605690
[2026-10-04 23:12:52,014] [INFO] epoch=6 step=11700 loss=0.813906 lr=0.00015863 grad_norm=0.627005
[2026-10-04 23:12:55,211] [INFO] epoch=6 step=11800 loss=0.901073 lr=0.00015717 grad_norm=0.659249
[2026-10-04 23:12:58,377] [INFO] epoch=6 step=11900 loss=0.871402 lr=0.00015570 grad_norm=0.638435
[2026-10-04 23:13:01,563] [INFO] epoch=6 step=12000 loss=0.897401 lr=0.00015423 grad_norm=0.658312
[2026-10-04 23:13:04,745] [INFO] epoch=6 step=12100 loss=0.858372 lr=0.00015276 grad_norm=0.629437
[2026-10-04 23:13:07,951] [INFO] epoch=6 step=12200 loss=0.847196 lr=0.00015129 grad_norm=0.604576
[2026-10-04 23:13:11,115] [INFO] epoch=6 step=12300 loss=0.888107 lr=0.00014981 grad_norm=0.643800
[2026-10-04 23:13:14,318] [INFO] epoch=6 step=12400 loss=0.892621 lr=0.00014833 grad_norm=0.665122
[2026-10-04 23:13:17,499] [INFO] epoch=6 step=12500 loss=0.848439 lr=0.00014685 grad_norm=0.635860
[2026-10-04 23:13:19,608] [INFO] epoch_complete=6 train_loss=0.869354 val_loss=0.811921 val_accuracy=0.743227
[2026-10-04 23:13:22,776] [INFO] epoch=7 step=12600 loss=0.888055 lr=0.00014536 grad_norm=0.656554
[2026-10-04 23:13:25,965] [INFO] epoch=7 step=12700 loss=0.817771 lr=0.00014388 grad_norm=0.620554
[2026-10-04 23:13:29,144] [INFO] epoch=7 step=12800 loss=0.861314 lr=0.00014239 grad_norm=0.642127
[2026-10-04 23:13:32,332] [INFO] epoch=7 step=12900 loss=0.866133 lr=0.00014091 grad_norm=0.639906
[2026-10-04 23:13:35,500] [INFO] epoch=7 step=13000 loss=0.817228 lr=0.00013942 grad_norm=0.628662
[2026-10-04 23:13:38,655] [INFO] epoch=7 step=13100 loss=0.850549 lr=0.00013793 grad_norm=0.639652
[2026-10-04 23:13:41,845] [INFO] epoch=7 step=13200 loss=0.816817 lr=0.00013644 grad_norm=0.610024
[2026-10-04 23:13:45,033] [INFO] epoch=7 step=13300 loss=0.835030 lr=0.00013496 grad_norm=0.624079
[2026-10-04 23:13:48,220] [INFO] epoch=7 step=13400 loss=0.848776 lr=0.00013347 grad_norm=0.644037
[2026-10-04 23:13:51,402] [INFO] epoch=7 step=13500 loss=0.843092 lr=0.00013198 grad_norm=0.634961
[2026-10-04 23:13:54,584] [INFO] epoch=7 step=13600 loss=0.858717 lr=0.00013050 grad_norm=0.646815
[2026-10-04 23:13:57,791] [INFO] epoch=7 step=13700 loss=0.830134 lr=0.00012901 grad_norm=0.634805
[2026-10-04 23:14:00,954] [INFO] epoch=7 step=13800 loss=0.861630 lr=0.00012753 grad_norm=0.635102
[2026-10-04 23:14:04,145] [INFO] epoch=7 step=13900 loss=0.852405 lr=0.00012605 grad_norm=0.645906
[2026-10-04 23:14:07,356] [INFO] epoch=7 step=14000 loss=0.857181 lr=0.00012457 grad_norm=0.643525
[2026-10-04 23:14:10,544] [INFO] epoch=7 step=14100 loss=0.864285 lr=0.00012309 grad_norm=0.679026
[2026-10-04 23:14:13,723] [INFO] epoch=7 step=14200 loss=0.826034 lr=0.00012162 grad_norm=0.655291
[2026-10-04 23:14:16,908] [INFO] epoch=7 step=14300 loss=0.827461 lr=0.00012015 grad_norm=0.646633
[2026-10-04 23:14:20,104] [INFO] epoch=7 step=14400 loss=0.855157 lr=0.00011868 grad_norm=0.656185
[2026-10-04 23:14:23,279] [INFO] epoch=7 step=14500 loss=0.812501 lr=0.00011722 grad_norm=0.630330
[2026-10-04 23:14:28,025] [INFO] epoch_complete=7 train_loss=0.847398 val_loss=0.796451 val_accuracy=0.748555
[2026-10-04 23:14:28,517] [INFO] epoch=8 step=14600 loss=0.794415 lr=0.00011575 grad_norm=0.609572
[2026-10-04 23:14:31,710] [INFO] epoch=8 step=14700 loss=0.813044 lr=0.00011430 grad_norm=0.652778
[2026-10-04 23:14:34,895] [INFO] epoch=8 step=14800 loss=0.821969 lr=0.00011284 grad_norm=0.681269
[2026-10-04 23:14:38,076] [INFO] epoch=8 step=14900 loss=0.833457 lr=0.00011139 grad_norm=0.664598
[2026-10-04 23:14:41,247] [INFO] epoch=8 step=15000 loss=0.836187 lr=0.00010995 grad_norm=0.644374
[2026-10-04 23:14:44,448] [INFO] epoch=8 step=15100 loss=0.849735 lr=0.00010851 grad_norm=0.670200
[2026-10-04 23:14:47,619] [INFO] epoch=8 step=15200 loss=0.808055 lr=0.00010708 grad_norm=0.647530
[2026-10-04 23:14:50,787] [INFO] epoch=8 step=15300 loss=0.822317 lr=0.00010565 grad_norm=0.658101
[2026-10-04 23:14:53,940] [INFO] epoch=8 step=15400 loss=0.836473 lr=0.00010422 grad_norm=0.633610
[2026-10-04 23:14:57,132] [INFO] epoch=8 step=15500 loss=0.814379 lr=0.00010280 grad_norm=0.665965
[2026-10-04 23:15:00,290] [INFO] epoch=8 step=15600 loss=0.861327 lr=0.00010139 grad_norm=0.681806
[2026-10-04 23:15:03,466] [INFO] epoch=8 step=15700 loss=0.822395 lr=0.00009999 grad_norm=0.660275
[2026-10-04 23:15:06,630] [INFO] epoch=8 step=15800 loss=0.870336 lr=0.00009859 grad_norm=0.667363
[2026-10-04 23:15:09,836] [INFO] epoch=8 step=15900 loss=0.846716 lr=0.00009719 grad_norm=0.685182
[2026-10-04 23:15:13,017] [INFO] epoch=8 step=16000 loss=0.802031 lr=0.00009581 grad_norm=0.635296
[2026-10-04 23:15:16,199] [INFO] epoch=8 step=16100 loss=0.830370 lr=0.00009443 grad_norm=0.643582
[2026-10-04 23:15:19,370] [INFO] epoch=8 step=16200 loss=0.836628 lr=0.00009306 grad_norm=0.678120
[2026-10-04 23:15:22,568] [INFO] epoch=8 step=16300 loss=0.760842 lr=0.00009170 grad_norm=0.610507
[2026-10-04 23:15:25,733] [INFO] epoch=8 step=16400 loss=0.800876 lr=0.00009034 grad_norm=0.636269
[2026-10-04 23:15:28,909] [INFO] epoch=8 step=16500 loss=0.798263 lr=0.00008900 grad_norm=0.652528
[2026-10-04 23:15:32,077] [INFO] epoch=8 step=16600 loss=0.826882 lr=0.00008766 grad_norm=0.655404
[2026-10-04 23:15:36,340] [INFO] epoch_complete=8 train_loss=0.830006 val_loss=0.784007 val_accuracy=0.752023
[2026-10-04 23:15:37,333] [INFO] epoch=9 step=16700 loss=0.790208 lr=0.00008633 grad_norm=0.641526
[2026-10-04 23:15:40,509] [INFO] epoch=9 step=16800 loss=0.812740 lr=0.00008501 grad_norm=0.643657
[2026-10-04 23:15:43,688] [INFO] epoch=9 step=16900 loss=0.794533 lr=0.00008370 grad_norm=0.656964
[2026-10-04 23:15:46,891] [INFO] epoch=9 step=17000 loss=0.848633 lr=0.00008240 grad_norm=0.713619
[2026-10-04 23:15:50,054] [INFO] epoch=9 step=17100 loss=0.815251 lr=0.00008110 grad_norm=0.670391
[2026-10-04 23:15:53,219] [INFO] epoch=9 step=17200 loss=0.797368 lr=0.00007982 grad_norm=0.638820
[2026-10-04 23:15:56,404] [INFO] epoch=9 step=17300 loss=0.820925 lr=0.00007855 grad_norm=0.671575
[2026-10-04 23:15:59,607] [INFO] epoch=9 step=17400 loss=0.796051 lr=0.00007729 grad_norm=0.634819
[2026-10-04 23:16:02,768] [INFO] epoch=9 step=17500 loss=0.772624 lr=0.00007604 grad_norm=0.645185
[2026-10-04 23:16:05,943] [INFO] epoch=9 step=17600 loss=0.818937 lr=0.00007480 grad_norm=0.654585
[2026-10-04 23:16:09,121] [INFO] epoch=9 step=17700 loss=0.828855 lr=0.00007357 grad_norm=0.691785
[2026-10-04 23:16:12,317] [INFO] epoch=9 step=17800 loss=0.781523 lr=0.00007235 grad_norm=0.662921
[2026-10-04 23:16:15,477] [INFO] epoch=9 step=17900 loss=0.792345 lr=0.00007114 grad_norm=0.666246
[2026-10-04 23:16:18,668] [INFO] epoch=9 step=18000 loss=0.803887 lr=0.00006995 grad_norm=0.677981
[2026-10-04 23:16:21,851] [INFO] epoch=9 step=18100 loss=0.831979 lr=0.00006876 grad_norm=0.679142
[2026-10-04 23:16:25,028] [INFO] epoch=9 step=18200 loss=0.816504 lr=0.00006759 grad_norm=0.685373
[2026-10-04 23:16:28,186] [INFO] epoch=9 step=18300 loss=0.782467 lr=0.00006643 grad_norm=0.663780
[2026-10-04 23:16:31,347] [INFO] epoch=9 step=18400 loss=0.814912 lr=0.00006528 grad_norm=0.671182
[2026-10-04 23:16:34,544] [INFO] epoch=9 step=18500 loss=0.842704 lr=0.00006415 grad_norm=0.694910
[2026-10-04 23:16:37,715] [INFO] epoch=9 step=18600 loss=0.836425 lr=0.00006303 grad_norm=0.737356
[2026-10-04 23:16:40,882] [INFO] epoch=9 step=18700 loss=0.817894 lr=0.00006192 grad_norm=0.689009
[2026-10-04 23:16:44,623] [INFO] epoch_complete=9 train_loss=0.816482 val_loss=0.774256 val_accuracy=0.755145
[2026-10-04 23:16:46,137] [INFO] epoch=10 step=18800 loss=0.836884 lr=0.00006082 grad_norm=0.689504
[2026-10-04 23:16:49,329] [INFO] epoch=10 step=18900 loss=0.793682 lr=0.00005974 grad_norm=0.688368
[2026-10-04 23:16:52,488] [INFO] epoch=10 step=19000 loss=0.799137 lr=0.00005867 grad_norm=0.671248
[2026-10-04 23:16:55,650] [INFO] epoch=10 step=19100 loss=0.768409 lr=0.00005762 grad_norm=0.674229
[2026-10-04 23:16:58,841] [INFO] epoch=10 step=19200 loss=0.801522 lr=0.00005658 grad_norm=0.697588
[2026-10-04 23:17:02,014] [INFO] epoch=10 step=19300 loss=0.782502 lr=0.00005555 grad_norm=0.650432
[2026-10-04 23:17:05,193] [INFO] epoch=10 step=19400 loss=0.804355 lr=0.00005454 grad_norm=0.687885
[2026-10-04 23:17:08,393] [INFO] epoch=10 step=19500 loss=0.797350 lr=0.00005354 grad_norm=0.683703
[2026-10-04 23:17:11,618] [INFO] epoch=10 step=19600 loss=0.781866 lr=0.00005256 grad_norm=0.656539
[2026-10-04 23:17:14,790] [INFO] epoch=10 step=19700 loss=0.780020 lr=0.00005159 grad_norm=0.668520
[2026-10-04 23:17:17,972] [INFO] epoch=10 step=19800 loss=0.823565 lr=0.00005064 grad_norm=0.674016
[2026-10-04 23:17:21,142] [INFO] epoch=10 step=19900 loss=0.793522 lr=0.00004970 grad_norm=0.691619
[2026-10-04 23:17:24,340] [INFO] epoch=10 step=20000 loss=0.799087 lr=0.00004878 grad_norm=0.674639
[2026-10-04 23:17:27,508] [INFO] epoch=10 step=20100 loss=0.803840 lr=0.00004787 grad_norm=0.683089
[2026-10-04 23:17:30,665] [INFO] epoch=10 step=20200 loss=0.793412 lr=0.00004698 grad_norm=0.696098
[2026-10-04 23:17:33,827] [INFO] epoch=10 step=20300 loss=0.813681 lr=0.00004611 grad_norm=0.659477
[2026-10-04 23:17:37,044] [INFO] epoch=10 step=20400 loss=0.820856 lr=0.00004525 grad_norm=0.691578
[2026-10-04 23:17:40,224] [INFO] epoch=10 step=20500 loss=0.797949 lr=0.00004440 grad_norm=0.705971
[2026-10-04 23:17:43,388] [INFO] epoch=10 step=20600 loss=0.823145 lr=0.00004358 grad_norm=0.694926
[2026-10-04 23:17:46,553] [INFO] epoch=10 step=20700 loss=0.790997 lr=0.00004277 grad_norm=0.677715
[2026-10-04 23:17:49,753] [INFO] epoch=10 step=20800 loss=0.822070 lr=0.00004197 grad_norm=0.717761
[2026-10-04 23:17:52,998] [INFO] epoch_complete=10 train_loss=0.805758 val_loss=0.766288 val_accuracy=0.757703
[2026-10-04 23:17:55,001] [INFO] epoch=11 step=20900 loss=0.795913 lr=0.00004119 grad_norm=0.699134
[2026-10-04 23:17:58,165] [INFO] epoch=11 step=21000 loss=0.848038 lr=0.00004043 grad_norm=0.730857
[2026-10-04 23:18:01,375] [INFO] epoch=11 step=21100 loss=0.774639 lr=0.00003969 grad_norm=0.691495
[2026-10-04 23:18:04,570] [INFO] epoch=11 step=21200 loss=0.807476 lr=0.00003896 grad_norm=0.722165
[2026-10-04 23:18:07,742] [INFO] epoch=11 step=21300 loss=0.795822 lr=0.00003825 grad_norm=0.721808
[2026-10-04 23:18:10,931] [INFO] epoch=11 step=21400 loss=0.808764 lr=0.00003756 grad_norm=0.691793
[2026-10-04 23:18:14,154] [INFO] epoch=11 step=21500 loss=0.819757 lr=0.00003689 grad_norm=0.716123
[2026-10-04 23:18:17,352] [INFO] epoch=11 step=21600 loss=0.810466 lr=0.00003623 grad_norm=0.709095
[2026-10-04 23:18:20,525] [INFO] epoch=11 step=21700 loss=0.778859 lr=0.00003559 grad_norm=0.669936
[2026-10-04 23:18:23,700] [INFO] epoch=11 step=21800 loss=0.815545 lr=0.00003497 grad_norm=0.706218
[2026-10-04 23:18:26,892] [INFO] epoch=11 step=21900 loss=0.791079 lr=0.00003437 grad_norm=0.714605
[2026-10-04 23:18:30,074] [INFO] epoch=11 step=22000 loss=0.794573 lr=0.00003378 grad_norm=0.721532
[2026-10-04 23:18:33,250] [INFO] epoch=11 step=22100 loss=0.811227 lr=0.00003322 grad_norm=0.718163
[2026-10-04 23:18:36,431] [INFO] epoch=11 step=22200 loss=0.793829 lr=0.00003267 grad_norm=0.713850
[2026-10-04 23:18:39,627] [INFO] epoch=11 step=22300 loss=0.809022 lr=0.00003214 grad_norm=0.706843
[2026-10-04 23:18:42,801] [INFO] epoch=11 step=22400 loss=0.787165 lr=0.00003162 grad_norm=0.709886
[2026-10-04 23:18:45,963] [INFO] epoch=11 step=22500 loss=0.805301 lr=0.00003113 grad_norm=0.702250
[2026-10-04 23:18:49,153] [INFO] epoch=11 step=22600 loss=0.767034 lr=0.00003066 grad_norm=0.680135
[2026-10-04 23:18:52,347] [INFO] epoch=11 step=22700 loss=0.801505 lr=0.00003020 grad_norm=0.719897
[2026-10-04 23:18:55,516] [INFO] epoch=11 step=22800 loss=0.757201 lr=0.00002976 grad_norm=0.688820
[2026-10-04 23:18:58,676] [INFO] epoch=11 step=22900 loss=0.776011 lr=0.00002934 grad_norm=0.699460
[2026-10-04 23:19:01,416] [INFO] epoch_complete=11 train_loss=0.798038 val_loss=0.761407 val_accuracy=0.759216
[2026-10-04 23:19:03,934] [INFO] epoch=12 step=23000 loss=0.794586 lr=0.00002894 grad_norm=0.710906
[2026-10-04 23:19:07,122] [INFO] epoch=12 step=23100 loss=0.806354 lr=0.00002856 grad_norm=0.727921
[2026-10-04 23:19:10,277] [INFO] epoch=12 step=23200 loss=0.827530 lr=0.00002820 grad_norm=0.718689
[2026-10-04 23:19:13,461] [INFO] epoch=12 step=23300 loss=0.759993 lr=0.00002786 grad_norm=0.686135
[2026-10-04 23:19:16,642] [INFO] epoch=12 step=23400 loss=0.793351 lr=0.00002753 grad_norm=0.693606
[2026-10-04 23:19:19,823] [INFO] epoch=12 step=23500 loss=0.807827 lr=0.00002723 grad_norm=0.727889
[2026-10-04 23:19:22,991] [INFO] epoch=12 step=23600 loss=0.781938 lr=0.00002694 grad_norm=0.728617
[2026-10-04 23:19:26,186] [INFO] epoch=12 step=23700 loss=0.829179 lr=0.00002668 grad_norm=0.758740
[2026-10-04 23:19:29,363] [INFO] epoch=12 step=23800 loss=0.756751 lr=0.00002643 grad_norm=0.696339
[2026-10-04 23:19:32,554] [INFO] epoch=12 step=23900 loss=0.755696 lr=0.00002621 grad_norm=0.682854
[2026-10-04 23:19:35,720] [INFO] epoch=12 step=24000 loss=0.827995 lr=0.00002600 grad_norm=0.735606
[2026-10-04 23:19:38,926] [INFO] epoch=12 step=24100 loss=0.830302 lr=0.00002581 grad_norm=0.756478
[2026-10-04 23:19:42,113] [INFO] epoch=12 step=24200 loss=0.773875 lr=0.00002564 grad_norm=0.708677
[2026-10-04 23:19:45,303] [INFO] epoch=12 step=24300 loss=0.807567 lr=0.00002549 grad_norm=0.731932
[2026-10-04 23:19:48,490] [INFO] epoch=12 step=24400 loss=0.824412 lr=0.00002536 grad_norm=0.724338
[2026-10-04 23:19:51,678] [INFO] epoch=12 step=24500 loss=0.817001 lr=0.00002525 grad_norm=0.737809
[2026-10-04 23:19:54,861] [INFO] epoch=12 step=24600 loss=0.814298 lr=0.00002516 grad_norm=0.702212
[2026-10-04 23:19:58,039] [INFO] epoch=12 step=24700 loss=0.784714 lr=0.00002509 grad_norm=0.731833
[2026-10-04 23:20:01,207] [INFO] epoch=12 step=24800 loss=0.772646 lr=0.00002504 grad_norm=0.687327
[2026-10-04 23:20:04,389] [INFO] epoch=12 step=24900 loss=0.816250 lr=0.00002501 grad_norm=0.735603
[2026-10-04 23:20:07,563] [INFO] epoch=12 step=25000 loss=0.767599 lr=0.00002500 grad_norm=0.727396
[2026-10-04 23:20:09,807] [INFO] epoch_complete=12 train_loss=0.793211 val_loss=0.758225 val_accuracy=0.760059
[2026-10-04 23:20:11,067] [INFO] finished elapsed_s=822.017 tokens_per_s=233568.39 checkpoint=task1_llm/member_aswin/checkpoints/full_run01/best_model.pt
