                             model eval_set  accuracy  acc_ci_low  acc_ci_high  f1_macro    mcc  roc_auc  brier    ece mcnemar_vs_baseline_p
        Baseline (fastText bigram)   test5k    0.9294      0.9218       0.9362    0.9294 0.8588   0.9786 0.0543 0.0137                      
        Baseline (fastText bigram)  test33k    0.9264      0.9236       0.9292    0.9264 0.8529   0.9765 0.0557 0.0144                      
                       Exp 1 (HAN)   test5k    0.9286      0.9218       0.9354    0.9286 0.8577   0.9810 0.0537 0.0131                0.8629
                       Exp 1 (HAN)  test33k    0.9222      0.9192       0.9250    0.9221 0.8447   0.9773 0.0587 0.0157                0.0017
               Exp 2 (Transformer)   test5k    0.9128      0.9050       0.9206    0.9128 0.8258   0.9728 0.0668 0.0337                0.0000
               Exp 2 (Transformer)  test33k    0.9108      0.9077       0.9139    0.9108 0.8219   0.9707 0.0683 0.0338                0.0000
Reference: TF-IDF + LR (uncounted)   test5k    0.9350      0.9278       0.9416    0.9350 0.8700   0.9840 0.0489 0.0212                0.0350
Reference: TF-IDF + LR (uncounted)  test33k    0.9320      0.9294       0.9347    0.9320 0.8640   0.9818 0.0512 0.0184                0.0000
                     model eval_set  accuracy_mean  accuracy_std  f1_macro_mean  f1_macro_std best_epochs
Baseline (fastText bigram)   test5k         0.9295        0.0001         0.9295        0.0001       2,2,2
Baseline (fastText bigram)  test33k         0.9269        0.0004         0.9269        0.0004       2,2,2
               Exp 1 (HAN)   test5k         0.9251        0.0050         0.9251        0.0050       2,1,2
               Exp 1 (HAN)  test33k         0.9198        0.0025         0.9198        0.0025       2,1,2
       Exp 2 (Transformer)   test5k         0.9151        0.0039         0.9151        0.0039       3,3,3
       Exp 2 (Transformer)  test33k         0.9106        0.0003         0.9106        0.0004       3,3,3
                         model  accuracy  f1_macro    mcc  roc_auc  brier    ece           acc_ci
    Baseline (fastText bigram)    0.9294    0.9294 0.8588   0.9786 0.0543 0.0137 [0.9218, 0.9362]
                   Exp 1 (HAN)    0.9286    0.9286 0.8577   0.9810 0.0537 0.0131 [0.9218, 0.9354]
           Exp 2 (Transformer)    0.9128    0.9128 0.8258   0.9728 0.0668 0.0337 [0.9050, 0.9206]
Aswin baseline (mean-pool FFN)    0.9162    0.9162 0.8324   0.9737 0.0605 0.0118 [0.9082, 0.9234]
           Aswin exp 1 (BiGRU)    0.9194    0.9194 0.8391   0.9756 0.0610 0.0175 [0.9118, 0.9266]
         Aswin exp 2 (TextCNN)    0.9252    0.9252 0.8505   0.9800 0.0556 0.0159 [0.9178, 0.9320]
