2026-10-03 22:08:14,501 INFO resumed from C:\Users\chaitanya\Documents\GEN_AI_LAB1\task3_gan\member_chaitanya\checkpoints\full_run09\latest.pt at epoch 92 iter 647496
2026-10-03 22:08:14,505 INFO resumed EMA weights from C:\Users\chaitanya\Documents\GEN_AI_LAB1\task3_gan\member_chaitanya\checkpoints\full_run09\latest.pt
2026-10-03 22:08:14,506 INFO generator EMA enabled, decay=0.9999
2026-10-03 22:08:14,506 INFO run_id=full_run09 config=task3_gan/member_chaitanya/configs/full_run09.yaml
2026-10-03 22:08:14,506 INFO config={"run_id": "full_run09", "seed": 1337, "data": {"monet_dir": "task3_gan/data/monet_jpg", "photo_dir": "task3_gan/data/photo_jpg", "load_size": 256, "crop_size": 256, "hflip": true, "num_workers": 4}, "model": {"ngf": 64, "n_res_blocks": 9, "n_downsampling": 2, "upsampling": "nearest_conv", "ndf": 64, "norm": "instance", "init_std": 0.02}, "loss": {"adversarial": "lsgan", "lambda_cycle": 2.0, "lambda_identity": 0.0, "d_loss_scale": 0.5}, "training": {"batch_size": 1, "epochs": 98, "constant_lr_epochs": 92, "lr_g": 5e-05, "lr_d": 5e-05, "betas": [0.5, 0.999], "pool_size": 50, "precision": "fp32", "cudnn_benchmark": true, "diffaugment_monet_d": true, "diffaugment_photo_d": true, "ema_decay": 0.9999, "log_every_iters": 100, "grid_every_epochs": 1, "checkpoint_every_epochs": 2, "num_fixed_samples": 4}}
2026-10-03 22:08:14,529 INFO hardware=GPU: NVIDIA GeForce RTX 4090; CPU: AMD64 Family 25 Model 97 Stepping 2, AuthenticAMD torch=2.11.0+cu128
2026-10-03 22:08:14,529 INFO photos=7038 monets=300 iters_per_epoch=7038 total_iters=689724 params={"G_A2B": 11378179, "G_B2A": 11378179, "D_A": 2764737, "D_B": 2764737}
2026-10-03 22:08:53,754 INFO iter=647500 epoch=93 lr=5.00e-05 G=2.312 advA2B=0.765 advB2A=1.041 cycA=0.127 cycB=0.126 idtA=0.165 idtB=0.115 D_A=0.330 D_B=0.109 D_A(real)=0.47 D_A(fake)=0.10 gnG=35.26 gnD=19.57 it_per_s=0.10
2026-10-03 22:09:13,836 INFO iter=647600 epoch=93 lr=4.99e-05 G=1.566 advA2B=0.542 advB2A=0.565 cycA=0.109 cycB=0.121 idtA=0.144 idtB=0.126 D_A=0.171 D_B=0.146 D_A(real)=0.72 D_A(fake)=0.26 gnG=25.77 gnD=19.86 it_per_s=1.75
2026-10-03 22:09:33,980 INFO iter=647700 epoch=93 lr=4.98e-05 G=1.557 advA2B=0.516 advB2A=0.580 cycA=0.110 cycB=0.120 idtA=0.148 idtB=0.125 D_A=0.157 D_B=0.144 D_A(real)=0.74 D_A(fake)=0.25 gnG=26.96 gnD=19.16 it_per_s=2.57
2026-10-03 22:09:54,034 INFO iter=647800 epoch=93 lr=4.96e-05 G=1.618 advA2B=0.533 advB2A=0.623 cycA=0.110 cycB=0.121 idtA=0.150 idtB=0.130 D_A=0.148 D_B=0.143 D_A(real)=0.76 D_A(fake)=0.23 gnG=28.72 gnD=18.51 it_per_s=3.06
2026-10-03 22:10:14,110 INFO iter=647900 epoch=93 lr=4.95e-05 G=1.632 advA2B=0.542 advB2A=0.628 cycA=0.110 cycB=0.121 idtA=0.152 idtB=0.130 D_A=0.140 D_B=0.140 D_A(real)=0.78 D_A(fake)=0.22 gnG=28.62 gnD=18.18 it_per_s=3.38
2026-10-03 22:10:34,194 INFO iter=648000 epoch=93 lr=4.94e-05 G=1.649 advA2B=0.552 advB2A=0.632 cycA=0.111 cycB=0.122 idtA=0.152 idtB=0.129 D_A=0.138 D_B=0.140 D_A(real)=0.78 D_A(fake)=0.22 gnG=29.06 gnD=17.92 it_per_s=3.61
2026-10-03 22:10:54,296 INFO iter=648100 epoch=93 lr=4.93e-05 G=1.655 advA2B=0.561 advB2A=0.628 cycA=0.111 cycB=0.123 idtA=0.151 idtB=0.127 D_A=0.136 D_B=0.139 D_A(real)=0.78 D_A(fake)=0.22 gnG=29.32 gnD=17.77 it_per_s=3.78
2026-10-03 22:11:14,443 INFO iter=648200 epoch=93 lr=4.92e-05 G=1.645 advA2B=0.556 advB2A=0.624 cycA=0.111 cycB=0.122 idtA=0.150 idtB=0.127 D_A=0.133 D_B=0.138 D_A(real)=0.78 D_A(fake)=0.22 gnG=28.82 gnD=17.52 it_per_s=3.91
2026-10-03 22:11:34,574 INFO iter=648300 epoch=93 lr=4.90e-05 G=1.643 advA2B=0.559 advB2A=0.620 cycA=0.110 cycB=0.122 idtA=0.149 idtB=0.128 D_A=0.130 D_B=0.136 D_A(real)=0.78 D_A(fake)=0.21 gnG=28.55 gnD=17.28 it_per_s=4.02
2026-10-03 22:11:54,713 INFO iter=648400 epoch=93 lr=4.89e-05 G=1.636 advA2B=0.558 advB2A=0.615 cycA=0.110 cycB=0.121 idtA=0.150 idtB=0.128 D_A=0.128 D_B=0.136 D_A(real)=0.79 D_A(fake)=0.21 gnG=28.28 gnD=17.14 it_per_s=4.11
2026-10-03 22:12:14,818 INFO iter=648500 epoch=93 lr=4.88e-05 G=1.641 advA2B=0.556 advB2A=0.622 cycA=0.110 cycB=0.122 idtA=0.151 idtB=0.128 D_A=0.127 D_B=0.136 D_A(real)=0.79 D_A(fake)=0.21 gnG=27.97 gnD=17.10 it_per_s=4.18
2026-10-03 22:12:34,884 INFO iter=648600 epoch=93 lr=4.87e-05 G=1.650 advA2B=0.561 advB2A=0.626 cycA=0.110 cycB=0.122 idtA=0.151 idtB=0.128 D_A=0.125 D_B=0.134 D_A(real)=0.79 D_A(fake)=0.21 gnG=27.96 gnD=16.87 it_per_s=4.24
2026-10-03 22:12:54,365 INFO iter=648700 epoch=93 lr=4.86e-05 G=1.654 advA2B=0.561 advB2A=0.631 cycA=0.109 cycB=0.122 idtA=0.150 idtB=0.128 D_A=0.123 D_B=0.133 D_A(real)=0.79 D_A(fake)=0.21 gnG=28.15 gnD=16.77 it_per_s=4.30
2026-10-03 22:13:14,475 INFO iter=648800 epoch=93 lr=4.85e-05 G=1.660 advA2B=0.565 advB2A=0.634 cycA=0.109 cycB=0.121 idtA=0.149 idtB=0.127 D_A=0.123 D_B=0.132 D_A(real)=0.79 D_A(fake)=0.21 gnG=28.25 gnD=16.68 it_per_s=4.35
2026-10-03 22:13:34,558 INFO iter=648900 epoch=93 lr=4.83e-05 G=1.667 advA2B=0.569 advB2A=0.635 cycA=0.110 cycB=0.121 idtA=0.149 idtB=0.127 D_A=0.123 D_B=0.132 D_A(real)=0.79 D_A(fake)=0.21 gnG=28.30 gnD=16.61 it_per_s=4.39
2026-10-03 22:13:54,699 INFO iter=649000 epoch=93 lr=4.82e-05 G=1.671 advA2B=0.573 advB2A=0.636 cycA=0.110 cycB=0.121 idtA=0.151 idtB=0.126 D_A=0.122 D_B=0.131 D_A(real)=0.79 D_A(fake)=0.21 gnG=28.61 gnD=16.60 it_per_s=4.42
2026-10-03 22:14:14,813 INFO iter=649100 epoch=93 lr=4.81e-05 G=1.668 advA2B=0.572 advB2A=0.634 cycA=0.110 cycB=0.121 idtA=0.150 idtB=0.126 D_A=0.121 D_B=0.130 D_A(real)=0.79 D_A(fake)=0.21 gnG=28.77 gnD=16.51 it_per_s=4.45
2026-10-03 22:14:34,920 INFO iter=649200 epoch=93 lr=4.80e-05 G=1.670 advA2B=0.572 advB2A=0.635 cycA=0.111 cycB=0.121 idtA=0.150 idtB=0.126 D_A=0.120 D_B=0.130 D_A(real)=0.79 D_A(fake)=0.21 gnG=28.70 gnD=16.46 it_per_s=4.48
2026-10-03 22:14:55,021 INFO iter=649300 epoch=93 lr=4.79e-05 G=1.678 advA2B=0.574 advB2A=0.640 cycA=0.111 cycB=0.121 idtA=0.151 idtB=0.127 D_A=0.118 D_B=0.130 D_A(real)=0.79 D_A(fake)=0.20 gnG=28.55 gnD=16.42 it_per_s=4.50
2026-10-03 22:15:15,084 INFO iter=649400 epoch=93 lr=4.77e-05 G=1.675 advA2B=0.574 advB2A=0.637 cycA=0.111 cycB=0.121 idtA=0.151 idtB=0.128 D_A=0.118 D_B=0.130 D_A(real)=0.79 D_A(fake)=0.21 gnG=28.46 gnD=16.45 it_per_s=4.53
2026-10-03 22:15:35,163 INFO iter=649500 epoch=93 lr=4.76e-05 G=1.679 advA2B=0.575 advB2A=0.640 cycA=0.111 cycB=0.121 idtA=0.152 idtB=0.128 D_A=0.118 D_B=0.131 D_A(real)=0.79 D_A(fake)=0.21 gnG=28.48 gnD=16.48 it_per_s=4.55
2026-10-03 22:15:55,248 INFO iter=649600 epoch=93 lr=4.75e-05 G=1.681 advA2B=0.575 advB2A=0.642 cycA=0.111 cycB=0.121 idtA=0.153 idtB=0.128 D_A=0.118 D_B=0.131 D_A(real)=0.79 D_A(fake)=0.21 gnG=28.46 gnD=16.44 it_per_s=4.57
2026-10-03 22:16:15,356 INFO iter=649700 epoch=93 lr=4.74e-05 G=1.685 advA2B=0.576 advB2A=0.643 cycA=0.111 cycB=0.121 idtA=0.153 idtB=0.129 D_A=0.116 D_B=0.130 D_A(real)=0.80 D_A(fake)=0.20 gnG=28.48 gnD=16.36 it_per_s=4.58
2026-10-03 22:16:35,442 INFO iter=649800 epoch=93 lr=4.73e-05 G=1.687 advA2B=0.578 advB2A=0.643 cycA=0.111 cycB=0.121 idtA=0.153 idtB=0.129 D_A=0.115 D_B=0.130 D_A(real)=0.80 D_A(fake)=0.20 gnG=28.57 gnD=16.29 it_per_s=4.60
2026-10-03 22:16:55,567 INFO iter=649900 epoch=93 lr=4.72e-05 G=1.690 advA2B=0.579 advB2A=0.646 cycA=0.111 cycB=0.121 idtA=0.153 idtB=0.129 D_A=0.115 D_B=0.130 D_A(real)=0.80 D_A(fake)=0.20 gnG=28.66 gnD=16.27 it_per_s=4.61
2026-10-03 22:17:15,678 INFO iter=650000 epoch=93 lr=4.70e-05 G=1.692 advA2B=0.578 advB2A=0.648 cycA=0.112 cycB=0.121 idtA=0.153 idtB=0.129 D_A=0.114 D_B=0.130 D_A(real)=0.80 D_A(fake)=0.20 gnG=28.61 gnD=16.22 it_per_s=4.63
2026-10-03 22:17:35,748 INFO iter=650100 epoch=93 lr=4.69e-05 G=1.693 advA2B=0.578 advB2A=0.650 cycA=0.112 cycB=0.121 idtA=0.153 idtB=0.129 D_A=0.113 D_B=0.130 D_A(real)=0.80 D_A(fake)=0.20 gnG=28.56 gnD=16.18 it_per_s=4.64
2026-10-03 22:17:55,862 INFO iter=650200 epoch=93 lr=4.68e-05 G=1.696 advA2B=0.578 advB2A=0.652 cycA=0.112 cycB=0.121 idtA=0.153 idtB=0.129 D_A=0.113 D_B=0.129 D_A(real)=0.80 D_A(fake)=0.20 gnG=28.57 gnD=16.13 it_per_s=4.65
2026-10-03 22:18:15,944 INFO iter=650300 epoch=93 lr=4.67e-05 G=1.697 advA2B=0.579 advB2A=0.652 cycA=0.112 cycB=0.121 idtA=0.153 idtB=0.128 D_A=0.113 D_B=0.129 D_A(real)=0.80 D_A(fake)=0.20 gnG=28.62 gnD=16.10 it_per_s=4.66
2026-10-03 22:18:36,034 INFO iter=650400 epoch=93 lr=4.66e-05 G=1.699 advA2B=0.580 advB2A=0.654 cycA=0.111 cycB=0.121 idtA=0.153 idtB=0.128 D_A=0.112 D_B=0.129 D_A(real)=0.80 D_A(fake)=0.20 gnG=28.67 gnD=16.09 it_per_s=4.67
2026-10-03 22:18:56,142 INFO iter=650500 epoch=93 lr=4.64e-05 G=1.703 advA2B=0.582 advB2A=0.655 cycA=0.112 cycB=0.122 idtA=0.153 idtB=0.128 D_A=0.112 D_B=0.129 D_A(real)=0.80 D_A(fake)=0.20 gnG=28.78 gnD=16.05 it_per_s=4.68
2026-10-03 22:19:16,199 INFO iter=650600 epoch=93 lr=4.63e-05 G=1.704 advA2B=0.582 advB2A=0.655 cycA=0.112 cycB=0.122 idtA=0.153 idtB=0.128 D_A=0.112 D_B=0.129 D_A(real)=0.80 D_A(fake)=0.20 gnG=28.80 gnD=16.04 it_per_s=4.69
2026-10-03 22:19:36,292 INFO iter=650700 epoch=93 lr=4.62e-05 G=1.706 advA2B=0.583 advB2A=0.656 cycA=0.112 cycB=0.122 idtA=0.153 idtB=0.129 D_A=0.111 D_B=0.129 D_A(real)=0.80 D_A(fake)=0.20 gnG=28.76 gnD=16.00 it_per_s=4.70
2026-10-03 22:19:56,372 INFO iter=650800 epoch=93 lr=4.61e-05 G=1.707 advA2B=0.584 advB2A=0.656 cycA=0.112 cycB=0.121 idtA=0.153 idtB=0.129 D_A=0.111 D_B=0.128 D_A(real)=0.80 D_A(fake)=0.20 gnG=28.72 gnD=15.97 it_per_s=4.71
2026-10-03 22:20:16,399 INFO iter=650900 epoch=93 lr=4.60e-05 G=1.706 advA2B=0.583 advB2A=0.656 cycA=0.112 cycB=0.121 idtA=0.154 idtB=0.129 D_A=0.111 D_B=0.128 D_A(real)=0.80 D_A(fake)=0.20 gnG=28.76 gnD=15.95 it_per_s=4.72
2026-10-03 22:20:36,458 INFO iter=651000 epoch=93 lr=4.59e-05 G=1.708 advA2B=0.585 advB2A=0.656 cycA=0.112 cycB=0.121 idtA=0.154 idtB=0.129 D_A=0.110 D_B=0.128 D_A(real)=0.80 D_A(fake)=0.20 gnG=28.74 gnD=15.92 it_per_s=4.72
2026-10-03 22:20:56,539 INFO iter=651100 epoch=93 lr=4.57e-05 G=1.710 advA2B=0.585 advB2A=0.658 cycA=0.112 cycB=0.121 idtA=0.153 idtB=0.129 D_A=0.110 D_B=0.128 D_A(real)=0.80 D_A(fake)=0.20 gnG=28.74 gnD=15.90 it_per_s=4.73
2026-10-03 22:21:16,652 INFO iter=651200 epoch=93 lr=4.56e-05 G=1.709 advA2B=0.584 advB2A=0.659 cycA=0.112 cycB=0.121 idtA=0.154 idtB=0.129 D_A=0.109 D_B=0.128 D_A(real)=0.80 D_A(fake)=0.20 gnG=28.74 gnD=15.86 it_per_s=4.74
2026-10-03 22:21:36,729 INFO iter=651300 epoch=93 lr=4.55e-05 G=1.710 advA2B=0.583 advB2A=0.660 cycA=0.112 cycB=0.121 idtA=0.154 idtB=0.129 D_A=0.109 D_B=0.128 D_A(real)=0.80 D_A(fake)=0.20 gnG=28.76 gnD=15.86 it_per_s=4.74
2026-10-03 22:21:56,830 INFO iter=651400 epoch=93 lr=4.54e-05 G=1.710 advA2B=0.583 advB2A=0.661 cycA=0.112 cycB=0.121 idtA=0.154 idtB=0.130 D_A=0.109 D_B=0.128 D_A(real)=0.80 D_A(fake)=0.20 gnG=28.72 gnD=15.84 it_per_s=4.75
2026-10-03 22:22:16,924 INFO iter=651500 epoch=93 lr=4.53e-05 G=1.711 advA2B=0.583 advB2A=0.662 cycA=0.112 cycB=0.121 idtA=0.154 idtB=0.130 D_A=0.109 D_B=0.129 D_A(real)=0.80 D_A(fake)=0.20 gnG=28.74 gnD=15.83 it_per_s=4.75
2026-10-03 22:22:36,989 INFO iter=651600 epoch=93 lr=4.51e-05 G=1.711 advA2B=0.584 advB2A=0.662 cycA=0.112 cycB=0.121 idtA=0.154 idtB=0.130 D_A=0.108 D_B=0.128 D_A(real)=0.80 D_A(fake)=0.20 gnG=28.80 gnD=15.79 it_per_s=4.76
2026-10-03 22:22:57,086 INFO iter=651700 epoch=93 lr=4.50e-05 G=1.712 advA2B=0.583 advB2A=0.663 cycA=0.112 cycB=0.121 idtA=0.154 idtB=0.130 D_A=0.108 D_B=0.128 D_A(real)=0.80 D_A(fake)=0.20 gnG=28.82 gnD=15.80 it_per_s=4.76
2026-10-03 22:23:17,213 INFO iter=651800 epoch=93 lr=4.49e-05 G=1.712 advA2B=0.584 advB2A=0.663 cycA=0.112 cycB=0.121 idtA=0.154 idtB=0.130 D_A=0.108 D_B=0.128 D_A(real)=0.80 D_A(fake)=0.20 gnG=28.81 gnD=15.79 it_per_s=4.77
2026-10-03 22:23:37,331 INFO iter=651900 epoch=93 lr=4.48e-05 G=1.712 advA2B=0.583 advB2A=0.664 cycA=0.112 cycB=0.121 idtA=0.154 idtB=0.130 D_A=0.108 D_B=0.128 D_A(real)=0.80 D_A(fake)=0.20 gnG=28.80 gnD=15.78 it_per_s=4.77
2026-10-03 22:23:57,440 INFO iter=652000 epoch=93 lr=4.47e-05 G=1.712 advA2B=0.585 advB2A=0.662 cycA=0.112 cycB=0.121 idtA=0.154 idtB=0.131 D_A=0.107 D_B=0.128 D_A(real)=0.80 D_A(fake)=0.20 gnG=28.79 gnD=15.77 it_per_s=4.78
2026-10-03 22:24:17,540 INFO iter=652100 epoch=93 lr=4.45e-05 G=1.712 advA2B=0.585 advB2A=0.662 cycA=0.112 cycB=0.121 idtA=0.154 idtB=0.131 D_A=0.107 D_B=0.128 D_A(real)=0.80 D_A(fake)=0.20 gnG=28.73 gnD=15.76 it_per_s=4.78
2026-10-03 22:24:37,610 INFO iter=652200 epoch=93 lr=4.44e-05 G=1.713 advA2B=0.585 advB2A=0.663 cycA=0.112 cycB=0.121 idtA=0.154 idtB=0.131 D_A=0.107 D_B=0.128 D_A(real)=0.80 D_A(fake)=0.20 gnG=28.80 gnD=15.76 it_per_s=4.78
2026-10-03 22:24:57,717 INFO iter=652300 epoch=93 lr=4.43e-05 G=1.714 advA2B=0.584 advB2A=0.664 cycA=0.112 cycB=0.121 idtA=0.154 idtB=0.132 D_A=0.107 D_B=0.128 D_A(real)=0.81 D_A(fake)=0.19 gnG=28.80 gnD=15.77 it_per_s=4.79
2026-10-03 22:25:17,781 INFO iter=652400 epoch=93 lr=4.42e-05 G=1.714 advA2B=0.585 advB2A=0.664 cycA=0.112 cycB=0.121 idtA=0.153 idtB=0.132 D_A=0.107 D_B=0.128 D_A(real)=0.81 D_A(fake)=0.19 gnG=28.79 gnD=15.77 it_per_s=4.79
2026-10-03 22:25:37,887 INFO iter=652500 epoch=93 lr=4.41e-05 G=1.713 advA2B=0.584 advB2A=0.664 cycA=0.112 cycB=0.121 idtA=0.153 idtB=0.132 D_A=0.106 D_B=0.128 D_A(real)=0.81 D_A(fake)=0.19 gnG=28.79 gnD=15.76 it_per_s=4.80
2026-10-03 22:25:58,013 INFO iter=652600 epoch=93 lr=4.40e-05 G=1.711 advA2B=0.583 advB2A=0.663 cycA=0.112 cycB=0.121 idtA=0.153 idtB=0.132 D_A=0.106 D_B=0.128 D_A(real)=0.81 D_A(fake)=0.19 gnG=28.78 gnD=15.75 it_per_s=4.80
2026-10-03 22:26:18,116 INFO iter=652700 epoch=93 lr=4.38e-05 G=1.712 advA2B=0.583 advB2A=0.664 cycA=0.112 cycB=0.121 idtA=0.153 idtB=0.132 D_A=0.106 D_B=0.128 D_A(real)=0.81 D_A(fake)=0.19 gnG=28.79 gnD=15.77 it_per_s=4.80
2026-10-03 22:26:38,192 INFO iter=652800 epoch=93 lr=4.37e-05 G=1.713 advA2B=0.584 advB2A=0.664 cycA=0.112 cycB=0.121 idtA=0.153 idtB=0.132 D_A=0.106 D_B=0.128 D_A(real)=0.81 D_A(fake)=0.19 gnG=28.76 gnD=15.77 it_per_s=4.81
2026-10-03 22:26:58,269 INFO iter=652900 epoch=93 lr=4.36e-05 G=1.714 advA2B=0.584 advB2A=0.664 cycA=0.112 cycB=0.121 idtA=0.153 idtB=0.132 D_A=0.106 D_B=0.128 D_A(real)=0.80 D_A(fake)=0.19 gnG=28.83 gnD=15.79 it_per_s=4.81
2026-10-03 22:27:18,342 INFO iter=653000 epoch=93 lr=4.35e-05 G=1.714 advA2B=0.584 advB2A=0.665 cycA=0.112 cycB=0.121 idtA=0.153 idtB=0.132 D_A=0.106 D_B=0.128 D_A(real)=0.80 D_A(fake)=0.20 gnG=28.80 gnD=15.81 it_per_s=4.81
2026-10-03 22:27:38,493 INFO iter=653100 epoch=93 lr=4.34e-05 G=1.714 advA2B=0.584 advB2A=0.665 cycA=0.112 cycB=0.121 idtA=0.152 idtB=0.133 D_A=0.106 D_B=0.128 D_A(real)=0.80 D_A(fake)=0.19 gnG=28.81 gnD=15.80 it_per_s=4.81
2026-10-03 22:27:58,700 INFO iter=653200 epoch=93 lr=4.32e-05 G=1.714 advA2B=0.584 advB2A=0.665 cycA=0.112 cycB=0.121 idtA=0.153 idtB=0.133 D_A=0.106 D_B=0.128 D_A(real)=0.80 D_A(fake)=0.20 gnG=28.78 gnD=15.81 it_per_s=4.82
2026-10-03 22:28:18,861 INFO iter=653300 epoch=93 lr=4.31e-05 G=1.715 advA2B=0.585 advB2A=0.665 cycA=0.112 cycB=0.121 idtA=0.153 idtB=0.133 D_A=0.106 D_B=0.128 D_A(real)=0.81 D_A(fake)=0.19 gnG=28.85 gnD=15.80 it_per_s=4.82
2026-10-03 22:28:39,077 INFO iter=653400 epoch=93 lr=4.30e-05 G=1.714 advA2B=0.584 advB2A=0.665 cycA=0.112 cycB=0.121 idtA=0.153 idtB=0.133 D_A=0.106 D_B=0.128 D_A(real)=0.80 D_A(fake)=0.20 gnG=28.82 gnD=15.81 it_per_s=4.82
2026-10-03 22:28:59,255 INFO iter=653500 epoch=93 lr=4.29e-05 G=1.715 advA2B=0.584 advB2A=0.666 cycA=0.112 cycB=0.121 idtA=0.154 idtB=0.133 D_A=0.106 D_B=0.128 D_A(real)=0.80 D_A(fake)=0.20 gnG=28.84 gnD=15.81 it_per_s=4.82
2026-10-03 22:29:19,395 INFO iter=653600 epoch=93 lr=4.28e-05 G=1.715 advA2B=0.584 advB2A=0.666 cycA=0.112 cycB=0.121 idtA=0.154 idtB=0.133 D_A=0.106 D_B=0.128 D_A(real)=0.80 D_A(fake)=0.19 gnG=28.79 gnD=15.79 it_per_s=4.83
2026-10-03 22:29:39,612 INFO iter=653700 epoch=93 lr=4.27e-05 G=1.715 advA2B=0.584 advB2A=0.666 cycA=0.112 cycB=0.121 idtA=0.154 idtB=0.133 D_A=0.106 D_B=0.128 D_A(real)=0.80 D_A(fake)=0.19 gnG=28.81 gnD=15.79 it_per_s=4.83
2026-10-03 22:29:59,750 INFO iter=653800 epoch=93 lr=4.25e-05 G=1.714 advA2B=0.584 advB2A=0.666 cycA=0.112 cycB=0.121 idtA=0.154 idtB=0.133 D_A=0.106 D_B=0.128 D_A(real)=0.80 D_A(fake)=0.19 gnG=28.80 gnD=15.78 it_per_s=4.83
2026-10-03 22:30:19,884 INFO iter=653900 epoch=93 lr=4.24e-05 G=1.715 advA2B=0.583 advB2A=0.666 cycA=0.112 cycB=0.121 idtA=0.154 idtB=0.133 D_A=0.105 D_B=0.128 D_A(real)=0.81 D_A(fake)=0.19 gnG=28.82 gnD=15.77 it_per_s=4.83
2026-10-03 22:30:40,006 INFO iter=654000 epoch=93 lr=4.23e-05 G=1.714 advA2B=0.583 advB2A=0.665 cycA=0.112 cycB=0.121 idtA=0.154 idtB=0.133 D_A=0.105 D_B=0.128 D_A(real)=0.81 D_A(fake)=0.19 gnG=28.79 gnD=15.75 it_per_s=4.83
2026-10-03 22:31:00,133 INFO iter=654100 epoch=93 lr=4.22e-05 G=1.714 advA2B=0.583 advB2A=0.665 cycA=0.112 cycB=0.121 idtA=0.154 idtB=0.134 D_A=0.105 D_B=0.127 D_A(real)=0.81 D_A(fake)=0.19 gnG=28.79 gnD=15.74 it_per_s=4.84
2026-10-03 22:31:20,219 INFO iter=654200 epoch=93 lr=4.21e-05 G=1.715 advA2B=0.583 advB2A=0.666 cycA=0.112 cycB=0.121 idtA=0.154 idtB=0.134 D_A=0.105 D_B=0.127 D_A(real)=0.81 D_A(fake)=0.19 gnG=28.80 gnD=15.73 it_per_s=4.84
2026-10-03 22:31:40,332 INFO iter=654300 epoch=93 lr=4.19e-05 G=1.714 advA2B=0.583 advB2A=0.666 cycA=0.111 cycB=0.121 idtA=0.154 idtB=0.134 D_A=0.105 D_B=0.128 D_A(real)=0.81 D_A(fake)=0.19 gnG=28.84 gnD=15.74 it_per_s=4.84
2026-10-03 22:32:00,426 INFO iter=654400 epoch=93 lr=4.18e-05 G=1.713 advA2B=0.583 advB2A=0.666 cycA=0.111 cycB=0.121 idtA=0.154 idtB=0.134 D_A=0.105 D_B=0.128 D_A(real)=0.81 D_A(fake)=0.19 gnG=28.83 gnD=15.74 it_per_s=4.84
2026-10-03 22:32:20,517 INFO iter=654500 epoch=93 lr=4.17e-05 G=1.715 advA2B=0.584 advB2A=0.666 cycA=0.111 cycB=0.121 idtA=0.154 idtB=0.134 D_A=0.105 D_B=0.128 D_A(real)=0.81 D_A(fake)=0.19 gnG=28.84 gnD=15.74 it_per_s=4.84
2026-10-03 22:32:27,363 INFO epoch=93 done time_s=1453 it_per_s=4.84 G=1.715 cycA=0.111 cycB=0.121 idtA=0.154 idtB=0.134 D_A=0.104 D_B=0.128 D_A(real)=0.81 D_A(fake)=0.19 nan_count=0
2026-10-03 22:32:50,286 INFO iter=654600 epoch=94 lr=4.16e-05 G=1.736 advA2B=0.582 advB2A=0.693 cycA=0.111 cycB=0.119 idtA=0.152 idtB=0.150 D_A=0.118 D_B=0.119 D_A(real)=0.79 D_A(fake)=0.20 gnG=29.01 gnD=16.42 it_per_s=4.95
2026-10-03 22:33:10,380 INFO iter=654700 epoch=94 lr=4.15e-05 G=1.735 advA2B=0.593 advB2A=0.682 cycA=0.111 cycB=0.118 idtA=0.143 idtB=0.137 D_A=0.102 D_B=0.121 D_A(real)=0.80 D_A(fake)=0.19 gnG=29.14 gnD=15.67 it_per_s=4.97
2026-10-03 22:33:30,493 INFO iter=654800 epoch=94 lr=4.14e-05 G=1.765 advA2B=0.606 advB2A=0.694 cycA=0.113 cycB=0.120 idtA=0.142 idtB=0.141 D_A=0.101 D_B=0.124 D_A(real)=0.80 D_A(fake)=0.20 gnG=30.44 gnD=15.68 it_per_s=4.97
2026-10-03 22:33:50,565 INFO iter=654900 epoch=94 lr=4.12e-05 G=1.747 advA2B=0.590 advB2A=0.692 cycA=0.112 cycB=0.121 idtA=0.144 idtB=0.138 D_A=0.100 D_B=0.125 D_A(real)=0.80 D_A(fake)=0.20 gnG=30.02 gnD=15.81 it_per_s=4.97
2026-10-03 22:34:10,640 INFO iter=655000 epoch=94 lr=4.11e-05 G=1.746 advA2B=0.592 advB2A=0.693 cycA=0.112 cycB=0.119 idtA=0.147 idtB=0.139 D_A=0.097 D_B=0.127 D_A(real)=0.81 D_A(fake)=0.19 gnG=29.61 gnD=15.94 it_per_s=4.97
2026-10-03 22:34:30,731 INFO iter=655100 epoch=94 lr=4.10e-05 G=1.744 advA2B=0.587 advB2A=0.695 cycA=0.112 cycB=0.120 idtA=0.150 idtB=0.139 D_A=0.099 D_B=0.126 D_A(real)=0.80 D_A(fake)=0.20 gnG=29.45 gnD=15.96 it_per_s=4.97
2026-10-03 22:34:50,781 INFO iter=655200 epoch=94 lr=4.09e-05 G=1.753 advA2B=0.594 advB2A=0.697 cycA=0.112 cycB=0.119 idtA=0.150 idtB=0.138 D_A=0.097 D_B=0.125 D_A(real)=0.81 D_A(fake)=0.19 gnG=29.43 gnD=15.83 it_per_s=4.98
2026-10-03 22:35:10,870 INFO iter=655300 epoch=94 lr=4.08e-05 G=1.766 advA2B=0.607 advB2A=0.696 cycA=0.113 cycB=0.119 idtA=0.150 idtB=0.139 D_A=0.096 D_B=0.124 D_A(real)=0.81 D_A(fake)=0.19 gnG=29.61 gnD=15.61 it_per_s=4.98
2026-10-03 22:35:30,928 INFO iter=655400 epoch=94 lr=4.06e-05 G=1.756 advA2B=0.599 advB2A=0.694 cycA=0.112 cycB=0.119 idtA=0.149 idtB=0.138 D_A=0.097 D_B=0.124 D_A(real)=0.81 D_A(fake)=0.19 gnG=29.67 gnD=15.69 it_per_s=4.98
2026-10-03 22:35:50,990 INFO iter=655500 epoch=94 lr=4.05e-05 G=1.753 advA2B=0.598 advB2A=0.695 cycA=0.112 cycB=0.118 idtA=0.148 idtB=0.137 D_A=0.097 D_B=0.125 D_A(real)=0.81 D_A(fake)=0.19 gnG=29.62 gnD=15.62 it_per_s=4.98
2026-10-03 22:36:10,915 INFO iter=655600 epoch=94 lr=4.04e-05 G=1.759 advA2B=0.603 advB2A=0.697 cycA=0.112 cycB=0.118 idtA=0.148 idtB=0.137 D_A=0.096 D_B=0.125 D_A(real)=0.81 D_A(fake)=0.19 gnG=30.18 gnD=15.65 it_per_s=4.98
2026-10-03 22:36:30,310 INFO iter=655700 epoch=94 lr=4.03e-05 G=1.762 advA2B=0.604 advB2A=0.699 cycA=0.112 cycB=0.117 idtA=0.148 idtB=0.136 D_A=0.097 D_B=0.126 D_A(real)=0.81 D_A(fake)=0.19 gnG=30.27 gnD=15.79 it_per_s=5.00
2026-10-03 22:36:51,808 INFO iter=655800 epoch=94 lr=4.02e-05 G=1.762 advA2B=0.604 advB2A=0.699 cycA=0.111 cycB=0.118 idtA=0.148 idtB=0.136 D_A=0.097 D_B=0.125 D_A(real)=0.81 D_A(fake)=0.19 gnG=30.18 gnD=15.73 it_per_s=4.97
2026-10-03 22:37:14,456 INFO iter=655900 epoch=94 lr=4.01e-05 G=1.759 advA2B=0.604 advB2A=0.696 cycA=0.111 cycB=0.119 idtA=0.148 idtB=0.136 D_A=0.097 D_B=0.125 D_A(real)=0.81 D_A(fake)=0.19 gnG=30.18 gnD=15.76 it_per_s=4.92
2026-10-03 22:37:38,076 INFO iter=656000 epoch=94 lr=3.99e-05 G=1.759 advA2B=0.606 advB2A=0.694 cycA=0.111 cycB=0.118 idtA=0.148 idtB=0.136 D_A=0.096 D_B=0.125 D_A(real)=0.81 D_A(fake)=0.19 gnG=30.54 gnD=15.66 it_per_s=4.87
2026-10-03 22:38:02,058 INFO iter=656100 epoch=94 lr=3.98e-05 G=1.756 advA2B=0.606 advB2A=0.692 cycA=0.111 cycB=0.118 idtA=0.148 idtB=0.136 D_A=0.096 D_B=0.126 D_A(real)=0.81 D_A(fake)=0.19 gnG=30.54 gnD=15.73 it_per_s=4.82
2026-10-03 22:38:24,419 INFO iter=656200 epoch=94 lr=3.97e-05 G=1.755 advA2B=0.605 advB2A=0.693 cycA=0.111 cycB=0.118 idtA=0.148 idtB=0.135 D_A=0.096 D_B=0.126 D_A(real)=0.81 D_A(fake)=0.19 gnG=30.49 gnD=15.75 it_per_s=4.79
2026-10-03 22:38:46,819 INFO iter=656300 epoch=94 lr=3.96e-05 G=1.753 advA2B=0.604 advB2A=0.692 cycA=0.110 cycB=0.118 idtA=0.149 idtB=0.135 D_A=0.096 D_B=0.126 D_A(real)=0.81 D_A(fake)=0.19 gnG=30.29 gnD=15.73 it_per_s=4.77
2026-10-03 22:39:10,529 INFO iter=656400 epoch=94 lr=3.95e-05 G=1.750 advA2B=0.603 advB2A=0.690 cycA=0.110 cycB=0.118 idtA=0.148 idtB=0.134 D_A=0.096 D_B=0.125 D_A(real)=0.81 D_A(fake)=0.19 gnG=30.16 gnD=15.68 it_per_s=4.74
2026-10-03 22:39:34,297 INFO iter=656500 epoch=94 lr=3.93e-05 G=1.748 advA2B=0.601 advB2A=0.690 cycA=0.110 cycB=0.118 idtA=0.149 idtB=0.135 D_A=0.096 D_B=0.125 D_A(real)=0.81 D_A(fake)=0.19 gnG=30.14 gnD=15.68 it_per_s=4.71
2026-10-03 22:39:57,215 INFO iter=656600 epoch=94 lr=3.92e-05 G=1.747 advA2B=0.601 advB2A=0.688 cycA=0.110 cycB=0.118 idtA=0.149 idtB=0.135 D_A=0.096 D_B=0.126 D_A(real)=0.81 D_A(fake)=0.19 gnG=30.06 gnD=15.62 it_per_s=4.69
2026-10-03 22:40:18,828 INFO iter=656700 epoch=94 lr=3.91e-05 G=1.744 advA2B=0.602 advB2A=0.685 cycA=0.110 cycB=0.118 idtA=0.148 idtB=0.135 D_A=0.096 D_B=0.125 D_A(real)=0.81 D_A(fake)=0.19 gnG=29.98 gnD=15.64 it_per_s=4.69
2026-10-03 22:40:42,682 INFO iter=656800 epoch=94 lr=3.90e-05 G=1.746 advA2B=0.602 advB2A=0.687 cycA=0.110 cycB=0.118 idtA=0.149 idtB=0.135 D_A=0.096 D_B=0.125 D_A(real)=0.81 D_A(fake)=0.19 gnG=30.03 gnD=15.64 it_per_s=4.67
2026-10-03 22:41:02,890 INFO iter=656900 epoch=94 lr=3.89e-05 G=1.745 advA2B=0.602 advB2A=0.687 cycA=0.110 cycB=0.118 idtA=0.149 idtB=0.136 D_A=0.096 D_B=0.125 D_A(real)=0.81 D_A(fake)=0.19 gnG=30.10 gnD=15.63 it_per_s=4.68
2026-10-03 22:41:23,037 INFO iter=657000 epoch=94 lr=3.87e-05 G=1.745 advA2B=0.602 advB2A=0.687 cycA=0.110 cycB=0.118 idtA=0.149 idtB=0.135 D_A=0.096 D_B=0.125 D_A(real)=0.81 D_A(fake)=0.19 gnG=30.04 gnD=15.59 it_per_s=4.69
2026-10-03 22:41:43,179 INFO iter=657100 epoch=94 lr=3.86e-05 G=1.744 advA2B=0.601 advB2A=0.686 cycA=0.110 cycB=0.118 idtA=0.149 idtB=0.135 D_A=0.096 D_B=0.125 D_A(real)=0.81 D_A(fake)=0.19 gnG=30.04 gnD=15.58 it_per_s=4.70
2026-10-03 22:42:03,319 INFO iter=657200 epoch=94 lr=3.85e-05 G=1.745 advA2B=0.600 advB2A=0.688 cycA=0.110 cycB=0.119 idtA=0.148 idtB=0.135 D_A=0.096 D_B=0.124 D_A(real)=0.81 D_A(fake)=0.19 gnG=30.02 gnD=15.59 it_per_s=4.71
2026-10-03 22:42:23,473 INFO iter=657300 epoch=94 lr=3.84e-05 G=1.741 advA2B=0.599 advB2A=0.685 cycA=0.110 cycB=0.118 idtA=0.148 idtB=0.135 D_A=0.096 D_B=0.124 D_A(real)=0.81 D_A(fake)=0.19 gnG=30.00 gnD=15.59 it_per_s=4.72
2026-10-03 22:42:43,619 INFO iter=657400 epoch=94 lr=3.83e-05 G=1.742 advA2B=0.598 advB2A=0.687 cycA=0.110 cycB=0.118 idtA=0.148 idtB=0.135 D_A=0.096 D_B=0.125 D_A(real)=0.81 D_A(fake)=0.19 gnG=30.05 gnD=15.66 it_per_s=4.72
2026-10-03 22:43:03,755 INFO iter=657500 epoch=94 lr=3.82e-05 G=1.742 advA2B=0.599 advB2A=0.686 cycA=0.110 cycB=0.118 idtA=0.148 idtB=0.136 D_A=0.096 D_B=0.125 D_A(real)=0.81 D_A(fake)=0.19 gnG=30.12 gnD=15.65 it_per_s=4.73
2026-10-03 22:43:23,929 INFO iter=657600 epoch=94 lr=3.80e-05 G=1.744 advA2B=0.600 advB2A=0.687 cycA=0.110 cycB=0.119 idtA=0.149 idtB=0.136 D_A=0.095 D_B=0.125 D_A(real)=0.81 D_A(fake)=0.19 gnG=30.31 gnD=15.63 it_per_s=4.74
2026-10-03 22:43:44,077 INFO iter=657700 epoch=94 lr=3.79e-05 G=1.745 advA2B=0.600 advB2A=0.687 cycA=0.110 cycB=0.119 idtA=0.149 idtB=0.136 D_A=0.095 D_B=0.125 D_A(real)=0.81 D_A(fake)=0.19 gnG=30.39 gnD=15.62 it_per_s=4.75
2026-10-03 22:44:04,209 INFO iter=657800 epoch=94 lr=3.78e-05 G=1.743 advA2B=0.600 advB2A=0.686 cycA=0.110 cycB=0.118 idtA=0.150 idtB=0.135 D_A=0.095 D_B=0.124 D_A(real)=0.81 D_A(fake)=0.19 gnG=30.35 gnD=15.60 it_per_s=4.75
2026-10-03 22:44:24,370 INFO iter=657900 epoch=94 lr=3.77e-05 G=1.743 advA2B=0.600 advB2A=0.686 cycA=0.110 cycB=0.118 idtA=0.150 idtB=0.135 D_A=0.095 D_B=0.124 D_A(real)=0.81 D_A(fake)=0.19 gnG=30.41 gnD=15.56 it_per_s=4.76
2026-10-03 22:44:44,462 INFO iter=658000 epoch=94 lr=3.76e-05 G=1.742 advA2B=0.600 advB2A=0.685 cycA=0.110 cycB=0.118 idtA=0.150 idtB=0.135 D_A=0.095 D_B=0.124 D_A(real)=0.81 D_A(fake)=0.19 gnG=30.39 gnD=15.59 it_per_s=4.76
2026-10-03 22:45:04,657 INFO iter=658100 epoch=94 lr=3.74e-05 G=1.740 advA2B=0.599 advB2A=0.684 cycA=0.110 cycB=0.118 idtA=0.150 idtB=0.135 D_A=0.095 D_B=0.124 D_A(real)=0.81 D_A(fake)=0.19 gnG=30.37 gnD=15.61 it_per_s=4.77
2026-10-03 22:45:24,787 INFO iter=658200 epoch=94 lr=3.73e-05 G=1.740 advA2B=0.600 advB2A=0.683 cycA=0.110 cycB=0.118 idtA=0.151 idtB=0.135 D_A=0.095 D_B=0.124 D_A(real)=0.81 D_A(fake)=0.19 gnG=30.42 gnD=15.61 it_per_s=4.77
2026-10-03 22:45:44,915 INFO iter=658300 epoch=94 lr=3.72e-05 G=1.740 advA2B=0.599 advB2A=0.684 cycA=0.110 cycB=0.118 idtA=0.151 idtB=0.135 D_A=0.096 D_B=0.124 D_A(real)=0.81 D_A(fake)=0.19 gnG=30.46 gnD=15.61 it_per_s=4.78
2026-10-03 22:46:05,039 INFO iter=658400 epoch=94 lr=3.71e-05 G=1.740 advA2B=0.598 advB2A=0.685 cycA=0.110 cycB=0.118 idtA=0.151 idtB=0.135 D_A=0.096 D_B=0.125 D_A(real)=0.81 D_A(fake)=0.19 gnG=30.50 gnD=15.64 it_per_s=4.78
2026-10-03 22:46:25,143 INFO iter=658500 epoch=94 lr=3.70e-05 G=1.740 advA2B=0.598 advB2A=0.685 cycA=0.110 cycB=0.118 idtA=0.151 idtB=0.135 D_A=0.096 D_B=0.124 D_A(real)=0.81 D_A(fake)=0.19 gnG=30.47 gnD=15.63 it_per_s=4.79
2026-10-03 22:46:45,539 INFO iter=658600 epoch=94 lr=3.69e-05 G=1.738 advA2B=0.597 advB2A=0.685 cycA=0.110 cycB=0.118 idtA=0.151 idtB=0.135 D_A=0.096 D_B=0.124 D_A(real)=0.81 D_A(fake)=0.19 gnG=30.40 gnD=15.64 it_per_s=4.79
2026-10-03 22:47:05,634 INFO iter=658700 epoch=94 lr=3.67e-05 G=1.737 advA2B=0.597 advB2A=0.684 cycA=0.110 cycB=0.118 idtA=0.151 idtB=0.135 D_A=0.096 D_B=0.124 D_A(real)=0.81 D_A(fake)=0.19 gnG=30.38 gnD=15.64 it_per_s=4.80
2026-10-03 22:47:25,771 INFO iter=658800 epoch=94 lr=3.66e-05 G=1.736 advA2B=0.596 advB2A=0.684 cycA=0.110 cycB=0.118 idtA=0.151 idtB=0.134 D_A=0.096 D_B=0.124 D_A(real)=0.81 D_A(fake)=0.19 gnG=30.36 gnD=15.66 it_per_s=4.80
2026-10-03 22:47:45,945 INFO iter=658900 epoch=94 lr=3.65e-05 G=1.737 advA2B=0.597 advB2A=0.684 cycA=0.110 cycB=0.118 idtA=0.151 idtB=0.134 D_A=0.096 D_B=0.124 D_A(real)=0.81 D_A(fake)=0.19 gnG=30.41 gnD=15.64 it_per_s=4.80
2026-10-03 22:48:06,113 INFO iter=659000 epoch=94 lr=3.64e-05 G=1.735 advA2B=0.597 advB2A=0.683 cycA=0.110 cycB=0.118 idtA=0.151 idtB=0.134 D_A=0.096 D_B=0.124 D_A(real)=0.81 D_A(fake)=0.19 gnG=30.41 gnD=15.64 it_per_s=4.81
2026-10-03 22:48:26,234 INFO iter=659100 epoch=94 lr=3.63e-05 G=1.735 advA2B=0.596 advB2A=0.684 cycA=0.110 cycB=0.118 idtA=0.151 idtB=0.134 D_A=0.096 D_B=0.124 D_A(real)=0.81 D_A(fake)=0.19 gnG=30.39 gnD=15.63 it_per_s=4.81
2026-10-03 22:48:46,400 INFO iter=659200 epoch=94 lr=3.61e-05 G=1.736 advA2B=0.596 advB2A=0.685 cycA=0.110 cycB=0.118 idtA=0.151 idtB=0.134 D_A=0.096 D_B=0.124 D_A(real)=0.81 D_A(fake)=0.19 gnG=30.43 gnD=15.62 it_per_s=4.81
2026-10-03 22:49:06,516 INFO iter=659300 epoch=94 lr=3.60e-05 G=1.735 advA2B=0.596 advB2A=0.683 cycA=0.110 cycB=0.118 idtA=0.151 idtB=0.134 D_A=0.095 D_B=0.124 D_A(real)=0.81 D_A(fake)=0.19 gnG=30.50 gnD=15.63 it_per_s=4.82
2026-10-03 22:49:26,708 INFO iter=659400 epoch=94 lr=3.59e-05 G=1.734 advA2B=0.596 advB2A=0.684 cycA=0.110 cycB=0.118 idtA=0.151 idtB=0.134 D_A=0.095 D_B=0.124 D_A(real)=0.81 D_A(fake)=0.19 gnG=30.47 gnD=15.64 it_per_s=4.82
2026-10-03 22:49:46,844 INFO iter=659500 epoch=94 lr=3.58e-05 G=1.734 advA2B=0.595 advB2A=0.684 cycA=0.110 cycB=0.118 idtA=0.152 idtB=0.134 D_A=0.095 D_B=0.124 D_A(real)=0.81 D_A(fake)=0.19 gnG=30.46 gnD=15.62 it_per_s=4.82
2026-10-03 22:50:06,984 INFO iter=659600 epoch=94 lr=3.57e-05 G=1.734 advA2B=0.595 advB2A=0.683 cycA=0.110 cycB=0.118 idtA=0.152 idtB=0.133 D_A=0.095 D_B=0.124 D_A(real)=0.81 D_A(fake)=0.19 gnG=30.44 gnD=15.62 it_per_s=4.82
2026-10-03 22:50:27,156 INFO iter=659700 epoch=94 lr=3.56e-05 G=1.734 advA2B=0.595 advB2A=0.684 cycA=0.110 cycB=0.118 idtA=0.153 idtB=0.133 D_A=0.095 D_B=0.124 D_A(real)=0.81 D_A(fake)=0.19 gnG=30.40 gnD=15.63 it_per_s=4.83
2026-10-03 22:50:47,319 INFO iter=659800 epoch=94 lr=3.54e-05 G=1.735 advA2B=0.595 advB2A=0.684 cycA=0.110 cycB=0.118 idtA=0.153 idtB=0.133 D_A=0.095 D_B=0.124 D_A(real)=0.81 D_A(fake)=0.19 gnG=30.36 gnD=15.61 it_per_s=4.83
2026-10-03 22:51:07,448 INFO iter=659900 epoch=94 lr=3.53e-05 G=1.734 advA2B=0.595 advB2A=0.685 cycA=0.110 cycB=0.118 idtA=0.154 idtB=0.133 D_A=0.095 D_B=0.124 D_A(real)=0.81 D_A(fake)=0.19 gnG=30.37 gnD=15.61 it_per_s=4.83
2026-10-03 22:51:27,520 INFO iter=660000 epoch=94 lr=3.52e-05 G=1.735 advA2B=0.595 advB2A=0.685 cycA=0.110 cycB=0.118 idtA=0.154 idtB=0.133 D_A=0.095 D_B=0.124 D_A(real)=0.81 D_A(fake)=0.19 gnG=30.47 gnD=15.62 it_per_s=4.83
2026-10-03 22:51:47,654 INFO iter=660100 epoch=94 lr=3.51e-05 G=1.734 advA2B=0.595 advB2A=0.685 cycA=0.110 cycB=0.118 idtA=0.154 idtB=0.133 D_A=0.094 D_B=0.124 D_A(real)=0.81 D_A(fake)=0.19 gnG=30.47 gnD=15.62 it_per_s=4.84
2026-10-03 22:52:07,779 INFO iter=660200 epoch=94 lr=3.50e-05 G=1.734 advA2B=0.595 advB2A=0.684 cycA=0.110 cycB=0.118 idtA=0.155 idtB=0.133 D_A=0.094 D_B=0.124 D_A(real)=0.81 D_A(fake)=0.19 gnG=30.46 gnD=15.61 it_per_s=4.84
2026-10-03 22:52:27,879 INFO iter=660300 epoch=94 lr=3.48e-05 G=1.734 advA2B=0.595 advB2A=0.684 cycA=0.110 cycB=0.118 idtA=0.155 idtB=0.133 D_A=0.094 D_B=0.124 D_A(real)=0.81 D_A(fake)=0.19 gnG=30.44 gnD=15.62 it_per_s=4.84
2026-10-03 22:52:47,976 INFO iter=660400 epoch=94 lr=3.47e-05 G=1.734 advA2B=0.596 advB2A=0.684 cycA=0.109 cycB=0.118 idtA=0.155 idtB=0.133 D_A=0.094 D_B=0.124 D_A(real)=0.81 D_A(fake)=0.19 gnG=30.45 gnD=15.62 it_per_s=4.84
2026-10-03 22:53:08,050 INFO iter=660500 epoch=94 lr=3.46e-05 G=1.735 advA2B=0.595 advB2A=0.685 cycA=0.109 cycB=0.118 idtA=0.155 idtB=0.133 D_A=0.094 D_B=0.124 D_A(real)=0.81 D_A(fake)=0.19 gnG=30.54 gnD=15.64 it_per_s=4.85
2026-10-03 22:53:28,159 INFO iter=660600 epoch=94 lr=3.45e-05 G=1.735 advA2B=0.595 advB2A=0.686 cycA=0.109 cycB=0.118 idtA=0.155 idtB=0.133 D_A=0.094 D_B=0.124 D_A(real)=0.81 D_A(fake)=0.19 gnG=30.59 gnD=15.64 it_per_s=4.85
2026-10-03 22:53:48,288 INFO iter=660700 epoch=94 lr=3.44e-05 G=1.735 advA2B=0.594 advB2A=0.686 cycA=0.109 cycB=0.118 idtA=0.155 idtB=0.133 D_A=0.094 D_B=0.124 D_A(real)=0.81 D_A(fake)=0.19 gnG=30.55 gnD=15.63 it_per_s=4.85
2026-10-03 22:54:08,375 INFO iter=660800 epoch=94 lr=3.42e-05 G=1.735 advA2B=0.595 advB2A=0.686 cycA=0.109 cycB=0.118 idtA=0.155 idtB=0.133 D_A=0.094 D_B=0.124 D_A(real)=0.81 D_A(fake)=0.19 gnG=30.54 gnD=15.62 it_per_s=4.85
2026-10-03 22:54:28,529 INFO iter=660900 epoch=94 lr=3.41e-05 G=1.737 advA2B=0.595 advB2A=0.687 cycA=0.109 cycB=0.118 idtA=0.155 idtB=0.133 D_A=0.094 D_B=0.124 D_A(real)=0.81 D_A(fake)=0.19 gnG=30.62 gnD=15.62 it_per_s=4.85
2026-10-03 22:54:48,631 INFO iter=661000 epoch=94 lr=3.40e-05 G=1.737 advA2B=0.595 advB2A=0.687 cycA=0.109 cycB=0.118 idtA=0.156 idtB=0.133 D_A=0.094 D_B=0.123 D_A(real)=0.81 D_A(fake)=0.19 gnG=30.62 gnD=15.60 it_per_s=4.86
2026-10-03 22:55:08,806 INFO iter=661100 epoch=94 lr=3.39e-05 G=1.736 advA2B=0.594 advB2A=0.687 cycA=0.109 cycB=0.118 idtA=0.156 idtB=0.134 D_A=0.094 D_B=0.123 D_A(real)=0.81 D_A(fake)=0.19 gnG=30.57 gnD=15.61 it_per_s=4.86
2026-10-03 22:55:29,003 INFO iter=661200 epoch=94 lr=3.38e-05 G=1.735 advA2B=0.594 advB2A=0.687 cycA=0.109 cycB=0.118 idtA=0.156 idtB=0.134 D_A=0.094 D_B=0.123 D_A(real)=0.81 D_A(fake)=0.19 gnG=30.55 gnD=15.61 it_per_s=4.86
2026-10-03 22:55:49,132 INFO iter=661300 epoch=94 lr=3.37e-05 G=1.735 advA2B=0.593 advB2A=0.687 cycA=0.109 cycB=0.118 idtA=0.156 idtB=0.134 D_A=0.094 D_B=0.124 D_A(real)=0.81 D_A(fake)=0.19 gnG=30.56 gnD=15.62 it_per_s=4.86
2026-10-03 22:56:09,293 INFO iter=661400 epoch=94 lr=3.35e-05 G=1.735 advA2B=0.593 advB2A=0.687 cycA=0.109 cycB=0.118 idtA=0.156 idtB=0.134 D_A=0.094 D_B=0.124 D_A(real)=0.81 D_A(fake)=0.19 gnG=30.58 gnD=15.62 it_per_s=4.86
2026-10-03 22:56:29,431 INFO iter=661500 epoch=94 lr=3.34e-05 G=1.735 advA2B=0.594 advB2A=0.687 cycA=0.109 cycB=0.118 idtA=0.156 idtB=0.134 D_A=0.094 D_B=0.123 D_A(real)=0.81 D_A(fake)=0.19 gnG=30.60 gnD=15.61 it_per_s=4.86
2026-10-03 22:56:43,941 INFO epoch=94 done time_s=1447 it_per_s=4.86 G=1.736 cycA=0.109 cycB=0.118 idtA=0.156 idtB=0.134 D_A=0.094 D_B=0.123 D_A(real)=0.81 D_A(fake)=0.19 nan_count=0
2026-10-03 22:56:50,527 INFO iter=661600 epoch=95 lr=3.33e-05 G=1.650 advA2B=0.569 advB2A=0.625 cycA=0.105 cycB=0.123 idtA=0.157 idtB=0.153 D_A=0.102 D_B=0.137 D_A(real)=0.78 D_A(fake)=0.20 gnG=28.85 gnD=16.62 it_per_s=5.01
2026-10-03 22:57:10,866 INFO iter=661700 epoch=95 lr=3.32e-05 G=1.708 advA2B=0.588 advB2A=0.671 cycA=0.108 cycB=0.116 idtA=0.156 idtB=0.137 D_A=0.092 D_B=0.127 D_A(real)=0.81 D_A(fake)=0.19 gnG=30.05 gnD=16.04 it_per_s=4.94
2026-10-03 22:57:35,001 INFO iter=661800 epoch=95 lr=3.31e-05 G=1.730 advA2B=0.599 advB2A=0.682 cycA=0.109 cycB=0.116 idtA=0.157 idtB=0.142 D_A=0.097 D_B=0.124 D_A(real)=0.81 D_A(fake)=0.20 gnG=30.79 gnD=16.07 it_per_s=4.55
2026-10-03 22:57:58,610 INFO iter=661900 epoch=95 lr=3.29e-05 G=1.748 advA2B=0.612 advB2A=0.682 cycA=0.109 cycB=0.118 idtA=0.157 idtB=0.142 D_A=0.097 D_B=0.124 D_A(real)=0.80 D_A(fake)=0.20 gnG=32.24 gnD=15.97 it_per_s=4.45
2026-10-03 22:58:19,339 INFO iter=662000 epoch=95 lr=3.28e-05 G=1.733 advA2B=0.601 advB2A=0.679 cycA=0.109 cycB=0.117 idtA=0.156 idtB=0.139 D_A=0.095 D_B=0.123 D_A(real)=0.81 D_A(fake)=0.19 gnG=31.52 gnD=15.84 it_per_s=4.53
2026-10-03 22:58:39,454 INFO iter=662100 epoch=95 lr=3.27e-05 G=1.743 advA2B=0.608 advB2A=0.680 cycA=0.111 cycB=0.116 idtA=0.154 idtB=0.137 D_A=0.093 D_B=0.123 D_A(real)=0.81 D_A(fake)=0.19 gnG=32.12 gnD=15.76 it_per_s=4.61
2026-10-03 22:58:59,615 INFO iter=662200 epoch=95 lr=3.26e-05 G=1.743 advA2B=0.608 advB2A=0.680 cycA=0.111 cycB=0.117 idtA=0.153 idtB=0.136 D_A=0.093 D_B=0.123 D_A(real)=0.81 D_A(fake)=0.19 gnG=32.02 gnD=15.68 it_per_s=4.66
2026-10-03 22:59:19,797 INFO iter=662300 epoch=95 lr=3.25e-05 G=1.742 advA2B=0.609 advB2A=0.678 cycA=0.111 cycB=0.117 idtA=0.153 idtB=0.135 D_A=0.092 D_B=0.122 D_A(real)=0.81 D_A(fake)=0.19 gnG=32.36 gnD=15.56 it_per_s=4.70
2026-10-03 22:59:40,063 INFO iter=662400 epoch=95 lr=3.24e-05 G=1.747 advA2B=0.612 advB2A=0.680 cycA=0.111 cycB=0.117 idtA=0.152 idtB=0.134 D_A=0.091 D_B=0.123 D_A(real)=0.81 D_A(fake)=0.19 gnG=32.71 gnD=15.59 it_per_s=4.73
2026-10-03 23:00:00,210 INFO iter=662500 epoch=95 lr=3.22e-05 G=1.748 advA2B=0.611 advB2A=0.682 cycA=0.110 cycB=0.117 idtA=0.153 idtB=0.135 D_A=0.090 D_B=0.124 D_A(real)=0.81 D_A(fake)=0.19 gnG=32.55 gnD=15.75 it_per_s=4.75
2026-10-03 23:00:14,544 INFO iter=662600 epoch=95 lr=3.21e-05 G=1.748 advA2B=0.610 advB2A=0.684 cycA=0.110 cycB=0.117 idtA=0.153 idtB=0.135 D_A=0.089 D_B=0.126 D_A(real)=0.82 D_A(fake)=0.18 gnG=32.43 gnD=15.72 it_per_s=4.90
2026-10-03 23:00:25,375 INFO iter=662700 epoch=95 lr=3.20e-05 G=1.752 advA2B=0.611 advB2A=0.688 cycA=0.110 cycB=0.117 idtA=0.153 idtB=0.133 D_A=0.089 D_B=0.125 D_A(real)=0.82 D_A(fake)=0.18 gnG=32.39 gnD=15.68 it_per_s=5.12
2026-10-03 23:00:36,145 INFO iter=662800 epoch=95 lr=3.19e-05 G=1.747 advA2B=0.609 advB2A=0.685 cycA=0.110 cycB=0.116 idtA=0.153 idtB=0.133 D_A=0.090 D_B=0.125 D_A(real)=0.82 D_A(fake)=0.18 gnG=32.31 gnD=15.70 it_per_s=5.31
2026-10-03 23:00:47,327 INFO iter=662900 epoch=95 lr=3.18e-05 G=1.752 advA2B=0.609 advB2A=0.689 cycA=0.110 cycB=0.117 idtA=0.154 idtB=0.133 D_A=0.090 D_B=0.125 D_A(real)=0.82 D_A(fake)=0.18 gnG=32.48 gnD=15.70 it_per_s=5.48
2026-10-03 23:01:07,460 INFO iter=663000 epoch=95 lr=3.16e-05 G=1.754 advA2B=0.608 advB2A=0.692 cycA=0.110 cycB=0.117 idtA=0.155 idtB=0.133 D_A=0.091 D_B=0.125 D_A(real)=0.82 D_A(fake)=0.18 gnG=32.34 gnD=15.70 it_per_s=5.44
2026-10-03 23:01:27,138 INFO iter=663100 epoch=95 lr=3.15e-05 G=1.754 advA2B=0.612 advB2A=0.689 cycA=0.110 cycB=0.117 idtA=0.155 idtB=0.133 D_A=0.092 D_B=0.124 D_A(real)=0.81 D_A(fake)=0.19 gnG=32.55 gnD=15.66 it_per_s=5.41
2026-10-03 23:01:46,800 INFO iter=663200 epoch=95 lr=3.14e-05 G=1.752 advA2B=0.610 advB2A=0.690 cycA=0.110 cycB=0.116 idtA=0.155 idtB=0.133 D_A=0.092 D_B=0.125 D_A(real)=0.81 D_A(fake)=0.18 gnG=32.52 gnD=15.73 it_per_s=5.39
2026-10-03 23:02:06,222 INFO iter=663300 epoch=95 lr=3.13e-05 G=1.752 advA2B=0.609 advB2A=0.690 cycA=0.110 cycB=0.116 idtA=0.156 idtB=0.134 D_A=0.091 D_B=0.124 D_A(real)=0.82 D_A(fake)=0.18 gnG=32.46 gnD=15.70 it_per_s=5.38
2026-10-03 23:02:25,653 INFO iter=663400 epoch=95 lr=3.12e-05 G=1.754 advA2B=0.609 advB2A=0.693 cycA=0.110 cycB=0.116 idtA=0.156 idtB=0.133 D_A=0.091 D_B=0.123 D_A(real)=0.82 D_A(fake)=0.18 gnG=32.45 gnD=15.63 it_per_s=5.37
2026-10-03 23:02:45,201 INFO iter=663500 epoch=95 lr=3.11e-05 G=1.749 advA2B=0.608 advB2A=0.689 cycA=0.110 cycB=0.116 idtA=0.155 idtB=0.133 D_A=0.091 D_B=0.123 D_A(real)=0.82 D_A(fake)=0.18 gnG=32.55 gnD=15.65 it_per_s=5.35
2026-10-03 23:03:04,556 INFO iter=663600 epoch=95 lr=3.09e-05 G=1.750 advA2B=0.607 advB2A=0.690 cycA=0.110 cycB=0.116 idtA=0.155 idtB=0.133 D_A=0.092 D_B=0.123 D_A(real)=0.81 D_A(fake)=0.19 gnG=32.52 gnD=15.69 it_per_s=5.34
2026-10-03 23:03:24,035 INFO iter=663700 epoch=95 lr=3.08e-05 G=1.751 advA2B=0.607 advB2A=0.691 cycA=0.110 cycB=0.116 idtA=0.155 idtB=0.132 D_A=0.092 D_B=0.122 D_A(real)=0.81 D_A(fake)=0.19 gnG=32.52 gnD=15.70 it_per_s=5.33
2026-10-03 23:03:43,364 INFO iter=663800 epoch=95 lr=3.07e-05 G=1.751 advA2B=0.607 advB2A=0.691 cycA=0.110 cycB=0.116 idtA=0.156 idtB=0.132 D_A=0.092 D_B=0.123 D_A(real)=0.81 D_A(fake)=0.19 gnG=32.65 gnD=15.72 it_per_s=5.32
2026-10-03 23:04:02,912 INFO iter=663900 epoch=95 lr=3.06e-05 G=1.751 advA2B=0.605 advB2A=0.693 cycA=0.110 cycB=0.116 idtA=0.156 idtB=0.133 D_A=0.092 D_B=0.123 D_A(real)=0.81 D_A(fake)=0.19 gnG=32.67 gnD=15.77 it_per_s=5.32
2026-10-03 23:04:22,382 INFO iter=664000 epoch=95 lr=3.05e-05 G=1.753 advA2B=0.606 advB2A=0.695 cycA=0.110 cycB=0.116 idtA=0.157 idtB=0.132 D_A=0.092 D_B=0.123 D_A(real)=0.82 D_A(fake)=0.18 gnG=32.61 gnD=15.75 it_per_s=5.31
2026-10-03 23:04:41,791 INFO iter=664100 epoch=95 lr=3.03e-05 G=1.754 advA2B=0.605 advB2A=0.696 cycA=0.110 cycB=0.116 idtA=0.156 idtB=0.133 D_A=0.091 D_B=0.122 D_A(real)=0.82 D_A(fake)=0.18 gnG=32.65 gnD=15.69 it_per_s=5.30
2026-10-03 23:05:01,169 INFO iter=664200 epoch=95 lr=3.02e-05 G=1.752 advA2B=0.604 advB2A=0.696 cycA=0.110 cycB=0.116 idtA=0.157 idtB=0.132 D_A=0.091 D_B=0.122 D_A(real)=0.81 D_A(fake)=0.18 gnG=32.64 gnD=15.68 it_per_s=5.30
2026-10-03 23:05:20,676 INFO iter=664300 epoch=95 lr=3.01e-05 G=1.753 advA2B=0.605 advB2A=0.696 cycA=0.110 cycB=0.116 idtA=0.157 idtB=0.133 D_A=0.092 D_B=0.123 D_A(real)=0.81 D_A(fake)=0.19 gnG=32.66 gnD=15.71 it_per_s=5.29
2026-10-03 23:05:40,124 INFO iter=664400 epoch=95 lr=3.00e-05 G=1.753 advA2B=0.603 advB2A=0.697 cycA=0.110 cycB=0.116 idtA=0.157 idtB=0.133 D_A=0.092 D_B=0.123 D_A(real)=0.81 D_A(fake)=0.19 gnG=32.61 gnD=15.75 it_per_s=5.28
2026-10-03 23:05:59,591 INFO iter=664500 epoch=95 lr=2.99e-05 G=1.751 advA2B=0.602 advB2A=0.696 cycA=0.110 cycB=0.116 idtA=0.157 idtB=0.133 D_A=0.092 D_B=0.123 D_A(real)=0.81 D_A(fake)=0.19 gnG=32.60 gnD=15.75 it_per_s=5.28
2026-10-03 23:06:19,032 INFO iter=664600 epoch=95 lr=2.97e-05 G=1.749 advA2B=0.603 advB2A=0.694 cycA=0.110 cycB=0.116 idtA=0.158 idtB=0.133 D_A=0.093 D_B=0.123 D_A(real)=0.81 D_A(fake)=0.19 gnG=32.65 gnD=15.81 it_per_s=5.27
2026-10-03 23:06:38,471 INFO iter=664700 epoch=95 lr=2.96e-05 G=1.750 advA2B=0.602 advB2A=0.696 cycA=0.110 cycB=0.116 idtA=0.158 idtB=0.133 D_A=0.093 D_B=0.123 D_A(real)=0.81 D_A(fake)=0.19 gnG=32.67 gnD=15.81 it_per_s=5.27
2026-10-03 23:06:57,889 INFO iter=664800 epoch=95 lr=2.95e-05 G=1.749 advA2B=0.601 advB2A=0.695 cycA=0.110 cycB=0.116 idtA=0.158 idtB=0.133 D_A=0.093 D_B=0.123 D_A(real)=0.81 D_A(fake)=0.19 gnG=32.62 gnD=15.83 it_per_s=5.27
2026-10-03 23:07:17,250 INFO iter=664900 epoch=95 lr=2.94e-05 G=1.748 advA2B=0.601 advB2A=0.696 cycA=0.110 cycB=0.116 idtA=0.159 idtB=0.133 D_A=0.093 D_B=0.123 D_A(real)=0.81 D_A(fake)=0.19 gnG=32.56 gnD=15.85 it_per_s=5.26
2026-10-03 23:07:36,718 INFO iter=665000 epoch=95 lr=2.93e-05 G=1.747 advA2B=0.601 advB2A=0.694 cycA=0.110 cycB=0.116 idtA=0.159 idtB=0.133 D_A=0.093 D_B=0.123 D_A(real)=0.81 D_A(fake)=0.19 gnG=32.51 gnD=15.87 it_per_s=5.26
2026-10-03 23:07:56,160 INFO iter=665100 epoch=95 lr=2.92e-05 G=1.748 advA2B=0.603 advB2A=0.694 cycA=0.110 cycB=0.116 idtA=0.159 idtB=0.133 D_A=0.093 D_B=0.123 D_A(real)=0.81 D_A(fake)=0.19 gnG=32.56 gnD=15.87 it_per_s=5.26
2026-10-03 23:08:15,547 INFO iter=665200 epoch=95 lr=2.90e-05 G=1.749 advA2B=0.603 advB2A=0.694 cycA=0.110 cycB=0.116 idtA=0.159 idtB=0.134 D_A=0.093 D_B=0.123 D_A(real)=0.81 D_A(fake)=0.19 gnG=32.63 gnD=15.86 it_per_s=5.25
2026-10-03 23:08:34,971 INFO iter=665300 epoch=95 lr=2.89e-05 G=1.748 advA2B=0.604 advB2A=0.692 cycA=0.110 cycB=0.116 idtA=0.159 idtB=0.133 D_A=0.093 D_B=0.123 D_A(real)=0.81 D_A(fake)=0.19 gnG=32.68 gnD=15.86 it_per_s=5.25
2026-10-03 23:08:54,476 INFO iter=665400 epoch=95 lr=2.88e-05 G=1.749 advA2B=0.604 advB2A=0.693 cycA=0.110 cycB=0.116 idtA=0.159 idtB=0.133 D_A=0.093 D_B=0.123 D_A(real)=0.81 D_A(fake)=0.19 gnG=32.73 gnD=15.89 it_per_s=5.25
2026-10-03 23:09:13,950 INFO iter=665500 epoch=95 lr=2.87e-05 G=1.746 advA2B=0.603 advB2A=0.692 cycA=0.110 cycB=0.116 idtA=0.159 idtB=0.133 D_A=0.093 D_B=0.123 D_A(real)=0.81 D_A(fake)=0.19 gnG=32.65 gnD=15.91 it_per_s=5.24
2026-10-03 23:09:33,389 INFO iter=665600 epoch=95 lr=2.86e-05 G=1.749 advA2B=0.605 advB2A=0.693 cycA=0.110 cycB=0.116 idtA=0.159 idtB=0.133 D_A=0.093 D_B=0.123 D_A(real)=0.81 D_A(fake)=0.19 gnG=32.69 gnD=15.92 it_per_s=5.24
2026-10-03 23:09:52,838 INFO iter=665700 epoch=95 lr=2.84e-05 G=1.748 advA2B=0.604 advB2A=0.693 cycA=0.110 cycB=0.116 idtA=0.158 idtB=0.133 D_A=0.094 D_B=0.123 D_A(real)=0.81 D_A(fake)=0.19 gnG=32.69 gnD=15.93 it_per_s=5.24
2026-10-03 23:10:12,359 INFO iter=665800 epoch=95 lr=2.83e-05 G=1.750 advA2B=0.604 advB2A=0.694 cycA=0.110 cycB=0.116 idtA=0.158 idtB=0.133 D_A=0.093 D_B=0.123 D_A(real)=0.81 D_A(fake)=0.19 gnG=32.69 gnD=15.94 it_per_s=5.24
2026-10-03 23:10:31,806 INFO iter=665900 epoch=95 lr=2.82e-05 G=1.749 advA2B=0.604 advB2A=0.693 cycA=0.110 cycB=0.116 idtA=0.158 idtB=0.133 D_A=0.093 D_B=0.123 D_A(real)=0.81 D_A(fake)=0.19 gnG=32.72 gnD=15.95 it_per_s=5.23
2026-10-03 23:10:51,234 INFO iter=666000 epoch=95 lr=2.81e-05 G=1.751 advA2B=0.605 advB2A=0.694 cycA=0.110 cycB=0.116 idtA=0.158 idtB=0.133 D_A=0.093 D_B=0.123 D_A(real)=0.81 D_A(fake)=0.19 gnG=32.79 gnD=15.96 it_per_s=5.23
2026-10-03 23:11:10,752 INFO iter=666100 epoch=95 lr=2.80e-05 G=1.750 advA2B=0.604 advB2A=0.695 cycA=0.110 cycB=0.116 idtA=0.158 idtB=0.133 D_A=0.093 D_B=0.123 D_A(real)=0.81 D_A(fake)=0.19 gnG=32.74 gnD=15.96 it_per_s=5.23
2026-10-03 23:11:30,136 INFO iter=666200 epoch=95 lr=2.79e-05 G=1.750 advA2B=0.604 advB2A=0.695 cycA=0.110 cycB=0.116 idtA=0.158 idtB=0.133 D_A=0.093 D_B=0.123 D_A(real)=0.81 D_A(fake)=0.19 gnG=32.79 gnD=15.96 it_per_s=5.23
2026-10-03 23:11:49,428 INFO iter=666300 epoch=95 lr=2.77e-05 G=1.751 advA2B=0.604 advB2A=0.695 cycA=0.110 cycB=0.116 idtA=0.157 idtB=0.133 D_A=0.093 D_B=0.123 D_A(real)=0.81 D_A(fake)=0.19 gnG=32.78 gnD=15.97 it_per_s=5.23
2026-10-03 23:12:08,814 INFO iter=666400 epoch=95 lr=2.76e-05 G=1.750 advA2B=0.604 advB2A=0.694 cycA=0.110 cycB=0.117 idtA=0.157 idtB=0.133 D_A=0.093 D_B=0.123 D_A(real)=0.81 D_A(fake)=0.19 gnG=32.74 gnD=15.97 it_per_s=5.23
2026-10-03 23:12:28,182 INFO iter=666500 epoch=95 lr=2.75e-05 G=1.750 advA2B=0.604 advB2A=0.694 cycA=0.110 cycB=0.117 idtA=0.157 idtB=0.133 D_A=0.093 D_B=0.123 D_A(real)=0.81 D_A(fake)=0.19 gnG=32.88 gnD=15.98 it_per_s=5.22
2026-10-03 23:12:47,649 INFO iter=666600 epoch=95 lr=2.74e-05 G=1.748 advA2B=0.603 advB2A=0.693 cycA=0.109 cycB=0.116 idtA=0.157 idtB=0.133 D_A=0.093 D_B=0.123 D_A(real)=0.81 D_A(fake)=0.19 gnG=32.99 gnD=15.98 it_per_s=5.22
2026-10-03 23:13:07,000 INFO iter=666700 epoch=95 lr=2.73e-05 G=1.748 advA2B=0.604 advB2A=0.693 cycA=0.109 cycB=0.116 idtA=0.157 idtB=0.133 D_A=0.093 D_B=0.123 D_A(real)=0.81 D_A(fake)=0.19 gnG=32.96 gnD=15.99 it_per_s=5.22
2026-10-03 23:13:26,380 INFO iter=666800 epoch=95 lr=2.71e-05 G=1.747 advA2B=0.603 advB2A=0.693 cycA=0.109 cycB=0.116 idtA=0.157 idtB=0.133 D_A=0.093 D_B=0.123 D_A(real)=0.81 D_A(fake)=0.19 gnG=32.98 gnD=15.98 it_per_s=5.22
2026-10-03 23:13:45,725 INFO iter=666900 epoch=95 lr=2.70e-05 G=1.748 advA2B=0.602 advB2A=0.694 cycA=0.109 cycB=0.116 idtA=0.157 idtB=0.133 D_A=0.092 D_B=0.123 D_A(real)=0.81 D_A(fake)=0.19 gnG=33.00 gnD=15.97 it_per_s=5.22
2026-10-03 23:14:05,102 INFO iter=667000 epoch=95 lr=2.69e-05 G=1.748 advA2B=0.603 advB2A=0.694 cycA=0.109 cycB=0.116 idtA=0.156 idtB=0.133 D_A=0.093 D_B=0.123 D_A(real)=0.81 D_A(fake)=0.19 gnG=32.96 gnD=15.97 it_per_s=5.22
2026-10-03 23:14:24,494 INFO iter=667100 epoch=95 lr=2.68e-05 G=1.747 advA2B=0.603 advB2A=0.693 cycA=0.109 cycB=0.116 idtA=0.157 idtB=0.133 D_A=0.093 D_B=0.123 D_A(real)=0.81 D_A(fake)=0.19 gnG=32.94 gnD=15.98 it_per_s=5.22
2026-10-03 23:14:43,851 INFO iter=667200 epoch=95 lr=2.67e-05 G=1.747 advA2B=0.603 advB2A=0.692 cycA=0.109 cycB=0.116 idtA=0.157 idtB=0.133 D_A=0.092 D_B=0.123 D_A(real)=0.81 D_A(fake)=0.19 gnG=32.90 gnD=15.97 it_per_s=5.22
2026-10-03 23:15:03,274 INFO iter=667300 epoch=95 lr=2.66e-05 G=1.746 advA2B=0.602 advB2A=0.692 cycA=0.109 cycB=0.116 idtA=0.157 idtB=0.133 D_A=0.092 D_B=0.122 D_A(real)=0.81 D_A(fake)=0.19 gnG=32.86 gnD=15.98 it_per_s=5.22
2026-10-03 23:15:22,625 INFO iter=667400 epoch=95 lr=2.64e-05 G=1.747 advA2B=0.602 advB2A=0.693 cycA=0.109 cycB=0.117 idtA=0.157 idtB=0.134 D_A=0.092 D_B=0.123 D_A(real)=0.81 D_A(fake)=0.19 gnG=32.83 gnD=15.99 it_per_s=5.21
2026-10-03 23:15:41,974 INFO iter=667500 epoch=95 lr=2.63e-05 G=1.746 advA2B=0.602 advB2A=0.693 cycA=0.109 cycB=0.116 idtA=0.157 idtB=0.134 D_A=0.092 D_B=0.123 D_A(real)=0.81 D_A(fake)=0.19 gnG=32.83 gnD=16.02 it_per_s=5.21
2026-10-03 23:16:01,271 INFO iter=667600 epoch=95 lr=2.62e-05 G=1.745 advA2B=0.601 advB2A=0.693 cycA=0.109 cycB=0.117 idtA=0.157 idtB=0.134 D_A=0.093 D_B=0.123 D_A(real)=0.81 D_A(fake)=0.19 gnG=32.80 gnD=16.05 it_per_s=5.21
2026-10-03 23:16:20,594 INFO iter=667700 epoch=95 lr=2.61e-05 G=1.745 advA2B=0.601 advB2A=0.692 cycA=0.109 cycB=0.117 idtA=0.157 idtB=0.134 D_A=0.092 D_B=0.123 D_A(real)=0.81 D_A(fake)=0.19 gnG=32.77 gnD=16.04 it_per_s=5.21
2026-10-03 23:16:39,932 INFO iter=667800 epoch=95 lr=2.60e-05 G=1.746 advA2B=0.601 advB2A=0.694 cycA=0.109 cycB=0.117 idtA=0.157 idtB=0.134 D_A=0.092 D_B=0.123 D_A(real)=0.81 D_A(fake)=0.19 gnG=32.78 gnD=16.05 it_per_s=5.21
2026-10-03 23:16:59,212 INFO iter=667900 epoch=95 lr=2.58e-05 G=1.746 advA2B=0.600 advB2A=0.694 cycA=0.109 cycB=0.117 idtA=0.157 idtB=0.134 D_A=0.092 D_B=0.123 D_A(real)=0.81 D_A(fake)=0.19 gnG=32.81 gnD=16.06 it_per_s=5.21
2026-10-03 23:17:18,573 INFO iter=668000 epoch=95 lr=2.57e-05 G=1.746 advA2B=0.600 advB2A=0.694 cycA=0.109 cycB=0.117 idtA=0.157 idtB=0.134 D_A=0.092 D_B=0.123 D_A(real)=0.81 D_A(fake)=0.19 gnG=32.81 gnD=16.09 it_per_s=5.21
2026-10-03 23:17:37,925 INFO iter=668100 epoch=95 lr=2.56e-05 G=1.747 advA2B=0.600 advB2A=0.695 cycA=0.109 cycB=0.117 idtA=0.157 idtB=0.134 D_A=0.092 D_B=0.123 D_A(real)=0.81 D_A(fake)=0.19 gnG=32.78 gnD=16.08 it_per_s=5.21
2026-10-03 23:17:57,298 INFO iter=668200 epoch=95 lr=2.55e-05 G=1.747 advA2B=0.601 advB2A=0.695 cycA=0.109 cycB=0.117 idtA=0.156 idtB=0.134 D_A=0.092 D_B=0.123 D_A(real)=0.81 D_A(fake)=0.19 gnG=32.78 gnD=16.08 it_per_s=5.21
2026-10-03 23:18:16,674 INFO iter=668300 epoch=95 lr=2.54e-05 G=1.747 advA2B=0.600 advB2A=0.695 cycA=0.109 cycB=0.117 idtA=0.156 idtB=0.134 D_A=0.092 D_B=0.123 D_A(real)=0.81 D_A(fake)=0.19 gnG=32.78 gnD=16.11 it_per_s=5.21
2026-10-03 23:18:36,037 INFO iter=668400 epoch=95 lr=2.52e-05 G=1.747 advA2B=0.600 advB2A=0.695 cycA=0.109 cycB=0.117 idtA=0.156 idtB=0.134 D_A=0.092 D_B=0.123 D_A(real)=0.81 D_A(fake)=0.19 gnG=32.82 gnD=16.12 it_per_s=5.21
2026-10-03 23:18:55,375 INFO iter=668500 epoch=95 lr=2.51e-05 G=1.747 advA2B=0.601 advB2A=0.694 cycA=0.109 cycB=0.117 idtA=0.156 idtB=0.134 D_A=0.092 D_B=0.123 D_A(real)=0.81 D_A(fake)=0.19 gnG=32.82 gnD=16.11 it_per_s=5.21
2026-10-03 23:19:14,737 INFO iter=668600 epoch=95 lr=2.50e-05 G=1.746 advA2B=0.600 advB2A=0.694 cycA=0.109 cycB=0.117 idtA=0.156 idtB=0.133 D_A=0.092 D_B=0.123 D_A(real)=0.81 D_A(fake)=0.19 gnG=32.79 gnD=16.13 it_per_s=5.21
2026-10-03 23:19:16,672 INFO epoch=95 done time_s=1352 it_per_s=5.21 G=1.746 cycA=0.109 cycB=0.116 idtA=0.156 idtB=0.133 D_A=0.092 D_B=0.123 D_A(real)=0.81 D_A(fake)=0.19 nan_count=0
2026-10-03 23:19:35,007 INFO iter=668700 epoch=96 lr=2.49e-05 G=1.750 advA2B=0.596 advB2A=0.700 cycA=0.111 cycB=0.117 idtA=0.155 idtB=0.140 D_A=0.090 D_B=0.133 D_A(real)=0.81 D_A(fake)=0.19 gnG=34.25 gnD=17.34 it_per_s=5.15
2026-10-03 23:19:54,333 INFO iter=668800 epoch=96 lr=2.48e-05 G=1.738 advA2B=0.579 advB2A=0.709 cycA=0.108 cycB=0.117 idtA=0.159 idtB=0.138 D_A=0.091 D_B=0.130 D_A(real)=0.81 D_A(fake)=0.19 gnG=35.11 gnD=17.17 it_per_s=5.16
2026-10-03 23:20:13,689 INFO iter=668900 epoch=96 lr=2.47e-05 G=1.734 advA2B=0.583 advB2A=0.699 cycA=0.110 cycB=0.116 idtA=0.160 idtB=0.136 D_A=0.089 D_B=0.125 D_A(real)=0.82 D_A(fake)=0.18 gnG=34.22 gnD=16.94 it_per_s=5.16
2026-10-03 23:20:32,989 INFO iter=669000 epoch=96 lr=2.45e-05 G=1.728 advA2B=0.587 advB2A=0.691 cycA=0.109 cycB=0.117 idtA=0.157 idtB=0.137 D_A=0.090 D_B=0.122 D_A(real)=0.82 D_A(fake)=0.18 gnG=34.23 gnD=16.81 it_per_s=5.17
2026-10-03 23:20:52,378 INFO iter=669100 epoch=96 lr=2.44e-05 G=1.724 advA2B=0.589 advB2A=0.685 cycA=0.108 cycB=0.117 idtA=0.155 idtB=0.138 D_A=0.090 D_B=0.122 D_A(real)=0.82 D_A(fake)=0.18 gnG=33.67 gnD=16.81 it_per_s=5.17
2026-10-03 23:21:11,656 INFO iter=669200 epoch=96 lr=2.43e-05 G=1.725 advA2B=0.591 advB2A=0.681 cycA=0.108 cycB=0.118 idtA=0.155 idtB=0.140 D_A=0.091 D_B=0.121 D_A(real)=0.81 D_A(fake)=0.19 gnG=34.52 gnD=16.73 it_per_s=5.17
2026-10-03 23:21:30,997 INFO iter=669300 epoch=96 lr=2.42e-05 G=1.733 advA2B=0.594 advB2A=0.688 cycA=0.108 cycB=0.117 idtA=0.154 idtB=0.139 D_A=0.091 D_B=0.120 D_A(real)=0.82 D_A(fake)=0.18 gnG=34.00 gnD=16.54 it_per_s=5.17
2026-10-03 23:21:50,331 INFO iter=669400 epoch=96 lr=2.41e-05 G=1.735 advA2B=0.592 advB2A=0.693 cycA=0.108 cycB=0.117 idtA=0.153 idtB=0.140 D_A=0.090 D_B=0.119 D_A(real)=0.82 D_A(fake)=0.18 gnG=34.24 gnD=16.46 it_per_s=5.17
2026-10-03 23:22:09,678 INFO iter=669500 epoch=96 lr=2.39e-05 G=1.736 advA2B=0.596 advB2A=0.691 cycA=0.108 cycB=0.117 idtA=0.154 idtB=0.139 D_A=0.090 D_B=0.121 D_A(real)=0.82 D_A(fake)=0.18 gnG=34.34 gnD=16.47 it_per_s=5.17
2026-10-03 23:22:28,958 INFO iter=669600 epoch=96 lr=2.38e-05 G=1.745 advA2B=0.599 advB2A=0.697 cycA=0.108 cycB=0.117 idtA=0.155 idtB=0.138 D_A=0.090 D_B=0.120 D_A(real)=0.81 D_A(fake)=0.19 gnG=34.08 gnD=16.40 it_per_s=5.17
2026-10-03 23:22:48,292 INFO iter=669700 epoch=96 lr=2.37e-05 G=1.736 advA2B=0.595 advB2A=0.693 cycA=0.108 cycB=0.116 idtA=0.155 idtB=0.136 D_A=0.090 D_B=0.120 D_A(real)=0.81 D_A(fake)=0.19 gnG=34.19 gnD=16.40 it_per_s=5.17
2026-10-03 23:23:07,657 INFO iter=669800 epoch=96 lr=2.36e-05 G=1.738 advA2B=0.592 advB2A=0.697 cycA=0.108 cycB=0.116 idtA=0.154 idtB=0.136 D_A=0.091 D_B=0.121 D_A(real)=0.81 D_A(fake)=0.19 gnG=34.13 gnD=16.52 it_per_s=5.17
2026-10-03 23:23:27,027 INFO iter=669900 epoch=96 lr=2.35e-05 G=1.744 advA2B=0.597 advB2A=0.699 cycA=0.108 cycB=0.116 idtA=0.154 idtB=0.136 D_A=0.091 D_B=0.120 D_A(real)=0.81 D_A(fake)=0.19 gnG=34.11 gnD=16.53 it_per_s=5.17
2026-10-03 23:23:46,370 INFO iter=670000 epoch=96 lr=2.34e-05 G=1.748 advA2B=0.596 advB2A=0.702 cycA=0.108 cycB=0.117 idtA=0.155 idtB=0.136 D_A=0.090 D_B=0.122 D_A(real)=0.81 D_A(fake)=0.19 gnG=33.88 gnD=16.56 it_per_s=5.17
2026-10-03 23:24:05,685 INFO iter=670100 epoch=96 lr=2.32e-05 G=1.746 advA2B=0.595 advB2A=0.701 cycA=0.109 cycB=0.117 idtA=0.156 idtB=0.136 D_A=0.090 D_B=0.121 D_A(real)=0.81 D_A(fake)=0.19 gnG=33.87 gnD=16.46 it_per_s=5.17
2026-10-03 23:24:24,951 INFO iter=670200 epoch=96 lr=2.31e-05 G=1.749 advA2B=0.597 advB2A=0.702 cycA=0.108 cycB=0.117 idtA=0.156 idtB=0.136 D_A=0.090 D_B=0.121 D_A(real)=0.81 D_A(fake)=0.19 gnG=33.71 gnD=16.43 it_per_s=5.17
2026-10-03 23:24:44,288 INFO iter=670300 epoch=96 lr=2.30e-05 G=1.746 advA2B=0.598 advB2A=0.699 cycA=0.108 cycB=0.116 idtA=0.157 idtB=0.135 D_A=0.090 D_B=0.120 D_A(real)=0.81 D_A(fake)=0.19 gnG=33.84 gnD=16.40 it_per_s=5.17
2026-10-03 23:25:03,589 INFO iter=670400 epoch=96 lr=2.29e-05 G=1.747 advA2B=0.598 advB2A=0.700 cycA=0.108 cycB=0.116 idtA=0.157 idtB=0.135 D_A=0.090 D_B=0.120 D_A(real)=0.81 D_A(fake)=0.19 gnG=33.73 gnD=16.41 it_per_s=5.17
2026-10-03 23:25:22,979 INFO iter=670500 epoch=96 lr=2.28e-05 G=1.749 advA2B=0.600 advB2A=0.701 cycA=0.108 cycB=0.116 idtA=0.158 idtB=0.135 D_A=0.090 D_B=0.120 D_A(real)=0.81 D_A(fake)=0.19 gnG=33.89 gnD=16.38 it_per_s=5.17
2026-10-03 23:25:42,348 INFO iter=670600 epoch=96 lr=2.26e-05 G=1.749 advA2B=0.599 advB2A=0.701 cycA=0.108 cycB=0.116 idtA=0.158 idtB=0.135 D_A=0.090 D_B=0.120 D_A(real)=0.81 D_A(fake)=0.19 gnG=33.92 gnD=16.35 it_per_s=5.17
2026-10-03 23:25:59,971 INFO iter=670700 epoch=96 lr=2.25e-05 G=1.756 advA2B=0.601 advB2A=0.705 cycA=0.108 cycB=0.116 idtA=0.158 idtB=0.135 D_A=0.089 D_B=0.120 D_A(real)=0.82 D_A(fake)=0.18 gnG=33.90 gnD=16.35 it_per_s=5.19
2026-10-03 23:26:19,291 INFO iter=670800 epoch=96 lr=2.24e-05 G=1.754 advA2B=0.600 advB2A=0.705 cycA=0.108 cycB=0.116 idtA=0.158 idtB=0.135 D_A=0.089 D_B=0.120 D_A(real)=0.82 D_A(fake)=0.18 gnG=33.86 gnD=16.37 it_per_s=5.19
2026-10-03 23:26:38,692 INFO iter=670900 epoch=96 lr=2.23e-05 G=1.755 advA2B=0.600 advB2A=0.707 cycA=0.108 cycB=0.116 idtA=0.158 idtB=0.135 D_A=0.089 D_B=0.120 D_A(real)=0.82 D_A(fake)=0.18 gnG=33.79 gnD=16.43 it_per_s=5.19
2026-10-03 23:26:58,006 INFO iter=671000 epoch=96 lr=2.22e-05 G=1.752 advA2B=0.598 advB2A=0.704 cycA=0.108 cycB=0.116 idtA=0.158 idtB=0.135 D_A=0.089 D_B=0.120 D_A(real)=0.82 D_A(fake)=0.18 gnG=33.69 gnD=16.46 it_per_s=5.19
2026-10-03 23:27:17,328 INFO iter=671100 epoch=96 lr=2.21e-05 G=1.751 advA2B=0.598 advB2A=0.703 cycA=0.108 cycB=0.116 idtA=0.158 idtB=0.135 D_A=0.089 D_B=0.121 D_A(real)=0.82 D_A(fake)=0.18 gnG=33.72 gnD=16.50 it_per_s=5.19
2026-10-03 23:27:36,699 INFO iter=671200 epoch=96 lr=2.19e-05 G=1.753 advA2B=0.599 advB2A=0.705 cycA=0.109 cycB=0.116 idtA=0.158 idtB=0.134 D_A=0.089 D_B=0.120 D_A(real)=0.82 D_A(fake)=0.18 gnG=33.62 gnD=16.44 it_per_s=5.19
2026-10-03 23:27:56,054 INFO iter=671300 epoch=96 lr=2.18e-05 G=1.756 advA2B=0.599 advB2A=0.707 cycA=0.109 cycB=0.116 idtA=0.158 idtB=0.134 D_A=0.089 D_B=0.121 D_A(real)=0.82 D_A(fake)=0.18 gnG=33.58 gnD=16.45 it_per_s=5.19
2026-10-03 23:28:15,373 INFO iter=671400 epoch=96 lr=2.17e-05 G=1.756 advA2B=0.600 advB2A=0.707 cycA=0.109 cycB=0.116 idtA=0.158 idtB=0.134 D_A=0.089 D_B=0.121 D_A(real)=0.82 D_A(fake)=0.18 gnG=33.65 gnD=16.49 it_per_s=5.19
2026-10-03 23:28:34,683 INFO iter=671500 epoch=96 lr=2.16e-05 G=1.756 advA2B=0.599 advB2A=0.708 cycA=0.109 cycB=0.116 idtA=0.159 idtB=0.134 D_A=0.089 D_B=0.121 D_A(real)=0.82 D_A(fake)=0.18 gnG=33.49 gnD=16.50 it_per_s=5.19
2026-10-03 23:28:54,061 INFO iter=671600 epoch=96 lr=2.15e-05 G=1.755 advA2B=0.599 advB2A=0.707 cycA=0.109 cycB=0.116 idtA=0.159 idtB=0.134 D_A=0.089 D_B=0.122 D_A(real)=0.82 D_A(fake)=0.18 gnG=33.58 gnD=16.52 it_per_s=5.19
2026-10-03 23:29:13,358 INFO iter=671700 epoch=96 lr=2.13e-05 G=1.755 advA2B=0.598 advB2A=0.707 cycA=0.109 cycB=0.116 idtA=0.158 idtB=0.134 D_A=0.089 D_B=0.122 D_A(real)=0.82 D_A(fake)=0.18 gnG=33.61 gnD=16.56 it_per_s=5.19
2026-10-03 23:29:32,751 INFO iter=671800 epoch=96 lr=2.12e-05 G=1.754 advA2B=0.597 advB2A=0.707 cycA=0.109 cycB=0.116 idtA=0.159 idtB=0.134 D_A=0.089 D_B=0.122 D_A(real)=0.82 D_A(fake)=0.18 gnG=33.64 gnD=16.57 it_per_s=5.18
2026-10-03 23:29:52,111 INFO iter=671900 epoch=96 lr=2.11e-05 G=1.752 advA2B=0.596 advB2A=0.706 cycA=0.109 cycB=0.116 idtA=0.159 idtB=0.134 D_A=0.089 D_B=0.122 D_A(real)=0.82 D_A(fake)=0.18 gnG=33.52 gnD=16.63 it_per_s=5.18
2026-10-03 23:30:11,501 INFO iter=672000 epoch=96 lr=2.10e-05 G=1.751 advA2B=0.595 advB2A=0.706 cycA=0.109 cycB=0.116 idtA=0.159 idtB=0.134 D_A=0.089 D_B=0.122 D_A(real)=0.82 D_A(fake)=0.18 gnG=33.53 gnD=16.63 it_per_s=5.18
2026-10-03 23:30:30,812 INFO iter=672100 epoch=96 lr=2.09e-05 G=1.749 advA2B=0.595 advB2A=0.705 cycA=0.109 cycB=0.116 idtA=0.159 idtB=0.134 D_A=0.089 D_B=0.123 D_A(real)=0.82 D_A(fake)=0.18 gnG=33.51 gnD=16.64 it_per_s=5.18
2026-10-03 23:30:50,137 INFO iter=672200 epoch=96 lr=2.08e-05 G=1.749 advA2B=0.594 advB2A=0.705 cycA=0.109 cycB=0.116 idtA=0.159 idtB=0.134 D_A=0.089 D_B=0.123 D_A(real)=0.82 D_A(fake)=0.18 gnG=33.45 gnD=16.66 it_per_s=5.18
2026-10-03 23:31:09,472 INFO iter=672300 epoch=96 lr=2.06e-05 G=1.749 advA2B=0.595 advB2A=0.705 cycA=0.109 cycB=0.116 idtA=0.159 idtB=0.134 D_A=0.090 D_B=0.123 D_A(real)=0.82 D_A(fake)=0.18 gnG=33.57 gnD=16.69 it_per_s=5.18
2026-10-03 23:31:28,802 INFO iter=672400 epoch=96 lr=2.05e-05 G=1.749 advA2B=0.595 advB2A=0.705 cycA=0.109 cycB=0.116 idtA=0.158 idtB=0.134 D_A=0.089 D_B=0.123 D_A(real)=0.82 D_A(fake)=0.18 gnG=33.62 gnD=16.70 it_per_s=5.18
2026-10-03 23:31:48,147 INFO iter=672500 epoch=96 lr=2.04e-05 G=1.748 advA2B=0.595 advB2A=0.705 cycA=0.108 cycB=0.116 idtA=0.158 idtB=0.134 D_A=0.089 D_B=0.123 D_A(real)=0.82 D_A(fake)=0.18 gnG=33.56 gnD=16.69 it_per_s=5.18
2026-10-03 23:32:07,484 INFO iter=672600 epoch=96 lr=2.03e-05 G=1.748 advA2B=0.595 advB2A=0.705 cycA=0.108 cycB=0.116 idtA=0.158 idtB=0.134 D_A=0.089 D_B=0.123 D_A(real)=0.82 D_A(fake)=0.18 gnG=33.62 gnD=16.70 it_per_s=5.18
2026-10-03 23:32:26,799 INFO iter=672700 epoch=96 lr=2.02e-05 G=1.747 advA2B=0.594 advB2A=0.704 cycA=0.108 cycB=0.116 idtA=0.158 idtB=0.134 D_A=0.089 D_B=0.123 D_A(real)=0.82 D_A(fake)=0.18 gnG=33.47 gnD=16.67 it_per_s=5.18
2026-10-03 23:32:46,116 INFO iter=672800 epoch=96 lr=2.00e-05 G=1.747 advA2B=0.594 advB2A=0.705 cycA=0.108 cycB=0.116 idtA=0.158 idtB=0.134 D_A=0.089 D_B=0.123 D_A(real)=0.82 D_A(fake)=0.18 gnG=33.47 gnD=16.64 it_per_s=5.18
2026-10-03 23:33:05,415 INFO iter=672900 epoch=96 lr=1.99e-05 G=1.746 advA2B=0.593 advB2A=0.704 cycA=0.108 cycB=0.116 idtA=0.158 idtB=0.134 D_A=0.089 D_B=0.123 D_A(real)=0.82 D_A(fake)=0.18 gnG=33.50 gnD=16.64 it_per_s=5.18
2026-10-03 23:33:24,757 INFO iter=673000 epoch=96 lr=1.98e-05 G=1.748 advA2B=0.594 advB2A=0.706 cycA=0.108 cycB=0.116 idtA=0.158 idtB=0.134 D_A=0.089 D_B=0.123 D_A(real)=0.82 D_A(fake)=0.18 gnG=33.57 gnD=16.63 it_per_s=5.18
2026-10-03 23:33:44,148 INFO iter=673100 epoch=96 lr=1.97e-05 G=1.751 advA2B=0.595 advB2A=0.707 cycA=0.109 cycB=0.116 idtA=0.158 idtB=0.134 D_A=0.089 D_B=0.122 D_A(real)=0.82 D_A(fake)=0.18 gnG=33.62 gnD=16.62 it_per_s=5.18
2026-10-03 23:34:03,443 INFO iter=673200 epoch=96 lr=1.96e-05 G=1.752 advA2B=0.596 advB2A=0.707 cycA=0.109 cycB=0.116 idtA=0.158 idtB=0.134 D_A=0.089 D_B=0.122 D_A(real)=0.82 D_A(fake)=0.18 gnG=33.71 gnD=16.60 it_per_s=5.18
2026-10-03 23:34:22,745 INFO iter=673300 epoch=96 lr=1.94e-05 G=1.752 advA2B=0.596 advB2A=0.707 cycA=0.108 cycB=0.116 idtA=0.157 idtB=0.134 D_A=0.089 D_B=0.122 D_A(real)=0.82 D_A(fake)=0.18 gnG=33.69 gnD=16.61 it_per_s=5.18
2026-10-03 23:34:42,091 INFO iter=673400 epoch=96 lr=1.93e-05 G=1.752 advA2B=0.596 advB2A=0.708 cycA=0.108 cycB=0.116 idtA=0.157 idtB=0.134 D_A=0.089 D_B=0.122 D_A(real)=0.82 D_A(fake)=0.18 gnG=33.65 gnD=16.61 it_per_s=5.18
2026-10-03 23:35:01,497 INFO iter=673500 epoch=96 lr=1.92e-05 G=1.753 advA2B=0.596 advB2A=0.708 cycA=0.109 cycB=0.116 idtA=0.157 idtB=0.134 D_A=0.089 D_B=0.122 D_A(real)=0.82 D_A(fake)=0.18 gnG=33.64 gnD=16.60 it_per_s=5.18
2026-10-03 23:35:20,841 INFO iter=673600 epoch=96 lr=1.91e-05 G=1.752 advA2B=0.595 advB2A=0.708 cycA=0.109 cycB=0.116 idtA=0.157 idtB=0.134 D_A=0.089 D_B=0.122 D_A(real)=0.82 D_A(fake)=0.18 gnG=33.69 gnD=16.63 it_per_s=5.18
2026-10-03 23:35:40,235 INFO iter=673700 epoch=96 lr=1.90e-05 G=1.753 advA2B=0.595 advB2A=0.709 cycA=0.109 cycB=0.116 idtA=0.157 idtB=0.134 D_A=0.089 D_B=0.122 D_A(real)=0.82 D_A(fake)=0.18 gnG=33.67 gnD=16.62 it_per_s=5.18
2026-10-03 23:35:59,531 INFO iter=673800 epoch=96 lr=1.89e-05 G=1.753 advA2B=0.595 advB2A=0.709 cycA=0.109 cycB=0.116 idtA=0.157 idtB=0.134 D_A=0.089 D_B=0.122 D_A(real)=0.82 D_A(fake)=0.18 gnG=33.68 gnD=16.61 it_per_s=5.18
2026-10-03 23:36:18,928 INFO iter=673900 epoch=96 lr=1.87e-05 G=1.754 advA2B=0.595 advB2A=0.709 cycA=0.109 cycB=0.116 idtA=0.157 idtB=0.134 D_A=0.089 D_B=0.122 D_A(real)=0.82 D_A(fake)=0.18 gnG=33.80 gnD=16.63 it_per_s=5.18
2026-10-03 23:36:38,270 INFO iter=674000 epoch=96 lr=1.86e-05 G=1.753 advA2B=0.595 advB2A=0.709 cycA=0.109 cycB=0.116 idtA=0.157 idtB=0.134 D_A=0.089 D_B=0.122 D_A(real)=0.82 D_A(fake)=0.18 gnG=33.78 gnD=16.61 it_per_s=5.18
2026-10-03 23:36:57,584 INFO iter=674100 epoch=96 lr=1.85e-05 G=1.753 advA2B=0.596 advB2A=0.709 cycA=0.109 cycB=0.116 idtA=0.157 idtB=0.134 D_A=0.089 D_B=0.122 D_A(real)=0.82 D_A(fake)=0.18 gnG=33.85 gnD=16.61 it_per_s=5.18
2026-10-03 23:37:16,965 INFO iter=674200 epoch=96 lr=1.84e-05 G=1.752 advA2B=0.595 advB2A=0.708 cycA=0.109 cycB=0.116 idtA=0.157 idtB=0.134 D_A=0.089 D_B=0.122 D_A(real)=0.82 D_A(fake)=0.18 gnG=33.81 gnD=16.61 it_per_s=5.18
2026-10-03 23:37:36,254 INFO iter=674300 epoch=96 lr=1.83e-05 G=1.754 advA2B=0.595 advB2A=0.709 cycA=0.109 cycB=0.116 idtA=0.157 idtB=0.134 D_A=0.089 D_B=0.122 D_A(real)=0.82 D_A(fake)=0.18 gnG=33.84 gnD=16.59 it_per_s=5.18
2026-10-03 23:37:55,623 INFO iter=674400 epoch=96 lr=1.81e-05 G=1.754 advA2B=0.595 advB2A=0.710 cycA=0.108 cycB=0.116 idtA=0.157 idtB=0.134 D_A=0.089 D_B=0.122 D_A(real)=0.82 D_A(fake)=0.18 gnG=33.97 gnD=16.60 it_per_s=5.18
2026-10-03 23:38:14,990 INFO iter=674500 epoch=96 lr=1.80e-05 G=1.753 advA2B=0.595 advB2A=0.710 cycA=0.108 cycB=0.116 idtA=0.157 idtB=0.134 D_A=0.089 D_B=0.123 D_A(real)=0.82 D_A(fake)=0.18 gnG=33.97 gnD=16.62 it_per_s=5.18
2026-10-03 23:38:34,367 INFO iter=674600 epoch=96 lr=1.79e-05 G=1.754 advA2B=0.595 advB2A=0.710 cycA=0.109 cycB=0.116 idtA=0.157 idtB=0.134 D_A=0.089 D_B=0.122 D_A(real)=0.82 D_A(fake)=0.18 gnG=34.01 gnD=16.61 it_per_s=5.18
2026-10-03 23:38:53,782 INFO iter=674700 epoch=96 lr=1.78e-05 G=1.754 advA2B=0.595 advB2A=0.711 cycA=0.109 cycB=0.116 idtA=0.157 idtB=0.134 D_A=0.089 D_B=0.123 D_A(real)=0.82 D_A(fake)=0.18 gnG=34.01 gnD=16.62 it_per_s=5.18
2026-10-03 23:39:13,158 INFO iter=674800 epoch=96 lr=1.77e-05 G=1.754 advA2B=0.594 advB2A=0.711 cycA=0.109 cycB=0.116 idtA=0.157 idtB=0.134 D_A=0.089 D_B=0.123 D_A(real)=0.82 D_A(fake)=0.18 gnG=34.02 gnD=16.63 it_per_s=5.18
2026-10-03 23:39:32,455 INFO iter=674900 epoch=96 lr=1.76e-05 G=1.755 advA2B=0.595 advB2A=0.711 cycA=0.109 cycB=0.116 idtA=0.157 idtB=0.134 D_A=0.089 D_B=0.122 D_A(real)=0.82 D_A(fake)=0.18 gnG=34.10 gnD=16.61 it_per_s=5.18
2026-10-03 23:39:51,805 INFO iter=675000 epoch=96 lr=1.74e-05 G=1.753 advA2B=0.594 advB2A=0.711 cycA=0.109 cycB=0.116 idtA=0.157 idtB=0.134 D_A=0.089 D_B=0.122 D_A(real)=0.82 D_A(fake)=0.18 gnG=34.07 gnD=16.61 it_per_s=5.18
2026-10-03 23:40:11,195 INFO iter=675100 epoch=96 lr=1.73e-05 G=1.754 advA2B=0.594 advB2A=0.711 cycA=0.109 cycB=0.116 idtA=0.157 idtB=0.134 D_A=0.088 D_B=0.123 D_A(real)=0.82 D_A(fake)=0.18 gnG=34.04 gnD=16.62 it_per_s=5.18
2026-10-03 23:40:30,542 INFO iter=675200 epoch=96 lr=1.72e-05 G=1.753 advA2B=0.594 advB2A=0.711 cycA=0.109 cycB=0.116 idtA=0.157 idtB=0.134 D_A=0.088 D_B=0.123 D_A(real)=0.82 D_A(fake)=0.18 gnG=34.02 gnD=16.62 it_per_s=5.18
2026-10-03 23:40:49,859 INFO iter=675300 epoch=96 lr=1.71e-05 G=1.753 advA2B=0.594 advB2A=0.712 cycA=0.108 cycB=0.115 idtA=0.157 idtB=0.134 D_A=0.088 D_B=0.123 D_A(real)=0.82 D_A(fake)=0.18 gnG=34.08 gnD=16.64 it_per_s=5.18
2026-10-03 23:41:09,209 INFO iter=675400 epoch=96 lr=1.70e-05 G=1.753 advA2B=0.593 advB2A=0.712 cycA=0.108 cycB=0.116 idtA=0.157 idtB=0.134 D_A=0.088 D_B=0.123 D_A(real)=0.82 D_A(fake)=0.18 gnG=34.11 gnD=16.63 it_per_s=5.18
2026-10-03 23:41:28,632 INFO iter=675500 epoch=96 lr=1.68e-05 G=1.754 advA2B=0.593 advB2A=0.712 cycA=0.108 cycB=0.116 idtA=0.157 idtB=0.134 D_A=0.088 D_B=0.123 D_A(real)=0.82 D_A(fake)=0.18 gnG=34.17 gnD=16.63 it_per_s=5.18
2026-10-03 23:41:47,982 INFO iter=675600 epoch=96 lr=1.67e-05 G=1.754 advA2B=0.594 advB2A=0.712 cycA=0.108 cycB=0.115 idtA=0.157 idtB=0.134 D_A=0.088 D_B=0.123 D_A(real)=0.82 D_A(fake)=0.18 gnG=34.20 gnD=16.63 it_per_s=5.18
2026-10-03 23:41:57,262 INFO epoch=96 done time_s=1360 it_per_s=5.18 G=1.754 cycA=0.108 cycB=0.115 idtA=0.157 idtB=0.134 D_A=0.088 D_B=0.123 D_A(real)=0.82 D_A(fake)=0.18 nan_count=0
2026-10-03 23:42:08,340 INFO iter=675700 epoch=97 lr=1.66e-05 G=1.788 advA2B=0.607 advB2A=0.717 cycA=0.111 cycB=0.120 idtA=0.155 idtB=0.143 D_A=0.064 D_B=0.129 D_A(real)=0.87 D_A(fake)=0.14 gnG=34.03 gnD=16.43 it_per_s=5.17
2026-10-03 23:42:30,288 INFO iter=675800 epoch=97 lr=1.65e-05 G=1.696 advA2B=0.583 advB2A=0.659 cycA=0.109 cycB=0.118 idtA=0.160 idtB=0.143 D_A=0.079 D_B=0.135 D_A(real)=0.83 D_A(fake)=0.17 gnG=32.06 gnD=16.87 it_per_s=4.75
2026-10-03 23:42:51,213 INFO iter=675900 epoch=97 lr=1.64e-05 G=1.706 advA2B=0.566 advB2A=0.689 cycA=0.107 cycB=0.119 idtA=0.161 idtB=0.139 D_A=0.080 D_B=0.132 D_A(real)=0.82 D_A(fake)=0.17 gnG=32.29 gnD=16.90 it_per_s=4.76
2026-10-03 23:43:14,345 INFO iter=676000 epoch=97 lr=1.63e-05 G=1.717 advA2B=0.571 advB2A=0.702 cycA=0.107 cycB=0.116 idtA=0.160 idtB=0.139 D_A=0.083 D_B=0.132 D_A(real)=0.83 D_A(fake)=0.17 gnG=33.02 gnD=16.96 it_per_s=4.63
2026-10-03 23:43:37,715 INFO iter=676100 epoch=97 lr=1.61e-05 G=1.718 advA2B=0.577 advB2A=0.699 cycA=0.107 cycB=0.114 idtA=0.161 idtB=0.138 D_A=0.080 D_B=0.130 D_A(real)=0.83 D_A(fake)=0.17 gnG=33.43 gnD=16.79 it_per_s=4.55
2026-10-03 23:43:59,651 INFO iter=676200 epoch=97 lr=1.60e-05 G=1.731 advA2B=0.591 advB2A=0.698 cycA=0.107 cycB=0.114 idtA=0.160 idtB=0.137 D_A=0.081 D_B=0.128 D_A(real)=0.83 D_A(fake)=0.17 gnG=34.75 gnD=16.74 it_per_s=4.55
2026-10-03 23:44:21,246 INFO iter=676300 epoch=97 lr=1.59e-05 G=1.731 advA2B=0.592 advB2A=0.698 cycA=0.107 cycB=0.114 idtA=0.160 idtB=0.136 D_A=0.082 D_B=0.128 D_A(real)=0.83 D_A(fake)=0.17 gnG=34.76 gnD=16.74 it_per_s=4.56
2026-10-03 23:44:40,647 INFO iter=676400 epoch=97 lr=1.58e-05 G=1.733 advA2B=0.592 advB2A=0.701 cycA=0.107 cycB=0.113 idtA=0.160 idtB=0.134 D_A=0.082 D_B=0.129 D_A(real)=0.83 D_A(fake)=0.17 gnG=34.83 gnD=16.73 it_per_s=4.63
2026-10-03 23:45:00,023 INFO iter=676500 epoch=97 lr=1.57e-05 G=1.729 advA2B=0.592 advB2A=0.696 cycA=0.107 cycB=0.113 idtA=0.161 idtB=0.133 D_A=0.083 D_B=0.128 D_A(real)=0.83 D_A(fake)=0.17 gnG=34.84 gnD=16.87 it_per_s=4.69
2026-10-03 23:45:19,361 INFO iter=676600 epoch=97 lr=1.55e-05 G=1.728 advA2B=0.590 advB2A=0.697 cycA=0.108 cycB=0.113 idtA=0.162 idtB=0.133 D_A=0.084 D_B=0.128 D_A(real)=0.82 D_A(fake)=0.17 gnG=34.69 gnD=16.86 it_per_s=4.73
2026-10-03 23:45:38,775 INFO iter=676700 epoch=97 lr=1.54e-05 G=1.728 advA2B=0.591 advB2A=0.696 cycA=0.108 cycB=0.112 idtA=0.162 idtB=0.134 D_A=0.084 D_B=0.127 D_A(real)=0.82 D_A(fake)=0.17 gnG=34.62 gnD=16.78 it_per_s=4.77
2026-10-03 23:45:58,127 INFO iter=676800 epoch=97 lr=1.53e-05 G=1.728 advA2B=0.593 advB2A=0.694 cycA=0.108 cycB=0.113 idtA=0.161 idtB=0.134 D_A=0.084 D_B=0.128 D_A(real)=0.82 D_A(fake)=0.18 gnG=34.78 gnD=16.83 it_per_s=4.80
2026-10-03 23:46:17,470 INFO iter=676900 epoch=97 lr=1.52e-05 G=1.725 advA2B=0.593 advB2A=0.691 cycA=0.108 cycB=0.113 idtA=0.161 idtB=0.134 D_A=0.084 D_B=0.127 D_A(real)=0.82 D_A(fake)=0.17 gnG=34.79 gnD=16.85 it_per_s=4.83
2026-10-03 23:46:36,859 INFO iter=677000 epoch=97 lr=1.51e-05 G=1.721 advA2B=0.590 advB2A=0.691 cycA=0.108 cycB=0.112 idtA=0.160 idtB=0.133 D_A=0.083 D_B=0.126 D_A(real)=0.83 D_A(fake)=0.17 gnG=34.97 gnD=16.78 it_per_s=4.85
2026-10-03 23:46:56,284 INFO iter=677100 epoch=97 lr=1.49e-05 G=1.721 advA2B=0.591 advB2A=0.691 cycA=0.108 cycB=0.112 idtA=0.160 idtB=0.134 D_A=0.084 D_B=0.126 D_A(real)=0.82 D_A(fake)=0.17 gnG=35.08 gnD=16.77 it_per_s=4.87
2026-10-03 23:47:15,726 INFO iter=677200 epoch=97 lr=1.48e-05 G=1.726 advA2B=0.592 advB2A=0.694 cycA=0.108 cycB=0.112 idtA=0.160 idtB=0.134 D_A=0.084 D_B=0.126 D_A(real)=0.83 D_A(fake)=0.17 gnG=35.39 gnD=16.78 it_per_s=4.89
2026-10-03 23:47:35,108 INFO iter=677300 epoch=97 lr=1.47e-05 G=1.727 advA2B=0.591 advB2A=0.696 cycA=0.108 cycB=0.112 idtA=0.160 idtB=0.135 D_A=0.084 D_B=0.126 D_A(real)=0.83 D_A(fake)=0.17 gnG=35.36 gnD=16.75 it_per_s=4.90
2026-10-03 23:47:54,450 INFO iter=677400 epoch=97 lr=1.46e-05 G=1.729 advA2B=0.591 advB2A=0.697 cycA=0.108 cycB=0.112 idtA=0.160 idtB=0.135 D_A=0.083 D_B=0.125 D_A(real)=0.83 D_A(fake)=0.17 gnG=35.39 gnD=16.71 it_per_s=4.92
2026-10-03 23:48:13,799 INFO iter=677500 epoch=97 lr=1.45e-05 G=1.726 advA2B=0.591 advB2A=0.694 cycA=0.108 cycB=0.112 idtA=0.160 idtB=0.134 D_A=0.083 D_B=0.125 D_A(real)=0.82 D_A(fake)=0.17 gnG=35.25 gnD=16.70 it_per_s=4.93
2026-10-03 23:48:33,262 INFO iter=677600 epoch=97 lr=1.44e-05 G=1.728 advA2B=0.590 advB2A=0.697 cycA=0.108 cycB=0.112 idtA=0.160 idtB=0.135 D_A=0.083 D_B=0.126 D_A(real)=0.82 D_A(fake)=0.18 gnG=35.30 gnD=16.76 it_per_s=4.94
2026-10-03 23:48:52,610 INFO iter=677700 epoch=97 lr=1.42e-05 G=1.733 advA2B=0.593 advB2A=0.699 cycA=0.108 cycB=0.112 idtA=0.160 idtB=0.135 D_A=0.083 D_B=0.126 D_A(real)=0.83 D_A(fake)=0.17 gnG=35.65 gnD=16.77 it_per_s=4.95
2026-10-03 23:49:12,052 INFO iter=677800 epoch=97 lr=1.41e-05 G=1.733 advA2B=0.592 advB2A=0.699 cycA=0.108 cycB=0.113 idtA=0.159 idtB=0.135 D_A=0.084 D_B=0.125 D_A(real)=0.82 D_A(fake)=0.18 gnG=35.66 gnD=16.79 it_per_s=4.96
2026-10-03 23:49:31,451 INFO iter=677900 epoch=97 lr=1.40e-05 G=1.733 advA2B=0.592 advB2A=0.699 cycA=0.108 cycB=0.113 idtA=0.159 idtB=0.135 D_A=0.084 D_B=0.125 D_A(real)=0.82 D_A(fake)=0.18 gnG=35.60 gnD=16.79 it_per_s=4.97
2026-10-03 23:49:50,770 INFO iter=678000 epoch=97 lr=1.39e-05 G=1.735 advA2B=0.594 advB2A=0.699 cycA=0.108 cycB=0.113 idtA=0.159 idtB=0.135 D_A=0.085 D_B=0.125 D_A(real)=0.82 D_A(fake)=0.18 gnG=35.75 gnD=16.80 it_per_s=4.98
2026-10-03 23:50:10,059 INFO iter=678100 epoch=97 lr=1.38e-05 G=1.735 advA2B=0.594 advB2A=0.700 cycA=0.108 cycB=0.113 idtA=0.159 idtB=0.135 D_A=0.085 D_B=0.126 D_A(real)=0.82 D_A(fake)=0.18 gnG=35.66 gnD=16.84 it_per_s=4.99
2026-10-03 23:50:29,418 INFO iter=678200 epoch=97 lr=1.36e-05 G=1.736 advA2B=0.593 advB2A=0.701 cycA=0.108 cycB=0.113 idtA=0.159 idtB=0.136 D_A=0.085 D_B=0.126 D_A(real)=0.82 D_A(fake)=0.18 gnG=35.71 gnD=16.93 it_per_s=4.99
2026-10-03 23:50:48,032 INFO iter=678300 epoch=97 lr=1.35e-05 G=1.738 advA2B=0.593 advB2A=0.703 cycA=0.108 cycB=0.113 idtA=0.159 idtB=0.135 D_A=0.085 D_B=0.126 D_A(real)=0.82 D_A(fake)=0.18 gnG=35.77 gnD=16.92 it_per_s=5.01
2026-10-03 23:51:09,604 INFO iter=678400 epoch=97 lr=1.34e-05 G=1.738 advA2B=0.594 advB2A=0.701 cycA=0.108 cycB=0.113 idtA=0.159 idtB=0.136 D_A=0.085 D_B=0.126 D_A(real)=0.82 D_A(fake)=0.18 gnG=35.81 gnD=16.90 it_per_s=4.99
2026-10-03 23:51:30,866 INFO iter=678500 epoch=97 lr=1.33e-05 G=1.737 advA2B=0.593 advB2A=0.702 cycA=0.108 cycB=0.113 idtA=0.159 idtB=0.136 D_A=0.085 D_B=0.126 D_A(real)=0.82 D_A(fake)=0.18 gnG=35.76 gnD=16.97 it_per_s=4.98
2026-10-03 23:51:54,151 INFO iter=678600 epoch=97 lr=1.32e-05 G=1.736 advA2B=0.592 advB2A=0.703 cycA=0.108 cycB=0.113 idtA=0.159 idtB=0.135 D_A=0.085 D_B=0.127 D_A(real)=0.82 D_A(fake)=0.18 gnG=35.83 gnD=16.98 it_per_s=4.95
2026-10-03 23:52:13,900 INFO iter=678700 epoch=97 lr=1.31e-05 G=1.736 advA2B=0.592 advB2A=0.703 cycA=0.108 cycB=0.113 idtA=0.159 idtB=0.135 D_A=0.085 D_B=0.127 D_A(real)=0.82 D_A(fake)=0.18 gnG=35.92 gnD=17.00 it_per_s=4.96
2026-10-03 23:52:33,279 INFO iter=678800 epoch=97 lr=1.29e-05 G=1.734 advA2B=0.592 advB2A=0.702 cycA=0.108 cycB=0.113 idtA=0.159 idtB=0.135 D_A=0.085 D_B=0.127 D_A(real)=0.82 D_A(fake)=0.18 gnG=35.99 gnD=17.00 it_per_s=4.96
2026-10-03 23:52:52,646 INFO iter=678900 epoch=97 lr=1.28e-05 G=1.733 advA2B=0.592 advB2A=0.700 cycA=0.108 cycB=0.113 idtA=0.159 idtB=0.135 D_A=0.085 D_B=0.127 D_A(real)=0.82 D_A(fake)=0.18 gnG=35.85 gnD=17.00 it_per_s=4.97
2026-10-03 23:53:12,037 INFO iter=679000 epoch=97 lr=1.27e-05 G=1.733 advA2B=0.590 advB2A=0.702 cycA=0.108 cycB=0.113 idtA=0.159 idtB=0.135 D_A=0.085 D_B=0.127 D_A(real)=0.82 D_A(fake)=0.18 gnG=35.97 gnD=17.04 it_per_s=4.97
2026-10-03 23:53:31,375 INFO iter=679100 epoch=97 lr=1.26e-05 G=1.733 advA2B=0.589 advB2A=0.702 cycA=0.108 cycB=0.113 idtA=0.159 idtB=0.135 D_A=0.085 D_B=0.127 D_A(real)=0.82 D_A(fake)=0.18 gnG=35.90 gnD=17.02 it_per_s=4.98
2026-10-03 23:53:50,723 INFO iter=679200 epoch=97 lr=1.25e-05 G=1.734 advA2B=0.590 advB2A=0.703 cycA=0.108 cycB=0.113 idtA=0.159 idtB=0.135 D_A=0.085 D_B=0.126 D_A(real)=0.82 D_A(fake)=0.18 gnG=36.05 gnD=17.02 it_per_s=4.99
2026-10-03 23:54:10,081 INFO iter=679300 epoch=97 lr=1.23e-05 G=1.738 advA2B=0.591 advB2A=0.705 cycA=0.108 cycB=0.113 idtA=0.159 idtB=0.135 D_A=0.085 D_B=0.126 D_A(real)=0.82 D_A(fake)=0.18 gnG=36.09 gnD=17.01 it_per_s=4.99
2026-10-03 23:54:29,448 INFO iter=679400 epoch=97 lr=1.22e-05 G=1.737 advA2B=0.590 advB2A=0.705 cycA=0.108 cycB=0.113 idtA=0.159 idtB=0.135 D_A=0.085 D_B=0.127 D_A(real)=0.82 D_A(fake)=0.18 gnG=36.10 gnD=17.02 it_per_s=4.99
2026-10-03 23:54:48,795 INFO iter=679500 epoch=97 lr=1.21e-05 G=1.739 advA2B=0.591 advB2A=0.706 cycA=0.108 cycB=0.113 idtA=0.159 idtB=0.135 D_A=0.085 D_B=0.127 D_A(real)=0.82 D_A(fake)=0.18 gnG=36.13 gnD=17.02 it_per_s=5.00
2026-10-03 23:55:08,113 INFO iter=679600 epoch=97 lr=1.20e-05 G=1.739 advA2B=0.591 advB2A=0.706 cycA=0.108 cycB=0.113 idtA=0.159 idtB=0.135 D_A=0.085 D_B=0.126 D_A(real)=0.82 D_A(fake)=0.18 gnG=36.20 gnD=17.02 it_per_s=5.00
2026-10-03 23:55:27,426 INFO iter=679700 epoch=97 lr=1.19e-05 G=1.741 advA2B=0.591 advB2A=0.707 cycA=0.108 cycB=0.113 idtA=0.160 idtB=0.134 D_A=0.085 D_B=0.127 D_A(real)=0.82 D_A(fake)=0.18 gnG=36.29 gnD=17.04 it_per_s=5.01
2026-10-03 23:55:46,780 INFO iter=679800 epoch=97 lr=1.18e-05 G=1.741 advA2B=0.591 advB2A=0.708 cycA=0.108 cycB=0.113 idtA=0.160 idtB=0.134 D_A=0.085 D_B=0.127 D_A(real)=0.82 D_A(fake)=0.18 gnG=36.39 gnD=17.03 it_per_s=5.01
2026-10-03 23:56:06,155 INFO iter=679900 epoch=97 lr=1.16e-05 G=1.740 advA2B=0.590 advB2A=0.708 cycA=0.108 cycB=0.113 idtA=0.160 idtB=0.134 D_A=0.085 D_B=0.127 D_A(real)=0.82 D_A(fake)=0.18 gnG=36.42 gnD=17.04 it_per_s=5.01
2026-10-03 23:56:25,515 INFO iter=680000 epoch=97 lr=1.15e-05 G=1.741 advA2B=0.591 advB2A=0.708 cycA=0.108 cycB=0.113 idtA=0.160 idtB=0.134 D_A=0.085 D_B=0.126 D_A(real)=0.82 D_A(fake)=0.18 gnG=36.49 gnD=17.05 it_per_s=5.02
2026-10-03 23:56:44,840 INFO iter=680100 epoch=97 lr=1.14e-05 G=1.742 advA2B=0.591 advB2A=0.709 cycA=0.108 cycB=0.113 idtA=0.160 idtB=0.134 D_A=0.085 D_B=0.127 D_A(real)=0.82 D_A(fake)=0.18 gnG=36.51 gnD=17.04 it_per_s=5.02
2026-10-03 23:57:04,227 INFO iter=680200 epoch=97 lr=1.13e-05 G=1.744 advA2B=0.591 advB2A=0.710 cycA=0.108 cycB=0.113 idtA=0.160 idtB=0.134 D_A=0.085 D_B=0.127 D_A(real)=0.82 D_A(fake)=0.18 gnG=36.53 gnD=17.02 it_per_s=5.02
2026-10-03 23:57:23,639 INFO iter=680300 epoch=97 lr=1.12e-05 G=1.743 advA2B=0.591 advB2A=0.709 cycA=0.108 cycB=0.113 idtA=0.160 idtB=0.134 D_A=0.085 D_B=0.127 D_A(real)=0.82 D_A(fake)=0.18 gnG=36.50 gnD=17.03 it_per_s=5.03
2026-10-03 23:57:42,949 INFO iter=680400 epoch=97 lr=1.10e-05 G=1.742 advA2B=0.590 advB2A=0.709 cycA=0.108 cycB=0.113 idtA=0.159 idtB=0.134 D_A=0.085 D_B=0.126 D_A(real)=0.82 D_A(fake)=0.18 gnG=36.49 gnD=17.03 it_per_s=5.03
2026-10-03 23:58:02,365 INFO iter=680500 epoch=97 lr=1.09e-05 G=1.741 advA2B=0.590 advB2A=0.709 cycA=0.108 cycB=0.113 idtA=0.159 idtB=0.133 D_A=0.085 D_B=0.126 D_A(real)=0.82 D_A(fake)=0.18 gnG=36.55 gnD=17.05 it_per_s=5.03
2026-10-03 23:58:21,683 INFO iter=680600 epoch=97 lr=1.08e-05 G=1.743 advA2B=0.591 advB2A=0.710 cycA=0.108 cycB=0.113 idtA=0.159 idtB=0.134 D_A=0.085 D_B=0.126 D_A(real)=0.82 D_A(fake)=0.18 gnG=36.53 gnD=17.03 it_per_s=5.04
2026-10-03 23:58:41,036 INFO iter=680700 epoch=97 lr=1.07e-05 G=1.744 advA2B=0.591 advB2A=0.711 cycA=0.108 cycB=0.113 idtA=0.159 idtB=0.133 D_A=0.085 D_B=0.126 D_A(real)=0.82 D_A(fake)=0.18 gnG=36.65 gnD=17.04 it_per_s=5.04
2026-10-03 23:59:00,370 INFO iter=680800 epoch=97 lr=1.06e-05 G=1.744 advA2B=0.590 advB2A=0.711 cycA=0.108 cycB=0.113 idtA=0.159 idtB=0.134 D_A=0.085 D_B=0.126 D_A(real)=0.82 D_A(fake)=0.18 gnG=36.66 gnD=17.05 it_per_s=5.04
2026-10-03 23:59:19,701 INFO iter=680900 epoch=97 lr=1.04e-05 G=1.743 advA2B=0.590 advB2A=0.711 cycA=0.108 cycB=0.113 idtA=0.159 idtB=0.133 D_A=0.085 D_B=0.127 D_A(real)=0.82 D_A(fake)=0.18 gnG=36.73 gnD=17.06 it_per_s=5.04
2026-10-03 23:59:39,043 INFO iter=681000 epoch=97 lr=1.03e-05 G=1.743 advA2B=0.589 advB2A=0.712 cycA=0.108 cycB=0.113 idtA=0.159 idtB=0.133 D_A=0.085 D_B=0.126 D_A(real)=0.82 D_A(fake)=0.18 gnG=36.72 gnD=17.06 it_per_s=5.05
2026-10-03 23:59:58,378 INFO iter=681100 epoch=97 lr=1.02e-05 G=1.742 advA2B=0.589 advB2A=0.711 cycA=0.108 cycB=0.113 idtA=0.158 idtB=0.133 D_A=0.085 D_B=0.126 D_A(real)=0.82 D_A(fake)=0.18 gnG=36.75 gnD=17.07 it_per_s=5.05
2026-10-04 00:00:17,719 INFO iter=681200 epoch=97 lr=1.01e-05 G=1.742 advA2B=0.589 advB2A=0.711 cycA=0.108 cycB=0.113 idtA=0.158 idtB=0.133 D_A=0.085 D_B=0.126 D_A(real)=0.82 D_A(fake)=0.18 gnG=36.71 gnD=17.07 it_per_s=5.05
2026-10-04 00:00:37,066 INFO iter=681300 epoch=97 lr=9.98e-06 G=1.742 advA2B=0.590 advB2A=0.710 cycA=0.108 cycB=0.113 idtA=0.158 idtB=0.133 D_A=0.085 D_B=0.126 D_A(real)=0.82 D_A(fake)=0.18 gnG=36.77 gnD=17.07 it_per_s=5.05
2026-10-04 00:00:56,433 INFO iter=681400 epoch=97 lr=9.86e-06 G=1.741 advA2B=0.589 advB2A=0.710 cycA=0.108 cycB=0.113 idtA=0.158 idtB=0.134 D_A=0.085 D_B=0.126 D_A(real)=0.82 D_A(fake)=0.18 gnG=36.77 gnD=17.05 it_per_s=5.05
2026-10-04 00:01:15,805 INFO iter=681500 epoch=97 lr=9.74e-06 G=1.741 advA2B=0.589 advB2A=0.710 cycA=0.108 cycB=0.113 idtA=0.158 idtB=0.134 D_A=0.085 D_B=0.126 D_A(real)=0.82 D_A(fake)=0.18 gnG=36.81 gnD=17.06 it_per_s=5.06
2026-10-04 00:01:35,204 INFO iter=681600 epoch=97 lr=9.62e-06 G=1.741 advA2B=0.589 advB2A=0.710 cycA=0.108 cycB=0.113 idtA=0.158 idtB=0.134 D_A=0.085 D_B=0.126 D_A(real)=0.82 D_A(fake)=0.18 gnG=36.76 gnD=17.05 it_per_s=5.06
2026-10-04 00:01:54,556 INFO iter=681700 epoch=97 lr=9.50e-06 G=1.740 advA2B=0.588 advB2A=0.710 cycA=0.108 cycB=0.113 idtA=0.158 idtB=0.134 D_A=0.085 D_B=0.126 D_A(real)=0.82 D_A(fake)=0.18 gnG=36.78 gnD=17.04 it_per_s=5.06
2026-10-04 00:02:13,955 INFO iter=681800 epoch=97 lr=9.38e-06 G=1.741 advA2B=0.588 advB2A=0.710 cycA=0.108 cycB=0.113 idtA=0.158 idtB=0.134 D_A=0.085 D_B=0.126 D_A(real)=0.82 D_A(fake)=0.18 gnG=36.81 gnD=17.02 it_per_s=5.06
2026-10-04 00:02:33,240 INFO iter=681900 epoch=97 lr=9.27e-06 G=1.741 advA2B=0.588 advB2A=0.711 cycA=0.108 cycB=0.113 idtA=0.158 idtB=0.133 D_A=0.085 D_B=0.126 D_A(real)=0.82 D_A(fake)=0.18 gnG=36.82 gnD=17.03 it_per_s=5.06
2026-10-04 00:02:52,646 INFO iter=682000 epoch=97 lr=9.15e-06 G=1.741 advA2B=0.588 advB2A=0.711 cycA=0.108 cycB=0.113 idtA=0.158 idtB=0.134 D_A=0.085 D_B=0.126 D_A(real)=0.82 D_A(fake)=0.18 gnG=36.86 gnD=17.05 it_per_s=5.06
2026-10-04 00:03:12,074 INFO iter=682100 epoch=97 lr=9.03e-06 G=1.741 advA2B=0.589 advB2A=0.711 cycA=0.108 cycB=0.113 idtA=0.158 idtB=0.133 D_A=0.085 D_B=0.126 D_A(real)=0.82 D_A(fake)=0.18 gnG=36.89 gnD=17.04 it_per_s=5.07
2026-10-04 00:03:31,541 INFO iter=682200 epoch=97 lr=8.91e-06 G=1.741 advA2B=0.589 advB2A=0.710 cycA=0.108 cycB=0.113 idtA=0.158 idtB=0.133 D_A=0.085 D_B=0.126 D_A(real)=0.82 D_A(fake)=0.18 gnG=36.87 gnD=17.04 it_per_s=5.07
2026-10-04 00:03:50,972 INFO iter=682300 epoch=97 lr=8.79e-06 G=1.741 advA2B=0.589 advB2A=0.710 cycA=0.108 cycB=0.113 idtA=0.158 idtB=0.133 D_A=0.085 D_B=0.126 D_A(real)=0.82 D_A(fake)=0.18 gnG=36.94 gnD=17.05 it_per_s=5.07
2026-10-04 00:04:10,417 INFO iter=682400 epoch=97 lr=8.67e-06 G=1.742 advA2B=0.589 advB2A=0.711 cycA=0.108 cycB=0.113 idtA=0.158 idtB=0.133 D_A=0.085 D_B=0.126 D_A(real)=0.82 D_A(fake)=0.18 gnG=36.98 gnD=17.04 it_per_s=5.07
2026-10-04 00:04:29,985 INFO iter=682500 epoch=97 lr=8.55e-06 G=1.743 advA2B=0.590 advB2A=0.712 cycA=0.108 cycB=0.113 idtA=0.158 idtB=0.133 D_A=0.085 D_B=0.126 D_A(real)=0.82 D_A(fake)=0.18 gnG=37.01 gnD=17.02 it_per_s=5.07
2026-10-04 00:04:49,367 INFO iter=682600 epoch=97 lr=8.44e-06 G=1.742 advA2B=0.589 advB2A=0.711 cycA=0.107 cycB=0.113 idtA=0.157 idtB=0.133 D_A=0.085 D_B=0.126 D_A(real)=0.82 D_A(fake)=0.18 gnG=36.99 gnD=17.01 it_per_s=5.07
2026-10-04 00:05:06,014 INFO epoch=97 done time_s=1388 it_per_s=5.07 G=1.742 cycA=0.107 cycB=0.113 idtA=0.157 idtB=0.133 D_A=0.085 D_B=0.126 D_A(real)=0.82 D_A(fake)=0.18 nan_count=0
2026-10-04 00:05:09,607 INFO iter=682700 epoch=98 lr=8.32e-06 G=1.681 advA2B=0.563 advB2A=0.670 cycA=0.112 cycB=0.112 idtA=0.173 idtB=0.120 D_A=0.069 D_B=0.092 D_A(real)=0.84 D_A(fake)=0.16 gnG=46.91 gnD=15.79 it_per_s=5.12
2026-10-04 00:05:28,996 INFO iter=682800 epoch=98 lr=8.20e-06 G=1.727 advA2B=0.577 advB2A=0.705 cycA=0.108 cycB=0.114 idtA=0.160 idtB=0.133 D_A=0.080 D_B=0.123 D_A(real)=0.82 D_A(fake)=0.18 gnG=39.50 gnD=17.27 it_per_s=5.15
2026-10-04 00:05:48,313 INFO iter=682900 epoch=98 lr=8.08e-06 G=1.741 advA2B=0.571 advB2A=0.733 cycA=0.104 cycB=0.114 idtA=0.154 idtB=0.129 D_A=0.076 D_B=0.124 D_A(real)=0.83 D_A(fake)=0.17 gnG=38.29 gnD=16.75 it_per_s=5.16
2026-10-04 00:06:07,673 INFO iter=683000 epoch=98 lr=7.96e-06 G=1.744 advA2B=0.578 advB2A=0.728 cycA=0.106 cycB=0.113 idtA=0.154 idtB=0.129 D_A=0.079 D_B=0.126 D_A(real)=0.82 D_A(fake)=0.18 gnG=39.77 gnD=17.26 it_per_s=5.16
2026-10-04 00:06:27,073 INFO iter=683100 epoch=98 lr=7.84e-06 G=1.724 advA2B=0.572 advB2A=0.710 cycA=0.106 cycB=0.115 idtA=0.155 idtB=0.131 D_A=0.079 D_B=0.128 D_A(real)=0.83 D_A(fake)=0.18 gnG=38.65 gnD=17.27 it_per_s=5.16
2026-10-04 00:06:46,425 INFO iter=683200 epoch=98 lr=7.73e-06 G=1.738 advA2B=0.584 advB2A=0.713 cycA=0.106 cycB=0.114 idtA=0.154 idtB=0.130 D_A=0.079 D_B=0.126 D_A(real)=0.83 D_A(fake)=0.17 gnG=38.42 gnD=17.08 it_per_s=5.16
2026-10-04 00:07:05,707 INFO iter=683300 epoch=98 lr=7.61e-06 G=1.744 advA2B=0.588 advB2A=0.714 cycA=0.106 cycB=0.115 idtA=0.154 idtB=0.131 D_A=0.080 D_B=0.126 D_A(real)=0.82 D_A(fake)=0.17 gnG=38.55 gnD=17.02 it_per_s=5.17
2026-10-04 00:07:25,137 INFO iter=683400 epoch=98 lr=7.49e-06 G=1.743 advA2B=0.587 advB2A=0.714 cycA=0.106 cycB=0.115 idtA=0.154 idtB=0.132 D_A=0.081 D_B=0.125 D_A(real)=0.82 D_A(fake)=0.18 gnG=38.58 gnD=16.99 it_per_s=5.16
2026-10-04 00:07:44,516 INFO iter=683500 epoch=98 lr=7.37e-06 G=1.734 advA2B=0.584 advB2A=0.707 cycA=0.106 cycB=0.116 idtA=0.154 idtB=0.133 D_A=0.082 D_B=0.125 D_A(real)=0.82 D_A(fake)=0.18 gnG=37.65 gnD=16.94 it_per_s=5.16
2026-10-04 00:08:03,921 INFO iter=683600 epoch=98 lr=7.25e-06 G=1.726 advA2B=0.579 advB2A=0.705 cycA=0.106 cycB=0.115 idtA=0.154 idtB=0.132 D_A=0.083 D_B=0.126 D_A(real)=0.82 D_A(fake)=0.18 gnG=37.31 gnD=17.07 it_per_s=5.16
2026-10-04 00:08:23,262 INFO iter=683700 epoch=98 lr=7.13e-06 G=1.725 advA2B=0.581 advB2A=0.704 cycA=0.106 cycB=0.114 idtA=0.154 idtB=0.131 D_A=0.083 D_B=0.125 D_A(real)=0.82 D_A(fake)=0.18 gnG=37.22 gnD=17.01 it_per_s=5.16
2026-10-04 00:08:42,606 INFO iter=683800 epoch=98 lr=7.02e-06 G=1.730 advA2B=0.579 advB2A=0.710 cycA=0.106 cycB=0.114 idtA=0.154 idtB=0.132 D_A=0.083 D_B=0.124 D_A(real)=0.82 D_A(fake)=0.18 gnG=37.22 gnD=16.96 it_per_s=5.16
2026-10-04 00:09:02,027 INFO iter=683900 epoch=98 lr=6.90e-06 G=1.735 advA2B=0.581 advB2A=0.713 cycA=0.106 cycB=0.115 idtA=0.154 idtB=0.132 D_A=0.083 D_B=0.124 D_A(real)=0.82 D_A(fake)=0.18 gnG=37.33 gnD=17.01 it_per_s=5.16
2026-10-04 00:09:21,380 INFO iter=684000 epoch=98 lr=6.78e-06 G=1.732 advA2B=0.583 advB2A=0.707 cycA=0.106 cycB=0.115 idtA=0.155 idtB=0.131 D_A=0.083 D_B=0.123 D_A(real)=0.82 D_A(fake)=0.18 gnG=37.58 gnD=16.93 it_per_s=5.16
2026-10-04 00:09:40,734 INFO iter=684100 epoch=98 lr=6.66e-06 G=1.732 advA2B=0.584 advB2A=0.708 cycA=0.106 cycB=0.114 idtA=0.154 idtB=0.132 D_A=0.083 D_B=0.122 D_A(real)=0.82 D_A(fake)=0.18 gnG=37.66 gnD=16.94 it_per_s=5.16
2026-10-04 00:10:00,095 INFO iter=684200 epoch=98 lr=6.54e-06 G=1.733 advA2B=0.585 advB2A=0.709 cycA=0.106 cycB=0.114 idtA=0.154 idtB=0.131 D_A=0.083 D_B=0.122 D_A(real)=0.82 D_A(fake)=0.18 gnG=37.81 gnD=17.03 it_per_s=5.16
2026-10-04 00:10:19,487 INFO iter=684300 epoch=98 lr=6.42e-06 G=1.730 advA2B=0.584 advB2A=0.706 cycA=0.106 cycB=0.114 idtA=0.154 idtB=0.131 D_A=0.083 D_B=0.123 D_A(real)=0.82 D_A(fake)=0.18 gnG=37.83 gnD=17.07 it_per_s=5.16
2026-10-04 00:10:38,830 INFO iter=684400 epoch=98 lr=6.31e-06 G=1.731 advA2B=0.584 advB2A=0.707 cycA=0.106 cycB=0.114 idtA=0.153 idtB=0.131 D_A=0.083 D_B=0.123 D_A(real)=0.82 D_A(fake)=0.18 gnG=38.06 gnD=17.09 it_per_s=5.16
2026-10-04 00:10:58,210 INFO iter=684500 epoch=98 lr=6.19e-06 G=1.732 advA2B=0.585 advB2A=0.707 cycA=0.106 cycB=0.114 idtA=0.153 idtB=0.131 D_A=0.083 D_B=0.123 D_A(real)=0.82 D_A(fake)=0.18 gnG=38.05 gnD=17.08 it_per_s=5.16
2026-10-04 00:11:17,532 INFO iter=684600 epoch=98 lr=6.07e-06 G=1.738 advA2B=0.587 advB2A=0.712 cycA=0.106 cycB=0.114 idtA=0.153 idtB=0.131 D_A=0.083 D_B=0.123 D_A(real)=0.82 D_A(fake)=0.18 gnG=38.24 gnD=17.11 it_per_s=5.16
2026-10-04 00:11:36,865 INFO iter=684700 epoch=98 lr=5.95e-06 G=1.733 advA2B=0.585 advB2A=0.709 cycA=0.106 cycB=0.113 idtA=0.152 idtB=0.130 D_A=0.083 D_B=0.123 D_A(real)=0.82 D_A(fake)=0.18 gnG=38.15 gnD=17.12 it_per_s=5.16
2026-10-04 00:11:56,192 INFO iter=684800 epoch=98 lr=5.83e-06 G=1.732 advA2B=0.586 advB2A=0.708 cycA=0.106 cycB=0.113 idtA=0.153 idtB=0.131 D_A=0.083 D_B=0.123 D_A(real)=0.82 D_A(fake)=0.18 gnG=38.05 gnD=17.11 it_per_s=5.16
2026-10-04 00:12:15,594 INFO iter=684900 epoch=98 lr=5.71e-06 G=1.732 advA2B=0.584 advB2A=0.709 cycA=0.106 cycB=0.113 idtA=0.153 idtB=0.130 D_A=0.083 D_B=0.123 D_A(real)=0.82 D_A(fake)=0.18 gnG=38.07 gnD=17.09 it_per_s=5.16
2026-10-04 00:12:34,953 INFO iter=685000 epoch=98 lr=5.59e-06 G=1.730 advA2B=0.583 advB2A=0.708 cycA=0.106 cycB=0.113 idtA=0.152 idtB=0.131 D_A=0.083 D_B=0.123 D_A(real)=0.82 D_A(fake)=0.18 gnG=38.02 gnD=17.10 it_per_s=5.16
2026-10-04 00:12:54,286 INFO iter=685100 epoch=98 lr=5.48e-06 G=1.732 advA2B=0.585 advB2A=0.709 cycA=0.106 cycB=0.113 idtA=0.152 idtB=0.130 D_A=0.083 D_B=0.123 D_A(real)=0.82 D_A(fake)=0.18 gnG=38.26 gnD=17.14 it_per_s=5.16
2026-10-04 00:13:13,601 INFO iter=685200 epoch=98 lr=5.36e-06 G=1.733 advA2B=0.586 advB2A=0.709 cycA=0.106 cycB=0.113 idtA=0.151 idtB=0.131 D_A=0.083 D_B=0.123 D_A(real)=0.82 D_A(fake)=0.18 gnG=38.15 gnD=17.21 it_per_s=5.17
2026-10-04 00:13:32,941 INFO iter=685300 epoch=98 lr=5.24e-06 G=1.733 advA2B=0.586 advB2A=0.708 cycA=0.106 cycB=0.113 idtA=0.151 idtB=0.131 D_A=0.083 D_B=0.123 D_A(real)=0.82 D_A(fake)=0.18 gnG=38.04 gnD=17.22 it_per_s=5.17
2026-10-04 00:13:52,281 INFO iter=685400 epoch=98 lr=5.12e-06 G=1.733 advA2B=0.586 advB2A=0.708 cycA=0.106 cycB=0.113 idtA=0.151 idtB=0.131 D_A=0.083 D_B=0.124 D_A(real)=0.82 D_A(fake)=0.18 gnG=37.98 gnD=17.25 it_per_s=5.17
2026-10-04 00:14:11,670 INFO iter=685500 epoch=98 lr=5.00e-06 G=1.733 advA2B=0.586 advB2A=0.708 cycA=0.106 cycB=0.113 idtA=0.151 idtB=0.131 D_A=0.083 D_B=0.123 D_A(real)=0.82 D_A(fake)=0.18 gnG=38.06 gnD=17.23 it_per_s=5.17
2026-10-04 00:14:31,013 INFO iter=685600 epoch=98 lr=4.88e-06 G=1.733 advA2B=0.585 advB2A=0.709 cycA=0.106 cycB=0.113 idtA=0.151 idtB=0.131 D_A=0.083 D_B=0.124 D_A(real)=0.82 D_A(fake)=0.18 gnG=38.04 gnD=17.24 it_per_s=5.17
2026-10-04 00:14:50,398 INFO iter=685700 epoch=98 lr=4.77e-06 G=1.732 advA2B=0.584 advB2A=0.709 cycA=0.106 cycB=0.114 idtA=0.151 idtB=0.131 D_A=0.083 D_B=0.124 D_A(real)=0.82 D_A(fake)=0.18 gnG=37.95 gnD=17.24 it_per_s=5.17
2026-10-04 00:15:09,723 INFO iter=685800 epoch=98 lr=4.65e-06 G=1.731 advA2B=0.583 advB2A=0.709 cycA=0.106 cycB=0.113 idtA=0.151 idtB=0.131 D_A=0.083 D_B=0.124 D_A(real)=0.82 D_A(fake)=0.18 gnG=37.98 gnD=17.24 it_per_s=5.17
2026-10-04 00:15:29,074 INFO iter=685900 epoch=98 lr=4.53e-06 G=1.732 advA2B=0.584 advB2A=0.708 cycA=0.107 cycB=0.113 idtA=0.152 idtB=0.131 D_A=0.083 D_B=0.124 D_A(real)=0.82 D_A(fake)=0.18 gnG=38.14 gnD=17.28 it_per_s=5.17
2026-10-04 00:15:47,726 INFO iter=686000 epoch=98 lr=4.41e-06 G=1.733 advA2B=0.585 advB2A=0.708 cycA=0.107 cycB=0.113 idtA=0.152 idtB=0.131 D_A=0.083 D_B=0.124 D_A(real)=0.82 D_A(fake)=0.18 gnG=38.28 gnD=17.27 it_per_s=5.17
2026-10-04 00:16:07,139 INFO iter=686100 epoch=98 lr=4.29e-06 G=1.734 advA2B=0.585 advB2A=0.709 cycA=0.107 cycB=0.113 idtA=0.152 idtB=0.131 D_A=0.083 D_B=0.124 D_A(real)=0.82 D_A(fake)=0.18 gnG=38.58 gnD=17.26 it_per_s=5.17
2026-10-04 00:16:26,487 INFO iter=686200 epoch=98 lr=4.17e-06 G=1.736 advA2B=0.586 advB2A=0.711 cycA=0.107 cycB=0.113 idtA=0.152 idtB=0.131 D_A=0.083 D_B=0.124 D_A(real)=0.82 D_A(fake)=0.18 gnG=38.47 gnD=17.27 it_per_s=5.17
2026-10-04 00:16:45,827 INFO iter=686300 epoch=98 lr=4.06e-06 G=1.734 advA2B=0.586 advB2A=0.709 cycA=0.107 cycB=0.113 idtA=0.152 idtB=0.131 D_A=0.083 D_B=0.124 D_A(real)=0.82 D_A(fake)=0.18 gnG=38.37 gnD=17.26 it_per_s=5.17
2026-10-04 00:17:05,136 INFO iter=686400 epoch=98 lr=3.94e-06 G=1.733 advA2B=0.584 advB2A=0.709 cycA=0.106 cycB=0.113 idtA=0.152 idtB=0.131 D_A=0.083 D_B=0.124 D_A(real)=0.82 D_A(fake)=0.18 gnG=38.39 gnD=17.24 it_per_s=5.17
2026-10-04 00:17:24,455 INFO iter=686500 epoch=98 lr=3.82e-06 G=1.734 advA2B=0.585 advB2A=0.709 cycA=0.106 cycB=0.113 idtA=0.152 idtB=0.131 D_A=0.084 D_B=0.124 D_A(real)=0.82 D_A(fake)=0.18 gnG=38.46 gnD=17.26 it_per_s=5.17
2026-10-04 00:17:43,751 INFO iter=686600 epoch=98 lr=3.70e-06 G=1.732 advA2B=0.584 advB2A=0.709 cycA=0.106 cycB=0.113 idtA=0.152 idtB=0.131 D_A=0.084 D_B=0.124 D_A(real)=0.82 D_A(fake)=0.18 gnG=38.40 gnD=17.21 it_per_s=5.17
2026-10-04 00:18:03,081 INFO iter=686700 epoch=98 lr=3.58e-06 G=1.731 advA2B=0.583 advB2A=0.708 cycA=0.106 cycB=0.113 idtA=0.152 idtB=0.131 D_A=0.084 D_B=0.123 D_A(real)=0.82 D_A(fake)=0.18 gnG=38.46 gnD=17.19 it_per_s=5.17
2026-10-04 00:18:22,392 INFO iter=686800 epoch=98 lr=3.46e-06 G=1.730 advA2B=0.582 advB2A=0.709 cycA=0.106 cycB=0.113 idtA=0.152 idtB=0.131 D_A=0.084 D_B=0.123 D_A(real)=0.82 D_A(fake)=0.18 gnG=38.39 gnD=17.19 it_per_s=5.17
2026-10-04 00:18:41,744 INFO iter=686900 epoch=98 lr=3.34e-06 G=1.731 advA2B=0.582 advB2A=0.710 cycA=0.106 cycB=0.113 idtA=0.152 idtB=0.131 D_A=0.084 D_B=0.123 D_A(real)=0.82 D_A(fake)=0.18 gnG=38.52 gnD=17.21 it_per_s=5.17
2026-10-04 00:19:01,103 INFO iter=687000 epoch=98 lr=3.23e-06 G=1.730 advA2B=0.582 advB2A=0.709 cycA=0.106 cycB=0.113 idtA=0.152 idtB=0.131 D_A=0.083 D_B=0.123 D_A(real)=0.82 D_A(fake)=0.18 gnG=38.37 gnD=17.20 it_per_s=5.17
2026-10-04 00:19:20,421 INFO iter=687100 epoch=98 lr=3.11e-06 G=1.730 advA2B=0.581 advB2A=0.710 cycA=0.106 cycB=0.113 idtA=0.152 idtB=0.131 D_A=0.083 D_B=0.123 D_A(real)=0.82 D_A(fake)=0.18 gnG=38.39 gnD=17.20 it_per_s=5.17
2026-10-04 00:19:39,736 INFO iter=687200 epoch=98 lr=2.99e-06 G=1.731 advA2B=0.582 advB2A=0.710 cycA=0.106 cycB=0.113 idtA=0.152 idtB=0.131 D_A=0.084 D_B=0.123 D_A(real)=0.82 D_A(fake)=0.18 gnG=38.37 gnD=17.21 it_per_s=5.17
2026-10-04 00:19:59,072 INFO iter=687300 epoch=98 lr=2.87e-06 G=1.731 advA2B=0.582 advB2A=0.711 cycA=0.106 cycB=0.113 idtA=0.152 idtB=0.131 D_A=0.083 D_B=0.123 D_A(real)=0.82 D_A(fake)=0.18 gnG=38.36 gnD=17.19 it_per_s=5.17
2026-10-04 00:20:18,429 INFO iter=687400 epoch=98 lr=2.75e-06 G=1.730 advA2B=0.582 advB2A=0.710 cycA=0.106 cycB=0.113 idtA=0.152 idtB=0.130 D_A=0.083 D_B=0.123 D_A(real)=0.82 D_A(fake)=0.18 gnG=38.41 gnD=17.19 it_per_s=5.17
2026-10-04 00:20:37,725 INFO iter=687500 epoch=98 lr=2.63e-06 G=1.730 advA2B=0.582 advB2A=0.710 cycA=0.106 cycB=0.113 idtA=0.152 idtB=0.131 D_A=0.083 D_B=0.123 D_A(real)=0.82 D_A(fake)=0.18 gnG=38.40 gnD=17.19 it_per_s=5.17
2026-10-04 00:20:57,081 INFO iter=687600 epoch=98 lr=2.52e-06 G=1.731 advA2B=0.582 advB2A=0.710 cycA=0.106 cycB=0.113 idtA=0.152 idtB=0.131 D_A=0.083 D_B=0.123 D_A(real)=0.82 D_A(fake)=0.18 gnG=38.40 gnD=17.20 it_per_s=5.17
2026-10-04 00:21:16,473 INFO iter=687700 epoch=98 lr=2.40e-06 G=1.730 advA2B=0.581 advB2A=0.710 cycA=0.106 cycB=0.113 idtA=0.152 idtB=0.131 D_A=0.083 D_B=0.123 D_A(real)=0.82 D_A(fake)=0.18 gnG=38.54 gnD=17.21 it_per_s=5.17
2026-10-04 00:21:35,816 INFO iter=687800 epoch=98 lr=2.28e-06 G=1.730 advA2B=0.581 advB2A=0.711 cycA=0.106 cycB=0.113 idtA=0.152 idtB=0.131 D_A=0.083 D_B=0.123 D_A(real)=0.82 D_A(fake)=0.18 gnG=38.50 gnD=17.20 it_per_s=5.17
2026-10-04 00:21:55,156 INFO iter=687900 epoch=98 lr=2.16e-06 G=1.730 advA2B=0.580 advB2A=0.711 cycA=0.106 cycB=0.113 idtA=0.152 idtB=0.131 D_A=0.083 D_B=0.123 D_A(real)=0.82 D_A(fake)=0.18 gnG=38.58 gnD=17.22 it_per_s=5.17
2026-10-04 00:22:14,438 INFO iter=688000 epoch=98 lr=2.04e-06 G=1.729 advA2B=0.580 advB2A=0.712 cycA=0.106 cycB=0.113 idtA=0.152 idtB=0.131 D_A=0.083 D_B=0.123 D_A(real)=0.82 D_A(fake)=0.18 gnG=38.57 gnD=17.24 it_per_s=5.17
2026-10-04 00:22:33,764 INFO iter=688100 epoch=98 lr=1.92e-06 G=1.729 advA2B=0.579 advB2A=0.712 cycA=0.106 cycB=0.113 idtA=0.152 idtB=0.130 D_A=0.083 D_B=0.123 D_A(real)=0.82 D_A(fake)=0.18 gnG=38.59 gnD=17.22 it_per_s=5.17
2026-10-04 00:22:53,084 INFO iter=688200 epoch=98 lr=1.81e-06 G=1.729 advA2B=0.579 advB2A=0.713 cycA=0.106 cycB=0.113 idtA=0.152 idtB=0.130 D_A=0.083 D_B=0.123 D_A(real)=0.82 D_A(fake)=0.18 gnG=38.58 gnD=17.23 it_per_s=5.17
2026-10-04 00:23:12,425 INFO iter=688300 epoch=98 lr=1.69e-06 G=1.729 advA2B=0.579 advB2A=0.713 cycA=0.106 cycB=0.112 idtA=0.152 idtB=0.130 D_A=0.083 D_B=0.123 D_A(real)=0.82 D_A(fake)=0.18 gnG=38.57 gnD=17.23 it_per_s=5.17
2026-10-04 00:23:31,720 INFO iter=688400 epoch=98 lr=1.57e-06 G=1.729 advA2B=0.579 advB2A=0.713 cycA=0.106 cycB=0.112 idtA=0.152 idtB=0.130 D_A=0.083 D_B=0.123 D_A(real)=0.82 D_A(fake)=0.18 gnG=38.52 gnD=17.23 it_per_s=5.17
2026-10-04 00:23:51,111 INFO iter=688500 epoch=98 lr=1.45e-06 G=1.728 advA2B=0.578 advB2A=0.713 cycA=0.106 cycB=0.112 idtA=0.152 idtB=0.130 D_A=0.083 D_B=0.123 D_A(real)=0.82 D_A(fake)=0.18 gnG=38.54 gnD=17.24 it_per_s=5.17
2026-10-04 00:24:10,483 INFO iter=688600 epoch=98 lr=1.33e-06 G=1.728 advA2B=0.578 advB2A=0.713 cycA=0.106 cycB=0.112 idtA=0.152 idtB=0.130 D_A=0.083 D_B=0.123 D_A(real)=0.82 D_A(fake)=0.18 gnG=38.55 gnD=17.23 it_per_s=5.17
2026-10-04 00:24:29,807 INFO iter=688700 epoch=98 lr=1.21e-06 G=1.728 advA2B=0.578 advB2A=0.713 cycA=0.106 cycB=0.113 idtA=0.152 idtB=0.130 D_A=0.083 D_B=0.123 D_A(real)=0.82 D_A(fake)=0.18 gnG=38.57 gnD=17.24 it_per_s=5.17
2026-10-04 00:24:49,133 INFO iter=688800 epoch=98 lr=1.10e-06 G=1.729 advA2B=0.578 advB2A=0.713 cycA=0.106 cycB=0.113 idtA=0.152 idtB=0.131 D_A=0.083 D_B=0.123 D_A(real)=0.82 D_A(fake)=0.18 gnG=38.55 gnD=17.24 it_per_s=5.17
2026-10-04 00:25:08,560 INFO iter=688900 epoch=98 lr=9.77e-07 G=1.728 advA2B=0.578 advB2A=0.713 cycA=0.106 cycB=0.113 idtA=0.152 idtB=0.131 D_A=0.083 D_B=0.123 D_A(real)=0.82 D_A(fake)=0.18 gnG=38.56 gnD=17.23 it_per_s=5.17
2026-10-04 00:25:27,889 INFO iter=689000 epoch=98 lr=8.58e-07 G=1.729 advA2B=0.578 advB2A=0.713 cycA=0.106 cycB=0.113 idtA=0.152 idtB=0.131 D_A=0.083 D_B=0.123 D_A(real)=0.82 D_A(fake)=0.18 gnG=38.57 gnD=17.23 it_per_s=5.17
2026-10-04 00:25:47,196 INFO iter=689100 epoch=98 lr=7.40e-07 G=1.730 advA2B=0.579 advB2A=0.713 cycA=0.106 cycB=0.113 idtA=0.152 idtB=0.131 D_A=0.083 D_B=0.124 D_A(real)=0.82 D_A(fake)=0.18 gnG=38.60 gnD=17.27 it_per_s=5.17
2026-10-04 00:26:06,576 INFO iter=689200 epoch=98 lr=6.22e-07 G=1.730 advA2B=0.580 advB2A=0.713 cycA=0.106 cycB=0.113 idtA=0.152 idtB=0.131 D_A=0.083 D_B=0.124 D_A(real)=0.82 D_A(fake)=0.18 gnG=38.63 gnD=17.25 it_per_s=5.17
2026-10-04 00:26:25,922 INFO iter=689300 epoch=98 lr=5.03e-07 G=1.730 advA2B=0.580 advB2A=0.713 cycA=0.106 cycB=0.113 idtA=0.152 idtB=0.131 D_A=0.083 D_B=0.124 D_A(real)=0.82 D_A(fake)=0.18 gnG=38.75 gnD=17.25 it_per_s=5.17
2026-10-04 00:26:45,254 INFO iter=689400 epoch=98 lr=3.85e-07 G=1.731 advA2B=0.580 advB2A=0.714 cycA=0.106 cycB=0.113 idtA=0.152 idtB=0.131 D_A=0.083 D_B=0.124 D_A(real)=0.82 D_A(fake)=0.18 gnG=38.75 gnD=17.25 it_per_s=5.17
2026-10-04 00:27:04,589 INFO iter=689500 epoch=98 lr=2.66e-07 G=1.731 advA2B=0.580 advB2A=0.714 cycA=0.106 cycB=0.113 idtA=0.152 idtB=0.130 D_A=0.083 D_B=0.124 D_A(real)=0.82 D_A(fake)=0.18 gnG=38.71 gnD=17.26 it_per_s=5.17
2026-10-04 00:27:23,963 INFO iter=689600 epoch=98 lr=1.48e-07 G=1.731 advA2B=0.580 advB2A=0.714 cycA=0.106 cycB=0.113 idtA=0.152 idtB=0.130 D_A=0.083 D_B=0.124 D_A(real)=0.82 D_A(fake)=0.18 gnG=38.73 gnD=17.25 it_per_s=5.17
2026-10-04 00:27:43,331 INFO iter=689700 epoch=98 lr=2.96e-08 G=1.730 advA2B=0.580 advB2A=0.714 cycA=0.106 cycB=0.113 idtA=0.152 idtB=0.130 D_A=0.083 D_B=0.124 D_A(real)=0.82 D_A(fake)=0.18 gnG=38.77 gnD=17.26 it_per_s=5.17
2026-10-04 00:27:47,959 INFO epoch=98 done time_s=1361 it_per_s=5.17 G=1.730 cycA=0.106 cycB=0.112 idtA=0.152 idtB=0.130 D_A=0.083 D_B=0.124 D_A(real)=0.82 D_A(fake)=0.18 nan_count=0
2026-10-04 00:27:49,042 INFO done summary={"run_id": "full_run09", "params": {"G_A2B": 11378179, "G_B2A": 11378179, "D_A": 2764737, "D_B": 2764737}, "param_count_total": 28285832, "param_count_generators": 22756358, "photos": 7038, "monets": 300, "iters": 689724, "train_time_s": 83771.95094909961, "train_iters_per_sec": 8.233352478791867, "train_images_per_sec": 16.466704957583733, "peak_memory_mb": 19577.52490234375, "max_grad_norm_G": 1824.5267333984375, "max_grad_norm_D": 381.4660339355469, "nan_count": 0, "final_epoch": {"epoch": 98, "iters": 7038, "epoch_time_s": 1361.10346699995, "iters_per_s": 5.17080454986473, "loss_G": 1.7301203344789002, "adv_A2B": 0.5797661675347222, "adv_B2A": 0.7136109057526996, "cycle_A": 0.105898745190728, "cycle_B": 0.11247421225623401, "identity_A": 0.1520067471338626, "identity_B": 0.13012674499147486, "loss_D_A": 0.08287049640678282, "loss_D_B": 0.12375745152708954, "D_A_real_mean": 0.8197453361439685, "D_A_fake_mean": 0.18117444059258667, "grad_norm_G": 38.803148976982094, "grad_norm_D": 17.259864974069338}, "hardware": "GPU: NVIDIA GeForce RTX 4090; CPU: AMD64 Family 25 Model 97 Stepping 2, AuthenticAMD"}
