2026-10-04 18:30:59,863 INFO generator optimiser state not restored (frozen generators change the parameter set)
2026-10-04 18:30:59,864 INFO resumed from C:\Users\chaitanya\Documents\GEN_AI_LAB1\task3_gan\member_chaitanya\checkpoints\full_run18\latest.pt at epoch 120 iter 844560
2026-10-04 18:30:59,864 INFO frozen generators: ['G_A2B']; training the other generator only
2026-10-04 18:30:59,868 INFO resumed EMA weights from C:\Users\chaitanya\Documents\GEN_AI_LAB1\task3_gan\member_chaitanya\checkpoints\full_run18\latest.pt
2026-10-04 18:30:59,868 INFO generator EMA enabled, decay=0.9999
2026-10-04 18:30:59,868 INFO run_id=full_run18 config=task3_gan/member_chaitanya/configs/full_run18.yaml
2026-10-04 18:30:59,868 INFO config={"run_id": "full_run18", "seed": 1337, "data": {"monet_dir": "task3_gan/data/monet_jpg", "photo_dir": "task3_gan/data/photo_jpg", "load_size": 256, "crop_size": 256, "hflip": true, "num_workers": 4}, "model": {"ngf": 64, "n_res_blocks": 9, "n_downsampling": 2, "upsampling": "nearest_conv", "ndf": 64, "d_scales": 2, "norm": "instance", "init_std": 0.02}, "loss": {"adversarial": "lsgan", "lambda_cycle": 2.0, "lambda_identity": 0.0, "d_loss_scale": 0.5}, "training": {"batch_size": 1, "epochs": 126, "constant_lr_epochs": 120, "lr_g": 1.5e-05, "lr_d": 1.5e-05, "betas": [0.5, 0.999], "pool_size": 50, "precision": "fp32", "cudnn_benchmark": true, "diffaugment_monet_d": true, "diffaugment_photo_d": true, "ema_decay": 0.9999, "freeze_generators": ["G_A2B"], "log_every_iters": 100, "grid_every_epochs": 1, "checkpoint_every_epochs": 1, "num_fixed_samples": 4}}
2026-10-04 18:30:59,891 INFO hardware=GPU: NVIDIA GeForce RTX 4090; CPU: AMD64 Family 25 Model 97 Stepping 2, AuthenticAMD torch=2.11.0+cu128
2026-10-04 18:30:59,891 INFO photos=7038 monets=300 iters_per_epoch=7038 total_iters=886788 params={"G_A2B": 11378179, "G_B2A": 11378179, "D_A": 5529474, "D_B": 5529474}
2026-10-04 18:31:29,216 INFO iter=844600 epoch=121 lr=1.50e-05 G=1.826 advA2B=0.800 advB2A=0.647 cycA=0.084 cycB=0.106 idtA=0.152 idtB=0.110 D_A=0.102 D_B=0.054 D_A(real)=0.87 D_A(fake)=0.12 gnG=21.51 gnD=9.94 it_per_s=1.36
2026-10-04 18:31:38,371 INFO iter=844700 epoch=121 lr=1.50e-05 G=1.819 advA2B=0.817 advB2A=0.614 cycA=0.089 cycB=0.105 idtA=0.154 idtB=0.107 D_A=0.113 D_B=0.057 D_A(real)=0.87 D_A(fake)=0.13 gnG=19.33 gnD=10.43 it_per_s=3.64
2026-10-04 18:31:48,513 INFO iter=844800 epoch=121 lr=1.49e-05 G=1.835 advA2B=0.818 advB2A=0.628 cycA=0.089 cycB=0.106 idtA=0.157 idtB=0.103 D_A=0.115 D_B=0.057 D_A(real)=0.88 D_A(fake)=0.12 gnG=18.70 gnD=10.59 it_per_s=4.94
2026-10-04 18:31:58,969 INFO iter=844900 epoch=121 lr=1.49e-05 G=1.835 advA2B=0.820 advB2A=0.624 cycA=0.089 cycB=0.106 idtA=0.159 idtB=0.105 D_A=0.113 D_B=0.058 D_A(real)=0.88 D_A(fake)=0.12 gnG=18.06 gnD=10.74 it_per_s=5.76
2026-10-04 18:32:09,318 INFO iter=845000 epoch=121 lr=1.48e-05 G=1.825 advA2B=0.814 advB2A=0.619 cycA=0.089 cycB=0.107 idtA=0.159 idtB=0.105 D_A=0.115 D_B=0.059 D_A(real)=0.88 D_A(fake)=0.12 gnG=17.84 gnD=10.85 it_per_s=6.34
2026-10-04 18:32:19,156 INFO iter=845100 epoch=121 lr=1.48e-05 G=1.832 advA2B=0.812 advB2A=0.626 cycA=0.090 cycB=0.107 idtA=0.158 idtB=0.104 D_A=0.117 D_B=0.059 D_A(real)=0.88 D_A(fake)=0.12 gnG=18.28 gnD=10.85 it_per_s=6.81
2026-10-04 18:32:29,498 INFO iter=845200 epoch=121 lr=1.48e-05 G=1.824 advA2B=0.812 advB2A=0.617 cycA=0.090 cycB=0.107 idtA=0.159 idtB=0.105 D_A=0.117 D_B=0.059 D_A(real)=0.88 D_A(fake)=0.12 gnG=18.37 gnD=10.83 it_per_s=7.14
2026-10-04 18:32:39,636 INFO iter=845300 epoch=121 lr=1.47e-05 G=1.818 advA2B=0.812 advB2A=0.613 cycA=0.090 cycB=0.107 idtA=0.158 idtB=0.104 D_A=0.117 D_B=0.059 D_A(real)=0.88 D_A(fake)=0.12 gnG=18.41 gnD=10.74 it_per_s=7.42
2026-10-04 18:32:49,501 INFO iter=845400 epoch=121 lr=1.47e-05 G=1.815 advA2B=0.813 advB2A=0.609 cycA=0.089 cycB=0.107 idtA=0.158 idtB=0.105 D_A=0.117 D_B=0.059 D_A(real)=0.88 D_A(fake)=0.12 gnG=18.16 gnD=10.77 it_per_s=7.66
2026-10-04 18:32:58,966 INFO iter=845500 epoch=121 lr=1.47e-05 G=1.812 advA2B=0.811 advB2A=0.608 cycA=0.089 cycB=0.107 idtA=0.157 idtB=0.104 D_A=0.117 D_B=0.059 D_A(real)=0.88 D_A(fake)=0.12 gnG=17.99 gnD=10.79 it_per_s=7.89
2026-10-04 18:33:08,065 INFO iter=845600 epoch=121 lr=1.46e-05 G=1.816 advA2B=0.812 advB2A=0.609 cycA=0.089 cycB=0.108 idtA=0.157 idtB=0.104 D_A=0.117 D_B=0.059 D_A(real)=0.88 D_A(fake)=0.12 gnG=18.20 gnD=10.83 it_per_s=8.11
2026-10-04 18:33:17,157 INFO iter=845700 epoch=121 lr=1.46e-05 G=1.816 advA2B=0.811 advB2A=0.611 cycA=0.089 cycB=0.108 idtA=0.156 idtB=0.104 D_A=0.116 D_B=0.060 D_A(real)=0.88 D_A(fake)=0.12 gnG=18.18 gnD=10.80 it_per_s=8.30
2026-10-04 18:33:26,177 INFO iter=845800 epoch=121 lr=1.46e-05 G=1.818 advA2B=0.811 advB2A=0.614 cycA=0.089 cycB=0.108 idtA=0.156 idtB=0.104 D_A=0.116 D_B=0.060 D_A(real)=0.89 D_A(fake)=0.11 gnG=18.38 gnD=10.81 it_per_s=8.48
2026-10-04 18:33:35,264 INFO iter=845900 epoch=121 lr=1.45e-05 G=1.819 advA2B=0.811 advB2A=0.615 cycA=0.089 cycB=0.107 idtA=0.156 idtB=0.103 D_A=0.115 D_B=0.060 D_A(real)=0.89 D_A(fake)=0.11 gnG=18.55 gnD=10.81 it_per_s=8.62
2026-10-04 18:33:44,329 INFO iter=846000 epoch=121 lr=1.45e-05 G=1.815 advA2B=0.809 advB2A=0.613 cycA=0.089 cycB=0.107 idtA=0.156 idtB=0.102 D_A=0.116 D_B=0.060 D_A(real)=0.88 D_A(fake)=0.12 gnG=18.53 gnD=10.90 it_per_s=8.76
2026-10-04 18:33:53,349 INFO iter=846100 epoch=121 lr=1.45e-05 G=1.813 advA2B=0.808 advB2A=0.613 cycA=0.089 cycB=0.107 idtA=0.156 idtB=0.102 D_A=0.116 D_B=0.061 D_A(real)=0.88 D_A(fake)=0.12 gnG=18.45 gnD=10.94 it_per_s=8.88
2026-10-04 18:34:02,402 INFO iter=846200 epoch=121 lr=1.44e-05 G=1.814 advA2B=0.807 advB2A=0.614 cycA=0.089 cycB=0.107 idtA=0.156 idtB=0.102 D_A=0.116 D_B=0.061 D_A(real)=0.89 D_A(fake)=0.11 gnG=18.61 gnD=10.95 it_per_s=8.99
2026-10-04 18:34:11,512 INFO iter=846300 epoch=121 lr=1.44e-05 G=1.812 advA2B=0.807 advB2A=0.613 cycA=0.089 cycB=0.107 idtA=0.156 idtB=0.102 D_A=0.116 D_B=0.061 D_A(real)=0.89 D_A(fake)=0.11 gnG=18.57 gnD=10.95 it_per_s=9.08
2026-10-04 18:34:20,632 INFO iter=846400 epoch=121 lr=1.43e-05 G=1.811 advA2B=0.807 advB2A=0.612 cycA=0.089 cycB=0.107 idtA=0.156 idtB=0.102 D_A=0.116 D_B=0.061 D_A(real)=0.89 D_A(fake)=0.11 gnG=18.66 gnD=10.95 it_per_s=9.17
2026-10-04 18:34:29,753 INFO iter=846500 epoch=121 lr=1.43e-05 G=1.808 advA2B=0.805 advB2A=0.611 cycA=0.089 cycB=0.107 idtA=0.157 idtB=0.102 D_A=0.116 D_B=0.062 D_A(real)=0.89 D_A(fake)=0.11 gnG=18.66 gnD=10.97 it_per_s=9.24
2026-10-04 18:34:38,971 INFO iter=846600 epoch=121 lr=1.43e-05 G=1.807 advA2B=0.804 advB2A=0.611 cycA=0.089 cycB=0.107 idtA=0.157 idtB=0.102 D_A=0.116 D_B=0.062 D_A(real)=0.89 D_A(fake)=0.11 gnG=18.63 gnD=11.01 it_per_s=9.31
2026-10-04 18:34:48,091 INFO iter=846700 epoch=121 lr=1.42e-05 G=1.807 advA2B=0.803 advB2A=0.612 cycA=0.089 cycB=0.107 idtA=0.157 idtB=0.102 D_A=0.116 D_B=0.062 D_A(real)=0.89 D_A(fake)=0.11 gnG=18.52 gnD=10.98 it_per_s=9.38
2026-10-04 18:34:57,170 INFO iter=846800 epoch=121 lr=1.42e-05 G=1.809 advA2B=0.805 advB2A=0.613 cycA=0.089 cycB=0.107 idtA=0.157 idtB=0.103 D_A=0.116 D_B=0.062 D_A(real)=0.89 D_A(fake)=0.11 gnG=18.65 gnD=10.96 it_per_s=9.44
2026-10-04 18:35:06,205 INFO iter=846900 epoch=121 lr=1.42e-05 G=1.811 advA2B=0.807 advB2A=0.612 cycA=0.089 cycB=0.107 idtA=0.156 idtB=0.103 D_A=0.115 D_B=0.062 D_A(real)=0.89 D_A(fake)=0.11 gnG=18.59 gnD=10.96 it_per_s=9.50
2026-10-04 18:35:15,294 INFO iter=847000 epoch=121 lr=1.41e-05 G=1.809 advA2B=0.806 advB2A=0.612 cycA=0.089 cycB=0.107 idtA=0.156 idtB=0.103 D_A=0.116 D_B=0.062 D_A(real)=0.89 D_A(fake)=0.11 gnG=18.70 gnD=10.97 it_per_s=9.55
2026-10-04 18:35:24,408 INFO iter=847100 epoch=121 lr=1.41e-05 G=1.810 advA2B=0.807 advB2A=0.612 cycA=0.089 cycB=0.107 idtA=0.156 idtB=0.103 D_A=0.115 D_B=0.062 D_A(real)=0.89 D_A(fake)=0.11 gnG=18.74 gnD=10.95 it_per_s=9.60
2026-10-04 18:35:33,499 INFO iter=847200 epoch=121 lr=1.41e-05 G=1.809 advA2B=0.805 advB2A=0.612 cycA=0.089 cycB=0.107 idtA=0.156 idtB=0.103 D_A=0.115 D_B=0.063 D_A(real)=0.89 D_A(fake)=0.11 gnG=18.77 gnD=10.92 it_per_s=9.65
2026-10-04 18:35:42,567 INFO iter=847300 epoch=121 lr=1.40e-05 G=1.808 advA2B=0.803 advB2A=0.612 cycA=0.089 cycB=0.107 idtA=0.156 idtB=0.103 D_A=0.116 D_B=0.063 D_A(real)=0.89 D_A(fake)=0.11 gnG=18.77 gnD=10.92 it_per_s=9.69
2026-10-04 18:35:51,618 INFO iter=847400 epoch=121 lr=1.40e-05 G=1.807 advA2B=0.803 advB2A=0.612 cycA=0.089 cycB=0.107 idtA=0.156 idtB=0.103 D_A=0.116 D_B=0.063 D_A(real)=0.89 D_A(fake)=0.11 gnG=18.88 gnD=10.90 it_per_s=9.74
2026-10-04 18:36:00,723 INFO iter=847500 epoch=121 lr=1.40e-05 G=1.807 advA2B=0.802 advB2A=0.612 cycA=0.089 cycB=0.107 idtA=0.156 idtB=0.103 D_A=0.116 D_B=0.063 D_A(real)=0.89 D_A(fake)=0.11 gnG=18.89 gnD=10.90 it_per_s=9.77
2026-10-04 18:36:09,900 INFO iter=847600 epoch=121 lr=1.39e-05 G=1.807 advA2B=0.802 advB2A=0.612 cycA=0.089 cycB=0.107 idtA=0.156 idtB=0.103 D_A=0.116 D_B=0.063 D_A(real)=0.89 D_A(fake)=0.11 gnG=18.82 gnD=10.91 it_per_s=9.81
2026-10-04 18:36:18,976 INFO iter=847700 epoch=121 lr=1.39e-05 G=1.807 advA2B=0.802 advB2A=0.612 cycA=0.089 cycB=0.107 idtA=0.156 idtB=0.103 D_A=0.116 D_B=0.063 D_A(real)=0.89 D_A(fake)=0.11 gnG=18.80 gnD=10.90 it_per_s=9.84
2026-10-04 18:36:28,052 INFO iter=847800 epoch=121 lr=1.38e-05 G=1.806 advA2B=0.802 advB2A=0.612 cycA=0.090 cycB=0.107 idtA=0.156 idtB=0.102 D_A=0.116 D_B=0.063 D_A(real)=0.89 D_A(fake)=0.11 gnG=18.76 gnD=10.89 it_per_s=9.87
2026-10-04 18:36:37,145 INFO iter=847900 epoch=121 lr=1.38e-05 G=1.806 advA2B=0.801 advB2A=0.611 cycA=0.090 cycB=0.107 idtA=0.156 idtB=0.103 D_A=0.116 D_B=0.063 D_A(real)=0.89 D_A(fake)=0.11 gnG=18.71 gnD=10.87 it_per_s=9.90
2026-10-04 18:36:46,223 INFO iter=848000 epoch=121 lr=1.38e-05 G=1.806 advA2B=0.802 advB2A=0.611 cycA=0.090 cycB=0.107 idtA=0.157 idtB=0.103 D_A=0.116 D_B=0.063 D_A(real)=0.89 D_A(fake)=0.11 gnG=18.73 gnD=10.85 it_per_s=9.93
2026-10-04 18:36:55,416 INFO iter=848100 epoch=121 lr=1.37e-05 G=1.806 advA2B=0.803 advB2A=0.610 cycA=0.090 cycB=0.107 idtA=0.157 idtB=0.103 D_A=0.116 D_B=0.063 D_A(real)=0.89 D_A(fake)=0.11 gnG=18.66 gnD=10.84 it_per_s=9.96
2026-10-04 18:37:04,625 INFO iter=848200 epoch=121 lr=1.37e-05 G=1.805 advA2B=0.803 advB2A=0.609 cycA=0.090 cycB=0.107 idtA=0.157 idtB=0.103 D_A=0.115 D_B=0.063 D_A(real)=0.89 D_A(fake)=0.11 gnG=18.66 gnD=10.85 it_per_s=9.98
2026-10-04 18:37:13,874 INFO iter=848300 epoch=121 lr=1.37e-05 G=1.807 advA2B=0.803 advB2A=0.611 cycA=0.090 cycB=0.107 idtA=0.157 idtB=0.103 D_A=0.115 D_B=0.063 D_A(real)=0.89 D_A(fake)=0.11 gnG=18.65 gnD=10.85 it_per_s=10.00
2026-10-04 18:37:22,903 INFO iter=848400 epoch=121 lr=1.36e-05 G=1.808 advA2B=0.803 advB2A=0.611 cycA=0.090 cycB=0.107 idtA=0.157 idtB=0.103 D_A=0.115 D_B=0.063 D_A(real)=0.89 D_A(fake)=0.11 gnG=18.73 gnD=10.84 it_per_s=10.03
2026-10-04 18:37:31,977 INFO iter=848500 epoch=121 lr=1.36e-05 G=1.806 advA2B=0.803 advB2A=0.611 cycA=0.090 cycB=0.107 idtA=0.156 idtB=0.103 D_A=0.115 D_B=0.063 D_A(real)=0.89 D_A(fake)=0.11 gnG=18.71 gnD=10.85 it_per_s=10.05
2026-10-04 18:37:41,091 INFO iter=848600 epoch=121 lr=1.36e-05 G=1.805 advA2B=0.802 advB2A=0.610 cycA=0.090 cycB=0.107 idtA=0.156 idtB=0.103 D_A=0.115 D_B=0.063 D_A(real)=0.89 D_A(fake)=0.11 gnG=18.66 gnD=10.84 it_per_s=10.07
2026-10-04 18:37:50,178 INFO iter=848700 epoch=121 lr=1.35e-05 G=1.805 advA2B=0.802 advB2A=0.610 cycA=0.090 cycB=0.107 idtA=0.156 idtB=0.103 D_A=0.115 D_B=0.063 D_A(real)=0.89 D_A(fake)=0.11 gnG=18.64 gnD=10.83 it_per_s=10.09
2026-10-04 18:37:59,220 INFO iter=848800 epoch=121 lr=1.35e-05 G=1.804 advA2B=0.802 advB2A=0.610 cycA=0.090 cycB=0.106 idtA=0.156 idtB=0.102 D_A=0.115 D_B=0.063 D_A(real)=0.89 D_A(fake)=0.11 gnG=18.63 gnD=10.84 it_per_s=10.11
2026-10-04 18:38:08,338 INFO iter=848900 epoch=121 lr=1.35e-05 G=1.803 advA2B=0.802 advB2A=0.609 cycA=0.090 cycB=0.106 idtA=0.156 idtB=0.102 D_A=0.115 D_B=0.063 D_A(real)=0.89 D_A(fake)=0.11 gnG=18.56 gnD=10.84 it_per_s=10.13
2026-10-04 18:38:17,461 INFO iter=849000 epoch=121 lr=1.34e-05 G=1.803 advA2B=0.802 advB2A=0.609 cycA=0.090 cycB=0.106 idtA=0.156 idtB=0.102 D_A=0.115 D_B=0.063 D_A(real)=0.89 D_A(fake)=0.11 gnG=18.53 gnD=10.84 it_per_s=10.15
2026-10-04 18:38:26,499 INFO iter=849100 epoch=121 lr=1.34e-05 G=1.802 advA2B=0.802 advB2A=0.608 cycA=0.090 cycB=0.106 idtA=0.156 idtB=0.102 D_A=0.115 D_B=0.063 D_A(real)=0.89 D_A(fake)=0.11 gnG=18.44 gnD=10.83 it_per_s=10.17
2026-10-04 18:38:35,615 INFO iter=849200 epoch=121 lr=1.34e-05 G=1.803 advA2B=0.802 advB2A=0.609 cycA=0.090 cycB=0.106 idtA=0.156 idtB=0.102 D_A=0.115 D_B=0.063 D_A(real)=0.89 D_A(fake)=0.11 gnG=18.45 gnD=10.81 it_per_s=10.18
2026-10-04 18:38:44,546 INFO iter=849300 epoch=121 lr=1.33e-05 G=1.803 advA2B=0.802 advB2A=0.609 cycA=0.090 cycB=0.106 idtA=0.156 idtB=0.102 D_A=0.115 D_B=0.063 D_A(real)=0.89 D_A(fake)=0.11 gnG=18.48 gnD=10.81 it_per_s=10.20
2026-10-04 18:38:53,622 INFO iter=849400 epoch=121 lr=1.33e-05 G=1.804 advA2B=0.802 advB2A=0.609 cycA=0.090 cycB=0.106 idtA=0.156 idtB=0.102 D_A=0.115 D_B=0.063 D_A(real)=0.89 D_A(fake)=0.11 gnG=18.44 gnD=10.80 it_per_s=10.22
2026-10-04 18:39:02,741 INFO iter=849500 epoch=121 lr=1.32e-05 G=1.803 advA2B=0.802 advB2A=0.609 cycA=0.090 cycB=0.106 idtA=0.156 idtB=0.102 D_A=0.115 D_B=0.063 D_A(real)=0.89 D_A(fake)=0.11 gnG=18.41 gnD=10.81 it_per_s=10.23
2026-10-04 18:39:11,491 INFO iter=849600 epoch=121 lr=1.32e-05 G=1.804 advA2B=0.802 advB2A=0.610 cycA=0.090 cycB=0.106 idtA=0.156 idtB=0.102 D_A=0.115 D_B=0.063 D_A(real)=0.89 D_A(fake)=0.11 gnG=18.44 gnD=10.81 it_per_s=10.25
2026-10-04 18:39:20,536 INFO iter=849700 epoch=121 lr=1.32e-05 G=1.804 advA2B=0.802 advB2A=0.610 cycA=0.090 cycB=0.106 idtA=0.156 idtB=0.102 D_A=0.115 D_B=0.063 D_A(real)=0.89 D_A(fake)=0.11 gnG=18.41 gnD=10.82 it_per_s=10.27
2026-10-04 18:39:29,623 INFO iter=849800 epoch=121 lr=1.31e-05 G=1.804 advA2B=0.802 advB2A=0.609 cycA=0.090 cycB=0.106 idtA=0.156 idtB=0.102 D_A=0.115 D_B=0.063 D_A(real)=0.89 D_A(fake)=0.11 gnG=18.41 gnD=10.81 it_per_s=10.28
2026-10-04 18:39:38,540 INFO iter=849900 epoch=121 lr=1.31e-05 G=1.803 advA2B=0.802 advB2A=0.609 cycA=0.090 cycB=0.106 idtA=0.156 idtB=0.102 D_A=0.115 D_B=0.063 D_A(real)=0.89 D_A(fake)=0.11 gnG=18.38 gnD=10.81 it_per_s=10.30
2026-10-04 18:39:47,441 INFO iter=850000 epoch=121 lr=1.31e-05 G=1.803 advA2B=0.803 advB2A=0.608 cycA=0.090 cycB=0.106 idtA=0.156 idtB=0.102 D_A=0.115 D_B=0.063 D_A(real)=0.89 D_A(fake)=0.11 gnG=18.32 gnD=10.81 it_per_s=10.31
2026-10-04 18:39:56,578 INFO iter=850100 epoch=121 lr=1.30e-05 G=1.803 advA2B=0.803 advB2A=0.608 cycA=0.090 cycB=0.106 idtA=0.156 idtB=0.102 D_A=0.115 D_B=0.063 D_A(real)=0.89 D_A(fake)=0.11 gnG=18.32 gnD=10.82 it_per_s=10.32
2026-10-04 18:40:05,674 INFO iter=850200 epoch=121 lr=1.30e-05 G=1.803 advA2B=0.803 advB2A=0.608 cycA=0.090 cycB=0.106 idtA=0.156 idtB=0.102 D_A=0.115 D_B=0.063 D_A(real)=0.89 D_A(fake)=0.11 gnG=18.32 gnD=10.82 it_per_s=10.33
2026-10-04 18:40:14,623 INFO iter=850300 epoch=121 lr=1.30e-05 G=1.802 advA2B=0.802 advB2A=0.607 cycA=0.090 cycB=0.106 idtA=0.156 idtB=0.102 D_A=0.115 D_B=0.063 D_A(real)=0.89 D_A(fake)=0.11 gnG=18.29 gnD=10.82 it_per_s=10.35
2026-10-04 18:40:23,768 INFO iter=850400 epoch=121 lr=1.29e-05 G=1.802 advA2B=0.802 advB2A=0.608 cycA=0.090 cycB=0.106 idtA=0.156 idtB=0.102 D_A=0.115 D_B=0.063 D_A(real)=0.89 D_A(fake)=0.11 gnG=18.32 gnD=10.82 it_per_s=10.36
2026-10-04 18:40:32,872 INFO iter=850500 epoch=121 lr=1.29e-05 G=1.802 advA2B=0.802 advB2A=0.608 cycA=0.090 cycB=0.106 idtA=0.156 idtB=0.102 D_A=0.115 D_B=0.063 D_A(real)=0.89 D_A(fake)=0.11 gnG=18.32 gnD=10.82 it_per_s=10.37
2026-10-04 18:40:41,705 INFO iter=850600 epoch=121 lr=1.29e-05 G=1.802 advA2B=0.802 advB2A=0.608 cycA=0.090 cycB=0.106 idtA=0.156 idtB=0.102 D_A=0.115 D_B=0.063 D_A(real)=0.89 D_A(fake)=0.11 gnG=18.34 gnD=10.84 it_per_s=10.38
2026-10-04 18:40:50,710 INFO iter=850700 epoch=121 lr=1.28e-05 G=1.802 advA2B=0.802 advB2A=0.608 cycA=0.090 cycB=0.106 idtA=0.156 idtB=0.102 D_A=0.115 D_B=0.063 D_A(real)=0.89 D_A(fake)=0.11 gnG=18.37 gnD=10.84 it_per_s=10.39
2026-10-04 18:40:59,768 INFO iter=850800 epoch=121 lr=1.28e-05 G=1.801 advA2B=0.802 advB2A=0.607 cycA=0.090 cycB=0.106 idtA=0.156 idtB=0.102 D_A=0.115 D_B=0.063 D_A(real)=0.89 D_A(fake)=0.11 gnG=18.35 gnD=10.85 it_per_s=10.40
2026-10-04 18:41:08,900 INFO iter=850900 epoch=121 lr=1.27e-05 G=1.800 advA2B=0.802 advB2A=0.606 cycA=0.090 cycB=0.106 idtA=0.156 idtB=0.102 D_A=0.115 D_B=0.063 D_A(real)=0.89 D_A(fake)=0.11 gnG=18.32 gnD=10.84 it_per_s=10.41
2026-10-04 18:41:18,048 INFO iter=851000 epoch=121 lr=1.27e-05 G=1.801 advA2B=0.802 advB2A=0.607 cycA=0.090 cycB=0.106 idtA=0.156 idtB=0.102 D_A=0.115 D_B=0.063 D_A(real)=0.89 D_A(fake)=0.11 gnG=18.40 gnD=10.84 it_per_s=10.42
2026-10-04 18:41:27,166 INFO iter=851100 epoch=121 lr=1.27e-05 G=1.801 advA2B=0.801 advB2A=0.607 cycA=0.090 cycB=0.107 idtA=0.156 idtB=0.103 D_A=0.115 D_B=0.063 D_A(real)=0.89 D_A(fake)=0.11 gnG=18.39 gnD=10.86 it_per_s=10.43
2026-10-04 18:41:36,276 INFO iter=851200 epoch=121 lr=1.26e-05 G=1.801 advA2B=0.801 advB2A=0.606 cycA=0.090 cycB=0.107 idtA=0.156 idtB=0.103 D_A=0.115 D_B=0.063 D_A(real)=0.89 D_A(fake)=0.11 gnG=18.42 gnD=10.86 it_per_s=10.43
2026-10-04 18:41:45,343 INFO iter=851300 epoch=121 lr=1.26e-05 G=1.801 advA2B=0.801 advB2A=0.607 cycA=0.090 cycB=0.107 idtA=0.156 idtB=0.103 D_A=0.115 D_B=0.063 D_A(real)=0.89 D_A(fake)=0.11 gnG=18.43 gnD=10.85 it_per_s=10.44
2026-10-04 18:41:54,452 INFO iter=851400 epoch=121 lr=1.26e-05 G=1.801 advA2B=0.801 advB2A=0.606 cycA=0.090 cycB=0.107 idtA=0.156 idtB=0.103 D_A=0.115 D_B=0.063 D_A(real)=0.89 D_A(fake)=0.11 gnG=18.41 gnD=10.86 it_per_s=10.45
2026-10-04 18:42:03,607 INFO iter=851500 epoch=121 lr=1.25e-05 G=1.801 advA2B=0.802 advB2A=0.607 cycA=0.090 cycB=0.107 idtA=0.156 idtB=0.103 D_A=0.115 D_B=0.063 D_A(real)=0.89 D_A(fake)=0.11 gnG=18.39 gnD=10.85 it_per_s=10.46
2026-10-04 18:42:12,536 INFO epoch=121 done time_s=673 it_per_s=10.46 G=1.802 cycA=0.090 cycB=0.107 idtA=0.156 idtB=0.103 D_A=0.115 D_B=0.063 D_A(real)=0.89 D_A(fake)=0.11 nan_count=0
2026-10-04 18:42:18,752 INFO iter=851600 epoch=122 lr=1.25e-05 G=1.967 advA2B=1.006 advB2A=0.550 cycA=0.090 cycB=0.115 idtA=0.214 idtB=0.138 D_A=0.119 D_B=0.093 D_A(real)=0.95 D_A(fake)=0.19 gnG=14.41 gnD=16.37 it_per_s=7.21
2026-10-04 18:42:27,937 INFO iter=851700 epoch=122 lr=1.25e-05 G=1.762 advA2B=0.778 advB2A=0.590 cycA=0.091 cycB=0.106 idtA=0.156 idtB=0.115 D_A=0.121 D_B=0.064 D_A(real)=0.87 D_A(fake)=0.14 gnG=17.47 gnD=10.68 it_per_s=10.78
2026-10-04 18:42:37,063 INFO iter=851800 epoch=122 lr=1.24e-05 G=1.804 advA2B=0.812 advB2A=0.596 cycA=0.090 cycB=0.108 idtA=0.151 idtB=0.110 D_A=0.118 D_B=0.061 D_A(real)=0.88 D_A(fake)=0.13 gnG=19.36 gnD=10.81 it_per_s=10.87
2026-10-04 18:42:46,188 INFO iter=851900 epoch=122 lr=1.24e-05 G=1.802 advA2B=0.811 advB2A=0.601 cycA=0.088 cycB=0.106 idtA=0.151 idtB=0.106 D_A=0.118 D_B=0.059 D_A(real)=0.87 D_A(fake)=0.12 gnG=19.60 gnD=10.82 it_per_s=10.90
2026-10-04 18:42:55,369 INFO iter=852000 epoch=122 lr=1.24e-05 G=1.808 advA2B=0.816 advB2A=0.602 cycA=0.089 cycB=0.106 idtA=0.152 idtB=0.105 D_A=0.116 D_B=0.059 D_A(real)=0.88 D_A(fake)=0.12 gnG=18.90 gnD=10.75 it_per_s=10.90
2026-10-04 18:43:04,501 INFO iter=852100 epoch=122 lr=1.23e-05 G=1.800 advA2B=0.810 advB2A=0.601 cycA=0.088 cycB=0.106 idtA=0.152 idtB=0.105 D_A=0.115 D_B=0.059 D_A(real)=0.88 D_A(fake)=0.12 gnG=18.79 gnD=10.70 it_per_s=10.91
2026-10-04 18:43:13,615 INFO iter=852200 epoch=122 lr=1.23e-05 G=1.802 advA2B=0.811 advB2A=0.602 cycA=0.089 cycB=0.106 idtA=0.153 idtB=0.104 D_A=0.115 D_B=0.059 D_A(real)=0.88 D_A(fake)=0.12 gnG=18.83 gnD=10.59 it_per_s=10.92
2026-10-04 18:43:22,752 INFO iter=852300 epoch=122 lr=1.23e-05 G=1.800 advA2B=0.811 advB2A=0.601 cycA=0.089 cycB=0.105 idtA=0.154 idtB=0.103 D_A=0.114 D_B=0.059 D_A(real)=0.88 D_A(fake)=0.12 gnG=18.67 gnD=10.52 it_per_s=10.92
2026-10-04 18:43:31,873 INFO iter=852400 epoch=122 lr=1.22e-05 G=1.801 advA2B=0.811 advB2A=0.600 cycA=0.089 cycB=0.105 idtA=0.155 idtB=0.103 D_A=0.113 D_B=0.060 D_A(real)=0.88 D_A(fake)=0.12 gnG=18.42 gnD=10.53 it_per_s=10.93
2026-10-04 18:43:40,978 INFO iter=852500 epoch=122 lr=1.22e-05 G=1.803 advA2B=0.810 advB2A=0.604 cycA=0.089 cycB=0.105 idtA=0.155 idtB=0.103 D_A=0.113 D_B=0.060 D_A(real)=0.88 D_A(fake)=0.12 gnG=18.42 gnD=10.57 it_per_s=10.93
2026-10-04 18:43:50,092 INFO iter=852600 epoch=122 lr=1.21e-05 G=1.804 advA2B=0.812 advB2A=0.604 cycA=0.089 cycB=0.105 idtA=0.155 idtB=0.102 D_A=0.114 D_B=0.059 D_A(real)=0.88 D_A(fake)=0.12 gnG=18.40 gnD=10.56 it_per_s=10.94
2026-10-04 18:43:59,173 INFO iter=852700 epoch=122 lr=1.21e-05 G=1.802 advA2B=0.809 advB2A=0.605 cycA=0.089 cycB=0.105 idtA=0.155 idtB=0.102 D_A=0.114 D_B=0.060 D_A(real)=0.88 D_A(fake)=0.12 gnG=18.72 gnD=10.64 it_per_s=10.94
2026-10-04 18:44:08,325 INFO iter=852800 epoch=122 lr=1.21e-05 G=1.803 advA2B=0.810 advB2A=0.606 cycA=0.089 cycB=0.105 idtA=0.154 idtB=0.101 D_A=0.114 D_B=0.060 D_A(real)=0.88 D_A(fake)=0.12 gnG=18.66 gnD=10.71 it_per_s=10.94
2026-10-04 18:44:17,499 INFO iter=852900 epoch=122 lr=1.20e-05 G=1.799 advA2B=0.805 advB2A=0.605 cycA=0.089 cycB=0.105 idtA=0.153 idtB=0.101 D_A=0.114 D_B=0.061 D_A(real)=0.88 D_A(fake)=0.12 gnG=18.63 gnD=10.80 it_per_s=10.94
2026-10-04 18:44:26,626 INFO iter=853000 epoch=122 lr=1.20e-05 G=1.799 advA2B=0.806 advB2A=0.604 cycA=0.089 cycB=0.106 idtA=0.153 idtB=0.102 D_A=0.114 D_B=0.060 D_A(real)=0.88 D_A(fake)=0.12 gnG=18.79 gnD=10.79 it_per_s=10.94
2026-10-04 18:44:35,837 INFO iter=853100 epoch=122 lr=1.20e-05 G=1.799 advA2B=0.806 advB2A=0.604 cycA=0.089 cycB=0.106 idtA=0.153 idtB=0.102 D_A=0.114 D_B=0.060 D_A(real)=0.88 D_A(fake)=0.12 gnG=18.93 gnD=10.78 it_per_s=10.93
2026-10-04 18:44:45,011 INFO iter=853200 epoch=122 lr=1.19e-05 G=1.796 advA2B=0.806 advB2A=0.601 cycA=0.089 cycB=0.105 idtA=0.154 idtB=0.102 D_A=0.113 D_B=0.060 D_A(real)=0.88 D_A(fake)=0.12 gnG=18.97 gnD=10.75 it_per_s=10.93
2026-10-04 18:44:54,188 INFO iter=853300 epoch=122 lr=1.19e-05 G=1.793 advA2B=0.804 advB2A=0.601 cycA=0.089 cycB=0.105 idtA=0.154 idtB=0.102 D_A=0.113 D_B=0.060 D_A(real)=0.88 D_A(fake)=0.12 gnG=18.82 gnD=10.77 it_per_s=10.93
2026-10-04 18:45:03,284 INFO iter=853400 epoch=122 lr=1.19e-05 G=1.792 advA2B=0.805 advB2A=0.599 cycA=0.089 cycB=0.105 idtA=0.154 idtB=0.102 D_A=0.112 D_B=0.061 D_A(real)=0.88 D_A(fake)=0.12 gnG=18.75 gnD=10.78 it_per_s=10.93
2026-10-04 18:45:12,421 INFO iter=853500 epoch=122 lr=1.18e-05 G=1.790 advA2B=0.803 advB2A=0.599 cycA=0.089 cycB=0.105 idtA=0.154 idtB=0.102 D_A=0.112 D_B=0.061 D_A(real)=0.88 D_A(fake)=0.12 gnG=18.76 gnD=10.79 it_per_s=10.93
2026-10-04 18:45:21,492 INFO iter=853600 epoch=122 lr=1.18e-05 G=1.794 advA2B=0.804 advB2A=0.601 cycA=0.089 cycB=0.105 idtA=0.154 idtB=0.103 D_A=0.112 D_B=0.061 D_A(real)=0.88 D_A(fake)=0.12 gnG=18.74 gnD=10.76 it_per_s=10.94
2026-10-04 18:45:30,616 INFO iter=853700 epoch=122 lr=1.18e-05 G=1.794 advA2B=0.805 advB2A=0.601 cycA=0.089 cycB=0.105 idtA=0.153 idtB=0.103 D_A=0.113 D_B=0.061 D_A(real)=0.88 D_A(fake)=0.12 gnG=18.69 gnD=10.74 it_per_s=10.94
2026-10-04 18:45:39,739 INFO iter=853800 epoch=122 lr=1.17e-05 G=1.795 advA2B=0.805 advB2A=0.602 cycA=0.089 cycB=0.105 idtA=0.153 idtB=0.103 D_A=0.113 D_B=0.061 D_A(real)=0.88 D_A(fake)=0.12 gnG=18.61 gnD=10.73 it_per_s=10.94
2026-10-04 18:45:48,852 INFO iter=853900 epoch=122 lr=1.17e-05 G=1.794 advA2B=0.805 advB2A=0.600 cycA=0.089 cycB=0.105 idtA=0.153 idtB=0.103 D_A=0.113 D_B=0.061 D_A(real)=0.88 D_A(fake)=0.12 gnG=18.63 gnD=10.75 it_per_s=10.94
2026-10-04 18:45:57,907 INFO iter=854000 epoch=122 lr=1.16e-05 G=1.793 advA2B=0.805 advB2A=0.600 cycA=0.089 cycB=0.106 idtA=0.153 idtB=0.104 D_A=0.113 D_B=0.061 D_A(real)=0.88 D_A(fake)=0.12 gnG=18.61 gnD=10.76 it_per_s=10.95
2026-10-04 18:46:06,982 INFO iter=854100 epoch=122 lr=1.16e-05 G=1.794 advA2B=0.804 advB2A=0.601 cycA=0.089 cycB=0.105 idtA=0.153 idtB=0.104 D_A=0.113 D_B=0.061 D_A(real)=0.88 D_A(fake)=0.12 gnG=18.53 gnD=10.77 it_per_s=10.95
2026-10-04 18:46:15,617 INFO iter=854200 epoch=122 lr=1.16e-05 G=1.794 advA2B=0.805 advB2A=0.600 cycA=0.089 cycB=0.106 idtA=0.153 idtB=0.104 D_A=0.113 D_B=0.061 D_A(real)=0.88 D_A(fake)=0.12 gnG=18.52 gnD=10.76 it_per_s=10.97
2026-10-04 18:46:24,711 INFO iter=854300 epoch=122 lr=1.15e-05 G=1.794 advA2B=0.805 advB2A=0.600 cycA=0.089 cycB=0.105 idtA=0.153 idtB=0.103 D_A=0.113 D_B=0.061 D_A(real)=0.88 D_A(fake)=0.12 gnG=18.52 gnD=10.73 it_per_s=10.97
2026-10-04 18:46:33,805 INFO iter=854400 epoch=122 lr=1.15e-05 G=1.793 advA2B=0.805 advB2A=0.599 cycA=0.089 cycB=0.105 idtA=0.153 idtB=0.103 D_A=0.113 D_B=0.061 D_A(real)=0.88 D_A(fake)=0.12 gnG=18.50 gnD=10.74 it_per_s=10.97
2026-10-04 18:46:42,769 INFO iter=854500 epoch=122 lr=1.15e-05 G=1.794 advA2B=0.805 advB2A=0.600 cycA=0.089 cycB=0.105 idtA=0.154 idtB=0.103 D_A=0.112 D_B=0.061 D_A(real)=0.88 D_A(fake)=0.12 gnG=18.51 gnD=10.72 it_per_s=10.98
2026-10-04 18:46:51,726 INFO iter=854600 epoch=122 lr=1.14e-05 G=1.794 advA2B=0.805 advB2A=0.600 cycA=0.089 cycB=0.105 idtA=0.154 idtB=0.103 D_A=0.112 D_B=0.061 D_A(real)=0.88 D_A(fake)=0.12 gnG=18.48 gnD=10.74 it_per_s=10.99
2026-10-04 18:47:00,853 INFO iter=854700 epoch=122 lr=1.14e-05 G=1.794 advA2B=0.805 advB2A=0.600 cycA=0.089 cycB=0.105 idtA=0.154 idtB=0.103 D_A=0.112 D_B=0.061 D_A(real)=0.88 D_A(fake)=0.12 gnG=18.51 gnD=10.72 it_per_s=10.99
2026-10-04 18:47:09,943 INFO iter=854800 epoch=122 lr=1.14e-05 G=1.793 advA2B=0.804 advB2A=0.600 cycA=0.089 cycB=0.105 idtA=0.154 idtB=0.103 D_A=0.112 D_B=0.061 D_A(real)=0.88 D_A(fake)=0.12 gnG=18.51 gnD=10.71 it_per_s=10.99
2026-10-04 18:47:19,021 INFO iter=854900 epoch=122 lr=1.13e-05 G=1.794 advA2B=0.804 advB2A=0.601 cycA=0.089 cycB=0.105 idtA=0.154 idtB=0.103 D_A=0.112 D_B=0.061 D_A(real)=0.89 D_A(fake)=0.11 gnG=18.49 gnD=10.70 it_per_s=10.99
2026-10-04 18:47:28,368 INFO iter=855000 epoch=122 lr=1.13e-05 G=1.794 advA2B=0.804 advB2A=0.602 cycA=0.089 cycB=0.105 idtA=0.154 idtB=0.103 D_A=0.112 D_B=0.061 D_A(real)=0.89 D_A(fake)=0.11 gnG=18.48 gnD=10.71 it_per_s=10.98
2026-10-04 18:47:37,578 INFO iter=855100 epoch=122 lr=1.13e-05 G=1.795 advA2B=0.804 advB2A=0.602 cycA=0.089 cycB=0.105 idtA=0.154 idtB=0.103 D_A=0.112 D_B=0.061 D_A(real)=0.88 D_A(fake)=0.12 gnG=18.46 gnD=10.73 it_per_s=10.97
2026-10-04 18:47:46,701 INFO iter=855200 epoch=122 lr=1.12e-05 G=1.796 advA2B=0.805 advB2A=0.601 cycA=0.089 cycB=0.105 idtA=0.154 idtB=0.103 D_A=0.113 D_B=0.061 D_A(real)=0.88 D_A(fake)=0.12 gnG=18.45 gnD=10.72 it_per_s=10.97
2026-10-04 18:47:55,850 INFO iter=855300 epoch=122 lr=1.12e-05 G=1.795 advA2B=0.804 advB2A=0.602 cycA=0.089 cycB=0.105 idtA=0.154 idtB=0.103 D_A=0.112 D_B=0.061 D_A(real)=0.88 D_A(fake)=0.12 gnG=18.46 gnD=10.73 it_per_s=10.97
2026-10-04 18:48:04,996 INFO iter=855400 epoch=122 lr=1.11e-05 G=1.794 advA2B=0.804 advB2A=0.601 cycA=0.089 cycB=0.105 idtA=0.154 idtB=0.103 D_A=0.113 D_B=0.061 D_A(real)=0.88 D_A(fake)=0.12 gnG=18.46 gnD=10.72 it_per_s=10.97
2026-10-04 18:48:14,107 INFO iter=855500 epoch=122 lr=1.11e-05 G=1.796 advA2B=0.805 advB2A=0.603 cycA=0.089 cycB=0.105 idtA=0.154 idtB=0.103 D_A=0.113 D_B=0.061 D_A(real)=0.88 D_A(fake)=0.12 gnG=18.51 gnD=10.73 it_per_s=10.97
2026-10-04 18:48:23,114 INFO iter=855600 epoch=122 lr=1.11e-05 G=1.796 advA2B=0.805 advB2A=0.602 cycA=0.089 cycB=0.105 idtA=0.154 idtB=0.102 D_A=0.113 D_B=0.061 D_A(real)=0.88 D_A(fake)=0.12 gnG=18.45 gnD=10.74 it_per_s=10.98
2026-10-04 18:48:32,236 INFO iter=855700 epoch=122 lr=1.10e-05 G=1.797 advA2B=0.805 advB2A=0.603 cycA=0.089 cycB=0.105 idtA=0.154 idtB=0.102 D_A=0.113 D_B=0.061 D_A(real)=0.88 D_A(fake)=0.12 gnG=18.44 gnD=10.73 it_per_s=10.97
2026-10-04 18:48:41,191 INFO iter=855800 epoch=122 lr=1.10e-05 G=1.796 advA2B=0.805 advB2A=0.602 cycA=0.089 cycB=0.105 idtA=0.154 idtB=0.102 D_A=0.113 D_B=0.061 D_A(real)=0.88 D_A(fake)=0.12 gnG=18.39 gnD=10.72 it_per_s=10.98
2026-10-04 18:48:50,017 INFO iter=855900 epoch=122 lr=1.10e-05 G=1.796 advA2B=0.806 advB2A=0.602 cycA=0.089 cycB=0.105 idtA=0.154 idtB=0.102 D_A=0.113 D_B=0.061 D_A(real)=0.88 D_A(fake)=0.12 gnG=18.38 gnD=10.72 it_per_s=10.99
2026-10-04 18:48:59,149 INFO iter=856000 epoch=122 lr=1.09e-05 G=1.797 advA2B=0.806 advB2A=0.602 cycA=0.089 cycB=0.105 idtA=0.154 idtB=0.102 D_A=0.113 D_B=0.061 D_A(real)=0.88 D_A(fake)=0.12 gnG=18.40 gnD=10.71 it_per_s=10.99
2026-10-04 18:49:08,284 INFO iter=856100 epoch=122 lr=1.09e-05 G=1.796 advA2B=0.806 advB2A=0.602 cycA=0.089 cycB=0.105 idtA=0.154 idtB=0.103 D_A=0.113 D_B=0.061 D_A(real)=0.88 D_A(fake)=0.12 gnG=18.40 gnD=10.72 it_per_s=10.99
2026-10-04 18:49:16,964 INFO iter=856200 epoch=122 lr=1.09e-05 G=1.796 advA2B=0.806 advB2A=0.602 cycA=0.089 cycB=0.105 idtA=0.154 idtB=0.102 D_A=0.113 D_B=0.061 D_A(real)=0.88 D_A(fake)=0.12 gnG=18.37 gnD=10.72 it_per_s=11.00
2026-10-04 18:49:26,016 INFO iter=856300 epoch=122 lr=1.08e-05 G=1.796 advA2B=0.806 advB2A=0.602 cycA=0.089 cycB=0.105 idtA=0.154 idtB=0.103 D_A=0.113 D_B=0.061 D_A(real)=0.88 D_A(fake)=0.12 gnG=18.38 gnD=10.73 it_per_s=11.00
2026-10-04 18:49:35,162 INFO iter=856400 epoch=122 lr=1.08e-05 G=1.796 advA2B=0.806 advB2A=0.602 cycA=0.089 cycB=0.105 idtA=0.154 idtB=0.102 D_A=0.113 D_B=0.061 D_A(real)=0.88 D_A(fake)=0.12 gnG=18.37 gnD=10.72 it_per_s=11.00
2026-10-04 18:49:44,101 INFO iter=856500 epoch=122 lr=1.08e-05 G=1.796 advA2B=0.806 advB2A=0.603 cycA=0.089 cycB=0.105 idtA=0.154 idtB=0.102 D_A=0.112 D_B=0.061 D_A(real)=0.88 D_A(fake)=0.12 gnG=18.44 gnD=10.72 it_per_s=11.00
2026-10-04 18:49:53,154 INFO iter=856600 epoch=122 lr=1.07e-05 G=1.797 advA2B=0.806 advB2A=0.602 cycA=0.089 cycB=0.105 idtA=0.154 idtB=0.103 D_A=0.112 D_B=0.061 D_A(real)=0.88 D_A(fake)=0.12 gnG=18.43 gnD=10.72 it_per_s=11.00
2026-10-04 18:50:02,295 INFO iter=856700 epoch=122 lr=1.07e-05 G=1.797 advA2B=0.806 advB2A=0.602 cycA=0.089 cycB=0.105 idtA=0.154 idtB=0.103 D_A=0.112 D_B=0.061 D_A(real)=0.88 D_A(fake)=0.12 gnG=18.36 gnD=10.72 it_per_s=11.00
2026-10-04 18:50:11,394 INFO iter=856800 epoch=122 lr=1.07e-05 G=1.797 advA2B=0.806 advB2A=0.602 cycA=0.089 cycB=0.105 idtA=0.154 idtB=0.103 D_A=0.112 D_B=0.060 D_A(real)=0.88 D_A(fake)=0.12 gnG=18.36 gnD=10.71 it_per_s=11.00
2026-10-04 18:50:20,478 INFO iter=856900 epoch=122 lr=1.06e-05 G=1.796 advA2B=0.806 advB2A=0.602 cycA=0.089 cycB=0.105 idtA=0.154 idtB=0.102 D_A=0.112 D_B=0.060 D_A(real)=0.88 D_A(fake)=0.12 gnG=18.34 gnD=10.71 it_per_s=11.00
2026-10-04 18:50:29,598 INFO iter=857000 epoch=122 lr=1.06e-05 G=1.796 advA2B=0.806 advB2A=0.602 cycA=0.089 cycB=0.105 idtA=0.154 idtB=0.102 D_A=0.112 D_B=0.061 D_A(real)=0.88 D_A(fake)=0.12 gnG=18.36 gnD=10.71 it_per_s=11.00
2026-10-04 18:50:38,639 INFO iter=857100 epoch=122 lr=1.05e-05 G=1.796 advA2B=0.805 advB2A=0.602 cycA=0.089 cycB=0.105 idtA=0.154 idtB=0.102 D_A=0.112 D_B=0.061 D_A(real)=0.88 D_A(fake)=0.12 gnG=18.35 gnD=10.71 it_per_s=11.00
2026-10-04 18:50:47,657 INFO iter=857200 epoch=122 lr=1.05e-05 G=1.795 advA2B=0.805 advB2A=0.601 cycA=0.089 cycB=0.105 idtA=0.154 idtB=0.102 D_A=0.112 D_B=0.061 D_A(real)=0.89 D_A(fake)=0.11 gnG=18.34 gnD=10.71 it_per_s=11.00
2026-10-04 18:50:56,747 INFO iter=857300 epoch=122 lr=1.05e-05 G=1.796 advA2B=0.806 advB2A=0.601 cycA=0.089 cycB=0.105 idtA=0.154 idtB=0.102 D_A=0.112 D_B=0.061 D_A(real)=0.89 D_A(fake)=0.11 gnG=18.34 gnD=10.70 it_per_s=11.00
2026-10-04 18:51:05,882 INFO iter=857400 epoch=122 lr=1.04e-05 G=1.795 advA2B=0.806 advB2A=0.601 cycA=0.089 cycB=0.105 idtA=0.154 idtB=0.103 D_A=0.112 D_B=0.061 D_A(real)=0.88 D_A(fake)=0.12 gnG=18.30 gnD=10.71 it_per_s=11.00
2026-10-04 18:51:14,979 INFO iter=857500 epoch=122 lr=1.04e-05 G=1.795 advA2B=0.806 advB2A=0.601 cycA=0.089 cycB=0.105 idtA=0.154 idtB=0.102 D_A=0.112 D_B=0.061 D_A(real)=0.88 D_A(fake)=0.12 gnG=18.28 gnD=10.72 it_per_s=11.00
2026-10-04 18:51:24,141 INFO iter=857600 epoch=122 lr=1.04e-05 G=1.795 advA2B=0.806 advB2A=0.601 cycA=0.089 cycB=0.105 idtA=0.154 idtB=0.103 D_A=0.112 D_B=0.061 D_A(real)=0.88 D_A(fake)=0.12 gnG=18.32 gnD=10.72 it_per_s=11.00
2026-10-04 18:51:33,242 INFO iter=857700 epoch=122 lr=1.03e-05 G=1.796 advA2B=0.806 advB2A=0.601 cycA=0.089 cycB=0.105 idtA=0.154 idtB=0.103 D_A=0.112 D_B=0.061 D_A(real)=0.88 D_A(fake)=0.12 gnG=18.34 gnD=10.72 it_per_s=11.00
2026-10-04 18:51:42,337 INFO iter=857800 epoch=122 lr=1.03e-05 G=1.795 advA2B=0.805 advB2A=0.601 cycA=0.089 cycB=0.105 idtA=0.154 idtB=0.103 D_A=0.112 D_B=0.061 D_A(real)=0.88 D_A(fake)=0.12 gnG=18.35 gnD=10.73 it_per_s=11.00
2026-10-04 18:51:51,440 INFO iter=857900 epoch=122 lr=1.03e-05 G=1.795 advA2B=0.805 advB2A=0.601 cycA=0.089 cycB=0.105 idtA=0.154 idtB=0.103 D_A=0.112 D_B=0.061 D_A(real)=0.89 D_A(fake)=0.11 gnG=18.33 gnD=10.72 it_per_s=11.00
2026-10-04 18:52:00,475 INFO iter=858000 epoch=122 lr=1.02e-05 G=1.795 advA2B=0.806 advB2A=0.601 cycA=0.089 cycB=0.105 idtA=0.154 idtB=0.103 D_A=0.111 D_B=0.061 D_A(real)=0.89 D_A(fake)=0.11 gnG=18.32 gnD=10.72 it_per_s=11.00
2026-10-04 18:52:09,559 INFO iter=858100 epoch=122 lr=1.02e-05 G=1.797 advA2B=0.805 advB2A=0.602 cycA=0.089 cycB=0.105 idtA=0.154 idtB=0.103 D_A=0.111 D_B=0.061 D_A(real)=0.89 D_A(fake)=0.11 gnG=18.34 gnD=10.73 it_per_s=11.00
2026-10-04 18:52:18,752 INFO iter=858200 epoch=122 lr=1.02e-05 G=1.796 advA2B=0.805 advB2A=0.602 cycA=0.089 cycB=0.105 idtA=0.154 idtB=0.103 D_A=0.111 D_B=0.061 D_A(real)=0.89 D_A(fake)=0.11 gnG=18.32 gnD=10.73 it_per_s=11.00
2026-10-04 18:52:27,826 INFO iter=858300 epoch=122 lr=1.01e-05 G=1.796 advA2B=0.805 advB2A=0.602 cycA=0.089 cycB=0.105 idtA=0.154 idtB=0.103 D_A=0.111 D_B=0.061 D_A(real)=0.89 D_A(fake)=0.11 gnG=18.35 gnD=10.74 it_per_s=11.00
2026-10-04 18:52:36,977 INFO iter=858400 epoch=122 lr=1.01e-05 G=1.795 advA2B=0.805 advB2A=0.602 cycA=0.089 cycB=0.105 idtA=0.154 idtB=0.103 D_A=0.111 D_B=0.061 D_A(real)=0.89 D_A(fake)=0.11 gnG=18.39 gnD=10.74 it_per_s=11.00
2026-10-04 18:52:46,209 INFO iter=858500 epoch=122 lr=1.00e-05 G=1.796 advA2B=0.805 advB2A=0.602 cycA=0.089 cycB=0.105 idtA=0.154 idtB=0.103 D_A=0.111 D_B=0.061 D_A(real)=0.89 D_A(fake)=0.11 gnG=18.42 gnD=10.74 it_per_s=10.99
2026-10-04 18:52:55,391 INFO iter=858600 epoch=122 lr=1.00e-05 G=1.796 advA2B=0.805 advB2A=0.602 cycA=0.089 cycB=0.105 idtA=0.154 idtB=0.103 D_A=0.111 D_B=0.061 D_A(real)=0.89 D_A(fake)=0.11 gnG=18.39 gnD=10.74 it_per_s=10.99
2026-10-04 18:52:58,800 INFO epoch=122 done time_s=640 it_per_s=10.99 G=1.796 cycA=0.089 cycB=0.105 idtA=0.155 idtB=0.103 D_A=0.111 D_B=0.061 D_A(real)=0.89 D_A(fake)=0.11 nan_count=0
2026-10-04 18:53:05,843 INFO iter=858700 epoch=123 lr=9.98e-06 G=1.843 advA2B=0.856 advB2A=0.598 cycA=0.088 cycB=0.106 idtA=0.161 idtB=0.113 D_A=0.119 D_B=0.047 D_A(real)=0.84 D_A(fake)=0.15 gnG=19.19 gnD=9.89 it_per_s=10.50
2026-10-04 18:53:14,949 INFO iter=858800 epoch=123 lr=9.94e-06 G=1.808 advA2B=0.815 advB2A=0.604 cycA=0.089 cycB=0.105 idtA=0.161 idtB=0.105 D_A=0.111 D_B=0.052 D_A(real)=0.88 D_A(fake)=0.12 gnG=17.91 gnD=9.97 it_per_s=10.79
2026-10-04 18:53:24,064 INFO iter=858900 epoch=123 lr=9.91e-06 G=1.822 advA2B=0.820 advB2A=0.613 cycA=0.090 cycB=0.105 idtA=0.158 idtB=0.108 D_A=0.115 D_B=0.052 D_A(real)=0.87 D_A(fake)=0.13 gnG=19.37 gnD=10.58 it_per_s=10.86
2026-10-04 18:53:33,205 INFO iter=859000 epoch=123 lr=9.87e-06 G=1.833 advA2B=0.833 advB2A=0.608 cycA=0.090 cycB=0.105 idtA=0.158 idtB=0.108 D_A=0.115 D_B=0.055 D_A(real)=0.88 D_A(fake)=0.12 gnG=19.11 gnD=10.68 it_per_s=10.88
2026-10-04 18:53:42,352 INFO iter=859100 epoch=123 lr=9.84e-06 G=1.838 advA2B=0.833 advB2A=0.613 cycA=0.090 cycB=0.106 idtA=0.157 idtB=0.107 D_A=0.114 D_B=0.055 D_A(real)=0.88 D_A(fake)=0.12 gnG=19.38 gnD=10.74 it_per_s=10.89
2026-10-04 18:53:51,442 INFO iter=859200 epoch=123 lr=9.80e-06 G=1.829 advA2B=0.828 advB2A=0.610 cycA=0.091 cycB=0.105 idtA=0.158 idtB=0.105 D_A=0.115 D_B=0.055 D_A(real)=0.88 D_A(fake)=0.12 gnG=19.18 gnD=10.78 it_per_s=10.91
2026-10-04 18:54:00,648 INFO iter=859300 epoch=123 lr=9.76e-06 G=1.828 advA2B=0.827 advB2A=0.610 cycA=0.091 cycB=0.105 idtA=0.157 idtB=0.105 D_A=0.115 D_B=0.055 D_A(real)=0.88 D_A(fake)=0.12 gnG=18.79 gnD=10.79 it_per_s=10.90
2026-10-04 18:54:09,818 INFO iter=859400 epoch=123 lr=9.73e-06 G=1.822 advA2B=0.828 advB2A=0.605 cycA=0.090 cycB=0.104 idtA=0.157 idtB=0.105 D_A=0.113 D_B=0.056 D_A(real)=0.88 D_A(fake)=0.12 gnG=18.58 gnD=10.76 it_per_s=10.90
2026-10-04 18:54:18,914 INFO iter=859500 epoch=123 lr=9.69e-06 G=1.823 advA2B=0.828 advB2A=0.606 cycA=0.090 cycB=0.105 idtA=0.156 idtB=0.104 D_A=0.112 D_B=0.056 D_A(real)=0.88 D_A(fake)=0.12 gnG=18.71 gnD=10.72 it_per_s=10.91
2026-10-04 18:54:28,034 INFO iter=859600 epoch=123 lr=9.66e-06 G=1.820 advA2B=0.826 advB2A=0.605 cycA=0.090 cycB=0.105 idtA=0.156 idtB=0.105 D_A=0.112 D_B=0.056 D_A(real)=0.88 D_A(fake)=0.12 gnG=18.61 gnD=10.77 it_per_s=10.92
2026-10-04 18:54:37,233 INFO iter=859700 epoch=123 lr=9.62e-06 G=1.818 advA2B=0.823 advB2A=0.606 cycA=0.090 cycB=0.105 idtA=0.156 idtB=0.105 D_A=0.112 D_B=0.056 D_A(real)=0.88 D_A(fake)=0.11 gnG=18.64 gnD=10.78 it_per_s=10.91
2026-10-04 18:54:46,322 INFO iter=859800 epoch=123 lr=9.59e-06 G=1.818 advA2B=0.824 advB2A=0.606 cycA=0.089 cycB=0.105 idtA=0.156 idtB=0.105 D_A=0.111 D_B=0.057 D_A(real)=0.89 D_A(fake)=0.11 gnG=18.81 gnD=10.80 it_per_s=10.92
2026-10-04 18:54:55,500 INFO iter=859900 epoch=123 lr=9.55e-06 G=1.817 advA2B=0.825 advB2A=0.603 cycA=0.090 cycB=0.105 idtA=0.155 idtB=0.105 D_A=0.110 D_B=0.057 D_A(real)=0.89 D_A(fake)=0.11 gnG=18.84 gnD=10.82 it_per_s=10.92
2026-10-04 18:55:04,639 INFO iter=860000 epoch=123 lr=9.52e-06 G=1.815 advA2B=0.824 advB2A=0.602 cycA=0.090 cycB=0.105 idtA=0.155 idtB=0.105 D_A=0.111 D_B=0.058 D_A(real)=0.89 D_A(fake)=0.11 gnG=18.77 gnD=10.84 it_per_s=10.92
2026-10-04 18:55:13,715 INFO iter=860100 epoch=123 lr=9.48e-06 G=1.815 advA2B=0.822 advB2A=0.602 cycA=0.090 cycB=0.105 idtA=0.155 idtB=0.106 D_A=0.110 D_B=0.058 D_A(real)=0.89 D_A(fake)=0.11 gnG=18.81 gnD=10.89 it_per_s=10.93
2026-10-04 18:55:22,842 INFO iter=860200 epoch=123 lr=9.44e-06 G=1.813 advA2B=0.822 advB2A=0.602 cycA=0.090 cycB=0.105 idtA=0.155 idtB=0.105 D_A=0.110 D_B=0.058 D_A(real)=0.89 D_A(fake)=0.11 gnG=18.74 gnD=10.87 it_per_s=10.93
2026-10-04 18:55:31,911 INFO iter=860300 epoch=123 lr=9.41e-06 G=1.810 advA2B=0.818 advB2A=0.603 cycA=0.089 cycB=0.105 idtA=0.155 idtB=0.105 D_A=0.111 D_B=0.058 D_A(real)=0.88 D_A(fake)=0.11 gnG=18.82 gnD=10.98 it_per_s=10.94
2026-10-04 18:55:41,048 INFO iter=860400 epoch=123 lr=9.37e-06 G=1.811 advA2B=0.819 advB2A=0.603 cycA=0.089 cycB=0.105 idtA=0.155 idtB=0.105 D_A=0.110 D_B=0.058 D_A(real)=0.89 D_A(fake)=0.11 gnG=18.76 gnD=10.91 it_per_s=10.94
2026-10-04 18:55:50,211 INFO iter=860500 epoch=123 lr=9.34e-06 G=1.811 advA2B=0.817 advB2A=0.605 cycA=0.089 cycB=0.105 idtA=0.155 idtB=0.104 D_A=0.110 D_B=0.058 D_A(real)=0.89 D_A(fake)=0.11 gnG=18.84 gnD=10.90 it_per_s=10.93
2026-10-04 18:55:59,361 INFO iter=860600 epoch=123 lr=9.30e-06 G=1.811 advA2B=0.816 advB2A=0.605 cycA=0.089 cycB=0.105 idtA=0.155 idtB=0.104 D_A=0.110 D_B=0.058 D_A(real)=0.89 D_A(fake)=0.11 gnG=18.94 gnD=10.89 it_per_s=10.93
2026-10-04 18:56:08,472 INFO iter=860700 epoch=123 lr=9.27e-06 G=1.809 advA2B=0.815 advB2A=0.605 cycA=0.090 cycB=0.105 idtA=0.155 idtB=0.104 D_A=0.110 D_B=0.058 D_A(real)=0.89 D_A(fake)=0.11 gnG=18.99 gnD=10.89 it_per_s=10.94
2026-10-04 18:56:17,619 INFO iter=860800 epoch=123 lr=9.23e-06 G=1.809 advA2B=0.815 advB2A=0.606 cycA=0.089 cycB=0.105 idtA=0.155 idtB=0.104 D_A=0.111 D_B=0.058 D_A(real)=0.89 D_A(fake)=0.11 gnG=19.00 gnD=10.87 it_per_s=10.94
2026-10-04 18:56:26,709 INFO iter=860900 epoch=123 lr=9.20e-06 G=1.809 advA2B=0.816 advB2A=0.604 cycA=0.089 cycB=0.105 idtA=0.155 idtB=0.104 D_A=0.111 D_B=0.058 D_A(real)=0.89 D_A(fake)=0.11 gnG=18.94 gnD=10.84 it_per_s=10.94
2026-10-04 18:56:35,879 INFO iter=861000 epoch=123 lr=9.16e-06 G=1.809 advA2B=0.816 advB2A=0.605 cycA=0.089 cycB=0.105 idtA=0.155 idtB=0.104 D_A=0.111 D_B=0.058 D_A(real)=0.89 D_A(fake)=0.11 gnG=19.00 gnD=10.83 it_per_s=10.94
2026-10-04 18:56:45,045 INFO iter=861100 epoch=123 lr=9.13e-06 G=1.811 advA2B=0.816 advB2A=0.606 cycA=0.089 cycB=0.105 idtA=0.155 idtB=0.104 D_A=0.111 D_B=0.058 D_A(real)=0.89 D_A(fake)=0.11 gnG=19.05 gnD=10.84 it_per_s=10.94
2026-10-04 18:56:54,222 INFO iter=861200 epoch=123 lr=9.09e-06 G=1.810 advA2B=0.816 advB2A=0.606 cycA=0.089 cycB=0.105 idtA=0.155 idtB=0.104 D_A=0.110 D_B=0.058 D_A(real)=0.89 D_A(fake)=0.11 gnG=18.96 gnD=10.84 it_per_s=10.94
2026-10-04 18:57:03,410 INFO iter=861300 epoch=123 lr=9.05e-06 G=1.810 advA2B=0.816 advB2A=0.606 cycA=0.089 cycB=0.105 idtA=0.155 idtB=0.104 D_A=0.110 D_B=0.058 D_A(real)=0.89 D_A(fake)=0.11 gnG=18.92 gnD=10.86 it_per_s=10.93
2026-10-04 18:57:12,482 INFO iter=861400 epoch=123 lr=9.02e-06 G=1.808 advA2B=0.814 advB2A=0.606 cycA=0.089 cycB=0.105 idtA=0.155 idtB=0.104 D_A=0.110 D_B=0.059 D_A(real)=0.88 D_A(fake)=0.12 gnG=18.86 gnD=10.92 it_per_s=10.94
2026-10-04 18:57:21,571 INFO iter=861500 epoch=123 lr=8.98e-06 G=1.809 advA2B=0.814 advB2A=0.607 cycA=0.089 cycB=0.105 idtA=0.155 idtB=0.104 D_A=0.110 D_B=0.058 D_A(real)=0.88 D_A(fake)=0.12 gnG=19.06 gnD=10.91 it_per_s=10.94
2026-10-04 18:57:30,807 INFO iter=861600 epoch=123 lr=8.95e-06 G=1.809 advA2B=0.815 advB2A=0.607 cycA=0.089 cycB=0.105 idtA=0.155 idtB=0.103 D_A=0.110 D_B=0.058 D_A(real)=0.88 D_A(fake)=0.12 gnG=19.02 gnD=10.89 it_per_s=10.93
2026-10-04 18:57:39,938 INFO iter=861700 epoch=123 lr=8.91e-06 G=1.810 advA2B=0.815 advB2A=0.607 cycA=0.089 cycB=0.105 idtA=0.155 idtB=0.104 D_A=0.110 D_B=0.058 D_A(real)=0.88 D_A(fake)=0.12 gnG=19.05 gnD=10.87 it_per_s=10.94
2026-10-04 18:57:49,081 INFO iter=861800 epoch=123 lr=8.88e-06 G=1.812 advA2B=0.817 advB2A=0.607 cycA=0.089 cycB=0.105 idtA=0.155 idtB=0.103 D_A=0.110 D_B=0.058 D_A(real)=0.88 D_A(fake)=0.12 gnG=18.99 gnD=10.83 it_per_s=10.94
2026-10-04 18:57:58,386 INFO iter=861900 epoch=123 lr=8.84e-06 G=1.812 advA2B=0.817 advB2A=0.606 cycA=0.089 cycB=0.105 idtA=0.155 idtB=0.103 D_A=0.110 D_B=0.058 D_A(real)=0.88 D_A(fake)=0.12 gnG=18.96 gnD=10.86 it_per_s=10.93
2026-10-04 18:58:07,558 INFO iter=862000 epoch=123 lr=8.81e-06 G=1.813 advA2B=0.817 advB2A=0.608 cycA=0.089 cycB=0.105 idtA=0.155 idtB=0.103 D_A=0.111 D_B=0.058 D_A(real)=0.88 D_A(fake)=0.12 gnG=19.04 gnD=10.87 it_per_s=10.93
2026-10-04 18:58:16,658 INFO iter=862100 epoch=123 lr=8.77e-06 G=1.812 advA2B=0.817 advB2A=0.607 cycA=0.089 cycB=0.105 idtA=0.155 idtB=0.103 D_A=0.111 D_B=0.058 D_A(real)=0.88 D_A(fake)=0.12 gnG=19.03 gnD=10.85 it_per_s=10.93
2026-10-04 18:58:25,795 INFO iter=862200 epoch=123 lr=8.73e-06 G=1.811 advA2B=0.816 advB2A=0.606 cycA=0.089 cycB=0.105 idtA=0.155 idtB=0.103 D_A=0.111 D_B=0.058 D_A(real)=0.88 D_A(fake)=0.12 gnG=19.04 gnD=10.85 it_per_s=10.93
2026-10-04 18:58:34,932 INFO iter=862300 epoch=123 lr=8.70e-06 G=1.812 advA2B=0.817 advB2A=0.606 cycA=0.089 cycB=0.105 idtA=0.156 idtB=0.103 D_A=0.111 D_B=0.058 D_A(real)=0.88 D_A(fake)=0.12 gnG=19.02 gnD=10.84 it_per_s=10.93
2026-10-04 18:58:44,064 INFO iter=862400 epoch=123 lr=8.66e-06 G=1.810 advA2B=0.816 advB2A=0.605 cycA=0.089 cycB=0.105 idtA=0.156 idtB=0.103 D_A=0.111 D_B=0.058 D_A(real)=0.88 D_A(fake)=0.12 gnG=18.99 gnD=10.85 it_per_s=10.93
2026-10-04 18:58:53,188 INFO iter=862500 epoch=123 lr=8.63e-06 G=1.810 advA2B=0.816 advB2A=0.605 cycA=0.089 cycB=0.105 idtA=0.156 idtB=0.103 D_A=0.111 D_B=0.058 D_A(real)=0.88 D_A(fake)=0.12 gnG=18.94 gnD=10.85 it_per_s=10.93
2026-10-04 18:59:02,287 INFO iter=862600 epoch=123 lr=8.59e-06 G=1.810 advA2B=0.816 advB2A=0.605 cycA=0.089 cycB=0.105 idtA=0.156 idtB=0.103 D_A=0.111 D_B=0.058 D_A(real)=0.88 D_A(fake)=0.12 gnG=18.88 gnD=10.86 it_per_s=10.93
2026-10-04 18:59:11,423 INFO iter=862700 epoch=123 lr=8.56e-06 G=1.810 advA2B=0.816 advB2A=0.605 cycA=0.089 cycB=0.105 idtA=0.156 idtB=0.103 D_A=0.111 D_B=0.058 D_A(real)=0.88 D_A(fake)=0.12 gnG=18.83 gnD=10.83 it_per_s=10.93
2026-10-04 18:59:20,543 INFO iter=862800 epoch=123 lr=8.52e-06 G=1.809 advA2B=0.816 advB2A=0.604 cycA=0.089 cycB=0.105 idtA=0.156 idtB=0.103 D_A=0.111 D_B=0.058 D_A(real)=0.88 D_A(fake)=0.12 gnG=18.82 gnD=10.84 it_per_s=10.93
2026-10-04 18:59:29,694 INFO iter=862900 epoch=123 lr=8.49e-06 G=1.811 advA2B=0.817 advB2A=0.604 cycA=0.089 cycB=0.105 idtA=0.156 idtB=0.103 D_A=0.111 D_B=0.058 D_A(real)=0.88 D_A(fake)=0.12 gnG=18.86 gnD=10.83 it_per_s=10.93
2026-10-04 18:59:38,785 INFO iter=863000 epoch=123 lr=8.45e-06 G=1.810 advA2B=0.816 advB2A=0.604 cycA=0.089 cycB=0.105 idtA=0.156 idtB=0.103 D_A=0.111 D_B=0.058 D_A(real)=0.88 D_A(fake)=0.12 gnG=18.80 gnD=10.83 it_per_s=10.94
2026-10-04 18:59:47,925 INFO iter=863100 epoch=123 lr=8.41e-06 G=1.811 advA2B=0.817 advB2A=0.604 cycA=0.090 cycB=0.105 idtA=0.156 idtB=0.103 D_A=0.111 D_B=0.058 D_A(real)=0.88 D_A(fake)=0.12 gnG=18.79 gnD=10.85 it_per_s=10.94
2026-10-04 18:59:57,033 INFO iter=863200 epoch=123 lr=8.38e-06 G=1.811 advA2B=0.817 advB2A=0.605 cycA=0.090 cycB=0.105 idtA=0.156 idtB=0.103 D_A=0.110 D_B=0.058 D_A(real)=0.88 D_A(fake)=0.12 gnG=18.82 gnD=10.83 it_per_s=10.94
2026-10-04 19:00:06,130 INFO iter=863300 epoch=123 lr=8.34e-06 G=1.811 advA2B=0.816 advB2A=0.605 cycA=0.089 cycB=0.105 idtA=0.156 idtB=0.103 D_A=0.110 D_B=0.058 D_A(real)=0.88 D_A(fake)=0.12 gnG=18.79 gnD=10.83 it_per_s=10.94
2026-10-04 19:00:15,183 INFO iter=863400 epoch=123 lr=8.31e-06 G=1.812 advA2B=0.817 advB2A=0.605 cycA=0.089 cycB=0.106 idtA=0.156 idtB=0.103 D_A=0.110 D_B=0.058 D_A(real)=0.88 D_A(fake)=0.12 gnG=18.78 gnD=10.82 it_per_s=10.94
2026-10-04 19:00:24,290 INFO iter=863500 epoch=123 lr=8.27e-06 G=1.811 advA2B=0.816 advB2A=0.605 cycA=0.089 cycB=0.106 idtA=0.156 idtB=0.103 D_A=0.110 D_B=0.058 D_A(real)=0.88 D_A(fake)=0.12 gnG=18.72 gnD=10.82 it_per_s=10.94
2026-10-04 19:00:33,397 INFO iter=863600 epoch=123 lr=8.24e-06 G=1.811 advA2B=0.816 advB2A=0.605 cycA=0.089 cycB=0.106 idtA=0.156 idtB=0.103 D_A=0.110 D_B=0.058 D_A(real)=0.88 D_A(fake)=0.12 gnG=18.77 gnD=10.82 it_per_s=10.94
2026-10-04 19:00:42,475 INFO iter=863700 epoch=123 lr=8.20e-06 G=1.810 advA2B=0.816 advB2A=0.605 cycA=0.089 cycB=0.106 idtA=0.156 idtB=0.103 D_A=0.110 D_B=0.058 D_A(real)=0.88 D_A(fake)=0.12 gnG=18.76 gnD=10.82 it_per_s=10.94
2026-10-04 19:00:51,554 INFO iter=863800 epoch=123 lr=8.17e-06 G=1.810 advA2B=0.816 advB2A=0.604 cycA=0.089 cycB=0.106 idtA=0.156 idtB=0.103 D_A=0.110 D_B=0.058 D_A(real)=0.88 D_A(fake)=0.12 gnG=18.77 gnD=10.82 it_per_s=10.95
2026-10-04 19:01:00,692 INFO iter=863900 epoch=123 lr=8.13e-06 G=1.809 advA2B=0.815 advB2A=0.604 cycA=0.089 cycB=0.106 idtA=0.156 idtB=0.103 D_A=0.110 D_B=0.058 D_A(real)=0.88 D_A(fake)=0.12 gnG=18.79 gnD=10.81 it_per_s=10.95
2026-10-04 19:01:09,769 INFO iter=864000 epoch=123 lr=8.09e-06 G=1.809 advA2B=0.815 advB2A=0.605 cycA=0.089 cycB=0.106 idtA=0.156 idtB=0.103 D_A=0.110 D_B=0.058 D_A(real)=0.88 D_A(fake)=0.12 gnG=18.79 gnD=10.82 it_per_s=10.95
2026-10-04 19:01:18,890 INFO iter=864100 epoch=123 lr=8.06e-06 G=1.810 advA2B=0.815 advB2A=0.605 cycA=0.089 cycB=0.106 idtA=0.156 idtB=0.103 D_A=0.110 D_B=0.058 D_A(real)=0.88 D_A(fake)=0.12 gnG=18.80 gnD=10.82 it_per_s=10.95
2026-10-04 19:01:28,012 INFO iter=864200 epoch=123 lr=8.02e-06 G=1.810 advA2B=0.815 advB2A=0.605 cycA=0.089 cycB=0.106 idtA=0.156 idtB=0.103 D_A=0.110 D_B=0.058 D_A(real)=0.88 D_A(fake)=0.12 gnG=18.80 gnD=10.83 it_per_s=10.95
2026-10-04 19:01:37,173 INFO iter=864300 epoch=123 lr=7.99e-06 G=1.810 advA2B=0.815 advB2A=0.605 cycA=0.089 cycB=0.106 idtA=0.156 idtB=0.103 D_A=0.110 D_B=0.058 D_A(real)=0.88 D_A(fake)=0.12 gnG=18.79 gnD=10.82 it_per_s=10.95
2026-10-04 19:01:46,276 INFO iter=864400 epoch=123 lr=7.95e-06 G=1.810 advA2B=0.815 advB2A=0.605 cycA=0.089 cycB=0.106 idtA=0.156 idtB=0.103 D_A=0.110 D_B=0.058 D_A(real)=0.88 D_A(fake)=0.12 gnG=18.80 gnD=10.83 it_per_s=10.95
2026-10-04 19:01:55,511 INFO iter=864500 epoch=123 lr=7.92e-06 G=1.810 advA2B=0.815 advB2A=0.605 cycA=0.089 cycB=0.106 idtA=0.156 idtB=0.103 D_A=0.110 D_B=0.058 D_A(real)=0.88 D_A(fake)=0.12 gnG=18.77 gnD=10.82 it_per_s=10.95
2026-10-04 19:02:04,595 INFO iter=864600 epoch=123 lr=7.88e-06 G=1.810 advA2B=0.814 advB2A=0.605 cycA=0.089 cycB=0.106 idtA=0.156 idtB=0.103 D_A=0.110 D_B=0.058 D_A(real)=0.88 D_A(fake)=0.12 gnG=18.80 gnD=10.81 it_per_s=10.95
2026-10-04 19:02:13,654 INFO iter=864700 epoch=123 lr=7.85e-06 G=1.810 advA2B=0.815 advB2A=0.605 cycA=0.089 cycB=0.106 idtA=0.156 idtB=0.103 D_A=0.111 D_B=0.058 D_A(real)=0.88 D_A(fake)=0.12 gnG=18.82 gnD=10.81 it_per_s=10.95
2026-10-04 19:02:22,692 INFO iter=864800 epoch=123 lr=7.81e-06 G=1.810 advA2B=0.814 advB2A=0.606 cycA=0.089 cycB=0.106 idtA=0.156 idtB=0.103 D_A=0.111 D_B=0.058 D_A(real)=0.88 D_A(fake)=0.12 gnG=18.83 gnD=10.82 it_per_s=10.95
2026-10-04 19:02:31,787 INFO iter=864900 epoch=123 lr=7.78e-06 G=1.810 advA2B=0.814 advB2A=0.606 cycA=0.089 cycB=0.106 idtA=0.156 idtB=0.103 D_A=0.111 D_B=0.058 D_A(real)=0.88 D_A(fake)=0.12 gnG=18.81 gnD=10.83 it_per_s=10.95
2026-10-04 19:02:40,952 INFO iter=865000 epoch=123 lr=7.74e-06 G=1.810 advA2B=0.814 advB2A=0.606 cycA=0.089 cycB=0.106 idtA=0.156 idtB=0.103 D_A=0.111 D_B=0.058 D_A(real)=0.88 D_A(fake)=0.12 gnG=18.82 gnD=10.83 it_per_s=10.95
2026-10-04 19:02:50,297 INFO iter=865100 epoch=123 lr=7.70e-06 G=1.810 advA2B=0.813 advB2A=0.607 cycA=0.089 cycB=0.106 idtA=0.156 idtB=0.103 D_A=0.111 D_B=0.058 D_A(real)=0.88 D_A(fake)=0.12 gnG=18.83 gnD=10.82 it_per_s=10.95
2026-10-04 19:02:59,610 INFO iter=865200 epoch=123 lr=7.67e-06 G=1.810 advA2B=0.813 advB2A=0.607 cycA=0.089 cycB=0.106 idtA=0.156 idtB=0.103 D_A=0.111 D_B=0.058 D_A(real)=0.88 D_A(fake)=0.12 gnG=18.84 gnD=10.83 it_per_s=10.94
2026-10-04 19:03:08,775 INFO iter=865300 epoch=123 lr=7.63e-06 G=1.811 advA2B=0.814 advB2A=0.607 cycA=0.089 cycB=0.106 idtA=0.156 idtB=0.103 D_A=0.111 D_B=0.058 D_A(real)=0.88 D_A(fake)=0.12 gnG=18.81 gnD=10.81 it_per_s=10.94
2026-10-04 19:03:18,307 INFO iter=865400 epoch=123 lr=7.60e-06 G=1.811 advA2B=0.814 advB2A=0.607 cycA=0.089 cycB=0.106 idtA=0.156 idtB=0.103 D_A=0.111 D_B=0.058 D_A(real)=0.88 D_A(fake)=0.12 gnG=18.79 gnD=10.81 it_per_s=10.93
2026-10-04 19:03:27,551 INFO iter=865500 epoch=123 lr=7.56e-06 G=1.812 advA2B=0.814 advB2A=0.607 cycA=0.089 cycB=0.106 idtA=0.156 idtB=0.103 D_A=0.111 D_B=0.058 D_A(real)=0.88 D_A(fake)=0.12 gnG=18.78 gnD=10.80 it_per_s=10.93
2026-10-04 19:03:36,871 INFO iter=865600 epoch=123 lr=7.53e-06 G=1.811 advA2B=0.814 advB2A=0.607 cycA=0.089 cycB=0.106 idtA=0.156 idtB=0.103 D_A=0.110 D_B=0.058 D_A(real)=0.88 D_A(fake)=0.12 gnG=18.75 gnD=10.79 it_per_s=10.93
2026-10-04 19:03:43,667 INFO epoch=123 done time_s=644 it_per_s=10.93 G=1.811 cycA=0.089 cycB=0.106 idtA=0.156 idtB=0.103 D_A=0.111 D_B=0.058 D_A(real)=0.88 D_A(fake)=0.12 nan_count=0
2026-10-04 19:03:46,998 INFO iter=865700 epoch=124 lr=7.49e-06 G=1.766 advA2B=0.791 advB2A=0.575 cycA=0.089 cycB=0.111 idtA=0.143 idtB=0.103 D_A=0.100 D_B=0.048 D_A(real)=0.90 D_A(fake)=0.10 gnG=18.41 gnD=10.53 it_per_s=10.69
2026-10-04 19:03:56,575 INFO iter=865800 epoch=124 lr=7.46e-06 G=1.850 advA2B=0.837 advB2A=0.625 cycA=0.086 cycB=0.108 idtA=0.151 idtB=0.108 D_A=0.109 D_B=0.052 D_A(real)=0.88 D_A(fake)=0.12 gnG=20.05 gnD=10.59 it_per_s=10.49
2026-10-04 19:04:05,864 INFO iter=865900 epoch=124 lr=7.42e-06 G=1.838 advA2B=0.826 advB2A=0.627 cycA=0.088 cycB=0.105 idtA=0.154 idtB=0.106 D_A=0.111 D_B=0.058 D_A(real)=0.88 D_A(fake)=0.12 gnG=20.79 gnD=11.11 it_per_s=10.61
2026-10-04 19:04:15,180 INFO iter=866000 epoch=124 lr=7.38e-06 G=1.820 advA2B=0.819 advB2A=0.617 cycA=0.088 cycB=0.104 idtA=0.154 idtB=0.105 D_A=0.109 D_B=0.060 D_A(real)=0.88 D_A(fake)=0.12 gnG=19.81 gnD=11.11 it_per_s=10.65
2026-10-04 19:04:24,775 INFO iter=866100 epoch=124 lr=7.35e-06 G=1.815 advA2B=0.817 advB2A=0.612 cycA=0.088 cycB=0.105 idtA=0.153 idtB=0.105 D_A=0.110 D_B=0.058 D_A(real)=0.88 D_A(fake)=0.12 gnG=19.99 gnD=11.06 it_per_s=10.59
2026-10-04 19:04:34,041 INFO iter=866200 epoch=124 lr=7.31e-06 G=1.823 advA2B=0.825 advB2A=0.610 cycA=0.088 cycB=0.106 idtA=0.153 idtB=0.106 D_A=0.111 D_B=0.058 D_A(real)=0.88 D_A(fake)=0.12 gnG=19.80 gnD=11.00 it_per_s=10.63
2026-10-04 19:04:43,083 INFO iter=866300 epoch=124 lr=7.28e-06 G=1.826 advA2B=0.823 advB2A=0.614 cycA=0.088 cycB=0.107 idtA=0.152 idtB=0.106 D_A=0.111 D_B=0.057 D_A(real)=0.88 D_A(fake)=0.12 gnG=19.85 gnD=10.92 it_per_s=10.70
2026-10-04 19:04:52,082 INFO iter=866400 epoch=124 lr=7.24e-06 G=1.829 advA2B=0.823 advB2A=0.617 cycA=0.088 cycB=0.107 idtA=0.152 idtB=0.105 D_A=0.111 D_B=0.057 D_A(real)=0.88 D_A(fake)=0.12 gnG=20.02 gnD=10.86 it_per_s=10.75
2026-10-04 19:05:01,130 INFO iter=866500 epoch=124 lr=7.21e-06 G=1.836 advA2B=0.826 advB2A=0.620 cycA=0.088 cycB=0.107 idtA=0.152 idtB=0.107 D_A=0.111 D_B=0.056 D_A(real)=0.88 D_A(fake)=0.12 gnG=20.28 gnD=10.80 it_per_s=10.79
2026-10-04 19:05:10,411 INFO iter=866600 epoch=124 lr=7.17e-06 G=1.832 advA2B=0.821 advB2A=0.621 cycA=0.088 cycB=0.107 idtA=0.152 idtB=0.106 D_A=0.110 D_B=0.056 D_A(real)=0.88 D_A(fake)=0.12 gnG=20.15 gnD=10.76 it_per_s=10.79
2026-10-04 19:05:19,545 INFO iter=866700 epoch=124 lr=7.14e-06 G=1.833 advA2B=0.825 advB2A=0.620 cycA=0.088 cycB=0.106 idtA=0.153 idtB=0.105 D_A=0.110 D_B=0.056 D_A(real)=0.88 D_A(fake)=0.12 gnG=20.19 gnD=10.74 it_per_s=10.80
2026-10-04 19:05:28,601 INFO iter=866800 epoch=124 lr=7.10e-06 G=1.828 advA2B=0.825 advB2A=0.615 cycA=0.089 cycB=0.106 idtA=0.153 idtB=0.104 D_A=0.110 D_B=0.055 D_A(real)=0.88 D_A(fake)=0.12 gnG=20.01 gnD=10.70 it_per_s=10.82
2026-10-04 19:05:37,763 INFO iter=866900 epoch=124 lr=7.06e-06 G=1.828 advA2B=0.824 advB2A=0.616 cycA=0.088 cycB=0.106 idtA=0.153 idtB=0.104 D_A=0.110 D_B=0.054 D_A(real)=0.88 D_A(fake)=0.12 gnG=20.07 gnD=10.67 it_per_s=10.83
2026-10-04 19:05:46,864 INFO iter=867000 epoch=124 lr=7.03e-06 G=1.831 advA2B=0.826 advB2A=0.617 cycA=0.088 cycB=0.106 idtA=0.153 idtB=0.104 D_A=0.111 D_B=0.054 D_A(real)=0.88 D_A(fake)=0.12 gnG=19.98 gnD=10.67 it_per_s=10.84
2026-10-04 19:05:55,995 INFO iter=867100 epoch=124 lr=6.99e-06 G=1.835 advA2B=0.826 advB2A=0.619 cycA=0.089 cycB=0.106 idtA=0.154 idtB=0.105 D_A=0.111 D_B=0.055 D_A(real)=0.88 D_A(fake)=0.12 gnG=19.93 gnD=10.65 it_per_s=10.85
2026-10-04 19:06:05,021 INFO iter=867200 epoch=124 lr=6.96e-06 G=1.835 advA2B=0.826 advB2A=0.618 cycA=0.089 cycB=0.106 idtA=0.154 idtB=0.104 D_A=0.111 D_B=0.054 D_A(real)=0.88 D_A(fake)=0.12 gnG=19.83 gnD=10.59 it_per_s=10.86
2026-10-04 19:06:14,193 INFO iter=867300 epoch=124 lr=6.92e-06 G=1.833 advA2B=0.824 advB2A=0.618 cycA=0.089 cycB=0.106 idtA=0.154 idtB=0.104 D_A=0.110 D_B=0.054 D_A(real)=0.88 D_A(fake)=0.12 gnG=19.85 gnD=10.59 it_per_s=10.87
2026-10-04 19:06:23,223 INFO iter=867400 epoch=124 lr=6.89e-06 G=1.831 advA2B=0.824 advB2A=0.618 cycA=0.089 cycB=0.106 idtA=0.155 idtB=0.104 D_A=0.111 D_B=0.054 D_A(real)=0.88 D_A(fake)=0.12 gnG=19.85 gnD=10.62 it_per_s=10.88
2026-10-04 19:06:32,387 INFO iter=867500 epoch=124 lr=6.85e-06 G=1.832 advA2B=0.825 advB2A=0.618 cycA=0.089 cycB=0.106 idtA=0.155 idtB=0.105 D_A=0.111 D_B=0.054 D_A(real)=0.88 D_A(fake)=0.12 gnG=19.73 gnD=10.62 it_per_s=10.88
2026-10-04 19:06:41,658 INFO iter=867600 epoch=124 lr=6.82e-06 G=1.832 advA2B=0.824 advB2A=0.618 cycA=0.089 cycB=0.106 idtA=0.154 idtB=0.104 D_A=0.110 D_B=0.054 D_A(real)=0.88 D_A(fake)=0.12 gnG=19.79 gnD=10.60 it_per_s=10.88
2026-10-04 19:06:50,845 INFO iter=867700 epoch=124 lr=6.78e-06 G=1.832 advA2B=0.825 advB2A=0.618 cycA=0.089 cycB=0.106 idtA=0.155 idtB=0.104 D_A=0.110 D_B=0.054 D_A(real)=0.88 D_A(fake)=0.12 gnG=19.77 gnD=10.57 it_per_s=10.88
2026-10-04 19:06:59,923 INFO iter=867800 epoch=124 lr=6.75e-06 G=1.834 advA2B=0.825 advB2A=0.619 cycA=0.089 cycB=0.106 idtA=0.155 idtB=0.104 D_A=0.110 D_B=0.053 D_A(real)=0.88 D_A(fake)=0.12 gnG=19.77 gnD=10.54 it_per_s=10.88
2026-10-04 19:07:09,074 INFO iter=867900 epoch=124 lr=6.71e-06 G=1.834 advA2B=0.825 advB2A=0.620 cycA=0.089 cycB=0.106 idtA=0.155 idtB=0.104 D_A=0.110 D_B=0.053 D_A(real)=0.88 D_A(fake)=0.12 gnG=19.77 gnD=10.57 it_per_s=10.88
2026-10-04 19:07:18,125 INFO iter=868000 epoch=124 lr=6.67e-06 G=1.834 advA2B=0.825 advB2A=0.619 cycA=0.089 cycB=0.107 idtA=0.155 idtB=0.104 D_A=0.109 D_B=0.053 D_A(real)=0.88 D_A(fake)=0.12 gnG=19.71 gnD=10.57 it_per_s=10.89
2026-10-04 19:07:27,314 INFO iter=868100 epoch=124 lr=6.64e-06 G=1.832 advA2B=0.823 advB2A=0.619 cycA=0.089 cycB=0.107 idtA=0.155 idtB=0.104 D_A=0.110 D_B=0.054 D_A(real)=0.88 D_A(fake)=0.12 gnG=19.69 gnD=10.60 it_per_s=10.89
2026-10-04 19:07:36,425 INFO iter=868200 epoch=124 lr=6.60e-06 G=1.830 advA2B=0.822 advB2A=0.618 cycA=0.089 cycB=0.106 idtA=0.155 idtB=0.104 D_A=0.110 D_B=0.054 D_A(real)=0.88 D_A(fake)=0.12 gnG=19.60 gnD=10.61 it_per_s=10.89
2026-10-04 19:07:45,538 INFO iter=868300 epoch=124 lr=6.57e-06 G=1.831 advA2B=0.822 advB2A=0.618 cycA=0.089 cycB=0.106 idtA=0.155 idtB=0.104 D_A=0.109 D_B=0.054 D_A(real)=0.88 D_A(fake)=0.12 gnG=19.65 gnD=10.60 it_per_s=10.90
2026-10-04 19:07:54,628 INFO iter=868400 epoch=124 lr=6.53e-06 G=1.833 advA2B=0.824 advB2A=0.620 cycA=0.089 cycB=0.106 idtA=0.156 idtB=0.104 D_A=0.110 D_B=0.054 D_A(real)=0.88 D_A(fake)=0.12 gnG=19.70 gnD=10.59 it_per_s=10.90
2026-10-04 19:08:03,779 INFO iter=868500 epoch=124 lr=6.50e-06 G=1.834 advA2B=0.825 advB2A=0.619 cycA=0.089 cycB=0.106 idtA=0.156 idtB=0.104 D_A=0.110 D_B=0.054 D_A(real)=0.88 D_A(fake)=0.12 gnG=19.66 gnD=10.60 it_per_s=10.90
2026-10-04 19:08:12,853 INFO iter=868600 epoch=124 lr=6.46e-06 G=1.833 advA2B=0.824 advB2A=0.619 cycA=0.089 cycB=0.106 idtA=0.156 idtB=0.104 D_A=0.110 D_B=0.054 D_A(real)=0.88 D_A(fake)=0.12 gnG=19.62 gnD=10.65 it_per_s=10.91
2026-10-04 19:08:21,935 INFO iter=868700 epoch=124 lr=6.43e-06 G=1.831 advA2B=0.823 advB2A=0.619 cycA=0.089 cycB=0.106 idtA=0.156 idtB=0.103 D_A=0.110 D_B=0.054 D_A(real)=0.88 D_A(fake)=0.12 gnG=19.58 gnD=10.66 it_per_s=10.91
2026-10-04 19:08:31,015 INFO iter=868800 epoch=124 lr=6.39e-06 G=1.831 advA2B=0.823 advB2A=0.618 cycA=0.089 cycB=0.106 idtA=0.155 idtB=0.103 D_A=0.110 D_B=0.054 D_A(real)=0.88 D_A(fake)=0.12 gnG=19.61 gnD=10.64 it_per_s=10.91
2026-10-04 19:08:40,076 INFO iter=868900 epoch=124 lr=6.35e-06 G=1.831 advA2B=0.823 advB2A=0.618 cycA=0.089 cycB=0.106 idtA=0.155 idtB=0.103 D_A=0.109 D_B=0.054 D_A(real)=0.88 D_A(fake)=0.12 gnG=19.57 gnD=10.66 it_per_s=10.92
2026-10-04 19:08:49,027 INFO iter=869000 epoch=124 lr=6.32e-06 G=1.831 advA2B=0.822 advB2A=0.618 cycA=0.089 cycB=0.106 idtA=0.156 idtB=0.103 D_A=0.109 D_B=0.055 D_A(real)=0.88 D_A(fake)=0.12 gnG=19.53 gnD=10.69 it_per_s=10.92
2026-10-04 19:08:58,062 INFO iter=869100 epoch=124 lr=6.28e-06 G=1.830 advA2B=0.821 advB2A=0.618 cycA=0.089 cycB=0.106 idtA=0.156 idtB=0.103 D_A=0.109 D_B=0.055 D_A(real)=0.88 D_A(fake)=0.12 gnG=19.49 gnD=10.69 it_per_s=10.93
2026-10-04 19:09:07,166 INFO iter=869200 epoch=124 lr=6.25e-06 G=1.830 advA2B=0.822 advB2A=0.618 cycA=0.089 cycB=0.106 idtA=0.156 idtB=0.103 D_A=0.109 D_B=0.055 D_A(real)=0.88 D_A(fake)=0.12 gnG=19.48 gnD=10.69 it_per_s=10.93
2026-10-04 19:09:16,054 INFO iter=869300 epoch=124 lr=6.21e-06 G=1.829 advA2B=0.821 advB2A=0.618 cycA=0.089 cycB=0.106 idtA=0.156 idtB=0.103 D_A=0.109 D_B=0.055 D_A(real)=0.88 D_A(fake)=0.12 gnG=19.52 gnD=10.71 it_per_s=10.94
2026-10-04 19:09:24,909 INFO iter=869400 epoch=124 lr=6.18e-06 G=1.827 advA2B=0.820 advB2A=0.617 cycA=0.089 cycB=0.106 idtA=0.156 idtB=0.103 D_A=0.109 D_B=0.055 D_A(real)=0.88 D_A(fake)=0.12 gnG=19.55 gnD=10.75 it_per_s=10.95
2026-10-04 19:09:34,039 INFO iter=869500 epoch=124 lr=6.14e-06 G=1.826 advA2B=0.820 advB2A=0.617 cycA=0.089 cycB=0.106 idtA=0.156 idtB=0.103 D_A=0.109 D_B=0.055 D_A(real)=0.88 D_A(fake)=0.12 gnG=19.55 gnD=10.75 it_per_s=10.95
2026-10-04 19:09:43,028 INFO iter=869600 epoch=124 lr=6.11e-06 G=1.827 advA2B=0.820 advB2A=0.617 cycA=0.089 cycB=0.106 idtA=0.156 idtB=0.103 D_A=0.109 D_B=0.055 D_A(real)=0.88 D_A(fake)=0.12 gnG=19.55 gnD=10.76 it_per_s=10.95
2026-10-04 19:09:51,717 INFO iter=869700 epoch=124 lr=6.07e-06 G=1.827 advA2B=0.820 advB2A=0.617 cycA=0.089 cycB=0.106 idtA=0.156 idtB=0.103 D_A=0.109 D_B=0.055 D_A(real)=0.88 D_A(fake)=0.12 gnG=19.57 gnD=10.78 it_per_s=10.97
2026-10-04 19:10:00,754 INFO iter=869800 epoch=124 lr=6.03e-06 G=1.827 advA2B=0.820 advB2A=0.617 cycA=0.089 cycB=0.106 idtA=0.155 idtB=0.103 D_A=0.109 D_B=0.055 D_A(real)=0.88 D_A(fake)=0.12 gnG=19.53 gnD=10.78 it_per_s=10.97
2026-10-04 19:10:09,851 INFO iter=869900 epoch=124 lr=6.00e-06 G=1.826 advA2B=0.820 advB2A=0.617 cycA=0.089 cycB=0.106 idtA=0.155 idtB=0.103 D_A=0.109 D_B=0.055 D_A(real)=0.88 D_A(fake)=0.12 gnG=19.56 gnD=10.77 it_per_s=10.97
2026-10-04 19:10:18,570 INFO iter=870000 epoch=124 lr=5.96e-06 G=1.827 advA2B=0.820 advB2A=0.617 cycA=0.089 cycB=0.106 idtA=0.155 idtB=0.103 D_A=0.109 D_B=0.055 D_A(real)=0.88 D_A(fake)=0.12 gnG=19.67 gnD=10.76 it_per_s=10.98
2026-10-04 19:10:27,541 INFO iter=870100 epoch=124 lr=5.93e-06 G=1.828 advA2B=0.820 advB2A=0.617 cycA=0.089 cycB=0.106 idtA=0.155 idtB=0.103 D_A=0.109 D_B=0.055 D_A(real)=0.88 D_A(fake)=0.12 gnG=19.72 gnD=10.76 it_per_s=10.98
2026-10-04 19:10:36,651 INFO iter=870200 epoch=124 lr=5.89e-06 G=1.830 advA2B=0.821 advB2A=0.618 cycA=0.089 cycB=0.106 idtA=0.155 idtB=0.103 D_A=0.109 D_B=0.055 D_A(real)=0.88 D_A(fake)=0.12 gnG=19.78 gnD=10.75 it_per_s=10.98
2026-10-04 19:10:45,542 INFO iter=870300 epoch=124 lr=5.86e-06 G=1.829 advA2B=0.821 advB2A=0.617 cycA=0.089 cycB=0.106 idtA=0.155 idtB=0.103 D_A=0.109 D_B=0.055 D_A(real)=0.88 D_A(fake)=0.12 gnG=19.76 gnD=10.75 it_per_s=10.99
2026-10-04 19:10:54,332 INFO iter=870400 epoch=124 lr=5.82e-06 G=1.828 advA2B=0.821 advB2A=0.617 cycA=0.089 cycB=0.106 idtA=0.155 idtB=0.103 D_A=0.109 D_B=0.055 D_A(real)=0.88 D_A(fake)=0.12 gnG=19.84 gnD=10.75 it_per_s=11.00
2026-10-04 19:11:03,423 INFO iter=870500 epoch=124 lr=5.79e-06 G=1.829 advA2B=0.821 advB2A=0.618 cycA=0.089 cycB=0.106 idtA=0.155 idtB=0.103 D_A=0.109 D_B=0.055 D_A(real)=0.88 D_A(fake)=0.12 gnG=19.86 gnD=10.74 it_per_s=11.00
2026-10-04 19:11:12,535 INFO iter=870600 epoch=124 lr=5.75e-06 G=1.830 advA2B=0.821 advB2A=0.618 cycA=0.089 cycB=0.106 idtA=0.155 idtB=0.103 D_A=0.109 D_B=0.055 D_A(real)=0.88 D_A(fake)=0.12 gnG=19.89 gnD=10.74 it_per_s=11.00
2026-10-04 19:11:21,417 INFO iter=870700 epoch=124 lr=5.72e-06 G=1.829 advA2B=0.821 advB2A=0.618 cycA=0.089 cycB=0.106 idtA=0.155 idtB=0.103 D_A=0.109 D_B=0.055 D_A(real)=0.88 D_A(fake)=0.12 gnG=19.85 gnD=10.74 it_per_s=11.00
2026-10-04 19:11:30,554 INFO iter=870800 epoch=124 lr=5.68e-06 G=1.830 advA2B=0.821 advB2A=0.618 cycA=0.089 cycB=0.106 idtA=0.155 idtB=0.103 D_A=0.109 D_B=0.055 D_A(real)=0.88 D_A(fake)=0.12 gnG=19.87 gnD=10.74 it_per_s=11.00
2026-10-04 19:11:39,620 INFO iter=870900 epoch=124 lr=5.64e-06 G=1.830 advA2B=0.821 advB2A=0.618 cycA=0.089 cycB=0.106 idtA=0.155 idtB=0.103 D_A=0.109 D_B=0.055 D_A(real)=0.88 D_A(fake)=0.12 gnG=19.86 gnD=10.74 it_per_s=11.00
2026-10-04 19:11:48,329 INFO iter=871000 epoch=124 lr=5.61e-06 G=1.830 advA2B=0.821 advB2A=0.618 cycA=0.089 cycB=0.106 idtA=0.155 idtB=0.103 D_A=0.109 D_B=0.055 D_A(real)=0.88 D_A(fake)=0.12 gnG=19.83 gnD=10.74 it_per_s=11.01
2026-10-04 19:11:57,361 INFO iter=871100 epoch=124 lr=5.57e-06 G=1.830 advA2B=0.821 advB2A=0.618 cycA=0.089 cycB=0.106 idtA=0.155 idtB=0.103 D_A=0.109 D_B=0.055 D_A(real)=0.88 D_A(fake)=0.12 gnG=19.77 gnD=10.74 it_per_s=11.01
2026-10-04 19:12:06,549 INFO iter=871200 epoch=124 lr=5.54e-06 G=1.829 advA2B=0.820 advB2A=0.618 cycA=0.089 cycB=0.106 idtA=0.155 idtB=0.103 D_A=0.109 D_B=0.055 D_A(real)=0.88 D_A(fake)=0.12 gnG=19.79 gnD=10.75 it_per_s=11.01
2026-10-04 19:12:15,650 INFO iter=871300 epoch=124 lr=5.50e-06 G=1.828 advA2B=0.820 advB2A=0.617 cycA=0.089 cycB=0.106 idtA=0.155 idtB=0.103 D_A=0.109 D_B=0.055 D_A(real)=0.88 D_A(fake)=0.12 gnG=19.73 gnD=10.75 it_per_s=11.01
2026-10-04 19:12:24,815 INFO iter=871400 epoch=124 lr=5.47e-06 G=1.829 advA2B=0.820 advB2A=0.619 cycA=0.089 cycB=0.106 idtA=0.155 idtB=0.103 D_A=0.109 D_B=0.055 D_A(real)=0.88 D_A(fake)=0.12 gnG=19.78 gnD=10.73 it_per_s=11.01
2026-10-04 19:12:33,889 INFO iter=871500 epoch=124 lr=5.43e-06 G=1.829 advA2B=0.820 advB2A=0.619 cycA=0.089 cycB=0.106 idtA=0.155 idtB=0.103 D_A=0.109 D_B=0.055 D_A(real)=0.88 D_A(fake)=0.12 gnG=19.78 gnD=10.73 it_per_s=11.01
2026-10-04 19:12:42,970 INFO iter=871600 epoch=124 lr=5.40e-06 G=1.828 advA2B=0.819 advB2A=0.619 cycA=0.089 cycB=0.106 idtA=0.155 idtB=0.103 D_A=0.109 D_B=0.055 D_A(real)=0.88 D_A(fake)=0.12 gnG=19.77 gnD=10.74 it_per_s=11.01
2026-10-04 19:12:51,840 INFO iter=871700 epoch=124 lr=5.36e-06 G=1.829 advA2B=0.819 advB2A=0.619 cycA=0.089 cycB=0.106 idtA=0.155 idtB=0.103 D_A=0.108 D_B=0.055 D_A(real)=0.88 D_A(fake)=0.12 gnG=19.82 gnD=10.75 it_per_s=11.01
2026-10-04 19:13:00,961 INFO iter=871800 epoch=124 lr=5.32e-06 G=1.830 advA2B=0.820 advB2A=0.620 cycA=0.089 cycB=0.106 idtA=0.155 idtB=0.103 D_A=0.108 D_B=0.055 D_A(real)=0.88 D_A(fake)=0.12 gnG=19.86 gnD=10.75 it_per_s=11.01
2026-10-04 19:13:10,058 INFO iter=871900 epoch=124 lr=5.29e-06 G=1.831 advA2B=0.821 advB2A=0.620 cycA=0.089 cycB=0.106 idtA=0.155 idtB=0.103 D_A=0.109 D_B=0.055 D_A(real)=0.88 D_A(fake)=0.12 gnG=19.90 gnD=10.76 it_per_s=11.01
2026-10-04 19:13:19,085 INFO iter=872000 epoch=124 lr=5.25e-06 G=1.831 advA2B=0.821 advB2A=0.620 cycA=0.089 cycB=0.106 idtA=0.155 idtB=0.103 D_A=0.109 D_B=0.055 D_A(real)=0.88 D_A(fake)=0.12 gnG=19.85 gnD=10.76 it_per_s=11.01
2026-10-04 19:13:28,047 INFO iter=872100 epoch=124 lr=5.22e-06 G=1.831 advA2B=0.821 advB2A=0.620 cycA=0.089 cycB=0.106 idtA=0.155 idtB=0.103 D_A=0.109 D_B=0.055 D_A(real)=0.88 D_A(fake)=0.12 gnG=19.84 gnD=10.75 it_per_s=11.01
2026-10-04 19:13:37,137 INFO iter=872200 epoch=124 lr=5.18e-06 G=1.832 advA2B=0.821 advB2A=0.620 cycA=0.089 cycB=0.106 idtA=0.155 idtB=0.103 D_A=0.109 D_B=0.055 D_A(real)=0.88 D_A(fake)=0.12 gnG=19.81 gnD=10.76 it_per_s=11.01
2026-10-04 19:13:46,083 INFO iter=872300 epoch=124 lr=5.15e-06 G=1.832 advA2B=0.821 advB2A=0.621 cycA=0.089 cycB=0.106 idtA=0.155 idtB=0.103 D_A=0.109 D_B=0.055 D_A(real)=0.88 D_A(fake)=0.12 gnG=19.86 gnD=10.76 it_per_s=11.02
2026-10-04 19:13:54,870 INFO iter=872400 epoch=124 lr=5.11e-06 G=1.831 advA2B=0.821 advB2A=0.621 cycA=0.089 cycB=0.106 idtA=0.155 idtB=0.103 D_A=0.109 D_B=0.055 D_A(real)=0.88 D_A(fake)=0.12 gnG=19.85 gnD=10.76 it_per_s=11.02
2026-10-04 19:14:03,942 INFO iter=872500 epoch=124 lr=5.08e-06 G=1.832 advA2B=0.821 advB2A=0.621 cycA=0.089 cycB=0.106 idtA=0.155 idtB=0.103 D_A=0.109 D_B=0.055 D_A(real)=0.88 D_A(fake)=0.12 gnG=19.88 gnD=10.75 it_per_s=11.02
2026-10-04 19:14:12,961 INFO iter=872600 epoch=124 lr=5.04e-06 G=1.832 advA2B=0.821 advB2A=0.621 cycA=0.089 cycB=0.106 idtA=0.155 idtB=0.103 D_A=0.109 D_B=0.055 D_A(real)=0.88 D_A(fake)=0.12 gnG=19.90 gnD=10.75 it_per_s=11.02
2026-10-04 19:14:21,625 INFO iter=872700 epoch=124 lr=5.00e-06 G=1.832 advA2B=0.821 advB2A=0.621 cycA=0.089 cycB=0.106 idtA=0.155 idtB=0.103 D_A=0.109 D_B=0.055 D_A(real)=0.88 D_A(fake)=0.12 gnG=19.91 gnD=10.74 it_per_s=11.03
2026-10-04 19:14:22,700 INFO epoch=124 done time_s=638 it_per_s=11.03 G=1.832 cycA=0.089 cycB=0.106 idtA=0.155 idtB=0.103 D_A=0.109 D_B=0.055 D_A(real)=0.88 D_A(fake)=0.12 nan_count=0
2026-10-04 19:14:31,624 INFO iter=872800 epoch=125 lr=4.97e-06 G=1.803 advA2B=0.801 advB2A=0.607 cycA=0.088 cycB=0.110 idtA=0.154 idtB=0.106 D_A=0.103 D_B=0.054 D_A(real)=0.89 D_A(fake)=0.12 gnG=19.21 gnD=10.66 it_per_s=10.99
2026-10-04 19:14:40,711 INFO iter=872900 epoch=125 lr=4.93e-06 G=1.812 advA2B=0.801 advB2A=0.615 cycA=0.089 cycB=0.109 idtA=0.155 idtB=0.108 D_A=0.105 D_B=0.059 D_A(real)=0.88 D_A(fake)=0.12 gnG=19.49 gnD=10.86 it_per_s=11.00
2026-10-04 19:14:49,637 INFO iter=873000 epoch=125 lr=4.90e-06 G=1.821 advA2B=0.804 advB2A=0.625 cycA=0.088 cycB=0.109 idtA=0.152 idtB=0.106 D_A=0.108 D_B=0.058 D_A(real)=0.88 D_A(fake)=0.12 gnG=20.38 gnD=10.92 it_per_s=11.07
2026-10-04 19:14:58,648 INFO iter=873100 epoch=125 lr=4.86e-06 G=1.827 advA2B=0.811 advB2A=0.625 cycA=0.088 cycB=0.107 idtA=0.152 idtB=0.105 D_A=0.107 D_B=0.057 D_A(real)=0.88 D_A(fake)=0.11 gnG=20.17 gnD=10.82 it_per_s=11.07
2026-10-04 19:15:07,699 INFO iter=873200 epoch=125 lr=4.83e-06 G=1.816 advA2B=0.809 advB2A=0.621 cycA=0.088 cycB=0.106 idtA=0.153 idtB=0.103 D_A=0.106 D_B=0.058 D_A(real)=0.89 D_A(fake)=0.11 gnG=19.99 gnD=10.79 it_per_s=11.07
2026-10-04 19:15:16,882 INFO iter=873300 epoch=125 lr=4.79e-06 G=1.813 advA2B=0.809 advB2A=0.616 cycA=0.088 cycB=0.106 idtA=0.154 idtB=0.102 D_A=0.106 D_B=0.058 D_A(real)=0.89 D_A(fake)=0.11 gnG=19.78 gnD=10.82 it_per_s=11.04
2026-10-04 19:15:26,070 INFO iter=873400 epoch=125 lr=4.76e-06 G=1.817 advA2B=0.811 advB2A=0.621 cycA=0.088 cycB=0.105 idtA=0.154 idtB=0.100 D_A=0.105 D_B=0.058 D_A(real)=0.88 D_A(fake)=0.12 gnG=19.59 gnD=10.72 it_per_s=11.02
2026-10-04 19:15:35,217 INFO iter=873500 epoch=125 lr=4.72e-06 G=1.820 advA2B=0.813 advB2A=0.620 cycA=0.089 cycB=0.105 idtA=0.155 idtB=0.100 D_A=0.105 D_B=0.057 D_A(real)=0.88 D_A(fake)=0.11 gnG=19.79 gnD=10.69 it_per_s=11.01
2026-10-04 19:15:44,246 INFO iter=873600 epoch=125 lr=4.68e-06 G=1.819 advA2B=0.811 advB2A=0.621 cycA=0.089 cycB=0.105 idtA=0.155 idtB=0.100 D_A=0.106 D_B=0.057 D_A(real)=0.88 D_A(fake)=0.12 gnG=19.87 gnD=10.72 it_per_s=11.01
2026-10-04 19:15:53,343 INFO iter=873700 epoch=125 lr=4.65e-06 G=1.814 advA2B=0.808 advB2A=0.619 cycA=0.089 cycB=0.105 idtA=0.155 idtB=0.100 D_A=0.106 D_B=0.057 D_A(real)=0.88 D_A(fake)=0.12 gnG=19.59 gnD=10.83 it_per_s=11.01
2026-10-04 19:16:02,420 INFO iter=873800 epoch=125 lr=4.61e-06 G=1.811 advA2B=0.808 advB2A=0.616 cycA=0.089 cycB=0.104 idtA=0.155 idtB=0.100 D_A=0.106 D_B=0.058 D_A(real)=0.88 D_A(fake)=0.11 gnG=19.52 gnD=10.87 it_per_s=11.01
2026-10-04 19:16:11,493 INFO iter=873900 epoch=125 lr=4.58e-06 G=1.815 advA2B=0.812 advB2A=0.616 cycA=0.089 cycB=0.104 idtA=0.155 idtB=0.100 D_A=0.105 D_B=0.057 D_A(real)=0.89 D_A(fake)=0.11 gnG=19.52 gnD=10.86 it_per_s=11.01
2026-10-04 19:16:20,587 INFO iter=874000 epoch=125 lr=4.54e-06 G=1.816 advA2B=0.813 advB2A=0.617 cycA=0.089 cycB=0.105 idtA=0.154 idtB=0.100 D_A=0.105 D_B=0.057 D_A(real)=0.88 D_A(fake)=0.11 gnG=19.59 gnD=10.86 it_per_s=11.01
2026-10-04 19:16:29,681 INFO iter=874100 epoch=125 lr=4.51e-06 G=1.814 advA2B=0.813 advB2A=0.615 cycA=0.089 cycB=0.104 idtA=0.154 idtB=0.099 D_A=0.105 D_B=0.057 D_A(real)=0.89 D_A(fake)=0.11 gnG=19.44 gnD=10.88 it_per_s=11.01
2026-10-04 19:16:38,797 INFO iter=874200 epoch=125 lr=4.47e-06 G=1.814 advA2B=0.813 advB2A=0.614 cycA=0.089 cycB=0.104 idtA=0.155 idtB=0.100 D_A=0.105 D_B=0.057 D_A(real)=0.88 D_A(fake)=0.12 gnG=19.46 gnD=10.86 it_per_s=11.01
2026-10-04 19:16:47,874 INFO iter=874300 epoch=125 lr=4.44e-06 G=1.818 advA2B=0.815 advB2A=0.616 cycA=0.089 cycB=0.104 idtA=0.155 idtB=0.100 D_A=0.105 D_B=0.056 D_A(real)=0.88 D_A(fake)=0.12 gnG=19.53 gnD=10.77 it_per_s=11.01
2026-10-04 19:16:57,041 INFO iter=874400 epoch=125 lr=4.40e-06 G=1.820 advA2B=0.815 advB2A=0.617 cycA=0.089 cycB=0.105 idtA=0.155 idtB=0.101 D_A=0.105 D_B=0.056 D_A(real)=0.88 D_A(fake)=0.12 gnG=19.47 gnD=10.77 it_per_s=11.00
2026-10-04 19:17:06,205 INFO iter=874500 epoch=125 lr=4.37e-06 G=1.821 advA2B=0.817 advB2A=0.618 cycA=0.089 cycB=0.104 idtA=0.155 idtB=0.100 D_A=0.104 D_B=0.056 D_A(real)=0.88 D_A(fake)=0.12 gnG=19.37 gnD=10.78 it_per_s=11.00
2026-10-04 19:17:15,342 INFO iter=874600 epoch=125 lr=4.33e-06 G=1.821 advA2B=0.819 advB2A=0.616 cycA=0.089 cycB=0.104 idtA=0.155 idtB=0.100 D_A=0.105 D_B=0.056 D_A(real)=0.88 D_A(fake)=0.12 gnG=19.36 gnD=10.77 it_per_s=10.99
2026-10-04 19:17:24,400 INFO iter=874700 epoch=125 lr=4.29e-06 G=1.825 advA2B=0.820 advB2A=0.618 cycA=0.089 cycB=0.105 idtA=0.155 idtB=0.101 D_A=0.105 D_B=0.056 D_A(real)=0.88 D_A(fake)=0.12 gnG=19.28 gnD=10.75 it_per_s=11.00
2026-10-04 19:17:33,475 INFO iter=874800 epoch=125 lr=4.26e-06 G=1.825 advA2B=0.819 advB2A=0.619 cycA=0.089 cycB=0.105 idtA=0.155 idtB=0.101 D_A=0.105 D_B=0.056 D_A(real)=0.88 D_A(fake)=0.12 gnG=19.28 gnD=10.76 it_per_s=11.00
2026-10-04 19:17:42,619 INFO iter=874900 epoch=125 lr=4.22e-06 G=1.825 advA2B=0.820 advB2A=0.617 cycA=0.089 cycB=0.105 idtA=0.155 idtB=0.101 D_A=0.105 D_B=0.056 D_A(real)=0.88 D_A(fake)=0.12 gnG=19.20 gnD=10.79 it_per_s=10.99
2026-10-04 19:17:51,678 INFO iter=875000 epoch=125 lr=4.19e-06 G=1.827 advA2B=0.821 advB2A=0.619 cycA=0.089 cycB=0.105 idtA=0.155 idtB=0.101 D_A=0.106 D_B=0.055 D_A(real)=0.88 D_A(fake)=0.12 gnG=19.25 gnD=10.75 it_per_s=11.00
2026-10-04 19:18:00,718 INFO iter=875100 epoch=125 lr=4.15e-06 G=1.827 advA2B=0.821 advB2A=0.618 cycA=0.089 cycB=0.105 idtA=0.155 idtB=0.101 D_A=0.106 D_B=0.055 D_A(real)=0.88 D_A(fake)=0.12 gnG=19.29 gnD=10.76 it_per_s=11.00
2026-10-04 19:18:09,807 INFO iter=875200 epoch=125 lr=4.12e-06 G=1.828 advA2B=0.821 advB2A=0.619 cycA=0.089 cycB=0.105 idtA=0.155 idtB=0.101 D_A=0.106 D_B=0.055 D_A(real)=0.88 D_A(fake)=0.12 gnG=19.30 gnD=10.76 it_per_s=11.00
2026-10-04 19:18:18,883 INFO iter=875300 epoch=125 lr=4.08e-06 G=1.828 advA2B=0.821 advB2A=0.619 cycA=0.089 cycB=0.105 idtA=0.155 idtB=0.101 D_A=0.106 D_B=0.055 D_A(real)=0.88 D_A(fake)=0.12 gnG=19.35 gnD=10.75 it_per_s=11.00
2026-10-04 19:18:27,980 INFO iter=875400 epoch=125 lr=4.05e-06 G=1.829 advA2B=0.821 advB2A=0.619 cycA=0.089 cycB=0.105 idtA=0.155 idtB=0.101 D_A=0.106 D_B=0.055 D_A(real)=0.88 D_A(fake)=0.12 gnG=19.40 gnD=10.75 it_per_s=11.00
2026-10-04 19:18:37,057 INFO iter=875500 epoch=125 lr=4.01e-06 G=1.829 advA2B=0.821 advB2A=0.619 cycA=0.089 cycB=0.105 idtA=0.155 idtB=0.102 D_A=0.106 D_B=0.055 D_A(real)=0.88 D_A(fake)=0.12 gnG=19.40 gnD=10.74 it_per_s=11.00
2026-10-04 19:18:46,188 INFO iter=875600 epoch=125 lr=3.97e-06 G=1.829 advA2B=0.821 advB2A=0.620 cycA=0.089 cycB=0.105 idtA=0.155 idtB=0.102 D_A=0.106 D_B=0.055 D_A(real)=0.88 D_A(fake)=0.12 gnG=19.43 gnD=10.74 it_per_s=11.00
2026-10-04 19:18:55,228 INFO iter=875700 epoch=125 lr=3.94e-06 G=1.827 advA2B=0.820 advB2A=0.619 cycA=0.089 cycB=0.105 idtA=0.155 idtB=0.102 D_A=0.106 D_B=0.055 D_A(real)=0.88 D_A(fake)=0.12 gnG=19.42 gnD=10.75 it_per_s=11.00
2026-10-04 19:19:04,377 INFO iter=875800 epoch=125 lr=3.90e-06 G=1.828 advA2B=0.820 advB2A=0.620 cycA=0.089 cycB=0.105 idtA=0.155 idtB=0.102 D_A=0.106 D_B=0.054 D_A(real)=0.88 D_A(fake)=0.12 gnG=19.39 gnD=10.71 it_per_s=11.00
2026-10-04 19:19:13,461 INFO iter=875900 epoch=125 lr=3.87e-06 G=1.827 advA2B=0.820 advB2A=0.619 cycA=0.089 cycB=0.105 idtA=0.155 idtB=0.102 D_A=0.106 D_B=0.054 D_A(real)=0.88 D_A(fake)=0.12 gnG=19.35 gnD=10.72 it_per_s=11.00
2026-10-04 19:19:22,530 INFO iter=876000 epoch=125 lr=3.83e-06 G=1.828 advA2B=0.821 advB2A=0.619 cycA=0.089 cycB=0.105 idtA=0.155 idtB=0.102 D_A=0.106 D_B=0.054 D_A(real)=0.88 D_A(fake)=0.12 gnG=19.32 gnD=10.73 it_per_s=11.00
2026-10-04 19:19:31,561 INFO iter=876100 epoch=125 lr=3.80e-06 G=1.828 advA2B=0.820 advB2A=0.620 cycA=0.089 cycB=0.105 idtA=0.155 idtB=0.101 D_A=0.106 D_B=0.054 D_A(real)=0.88 D_A(fake)=0.12 gnG=19.41 gnD=10.74 it_per_s=11.00
2026-10-04 19:19:40,707 INFO iter=876200 epoch=125 lr=3.76e-06 G=1.828 advA2B=0.820 advB2A=0.619 cycA=0.089 cycB=0.105 idtA=0.155 idtB=0.101 D_A=0.106 D_B=0.054 D_A(real)=0.88 D_A(fake)=0.12 gnG=19.34 gnD=10.73 it_per_s=11.00
2026-10-04 19:19:49,741 INFO iter=876300 epoch=125 lr=3.73e-06 G=1.830 advA2B=0.821 advB2A=0.621 cycA=0.089 cycB=0.105 idtA=0.155 idtB=0.102 D_A=0.107 D_B=0.054 D_A(real)=0.88 D_A(fake)=0.12 gnG=19.44 gnD=10.74 it_per_s=11.00
2026-10-04 19:19:58,760 INFO iter=876400 epoch=125 lr=3.69e-06 G=1.832 advA2B=0.821 advB2A=0.622 cycA=0.089 cycB=0.105 idtA=0.155 idtB=0.102 D_A=0.107 D_B=0.054 D_A(real)=0.88 D_A(fake)=0.12 gnG=19.54 gnD=10.73 it_per_s=11.00
2026-10-04 19:20:07,855 INFO iter=876500 epoch=125 lr=3.65e-06 G=1.832 advA2B=0.821 advB2A=0.622 cycA=0.089 cycB=0.105 idtA=0.155 idtB=0.102 D_A=0.106 D_B=0.054 D_A(real)=0.88 D_A(fake)=0.12 gnG=19.50 gnD=10.73 it_per_s=11.00
2026-10-04 19:20:16,940 INFO iter=876600 epoch=125 lr=3.62e-06 G=1.832 advA2B=0.821 advB2A=0.622 cycA=0.089 cycB=0.105 idtA=0.156 idtB=0.102 D_A=0.107 D_B=0.054 D_A(real)=0.88 D_A(fake)=0.12 gnG=19.48 gnD=10.73 it_per_s=11.00
2026-10-04 19:20:25,697 INFO iter=876700 epoch=125 lr=3.58e-06 G=1.832 advA2B=0.821 advB2A=0.622 cycA=0.089 cycB=0.105 idtA=0.156 idtB=0.102 D_A=0.107 D_B=0.054 D_A(real)=0.88 D_A(fake)=0.12 gnG=19.52 gnD=10.73 it_per_s=11.01
2026-10-04 19:20:34,823 INFO iter=876800 epoch=125 lr=3.55e-06 G=1.833 advA2B=0.821 advB2A=0.623 cycA=0.089 cycB=0.105 idtA=0.156 idtB=0.102 D_A=0.106 D_B=0.054 D_A(real)=0.88 D_A(fake)=0.12 gnG=19.56 gnD=10.71 it_per_s=11.01
2026-10-04 19:20:43,933 INFO iter=876900 epoch=125 lr=3.51e-06 G=1.833 advA2B=0.821 advB2A=0.622 cycA=0.089 cycB=0.105 idtA=0.156 idtB=0.102 D_A=0.107 D_B=0.054 D_A(real)=0.88 D_A(fake)=0.12 gnG=19.55 gnD=10.69 it_per_s=11.01
2026-10-04 19:20:52,707 INFO iter=877000 epoch=125 lr=3.48e-06 G=1.835 advA2B=0.822 advB2A=0.623 cycA=0.089 cycB=0.105 idtA=0.156 idtB=0.102 D_A=0.107 D_B=0.054 D_A(real)=0.88 D_A(fake)=0.12 gnG=19.55 gnD=10.70 it_per_s=11.02
2026-10-04 19:21:01,714 INFO iter=877100 epoch=125 lr=3.44e-06 G=1.835 advA2B=0.822 advB2A=0.624 cycA=0.089 cycB=0.105 idtA=0.156 idtB=0.102 D_A=0.107 D_B=0.054 D_A(real)=0.88 D_A(fake)=0.12 gnG=19.59 gnD=10.70 it_per_s=11.02
2026-10-04 19:21:10,833 INFO iter=877200 epoch=125 lr=3.41e-06 G=1.835 advA2B=0.822 advB2A=0.624 cycA=0.089 cycB=0.105 idtA=0.156 idtB=0.102 D_A=0.107 D_B=0.054 D_A(real)=0.88 D_A(fake)=0.12 gnG=19.58 gnD=10.71 it_per_s=11.02
2026-10-04 19:21:19,910 INFO iter=877300 epoch=125 lr=3.37e-06 G=1.835 advA2B=0.822 advB2A=0.624 cycA=0.089 cycB=0.105 idtA=0.156 idtB=0.102 D_A=0.107 D_B=0.054 D_A(real)=0.88 D_A(fake)=0.12 gnG=19.57 gnD=10.69 it_per_s=11.02
2026-10-04 19:21:29,092 INFO iter=877400 epoch=125 lr=3.34e-06 G=1.836 advA2B=0.822 advB2A=0.624 cycA=0.089 cycB=0.105 idtA=0.156 idtB=0.102 D_A=0.107 D_B=0.054 D_A(real)=0.88 D_A(fake)=0.12 gnG=19.56 gnD=10.69 it_per_s=11.02
2026-10-04 19:21:38,295 INFO iter=877500 epoch=125 lr=3.30e-06 G=1.835 advA2B=0.822 advB2A=0.624 cycA=0.089 cycB=0.105 idtA=0.156 idtB=0.102 D_A=0.107 D_B=0.054 D_A(real)=0.88 D_A(fake)=0.12 gnG=19.55 gnD=10.68 it_per_s=11.01
2026-10-04 19:21:47,453 INFO iter=877600 epoch=125 lr=3.26e-06 G=1.834 advA2B=0.822 advB2A=0.623 cycA=0.089 cycB=0.105 idtA=0.156 idtB=0.102 D_A=0.107 D_B=0.054 D_A(real)=0.88 D_A(fake)=0.12 gnG=19.51 gnD=10.70 it_per_s=11.01
2026-10-04 19:21:56,683 INFO iter=877700 epoch=125 lr=3.23e-06 G=1.834 advA2B=0.821 advB2A=0.623 cycA=0.089 cycB=0.105 idtA=0.156 idtB=0.102 D_A=0.107 D_B=0.054 D_A(real)=0.88 D_A(fake)=0.12 gnG=19.51 gnD=10.70 it_per_s=11.01
2026-10-04 19:22:05,805 INFO iter=877800 epoch=125 lr=3.19e-06 G=1.835 advA2B=0.822 advB2A=0.623 cycA=0.089 cycB=0.105 idtA=0.156 idtB=0.102 D_A=0.107 D_B=0.054 D_A(real)=0.88 D_A(fake)=0.12 gnG=19.50 gnD=10.70 it_per_s=11.01
2026-10-04 19:22:14,962 INFO iter=877900 epoch=125 lr=3.16e-06 G=1.835 advA2B=0.822 advB2A=0.624 cycA=0.089 cycB=0.105 idtA=0.156 idtB=0.103 D_A=0.106 D_B=0.054 D_A(real)=0.88 D_A(fake)=0.12 gnG=19.61 gnD=10.70 it_per_s=11.01
2026-10-04 19:22:24,114 INFO iter=878000 epoch=125 lr=3.12e-06 G=1.834 advA2B=0.820 advB2A=0.624 cycA=0.089 cycB=0.105 idtA=0.156 idtB=0.102 D_A=0.107 D_B=0.054 D_A(real)=0.88 D_A(fake)=0.12 gnG=19.61 gnD=10.70 it_per_s=11.01
2026-10-04 19:22:33,249 INFO iter=878100 epoch=125 lr=3.09e-06 G=1.834 advA2B=0.820 advB2A=0.624 cycA=0.089 cycB=0.105 idtA=0.156 idtB=0.102 D_A=0.107 D_B=0.054 D_A(real)=0.88 D_A(fake)=0.12 gnG=19.69 gnD=10.70 it_per_s=11.00
2026-10-04 19:22:42,321 INFO iter=878200 epoch=125 lr=3.05e-06 G=1.833 advA2B=0.820 advB2A=0.624 cycA=0.089 cycB=0.105 idtA=0.156 idtB=0.102 D_A=0.107 D_B=0.054 D_A(real)=0.88 D_A(fake)=0.12 gnG=19.63 gnD=10.70 it_per_s=11.00
2026-10-04 19:22:51,452 INFO iter=878300 epoch=125 lr=3.02e-06 G=1.832 advA2B=0.820 advB2A=0.623 cycA=0.089 cycB=0.105 idtA=0.156 idtB=0.102 D_A=0.107 D_B=0.054 D_A(real)=0.88 D_A(fake)=0.12 gnG=19.62 gnD=10.71 it_per_s=11.00
2026-10-04 19:23:00,545 INFO iter=878400 epoch=125 lr=2.98e-06 G=1.832 advA2B=0.820 advB2A=0.623 cycA=0.089 cycB=0.105 idtA=0.156 idtB=0.102 D_A=0.107 D_B=0.054 D_A(real)=0.88 D_A(fake)=0.12 gnG=19.63 gnD=10.71 it_per_s=11.00
2026-10-04 19:23:09,642 INFO iter=878500 epoch=125 lr=2.94e-06 G=1.833 advA2B=0.820 advB2A=0.624 cycA=0.089 cycB=0.105 idtA=0.156 idtB=0.103 D_A=0.107 D_B=0.054 D_A(real)=0.88 D_A(fake)=0.12 gnG=19.59 gnD=10.71 it_per_s=11.00
2026-10-04 19:23:18,693 INFO iter=878600 epoch=125 lr=2.91e-06 G=1.832 advA2B=0.819 advB2A=0.624 cycA=0.089 cycB=0.105 idtA=0.156 idtB=0.103 D_A=0.107 D_B=0.054 D_A(real)=0.88 D_A(fake)=0.12 gnG=19.59 gnD=10.72 it_per_s=11.00
2026-10-04 19:23:27,812 INFO iter=878700 epoch=125 lr=2.87e-06 G=1.832 advA2B=0.819 advB2A=0.624 cycA=0.089 cycB=0.106 idtA=0.156 idtB=0.103 D_A=0.107 D_B=0.054 D_A(real)=0.88 D_A(fake)=0.12 gnG=19.58 gnD=10.72 it_per_s=11.00
2026-10-04 19:23:36,949 INFO iter=878800 epoch=125 lr=2.84e-06 G=1.833 advA2B=0.820 advB2A=0.624 cycA=0.089 cycB=0.106 idtA=0.156 idtB=0.103 D_A=0.107 D_B=0.054 D_A(real)=0.88 D_A(fake)=0.12 gnG=19.64 gnD=10.72 it_per_s=11.00
2026-10-04 19:23:46,049 INFO iter=878900 epoch=125 lr=2.80e-06 G=1.833 advA2B=0.820 advB2A=0.624 cycA=0.089 cycB=0.105 idtA=0.156 idtB=0.103 D_A=0.107 D_B=0.054 D_A(real)=0.88 D_A(fake)=0.12 gnG=19.63 gnD=10.72 it_per_s=11.00
2026-10-04 19:23:54,979 INFO iter=879000 epoch=125 lr=2.77e-06 G=1.833 advA2B=0.820 advB2A=0.624 cycA=0.089 cycB=0.105 idtA=0.156 idtB=0.103 D_A=0.106 D_B=0.054 D_A(real)=0.88 D_A(fake)=0.12 gnG=19.66 gnD=10.72 it_per_s=11.01
2026-10-04 19:24:04,022 INFO iter=879100 epoch=125 lr=2.73e-06 G=1.834 advA2B=0.820 advB2A=0.624 cycA=0.089 cycB=0.106 idtA=0.156 idtB=0.103 D_A=0.106 D_B=0.054 D_A(real)=0.88 D_A(fake)=0.12 gnG=19.68 gnD=10.72 it_per_s=11.01
2026-10-04 19:24:13,123 INFO iter=879200 epoch=125 lr=2.70e-06 G=1.834 advA2B=0.820 advB2A=0.624 cycA=0.089 cycB=0.105 idtA=0.156 idtB=0.103 D_A=0.106 D_B=0.054 D_A(real)=0.88 D_A(fake)=0.12 gnG=19.65 gnD=10.72 it_per_s=11.01
2026-10-04 19:24:22,004 INFO iter=879300 epoch=125 lr=2.66e-06 G=1.834 advA2B=0.821 advB2A=0.624 cycA=0.089 cycB=0.106 idtA=0.156 idtB=0.103 D_A=0.106 D_B=0.054 D_A(real)=0.88 D_A(fake)=0.12 gnG=19.64 gnD=10.72 it_per_s=11.01
2026-10-04 19:24:30,915 INFO iter=879400 epoch=125 lr=2.62e-06 G=1.835 advA2B=0.821 advB2A=0.624 cycA=0.089 cycB=0.106 idtA=0.156 idtB=0.103 D_A=0.106 D_B=0.054 D_A(real)=0.88 D_A(fake)=0.12 gnG=19.65 gnD=10.72 it_per_s=11.01
2026-10-04 19:24:40,069 INFO iter=879500 epoch=125 lr=2.59e-06 G=1.835 advA2B=0.821 advB2A=0.625 cycA=0.089 cycB=0.106 idtA=0.156 idtB=0.103 D_A=0.106 D_B=0.054 D_A(real)=0.88 D_A(fake)=0.12 gnG=19.66 gnD=10.71 it_per_s=11.01
2026-10-04 19:24:49,141 INFO iter=879600 epoch=125 lr=2.55e-06 G=1.836 advA2B=0.821 advB2A=0.626 cycA=0.089 cycB=0.106 idtA=0.156 idtB=0.103 D_A=0.106 D_B=0.054 D_A(real)=0.88 D_A(fake)=0.12 gnG=19.66 gnD=10.71 it_per_s=11.01
2026-10-04 19:24:57,879 INFO iter=879700 epoch=125 lr=2.52e-06 G=1.836 advA2B=0.821 advB2A=0.625 cycA=0.089 cycB=0.106 idtA=0.156 idtB=0.103 D_A=0.106 D_B=0.054 D_A(real)=0.88 D_A(fake)=0.12 gnG=19.62 gnD=10.71 it_per_s=11.02
2026-10-04 19:25:02,402 INFO epoch=125 done time_s=639 it_per_s=11.02 G=1.835 cycA=0.089 cycB=0.106 idtA=0.156 idtB=0.103 D_A=0.106 D_B=0.054 D_A(real)=0.88 D_A(fake)=0.12 nan_count=0
2026-10-04 19:25:07,912 INFO iter=879800 epoch=126 lr=2.48e-06 G=1.816 advA2B=0.841 advB2A=0.585 cycA=0.089 cycB=0.106 idtA=0.160 idtB=0.097 D_A=0.095 D_B=0.047 D_A(real)=0.92 D_A(fake)=0.09 gnG=17.75 gnD=9.29 it_per_s=10.84
2026-10-04 19:25:16,981 INFO iter=879900 epoch=126 lr=2.45e-06 G=1.867 advA2B=0.845 advB2A=0.636 cycA=0.087 cycB=0.106 idtA=0.158 idtB=0.105 D_A=0.104 D_B=0.049 D_A(real)=0.89 D_A(fake)=0.11 gnG=19.23 gnD=10.43 it_per_s=10.96
2026-10-04 19:25:25,858 INFO iter=880000 epoch=126 lr=2.41e-06 G=1.867 advA2B=0.836 advB2A=0.645 cycA=0.087 cycB=0.106 idtA=0.156 idtB=0.104 D_A=0.104 D_B=0.050 D_A(real)=0.89 D_A(fake)=0.11 gnG=20.08 gnD=10.67 it_per_s=11.08
2026-10-04 19:25:34,958 INFO iter=880100 epoch=126 lr=2.38e-06 G=1.862 advA2B=0.836 advB2A=0.638 cycA=0.088 cycB=0.106 idtA=0.155 idtB=0.105 D_A=0.102 D_B=0.051 D_A(real)=0.89 D_A(fake)=0.11 gnG=20.49 gnD=10.86 it_per_s=11.06
2026-10-04 19:25:44,076 INFO iter=880200 epoch=126 lr=2.34e-06 G=1.855 advA2B=0.836 advB2A=0.628 cycA=0.088 cycB=0.107 idtA=0.155 idtB=0.105 D_A=0.103 D_B=0.050 D_A(real)=0.89 D_A(fake)=0.11 gnG=19.95 gnD=10.77 it_per_s=11.04
2026-10-04 19:25:53,135 INFO iter=880300 epoch=126 lr=2.30e-06 G=1.853 advA2B=0.835 advB2A=0.628 cycA=0.088 cycB=0.107 idtA=0.156 idtB=0.105 D_A=0.103 D_B=0.050 D_A(real)=0.89 D_A(fake)=0.11 gnG=19.92 gnD=10.80 it_per_s=11.04
2026-10-04 19:26:02,277 INFO iter=880400 epoch=126 lr=2.27e-06 G=1.855 advA2B=0.836 advB2A=0.627 cycA=0.089 cycB=0.108 idtA=0.156 idtB=0.106 D_A=0.104 D_B=0.050 D_A(real)=0.88 D_A(fake)=0.12 gnG=20.08 gnD=10.76 it_per_s=11.02
2026-10-04 19:26:11,403 INFO iter=880500 epoch=126 lr=2.23e-06 G=1.853 advA2B=0.834 advB2A=0.626 cycA=0.088 cycB=0.108 idtA=0.155 idtB=0.106 D_A=0.105 D_B=0.051 D_A(real)=0.88 D_A(fake)=0.12 gnG=20.11 gnD=10.78 it_per_s=11.01
2026-10-04 19:26:20,505 INFO iter=880600 epoch=126 lr=2.20e-06 G=1.851 advA2B=0.836 advB2A=0.622 cycA=0.088 cycB=0.108 idtA=0.156 idtB=0.106 D_A=0.105 D_B=0.051 D_A(real)=0.88 D_A(fake)=0.12 gnG=19.86 gnD=10.79 it_per_s=11.01
2026-10-04 19:26:29,601 INFO iter=880700 epoch=126 lr=2.16e-06 G=1.856 advA2B=0.839 advB2A=0.626 cycA=0.088 cycB=0.107 idtA=0.155 idtB=0.105 D_A=0.106 D_B=0.051 D_A(real)=0.88 D_A(fake)=0.12 gnG=19.79 gnD=10.84 it_per_s=11.01
2026-10-04 19:26:39,081 INFO iter=880800 epoch=126 lr=2.13e-06 G=1.855 advA2B=0.838 advB2A=0.628 cycA=0.088 cycB=0.107 idtA=0.155 idtB=0.104 D_A=0.105 D_B=0.051 D_A(real)=0.88 D_A(fake)=0.12 gnG=19.87 gnD=10.81 it_per_s=10.96
2026-10-04 19:26:48,443 INFO iter=880900 epoch=126 lr=2.09e-06 G=1.857 advA2B=0.836 advB2A=0.631 cycA=0.088 cycB=0.107 idtA=0.156 idtB=0.105 D_A=0.106 D_B=0.050 D_A(real)=0.88 D_A(fake)=0.12 gnG=20.03 gnD=10.77 it_per_s=10.94
2026-10-04 19:26:57,557 INFO iter=881000 epoch=126 lr=2.06e-06 G=1.857 advA2B=0.836 advB2A=0.630 cycA=0.088 cycB=0.107 idtA=0.156 idtB=0.105 D_A=0.106 D_B=0.051 D_A(real)=0.88 D_A(fake)=0.12 gnG=19.82 gnD=10.76 it_per_s=10.94
2026-10-04 19:27:06,678 INFO iter=881100 epoch=126 lr=2.02e-06 G=1.856 advA2B=0.837 advB2A=0.628 cycA=0.088 cycB=0.107 idtA=0.156 idtB=0.104 D_A=0.106 D_B=0.051 D_A(real)=0.88 D_A(fake)=0.12 gnG=19.81 gnD=10.77 it_per_s=10.94
2026-10-04 19:27:15,758 INFO iter=881200 epoch=126 lr=1.99e-06 G=1.854 advA2B=0.837 advB2A=0.627 cycA=0.088 cycB=0.107 idtA=0.156 idtB=0.104 D_A=0.105 D_B=0.051 D_A(real)=0.88 D_A(fake)=0.12 gnG=19.83 gnD=10.76 it_per_s=10.95
2026-10-04 19:27:24,833 INFO iter=881300 epoch=126 lr=1.95e-06 G=1.855 advA2B=0.836 advB2A=0.630 cycA=0.088 cycB=0.106 idtA=0.156 idtB=0.104 D_A=0.105 D_B=0.052 D_A(real)=0.88 D_A(fake)=0.12 gnG=20.01 gnD=10.87 it_per_s=10.95
2026-10-04 19:27:33,995 INFO iter=881400 epoch=126 lr=1.91e-06 G=1.852 advA2B=0.835 advB2A=0.627 cycA=0.088 cycB=0.106 idtA=0.156 idtB=0.104 D_A=0.105 D_B=0.052 D_A(real)=0.88 D_A(fake)=0.12 gnG=20.03 gnD=10.86 it_per_s=10.95
2026-10-04 19:27:43,089 INFO iter=881500 epoch=126 lr=1.88e-06 G=1.851 advA2B=0.834 advB2A=0.627 cycA=0.088 cycB=0.107 idtA=0.156 idtB=0.104 D_A=0.105 D_B=0.052 D_A(real)=0.88 D_A(fake)=0.12 gnG=20.00 gnD=10.87 it_per_s=10.95
2026-10-04 19:27:52,209 INFO iter=881600 epoch=126 lr=1.84e-06 G=1.854 advA2B=0.834 advB2A=0.630 cycA=0.088 cycB=0.107 idtA=0.155 idtB=0.104 D_A=0.105 D_B=0.052 D_A(real)=0.88 D_A(fake)=0.12 gnG=20.13 gnD=10.87 it_per_s=10.95
2026-10-04 19:28:01,349 INFO iter=881700 epoch=126 lr=1.81e-06 G=1.853 advA2B=0.833 advB2A=0.631 cycA=0.088 cycB=0.106 idtA=0.155 idtB=0.104 D_A=0.105 D_B=0.052 D_A(real)=0.88 D_A(fake)=0.12 gnG=20.07 gnD=10.88 it_per_s=10.95
2026-10-04 19:28:10,444 INFO iter=881800 epoch=126 lr=1.77e-06 G=1.854 advA2B=0.834 advB2A=0.631 cycA=0.088 cycB=0.106 idtA=0.155 idtB=0.103 D_A=0.105 D_B=0.051 D_A(real)=0.88 D_A(fake)=0.12 gnG=20.14 gnD=10.87 it_per_s=10.95
2026-10-04 19:28:19,518 INFO iter=881900 epoch=126 lr=1.74e-06 G=1.854 advA2B=0.833 advB2A=0.631 cycA=0.088 cycB=0.106 idtA=0.155 idtB=0.104 D_A=0.106 D_B=0.051 D_A(real)=0.88 D_A(fake)=0.12 gnG=20.06 gnD=10.84 it_per_s=10.96
2026-10-04 19:28:28,653 INFO iter=882000 epoch=126 lr=1.70e-06 G=1.853 advA2B=0.833 advB2A=0.632 cycA=0.088 cycB=0.106 idtA=0.155 idtB=0.104 D_A=0.106 D_B=0.052 D_A(real)=0.88 D_A(fake)=0.12 gnG=20.06 gnD=10.85 it_per_s=10.96
2026-10-04 19:28:37,808 INFO iter=882100 epoch=126 lr=1.67e-06 G=1.850 advA2B=0.830 advB2A=0.631 cycA=0.088 cycB=0.106 idtA=0.155 idtB=0.104 D_A=0.105 D_B=0.052 D_A(real)=0.88 D_A(fake)=0.12 gnG=19.96 gnD=10.85 it_per_s=10.96
2026-10-04 19:28:46,879 INFO iter=882200 epoch=126 lr=1.63e-06 G=1.852 advA2B=0.831 advB2A=0.633 cycA=0.088 cycB=0.106 idtA=0.154 idtB=0.104 D_A=0.105 D_B=0.052 D_A(real)=0.88 D_A(fake)=0.12 gnG=20.19 gnD=10.87 it_per_s=10.96
2026-10-04 19:28:55,972 INFO iter=882300 epoch=126 lr=1.59e-06 G=1.852 advA2B=0.830 advB2A=0.633 cycA=0.088 cycB=0.106 idtA=0.154 idtB=0.104 D_A=0.106 D_B=0.052 D_A(real)=0.88 D_A(fake)=0.12 gnG=20.07 gnD=10.86 it_per_s=10.96
2026-10-04 19:29:05,110 INFO iter=882400 epoch=126 lr=1.56e-06 G=1.853 advA2B=0.831 advB2A=0.633 cycA=0.088 cycB=0.107 idtA=0.154 idtB=0.104 D_A=0.106 D_B=0.052 D_A(real)=0.88 D_A(fake)=0.12 gnG=20.01 gnD=10.82 it_per_s=10.96
2026-10-04 19:29:14,181 INFO iter=882500 epoch=126 lr=1.52e-06 G=1.853 advA2B=0.831 advB2A=0.633 cycA=0.088 cycB=0.106 idtA=0.154 idtB=0.104 D_A=0.105 D_B=0.052 D_A(real)=0.88 D_A(fake)=0.12 gnG=20.00 gnD=10.82 it_per_s=10.96
2026-10-04 19:29:23,270 INFO iter=882600 epoch=126 lr=1.49e-06 G=1.854 advA2B=0.832 advB2A=0.633 cycA=0.088 cycB=0.106 idtA=0.155 idtB=0.104 D_A=0.105 D_B=0.052 D_A(real)=0.88 D_A(fake)=0.12 gnG=19.96 gnD=10.83 it_per_s=10.96
2026-10-04 19:29:32,395 INFO iter=882700 epoch=126 lr=1.45e-06 G=1.854 advA2B=0.831 advB2A=0.634 cycA=0.088 cycB=0.107 idtA=0.155 idtB=0.104 D_A=0.105 D_B=0.052 D_A(real)=0.88 D_A(fake)=0.12 gnG=19.98 gnD=10.84 it_per_s=10.96
2026-10-04 19:29:41,470 INFO iter=882800 epoch=126 lr=1.42e-06 G=1.853 advA2B=0.830 advB2A=0.633 cycA=0.088 cycB=0.107 idtA=0.155 idtB=0.104 D_A=0.105 D_B=0.052 D_A(real)=0.88 D_A(fake)=0.12 gnG=19.92 gnD=10.84 it_per_s=10.96
2026-10-04 19:29:50,587 INFO iter=882900 epoch=126 lr=1.38e-06 G=1.853 advA2B=0.830 advB2A=0.632 cycA=0.089 cycB=0.107 idtA=0.155 idtB=0.104 D_A=0.105 D_B=0.052 D_A(real)=0.88 D_A(fake)=0.12 gnG=19.91 gnD=10.84 it_per_s=10.96
2026-10-04 19:29:59,693 INFO iter=883000 epoch=126 lr=1.35e-06 G=1.853 advA2B=0.831 advB2A=0.632 cycA=0.089 cycB=0.106 idtA=0.155 idtB=0.104 D_A=0.105 D_B=0.052 D_A(real)=0.88 D_A(fake)=0.12 gnG=19.95 gnD=10.81 it_per_s=10.97
2026-10-04 19:30:08,799 INFO iter=883100 epoch=126 lr=1.31e-06 G=1.852 advA2B=0.831 advB2A=0.631 cycA=0.089 cycB=0.106 idtA=0.155 idtB=0.104 D_A=0.105 D_B=0.052 D_A(real)=0.88 D_A(fake)=0.12 gnG=19.92 gnD=10.82 it_per_s=10.97
2026-10-04 19:30:17,889 INFO iter=883200 epoch=126 lr=1.27e-06 G=1.853 advA2B=0.830 advB2A=0.633 cycA=0.089 cycB=0.106 idtA=0.155 idtB=0.104 D_A=0.105 D_B=0.052 D_A(real)=0.88 D_A(fake)=0.12 gnG=19.96 gnD=10.82 it_per_s=10.97
2026-10-04 19:30:26,959 INFO iter=883300 epoch=126 lr=1.24e-06 G=1.853 advA2B=0.831 advB2A=0.633 cycA=0.089 cycB=0.106 idtA=0.155 idtB=0.104 D_A=0.105 D_B=0.052 D_A(real)=0.88 D_A(fake)=0.12 gnG=19.95 gnD=10.81 it_per_s=10.97
2026-10-04 19:30:36,102 INFO iter=883400 epoch=126 lr=1.20e-06 G=1.852 advA2B=0.830 advB2A=0.632 cycA=0.089 cycB=0.106 idtA=0.155 idtB=0.104 D_A=0.105 D_B=0.052 D_A(real)=0.88 D_A(fake)=0.12 gnG=19.90 gnD=10.82 it_per_s=10.97
2026-10-04 19:30:45,159 INFO iter=883500 epoch=126 lr=1.17e-06 G=1.852 advA2B=0.830 advB2A=0.632 cycA=0.089 cycB=0.106 idtA=0.155 idtB=0.104 D_A=0.105 D_B=0.052 D_A(real)=0.88 D_A(fake)=0.12 gnG=19.89 gnD=10.83 it_per_s=10.97
2026-10-04 19:30:54,272 INFO iter=883600 epoch=126 lr=1.13e-06 G=1.852 advA2B=0.829 advB2A=0.633 cycA=0.089 cycB=0.106 idtA=0.155 idtB=0.104 D_A=0.105 D_B=0.052 D_A(real)=0.88 D_A(fake)=0.12 gnG=19.85 gnD=10.83 it_per_s=10.97
2026-10-04 19:31:03,330 INFO iter=883700 epoch=126 lr=1.10e-06 G=1.852 advA2B=0.830 advB2A=0.632 cycA=0.088 cycB=0.106 idtA=0.155 idtB=0.104 D_A=0.105 D_B=0.052 D_A(real)=0.88 D_A(fake)=0.12 gnG=19.90 gnD=10.83 it_per_s=10.97
2026-10-04 19:31:12,458 INFO iter=883800 epoch=126 lr=1.06e-06 G=1.850 advA2B=0.829 advB2A=0.631 cycA=0.088 cycB=0.106 idtA=0.154 idtB=0.104 D_A=0.106 D_B=0.052 D_A(real)=0.88 D_A(fake)=0.12 gnG=19.84 gnD=10.82 it_per_s=10.97
2026-10-04 19:31:21,522 INFO iter=883900 epoch=126 lr=1.03e-06 G=1.850 advA2B=0.830 advB2A=0.631 cycA=0.088 cycB=0.106 idtA=0.154 idtB=0.104 D_A=0.105 D_B=0.052 D_A(real)=0.88 D_A(fake)=0.12 gnG=19.86 gnD=10.80 it_per_s=10.97
2026-10-04 19:31:30,302 INFO iter=884000 epoch=126 lr=9.91e-07 G=1.849 advA2B=0.829 advB2A=0.631 cycA=0.088 cycB=0.106 idtA=0.154 idtB=0.104 D_A=0.105 D_B=0.052 D_A(real)=0.88 D_A(fake)=0.12 gnG=19.89 gnD=10.80 it_per_s=10.98
2026-10-04 19:31:39,522 INFO iter=884100 epoch=126 lr=9.55e-07 G=1.848 advA2B=0.828 advB2A=0.631 cycA=0.088 cycB=0.106 idtA=0.154 idtB=0.104 D_A=0.105 D_B=0.052 D_A(real)=0.88 D_A(fake)=0.12 gnG=19.83 gnD=10.81 it_per_s=10.98
2026-10-04 19:31:48,669 INFO iter=884200 epoch=126 lr=9.20e-07 G=1.849 advA2B=0.828 advB2A=0.632 cycA=0.088 cycB=0.106 idtA=0.154 idtB=0.104 D_A=0.105 D_B=0.052 D_A(real)=0.88 D_A(fake)=0.12 gnG=19.90 gnD=10.81 it_per_s=10.98
2026-10-04 19:31:57,537 INFO iter=884300 epoch=126 lr=8.84e-07 G=1.849 advA2B=0.828 advB2A=0.631 cycA=0.088 cycB=0.106 idtA=0.154 idtB=0.103 D_A=0.105 D_B=0.052 D_A(real)=0.88 D_A(fake)=0.12 gnG=19.82 gnD=10.81 it_per_s=10.98
2026-10-04 19:32:06,618 INFO iter=884400 epoch=126 lr=8.49e-07 G=1.849 advA2B=0.828 advB2A=0.631 cycA=0.089 cycB=0.106 idtA=0.155 idtB=0.104 D_A=0.105 D_B=0.052 D_A(real)=0.88 D_A(fake)=0.12 gnG=19.80 gnD=10.80 it_per_s=10.98
2026-10-04 19:32:15,744 INFO iter=884500 epoch=126 lr=8.13e-07 G=1.849 advA2B=0.829 advB2A=0.632 cycA=0.088 cycB=0.106 idtA=0.154 idtB=0.103 D_A=0.105 D_B=0.052 D_A(real)=0.88 D_A(fake)=0.12 gnG=19.85 gnD=10.80 it_per_s=10.98
2026-10-04 19:32:24,751 INFO iter=884600 epoch=126 lr=7.78e-07 G=1.850 advA2B=0.828 advB2A=0.632 cycA=0.088 cycB=0.106 idtA=0.155 idtB=0.103 D_A=0.105 D_B=0.052 D_A(real)=0.88 D_A(fake)=0.12 gnG=19.88 gnD=10.79 it_per_s=10.99
2026-10-04 19:32:33,612 INFO iter=884700 epoch=126 lr=7.42e-07 G=1.849 advA2B=0.828 advB2A=0.632 cycA=0.088 cycB=0.106 idtA=0.155 idtB=0.103 D_A=0.105 D_B=0.052 D_A(real)=0.88 D_A(fake)=0.12 gnG=19.87 gnD=10.79 it_per_s=10.99
2026-10-04 19:32:42,699 INFO iter=884800 epoch=126 lr=7.07e-07 G=1.849 advA2B=0.828 advB2A=0.632 cycA=0.088 cycB=0.106 idtA=0.155 idtB=0.103 D_A=0.105 D_B=0.052 D_A(real)=0.88 D_A(fake)=0.12 gnG=19.89 gnD=10.79 it_per_s=10.99
2026-10-04 19:32:51,793 INFO iter=884900 epoch=126 lr=6.71e-07 G=1.848 advA2B=0.828 advB2A=0.631 cycA=0.088 cycB=0.106 idtA=0.155 idtB=0.103 D_A=0.105 D_B=0.052 D_A(real)=0.88 D_A(fake)=0.12 gnG=19.85 gnD=10.78 it_per_s=10.99
2026-10-04 19:33:00,495 INFO iter=885000 epoch=126 lr=6.35e-07 G=1.848 advA2B=0.828 advB2A=0.631 cycA=0.088 cycB=0.106 idtA=0.154 idtB=0.103 D_A=0.105 D_B=0.052 D_A(real)=0.88 D_A(fake)=0.12 gnG=19.87 gnD=10.79 it_per_s=11.00
2026-10-04 19:33:09,615 INFO iter=885100 epoch=126 lr=6.00e-07 G=1.849 advA2B=0.828 advB2A=0.632 cycA=0.088 cycB=0.106 idtA=0.154 idtB=0.103 D_A=0.105 D_B=0.052 D_A(real)=0.88 D_A(fake)=0.12 gnG=19.86 gnD=10.79 it_per_s=11.00
2026-10-04 19:33:18,765 INFO iter=885200 epoch=126 lr=5.64e-07 G=1.850 advA2B=0.828 advB2A=0.633 cycA=0.088 cycB=0.106 idtA=0.154 idtB=0.103 D_A=0.105 D_B=0.052 D_A(real)=0.88 D_A(fake)=0.12 gnG=19.96 gnD=10.78 it_per_s=11.00
2026-10-04 19:33:27,953 INFO iter=885300 epoch=126 lr=5.29e-07 G=1.850 advA2B=0.828 advB2A=0.633 cycA=0.088 cycB=0.106 idtA=0.154 idtB=0.103 D_A=0.105 D_B=0.052 D_A(real)=0.88 D_A(fake)=0.12 gnG=19.96 gnD=10.78 it_per_s=11.00
2026-10-04 19:33:37,063 INFO iter=885400 epoch=126 lr=4.93e-07 G=1.850 advA2B=0.828 advB2A=0.634 cycA=0.088 cycB=0.106 idtA=0.154 idtB=0.103 D_A=0.105 D_B=0.052 D_A(real)=0.88 D_A(fake)=0.12 gnG=19.97 gnD=10.77 it_per_s=11.00
2026-10-04 19:33:46,148 INFO iter=885500 epoch=126 lr=4.58e-07 G=1.850 advA2B=0.828 advB2A=0.634 cycA=0.088 cycB=0.106 idtA=0.154 idtB=0.103 D_A=0.105 D_B=0.052 D_A(real)=0.88 D_A(fake)=0.12 gnG=19.99 gnD=10.77 it_per_s=11.00
2026-10-04 19:33:55,287 INFO iter=885600 epoch=126 lr=4.22e-07 G=1.849 advA2B=0.828 advB2A=0.633 cycA=0.088 cycB=0.106 idtA=0.154 idtB=0.103 D_A=0.105 D_B=0.052 D_A(real)=0.88 D_A(fake)=0.12 gnG=19.97 gnD=10.77 it_per_s=11.00
2026-10-04 19:34:04,440 INFO iter=885700 epoch=126 lr=3.87e-07 G=1.850 advA2B=0.828 advB2A=0.633 cycA=0.088 cycB=0.106 idtA=0.154 idtB=0.103 D_A=0.105 D_B=0.052 D_A(real)=0.88 D_A(fake)=0.12 gnG=19.98 gnD=10.76 it_per_s=11.00
2026-10-04 19:34:13,540 INFO iter=885800 epoch=126 lr=3.51e-07 G=1.849 advA2B=0.828 advB2A=0.633 cycA=0.088 cycB=0.106 idtA=0.154 idtB=0.103 D_A=0.105 D_B=0.052 D_A(real)=0.88 D_A(fake)=0.12 gnG=19.93 gnD=10.76 it_per_s=11.00
2026-10-04 19:34:22,675 INFO iter=885900 epoch=126 lr=3.16e-07 G=1.850 advA2B=0.828 advB2A=0.633 cycA=0.088 cycB=0.106 idtA=0.154 idtB=0.103 D_A=0.105 D_B=0.051 D_A(real)=0.88 D_A(fake)=0.12 gnG=19.96 gnD=10.76 it_per_s=10.99
2026-10-04 19:34:31,841 INFO iter=886000 epoch=126 lr=2.80e-07 G=1.850 advA2B=0.828 advB2A=0.633 cycA=0.088 cycB=0.106 idtA=0.154 idtB=0.104 D_A=0.105 D_B=0.051 D_A(real)=0.88 D_A(fake)=0.12 gnG=19.95 gnD=10.76 it_per_s=10.99
2026-10-04 19:34:41,009 INFO iter=886100 epoch=126 lr=2.45e-07 G=1.850 advA2B=0.828 advB2A=0.633 cycA=0.088 cycB=0.106 idtA=0.154 idtB=0.103 D_A=0.105 D_B=0.052 D_A(real)=0.88 D_A(fake)=0.12 gnG=19.92 gnD=10.78 it_per_s=10.99
2026-10-04 19:34:50,137 INFO iter=886200 epoch=126 lr=2.09e-07 G=1.849 advA2B=0.828 advB2A=0.633 cycA=0.088 cycB=0.106 idtA=0.154 idtB=0.103 D_A=0.105 D_B=0.052 D_A(real)=0.88 D_A(fake)=0.12 gnG=19.93 gnD=10.77 it_per_s=10.99
2026-10-04 19:34:59,329 INFO iter=886300 epoch=126 lr=1.74e-07 G=1.849 advA2B=0.828 advB2A=0.633 cycA=0.088 cycB=0.106 idtA=0.154 idtB=0.103 D_A=0.106 D_B=0.052 D_A(real)=0.88 D_A(fake)=0.12 gnG=19.92 gnD=10.77 it_per_s=10.99
2026-10-04 19:35:08,443 INFO iter=886400 epoch=126 lr=1.38e-07 G=1.850 advA2B=0.828 advB2A=0.633 cycA=0.088 cycB=0.106 idtA=0.154 idtB=0.103 D_A=0.106 D_B=0.051 D_A(real)=0.88 D_A(fake)=0.12 gnG=19.93 gnD=10.76 it_per_s=10.99
2026-10-04 19:35:17,585 INFO iter=886500 epoch=126 lr=1.03e-07 G=1.850 advA2B=0.828 advB2A=0.633 cycA=0.088 cycB=0.106 idtA=0.154 idtB=0.103 D_A=0.106 D_B=0.052 D_A(real)=0.88 D_A(fake)=0.12 gnG=19.95 gnD=10.78 it_per_s=10.99
2026-10-04 19:35:26,701 INFO iter=886600 epoch=126 lr=6.71e-08 G=1.849 advA2B=0.828 advB2A=0.633 cycA=0.088 cycB=0.106 idtA=0.154 idtB=0.103 D_A=0.106 D_B=0.052 D_A(real)=0.88 D_A(fake)=0.12 gnG=19.93 gnD=10.78 it_per_s=10.99
2026-10-04 19:35:35,817 INFO iter=886700 epoch=126 lr=3.16e-08 G=1.849 advA2B=0.828 advB2A=0.633 cycA=0.088 cycB=0.106 idtA=0.154 idtB=0.103 D_A=0.105 D_B=0.052 D_A(real)=0.88 D_A(fake)=0.12 gnG=19.93 gnD=10.77 it_per_s=10.99
2026-10-04 19:35:43,829 INFO epoch=126 done time_s=641 it_per_s=10.99 G=1.849 cycA=0.088 cycB=0.106 idtA=0.154 idtB=0.103 D_A=0.105 D_B=0.052 D_A(real)=0.88 D_A(fake)=0.12 nan_count=0
2026-10-04 19:35:44,843 INFO done summary={"run_id": "full_run18", "params": {"G_A2B": 11378179, "G_B2A": 11378179, "D_A": 5529474, "D_B": 5529474}, "param_count_total": 33815306, "param_count_generators": 22756358, "photos": 7038, "monets": 300, "iters": 886788, "train_time_s": 114522.11789279943, "train_iters_per_sec": 7.743377579081225, "train_images_per_sec": 15.48675515816245, "peak_memory_mb": 18700.97998046875, "max_grad_norm_G": 1824.5267333984375, "max_grad_norm_D": 381.4660339355469, "nan_count": 0, "final_epoch": {"epoch": 126, "iters": 7038, "epoch_time_s": 640.5373988999054, "iters_per_s": 10.987648827511794, "loss_G": 1.8487794772573884, "adv_A2B": 0.8279049334860756, "adv_B2A": 0.6323744483074026, "cycle_A": 0.08837547204683503, "cycle_B": 0.10587478381864521, "identity_A": 0.15424869208892797, "identity_B": 0.1027552525270185, "loss_D_A": 0.10543035803684019, "loss_D_B": 0.05154189998434836, "D_A_real_mean": 0.8798769847612958, "D_A_fake_mean": 0.1212809054002602, "grad_norm_G": 19.90208510940608, "grad_norm_D": 10.771385025930662}, "hardware": "GPU: NVIDIA GeForce RTX 4090; CPU: AMD64 Family 25 Model 97 Stepping 2, AuthenticAMD"}
