2026-10-04 14:26:39,120 INFO resumed from C:\Users\chaitanya\Documents\GEN_AI_LAB1\task3_gan\member_chaitanya\checkpoints\full_run15\latest.pt at epoch 90 iter 633420
2026-10-04 14:26:39,124 INFO resumed EMA weights from C:\Users\chaitanya\Documents\GEN_AI_LAB1\task3_gan\member_chaitanya\checkpoints\full_run15\latest.pt
2026-10-04 14:26:39,125 INFO generator EMA enabled, decay=0.9999
2026-10-04 14:26:39,125 INFO run_id=full_run15 config=task3_gan/member_chaitanya/configs/full_run15.yaml
2026-10-04 14:26:39,125 INFO config={"run_id": "full_run15", "seed": 1337, "data": {"monet_dir": "task3_gan/data/monet_jpg", "photo_dir": "task3_gan/data/photo_jpg", "load_size": 286, "crop_size": 256, "hflip": true, "num_workers": 4}, "model": {"ngf": 64, "n_res_blocks": 9, "n_downsampling": 2, "upsampling": "nearest_conv", "ndf": 64, "norm": "instance", "init_std": 0.02}, "loss": {"adversarial": "lsgan", "lambda_cycle": 2.0, "lambda_identity": 0.0, "d_loss_scale": 0.5}, "training": {"batch_size": 1, "epochs": 96, "constant_lr_epochs": 90, "lr_g": 0.0001, "lr_d": 0.0001, "betas": [0.5, 0.999], "pool_size": 50, "precision": "fp32", "cudnn_benchmark": true, "diffaugment_monet_d": true, "diffaugment_photo_d": true, "ema_decay": 0.9999, "log_every_iters": 100, "grid_every_epochs": 1, "checkpoint_every_epochs": 1, "num_fixed_samples": 4}}
2026-10-04 14:26:39,148 INFO hardware=GPU: NVIDIA GeForce RTX 4090; CPU: AMD64 Family 25 Model 97 Stepping 2, AuthenticAMD torch=2.11.0+cu128
2026-10-04 14:26:39,148 INFO photos=7038 monets=300 iters_per_epoch=7038 total_iters=675648 params={"G_A2B": 11378179, "G_B2A": 11378179, "D_A": 2764737, "D_B": 2764737}
2026-10-04 14:27:21,673 INFO iter=633500 epoch=91 lr=9.98e-05 G=1.810 advA2B=0.590 advB2A=0.850 cycA=0.090 cycB=0.095 idtA=0.065 idtB=0.079 D_A=0.149 D_B=0.204 D_A(real)=0.86 D_A(fake)=0.14 gnG=50.15 gnD=25.46 it_per_s=1.88
2026-10-04 14:27:33,973 INFO iter=633600 epoch=91 lr=9.96e-05 G=1.742 advA2B=0.543 advB2A=0.821 cycA=0.092 cycB=0.097 idtA=0.069 idtB=0.084 D_A=0.161 D_B=0.188 D_A(real)=0.84 D_A(fake)=0.16 gnG=41.28 gnD=23.38 it_per_s=3.28
2026-10-04 14:27:49,003 INFO iter=633700 epoch=91 lr=9.93e-05 G=1.731 advA2B=0.544 advB2A=0.802 cycA=0.093 cycB=0.099 idtA=0.071 idtB=0.087 D_A=0.144 D_B=0.181 D_A(real)=0.84 D_A(fake)=0.16 gnG=37.99 gnD=21.83 it_per_s=4.01
2026-10-04 14:28:01,397 INFO iter=633800 epoch=91 lr=9.91e-05 G=1.705 advA2B=0.554 advB2A=0.761 cycA=0.094 cycB=0.101 idtA=0.070 idtB=0.090 D_A=0.135 D_B=0.174 D_A(real)=0.84 D_A(fake)=0.16 gnG=36.76 gnD=21.22 it_per_s=4.62
2026-10-04 14:28:16,055 INFO iter=633900 epoch=91 lr=9.89e-05 G=1.705 advA2B=0.561 advB2A=0.750 cycA=0.095 cycB=0.102 idtA=0.074 idtB=0.093 D_A=0.133 D_B=0.169 D_A(real)=0.83 D_A(fake)=0.17 gnG=36.20 gnD=20.92 it_per_s=4.95
2026-10-04 14:28:27,808 INFO iter=634000 epoch=91 lr=9.86e-05 G=1.688 advA2B=0.559 advB2A=0.735 cycA=0.094 cycB=0.103 idtA=0.074 idtB=0.093 D_A=0.128 D_B=0.170 D_A(real)=0.83 D_A(fake)=0.17 gnG=35.73 gnD=20.85 it_per_s=5.34
2026-10-04 14:28:42,177 INFO iter=634100 epoch=91 lr=9.84e-05 G=1.673 advA2B=0.551 advB2A=0.727 cycA=0.095 cycB=0.103 idtA=0.074 idtB=0.093 D_A=0.125 D_B=0.169 D_A(real)=0.83 D_A(fake)=0.17 gnG=34.69 gnD=20.64 it_per_s=5.53
2026-10-04 14:28:54,385 INFO iter=634200 epoch=91 lr=9.82e-05 G=1.675 advA2B=0.561 advB2A=0.719 cycA=0.094 cycB=0.103 idtA=0.075 idtB=0.093 D_A=0.121 D_B=0.165 D_A(real)=0.83 D_A(fake)=0.17 gnG=34.21 gnD=20.28 it_per_s=5.77
2026-10-04 14:29:09,242 INFO iter=634300 epoch=91 lr=9.79e-05 G=1.678 advA2B=0.563 advB2A=0.718 cycA=0.095 cycB=0.103 idtA=0.076 idtB=0.094 D_A=0.117 D_B=0.163 D_A(real)=0.83 D_A(fake)=0.17 gnG=33.59 gnD=19.99 it_per_s=5.86
2026-10-04 14:29:21,052 INFO iter=634400 epoch=91 lr=9.77e-05 G=1.678 advA2B=0.556 advB2A=0.719 cycA=0.096 cycB=0.105 idtA=0.078 idtB=0.095 D_A=0.116 D_B=0.162 D_A(real)=0.83 D_A(fake)=0.17 gnG=33.11 gnD=19.81 it_per_s=6.05
2026-10-04 14:29:32,023 INFO iter=634500 epoch=91 lr=9.74e-05 G=1.683 advA2B=0.560 advB2A=0.720 cycA=0.097 cycB=0.105 idtA=0.077 idtB=0.095 D_A=0.113 D_B=0.160 D_A(real)=0.84 D_A(fake)=0.16 gnG=32.65 gnD=19.46 it_per_s=6.25
2026-10-04 14:29:46,314 INFO iter=634600 epoch=91 lr=9.72e-05 G=1.678 advA2B=0.560 advB2A=0.714 cycA=0.097 cycB=0.105 idtA=0.078 idtB=0.095 D_A=0.111 D_B=0.158 D_A(real)=0.84 D_A(fake)=0.16 gnG=32.13 gnD=19.19 it_per_s=6.30
2026-10-04 14:29:59,172 INFO iter=634700 epoch=91 lr=9.70e-05 G=1.683 advA2B=0.560 advB2A=0.718 cycA=0.098 cycB=0.105 idtA=0.079 idtB=0.096 D_A=0.110 D_B=0.159 D_A(real)=0.84 D_A(fake)=0.16 gnG=31.87 gnD=19.12 it_per_s=6.40
2026-10-04 14:30:13,690 INFO iter=634800 epoch=91 lr=9.67e-05 G=1.678 advA2B=0.557 advB2A=0.716 cycA=0.098 cycB=0.105 idtA=0.081 idtB=0.096 D_A=0.108 D_B=0.158 D_A(real)=0.84 D_A(fake)=0.16 gnG=31.66 gnD=18.91 it_per_s=6.43
2026-10-04 14:30:26,003 INFO iter=634900 epoch=91 lr=9.65e-05 G=1.684 advA2B=0.560 advB2A=0.718 cycA=0.098 cycB=0.105 idtA=0.082 idtB=0.096 D_A=0.107 D_B=0.158 D_A(real)=0.84 D_A(fake)=0.16 gnG=31.42 gnD=18.87 it_per_s=6.52
2026-10-04 14:30:40,777 INFO iter=635000 epoch=91 lr=9.63e-05 G=1.685 advA2B=0.560 advB2A=0.717 cycA=0.099 cycB=0.106 idtA=0.082 idtB=0.096 D_A=0.105 D_B=0.158 D_A(real)=0.84 D_A(fake)=0.16 gnG=31.12 gnD=18.77 it_per_s=6.54
2026-10-04 14:30:52,898 INFO iter=635100 epoch=91 lr=9.60e-05 G=1.681 advA2B=0.559 advB2A=0.712 cycA=0.099 cycB=0.105 idtA=0.082 idtB=0.096 D_A=0.104 D_B=0.157 D_A(real)=0.84 D_A(fake)=0.16 gnG=30.72 gnD=18.67 it_per_s=6.62
2026-10-04 14:31:08,029 INFO iter=635200 epoch=91 lr=9.58e-05 G=1.680 advA2B=0.561 advB2A=0.709 cycA=0.099 cycB=0.106 idtA=0.083 idtB=0.096 D_A=0.103 D_B=0.156 D_A(real)=0.84 D_A(fake)=0.16 gnG=30.53 gnD=18.57 it_per_s=6.62
2026-10-04 14:31:20,028 INFO iter=635300 epoch=91 lr=9.56e-05 G=1.684 advA2B=0.563 advB2A=0.710 cycA=0.100 cycB=0.106 idtA=0.083 idtB=0.097 D_A=0.103 D_B=0.156 D_A(real)=0.84 D_A(fake)=0.16 gnG=30.38 gnD=18.54 it_per_s=6.69
2026-10-04 14:31:34,362 INFO iter=635400 epoch=91 lr=9.53e-05 G=1.682 advA2B=0.559 advB2A=0.711 cycA=0.100 cycB=0.106 idtA=0.084 idtB=0.098 D_A=0.103 D_B=0.156 D_A(real)=0.84 D_A(fake)=0.16 gnG=30.40 gnD=18.47 it_per_s=6.71
2026-10-04 14:31:46,422 INFO iter=635500 epoch=91 lr=9.51e-05 G=1.679 advA2B=0.556 advB2A=0.711 cycA=0.100 cycB=0.106 idtA=0.086 idtB=0.098 D_A=0.102 D_B=0.157 D_A(real)=0.84 D_A(fake)=0.16 gnG=30.16 gnD=18.42 it_per_s=6.77
2026-10-04 14:32:00,823 INFO iter=635600 epoch=91 lr=9.48e-05 G=1.683 advA2B=0.558 advB2A=0.712 cycA=0.100 cycB=0.107 idtA=0.088 idtB=0.098 D_A=0.101 D_B=0.156 D_A(real)=0.84 D_A(fake)=0.16 gnG=29.96 gnD=18.31 it_per_s=6.78
2026-10-04 14:32:12,849 INFO iter=635700 epoch=91 lr=9.46e-05 G=1.681 advA2B=0.558 advB2A=0.709 cycA=0.100 cycB=0.107 idtA=0.089 idtB=0.098 D_A=0.101 D_B=0.155 D_A(real)=0.84 D_A(fake)=0.16 gnG=29.93 gnD=18.23 it_per_s=6.83
2026-10-04 14:32:27,391 INFO iter=635800 epoch=91 lr=9.44e-05 G=1.680 advA2B=0.558 advB2A=0.708 cycA=0.100 cycB=0.107 idtA=0.089 idtB=0.099 D_A=0.100 D_B=0.155 D_A(real)=0.84 D_A(fake)=0.16 gnG=29.89 gnD=18.17 it_per_s=6.83
2026-10-04 14:32:39,385 INFO iter=635900 epoch=91 lr=9.41e-05 G=1.680 advA2B=0.557 advB2A=0.708 cycA=0.100 cycB=0.107 idtA=0.089 idtB=0.099 D_A=0.100 D_B=0.155 D_A(real)=0.84 D_A(fake)=0.16 gnG=29.89 gnD=18.07 it_per_s=6.88
2026-10-04 14:32:53,848 INFO iter=636000 epoch=91 lr=9.39e-05 G=1.680 advA2B=0.556 advB2A=0.708 cycA=0.100 cycB=0.107 idtA=0.090 idtB=0.100 D_A=0.099 D_B=0.155 D_A(real)=0.85 D_A(fake)=0.15 gnG=29.81 gnD=18.02 it_per_s=6.89
2026-10-04 14:33:05,814 INFO iter=636100 epoch=91 lr=9.37e-05 G=1.676 advA2B=0.555 advB2A=0.707 cycA=0.100 cycB=0.107 idtA=0.090 idtB=0.100 D_A=0.099 D_B=0.155 D_A(real)=0.84 D_A(fake)=0.16 gnG=29.61 gnD=17.97 it_per_s=6.93
2026-10-04 14:33:20,216 INFO iter=636200 epoch=91 lr=9.34e-05 G=1.676 advA2B=0.555 advB2A=0.707 cycA=0.100 cycB=0.107 idtA=0.090 idtB=0.100 D_A=0.098 D_B=0.154 D_A(real)=0.84 D_A(fake)=0.16 gnG=29.54 gnD=17.87 it_per_s=6.93
2026-10-04 14:33:32,493 INFO iter=636300 epoch=91 lr=9.32e-05 G=1.678 advA2B=0.556 advB2A=0.708 cycA=0.100 cycB=0.107 idtA=0.091 idtB=0.100 D_A=0.098 D_B=0.153 D_A(real)=0.84 D_A(fake)=0.16 gnG=29.46 gnD=17.81 it_per_s=6.97
2026-10-04 14:33:47,352 INFO iter=636400 epoch=91 lr=9.29e-05 G=1.679 advA2B=0.556 advB2A=0.707 cycA=0.100 cycB=0.108 idtA=0.091 idtB=0.101 D_A=0.098 D_B=0.153 D_A(real)=0.84 D_A(fake)=0.16 gnG=29.42 gnD=17.76 it_per_s=6.96
2026-10-04 14:33:59,449 INFO iter=636500 epoch=91 lr=9.27e-05 G=1.681 advA2B=0.557 advB2A=0.708 cycA=0.100 cycB=0.108 idtA=0.091 idtB=0.101 D_A=0.097 D_B=0.153 D_A(real)=0.84 D_A(fake)=0.16 gnG=29.33 gnD=17.73 it_per_s=7.00
2026-10-04 14:34:14,081 INFO iter=636600 epoch=91 lr=9.25e-05 G=1.681 advA2B=0.556 advB2A=0.708 cycA=0.100 cycB=0.108 idtA=0.091 idtB=0.101 D_A=0.097 D_B=0.152 D_A(real)=0.84 D_A(fake)=0.16 gnG=29.29 gnD=17.67 it_per_s=6.99
2026-10-04 14:34:26,325 INFO iter=636700 epoch=91 lr=9.22e-05 G=1.679 advA2B=0.556 advB2A=0.706 cycA=0.101 cycB=0.108 idtA=0.091 idtB=0.102 D_A=0.097 D_B=0.152 D_A(real)=0.84 D_A(fake)=0.16 gnG=29.15 gnD=17.68 it_per_s=7.02
2026-10-04 14:34:37,222 INFO iter=636800 epoch=91 lr=9.20e-05 G=1.678 advA2B=0.557 advB2A=0.704 cycA=0.101 cycB=0.108 idtA=0.091 idtB=0.102 D_A=0.097 D_B=0.151 D_A(real)=0.84 D_A(fake)=0.16 gnG=29.00 gnD=17.64 it_per_s=7.07
2026-10-04 14:34:47,824 INFO iter=636900 epoch=91 lr=9.18e-05 G=1.679 advA2B=0.559 advB2A=0.703 cycA=0.101 cycB=0.108 idtA=0.091 idtB=0.102 D_A=0.096 D_B=0.151 D_A(real)=0.84 D_A(fake)=0.16 gnG=28.96 gnD=17.60 it_per_s=7.12
2026-10-04 14:34:58,444 INFO iter=637000 epoch=91 lr=9.15e-05 G=1.678 advA2B=0.558 advB2A=0.703 cycA=0.101 cycB=0.108 idtA=0.091 idtB=0.102 D_A=0.096 D_B=0.151 D_A(real)=0.84 D_A(fake)=0.16 gnG=28.89 gnD=17.55 it_per_s=7.17
2026-10-04 14:35:09,121 INFO iter=637100 epoch=91 lr=9.13e-05 G=1.677 advA2B=0.558 advB2A=0.702 cycA=0.100 cycB=0.108 idtA=0.091 idtB=0.102 D_A=0.096 D_B=0.150 D_A(real)=0.84 D_A(fake)=0.16 gnG=28.78 gnD=17.55 it_per_s=7.22
2026-10-04 14:35:19,847 INFO iter=637200 epoch=91 lr=9.11e-05 G=1.678 advA2B=0.558 advB2A=0.703 cycA=0.100 cycB=0.108 idtA=0.091 idtB=0.103 D_A=0.096 D_B=0.150 D_A(real)=0.84 D_A(fake)=0.16 gnG=28.69 gnD=17.55 it_per_s=7.26
2026-10-04 14:35:30,537 INFO iter=637300 epoch=91 lr=9.08e-05 G=1.677 advA2B=0.558 advB2A=0.702 cycA=0.100 cycB=0.108 idtA=0.092 idtB=0.103 D_A=0.096 D_B=0.150 D_A(real)=0.84 D_A(fake)=0.16 gnG=28.64 gnD=17.54 it_per_s=7.30
2026-10-04 14:35:41,152 INFO iter=637400 epoch=91 lr=9.06e-05 G=1.676 advA2B=0.557 advB2A=0.701 cycA=0.100 cycB=0.108 idtA=0.093 idtB=0.104 D_A=0.096 D_B=0.150 D_A(real)=0.84 D_A(fake)=0.16 gnG=28.54 gnD=17.52 it_per_s=7.34
2026-10-04 14:35:51,749 INFO iter=637500 epoch=91 lr=9.03e-05 G=1.675 advA2B=0.557 advB2A=0.700 cycA=0.100 cycB=0.109 idtA=0.094 idtB=0.104 D_A=0.096 D_B=0.150 D_A(real)=0.84 D_A(fake)=0.16 gnG=28.49 gnD=17.49 it_per_s=7.38
2026-10-04 14:36:02,397 INFO iter=637600 epoch=91 lr=9.01e-05 G=1.674 advA2B=0.556 advB2A=0.699 cycA=0.101 cycB=0.109 idtA=0.094 idtB=0.104 D_A=0.096 D_B=0.150 D_A(real)=0.84 D_A(fake)=0.16 gnG=28.47 gnD=17.42 it_per_s=7.42
2026-10-04 14:36:13,068 INFO iter=637700 epoch=91 lr=8.99e-05 G=1.678 advA2B=0.556 advB2A=0.701 cycA=0.101 cycB=0.109 idtA=0.096 idtB=0.105 D_A=0.096 D_B=0.150 D_A(real)=0.84 D_A(fake)=0.16 gnG=28.56 gnD=17.44 it_per_s=7.46
2026-10-04 14:36:23,681 INFO iter=637800 epoch=91 lr=8.96e-05 G=1.680 advA2B=0.557 advB2A=0.702 cycA=0.101 cycB=0.109 idtA=0.096 idtB=0.105 D_A=0.096 D_B=0.149 D_A(real)=0.84 D_A(fake)=0.16 gnG=28.49 gnD=17.38 it_per_s=7.49
2026-10-04 14:36:34,339 INFO iter=637900 epoch=91 lr=8.94e-05 G=1.680 advA2B=0.558 advB2A=0.700 cycA=0.101 cycB=0.110 idtA=0.096 idtB=0.105 D_A=0.096 D_B=0.148 D_A(real)=0.84 D_A(fake)=0.16 gnG=28.33 gnD=17.33 it_per_s=7.53
2026-10-04 14:36:44,924 INFO iter=638000 epoch=91 lr=8.92e-05 G=1.679 advA2B=0.557 advB2A=0.699 cycA=0.101 cycB=0.110 idtA=0.096 idtB=0.106 D_A=0.096 D_B=0.149 D_A(real)=0.84 D_A(fake)=0.16 gnG=28.27 gnD=17.31 it_per_s=7.56
2026-10-04 14:36:55,567 INFO iter=638100 epoch=91 lr=8.89e-05 G=1.678 advA2B=0.556 advB2A=0.699 cycA=0.102 cycB=0.110 idtA=0.097 idtB=0.107 D_A=0.095 D_B=0.148 D_A(real)=0.84 D_A(fake)=0.16 gnG=28.24 gnD=17.28 it_per_s=7.59
2026-10-04 14:37:06,211 INFO iter=638200 epoch=91 lr=8.87e-05 G=1.677 advA2B=0.555 advB2A=0.699 cycA=0.101 cycB=0.110 idtA=0.097 idtB=0.107 D_A=0.095 D_B=0.148 D_A(real)=0.84 D_A(fake)=0.16 gnG=28.20 gnD=17.25 it_per_s=7.62
2026-10-04 14:37:16,819 INFO iter=638300 epoch=91 lr=8.84e-05 G=1.680 advA2B=0.558 advB2A=0.698 cycA=0.102 cycB=0.110 idtA=0.097 idtB=0.107 D_A=0.095 D_B=0.148 D_A(real)=0.84 D_A(fake)=0.16 gnG=28.31 gnD=17.23 it_per_s=7.65
2026-10-04 14:37:27,450 INFO iter=638400 epoch=91 lr=8.82e-05 G=1.683 advA2B=0.561 advB2A=0.698 cycA=0.102 cycB=0.110 idtA=0.097 idtB=0.108 D_A=0.095 D_B=0.148 D_A(real)=0.84 D_A(fake)=0.16 gnG=28.37 gnD=17.18 it_per_s=7.68
2026-10-04 14:37:38,063 INFO iter=638500 epoch=91 lr=8.80e-05 G=1.683 advA2B=0.562 advB2A=0.697 cycA=0.102 cycB=0.110 idtA=0.097 idtB=0.108 D_A=0.095 D_B=0.147 D_A(real)=0.84 D_A(fake)=0.16 gnG=28.34 gnD=17.16 it_per_s=7.71
2026-10-04 14:37:48,696 INFO iter=638600 epoch=91 lr=8.77e-05 G=1.684 advA2B=0.563 advB2A=0.697 cycA=0.102 cycB=0.110 idtA=0.098 idtB=0.108 D_A=0.094 D_B=0.147 D_A(real)=0.84 D_A(fake)=0.16 gnG=28.41 gnD=17.11 it_per_s=7.74
2026-10-04 14:37:59,327 INFO iter=638700 epoch=91 lr=8.75e-05 G=1.685 advA2B=0.564 advB2A=0.696 cycA=0.102 cycB=0.110 idtA=0.098 idtB=0.108 D_A=0.094 D_B=0.147 D_A(real)=0.84 D_A(fake)=0.16 gnG=28.41 gnD=17.08 it_per_s=7.76
2026-10-04 14:38:10,006 INFO iter=638800 epoch=91 lr=8.73e-05 G=1.683 advA2B=0.564 advB2A=0.695 cycA=0.102 cycB=0.110 idtA=0.098 idtB=0.109 D_A=0.094 D_B=0.146 D_A(real)=0.84 D_A(fake)=0.16 gnG=28.35 gnD=17.05 it_per_s=7.79
2026-10-04 14:38:20,592 INFO iter=638900 epoch=91 lr=8.70e-05 G=1.682 advA2B=0.563 advB2A=0.695 cycA=0.102 cycB=0.110 idtA=0.098 idtB=0.109 D_A=0.094 D_B=0.147 D_A(real)=0.84 D_A(fake)=0.16 gnG=28.35 gnD=17.04 it_per_s=7.81
2026-10-04 14:38:31,219 INFO iter=639000 epoch=91 lr=8.68e-05 G=1.681 advA2B=0.563 advB2A=0.694 cycA=0.102 cycB=0.111 idtA=0.098 idtB=0.110 D_A=0.094 D_B=0.146 D_A(real)=0.84 D_A(fake)=0.16 gnG=28.29 gnD=17.01 it_per_s=7.84
2026-10-04 14:38:41,796 INFO iter=639100 epoch=91 lr=8.66e-05 G=1.683 advA2B=0.563 advB2A=0.695 cycA=0.102 cycB=0.111 idtA=0.098 idtB=0.110 D_A=0.094 D_B=0.146 D_A(real)=0.84 D_A(fake)=0.16 gnG=28.29 gnD=16.97 it_per_s=7.86
2026-10-04 14:38:52,493 INFO iter=639200 epoch=91 lr=8.63e-05 G=1.684 advA2B=0.565 advB2A=0.695 cycA=0.102 cycB=0.111 idtA=0.098 idtB=0.111 D_A=0.094 D_B=0.146 D_A(real)=0.84 D_A(fake)=0.16 gnG=28.37 gnD=16.93 it_per_s=7.88
2026-10-04 14:39:03,119 INFO iter=639300 epoch=91 lr=8.61e-05 G=1.683 advA2B=0.565 advB2A=0.694 cycA=0.102 cycB=0.111 idtA=0.098 idtB=0.111 D_A=0.094 D_B=0.145 D_A(real)=0.84 D_A(fake)=0.16 gnG=28.37 gnD=16.90 it_per_s=7.90
2026-10-04 14:39:13,719 INFO iter=639400 epoch=91 lr=8.58e-05 G=1.685 advA2B=0.566 advB2A=0.694 cycA=0.102 cycB=0.111 idtA=0.099 idtB=0.111 D_A=0.094 D_B=0.145 D_A(real)=0.84 D_A(fake)=0.16 gnG=28.39 gnD=16.87 it_per_s=7.92
2026-10-04 14:39:24,300 INFO iter=639500 epoch=91 lr=8.56e-05 G=1.684 advA2B=0.566 advB2A=0.693 cycA=0.102 cycB=0.111 idtA=0.099 idtB=0.112 D_A=0.094 D_B=0.145 D_A(real)=0.84 D_A(fake)=0.16 gnG=28.34 gnD=16.83 it_per_s=7.95
2026-10-04 14:39:34,954 INFO iter=639600 epoch=91 lr=8.54e-05 G=1.685 advA2B=0.567 advB2A=0.693 cycA=0.102 cycB=0.111 idtA=0.099 idtB=0.112 D_A=0.094 D_B=0.144 D_A(real)=0.84 D_A(fake)=0.16 gnG=28.34 gnD=16.80 it_per_s=7.97
2026-10-04 14:39:45,597 INFO iter=639700 epoch=91 lr=8.51e-05 G=1.685 advA2B=0.567 advB2A=0.692 cycA=0.102 cycB=0.111 idtA=0.099 idtB=0.112 D_A=0.094 D_B=0.144 D_A(real)=0.84 D_A(fake)=0.16 gnG=28.32 gnD=16.77 it_per_s=7.99
2026-10-04 14:39:56,230 INFO iter=639800 epoch=91 lr=8.49e-05 G=1.689 advA2B=0.571 advB2A=0.691 cycA=0.102 cycB=0.111 idtA=0.099 idtB=0.113 D_A=0.094 D_B=0.144 D_A(real)=0.84 D_A(fake)=0.16 gnG=28.27 gnD=16.72 it_per_s=8.00
2026-10-04 14:40:06,896 INFO iter=639900 epoch=91 lr=8.47e-05 G=1.689 advA2B=0.571 advB2A=0.690 cycA=0.102 cycB=0.111 idtA=0.100 idtB=0.113 D_A=0.094 D_B=0.143 D_A(real)=0.84 D_A(fake)=0.16 gnG=28.37 gnD=16.67 it_per_s=8.02
2026-10-04 14:40:17,502 INFO iter=640000 epoch=91 lr=8.44e-05 G=1.688 advA2B=0.570 advB2A=0.690 cycA=0.102 cycB=0.112 idtA=0.100 idtB=0.114 D_A=0.094 D_B=0.143 D_A(real)=0.84 D_A(fake)=0.16 gnG=28.35 gnD=16.64 it_per_s=8.04
2026-10-04 14:40:28,026 INFO iter=640100 epoch=91 lr=8.42e-05 G=1.690 advA2B=0.571 advB2A=0.691 cycA=0.102 cycB=0.112 idtA=0.101 idtB=0.115 D_A=0.094 D_B=0.142 D_A(real)=0.84 D_A(fake)=0.16 gnG=28.29 gnD=16.60 it_per_s=8.06
2026-10-04 14:40:38,667 INFO iter=640200 epoch=91 lr=8.39e-05 G=1.689 advA2B=0.571 advB2A=0.690 cycA=0.102 cycB=0.112 idtA=0.101 idtB=0.115 D_A=0.093 D_B=0.142 D_A(real)=0.84 D_A(fake)=0.16 gnG=28.21 gnD=16.59 it_per_s=8.08
2026-10-04 14:40:49,259 INFO iter=640300 epoch=91 lr=8.37e-05 G=1.692 advA2B=0.573 advB2A=0.691 cycA=0.102 cycB=0.112 idtA=0.101 idtB=0.115 D_A=0.093 D_B=0.142 D_A(real)=0.84 D_A(fake)=0.16 gnG=28.18 gnD=16.56 it_per_s=8.09
2026-10-04 14:40:59,896 INFO iter=640400 epoch=91 lr=8.35e-05 G=1.691 advA2B=0.572 advB2A=0.690 cycA=0.102 cycB=0.112 idtA=0.102 idtB=0.116 D_A=0.093 D_B=0.141 D_A(real)=0.84 D_A(fake)=0.16 gnG=28.09 gnD=16.53 it_per_s=8.11
2026-10-04 14:41:06,059 INFO epoch=91 done time_s=867 it_per_s=8.12 G=1.691 cycA=0.102 cycB=0.112 idtA=0.102 idtB=0.116 D_A=0.093 D_B=0.141 D_A(real)=0.84 D_A(fake)=0.16 nan_count=0
2026-10-04 14:41:16,557 INFO iter=640500 epoch=92 lr=8.32e-05 G=1.628 advA2B=0.495 advB2A=0.706 cycA=0.100 cycB=0.113 idtA=0.134 idtB=0.134 D_A=0.097 D_B=0.125 D_A(real)=0.82 D_A(fake)=0.18 gnG=26.49 gnD=14.38 it_per_s=9.16
2026-10-04 14:41:27,171 INFO iter=640600 epoch=92 lr=8.30e-05 G=1.702 advA2B=0.567 advB2A=0.702 cycA=0.102 cycB=0.114 idtA=0.113 idtB=0.129 D_A=0.094 D_B=0.119 D_A(real)=0.83 D_A(fake)=0.17 gnG=24.00 gnD=15.00 it_per_s=9.34
2026-10-04 14:41:37,895 INFO iter=640700 epoch=92 lr=8.28e-05 G=1.726 advA2B=0.573 advB2A=0.713 cycA=0.105 cycB=0.115 idtA=0.110 idtB=0.136 D_A=0.092 D_B=0.119 D_A(real)=0.83 D_A(fake)=0.17 gnG=24.26 gnD=14.48 it_per_s=9.33
2026-10-04 14:41:51,375 INFO iter=640800 epoch=92 lr=8.25e-05 G=1.730 advA2B=0.595 advB2A=0.695 cycA=0.105 cycB=0.115 idtA=0.115 idtB=0.136 D_A=0.092 D_B=0.120 D_A(real)=0.83 D_A(fake)=0.17 gnG=25.05 gnD=14.54 it_per_s=8.68
2026-10-04 14:42:03,831 INFO iter=640900 epoch=92 lr=8.23e-05 G=1.729 advA2B=0.592 advB2A=0.701 cycA=0.105 cycB=0.113 idtA=0.117 idtB=0.130 D_A=0.090 D_B=0.123 D_A(real)=0.83 D_A(fake)=0.17 gnG=24.79 gnD=14.71 it_per_s=8.52
2026-10-04 14:42:18,152 INFO iter=641000 epoch=92 lr=8.21e-05 G=1.732 advA2B=0.591 advB2A=0.705 cycA=0.105 cycB=0.113 idtA=0.114 idtB=0.127 D_A=0.088 D_B=0.122 D_A(real)=0.83 D_A(fake)=0.17 gnG=24.75 gnD=14.48 it_per_s=8.19
2026-10-04 14:42:30,946 INFO iter=641100 epoch=92 lr=8.18e-05 G=1.730 advA2B=0.594 advB2A=0.699 cycA=0.105 cycB=0.113 idtA=0.112 idtB=0.127 D_A=0.088 D_B=0.121 D_A(real)=0.83 D_A(fake)=0.17 gnG=24.58 gnD=14.37 it_per_s=8.13
2026-10-04 14:42:42,582 INFO iter=641200 epoch=92 lr=8.16e-05 G=1.736 advA2B=0.600 advB2A=0.699 cycA=0.105 cycB=0.113 idtA=0.112 idtB=0.127 D_A=0.088 D_B=0.122 D_A(real)=0.83 D_A(fake)=0.17 gnG=24.74 gnD=14.41 it_per_s=8.19
2026-10-04 14:42:53,572 INFO iter=641300 epoch=92 lr=8.13e-05 G=1.725 advA2B=0.594 advB2A=0.696 cycA=0.105 cycB=0.113 idtA=0.113 idtB=0.125 D_A=0.088 D_B=0.123 D_A(real)=0.84 D_A(fake)=0.16 gnG=24.77 gnD=14.46 it_per_s=8.29
2026-10-04 14:43:04,308 INFO iter=641400 epoch=92 lr=8.11e-05 G=1.722 advA2B=0.591 advB2A=0.698 cycA=0.104 cycB=0.112 idtA=0.113 idtB=0.123 D_A=0.088 D_B=0.125 D_A(real)=0.83 D_A(fake)=0.17 gnG=25.05 gnD=14.58 it_per_s=8.39
2026-10-04 14:43:14,969 INFO iter=641500 epoch=92 lr=8.09e-05 G=1.729 advA2B=0.596 advB2A=0.701 cycA=0.105 cycB=0.112 idtA=0.113 idtB=0.126 D_A=0.087 D_B=0.125 D_A(real)=0.84 D_A(fake)=0.16 gnG=25.41 gnD=14.51 it_per_s=8.47
2026-10-04 14:43:25,590 INFO iter=641600 epoch=92 lr=8.06e-05 G=1.730 advA2B=0.598 advB2A=0.700 cycA=0.104 cycB=0.112 idtA=0.112 idtB=0.126 D_A=0.087 D_B=0.126 D_A(real)=0.84 D_A(fake)=0.16 gnG=25.38 gnD=14.54 it_per_s=8.55
2026-10-04 14:43:36,310 INFO iter=641700 epoch=92 lr=8.04e-05 G=1.733 advA2B=0.597 advB2A=0.704 cycA=0.104 cycB=0.112 idtA=0.112 idtB=0.125 D_A=0.087 D_B=0.127 D_A(real)=0.84 D_A(fake)=0.16 gnG=25.45 gnD=14.57 it_per_s=8.60
2026-10-04 14:43:47,003 INFO iter=641800 epoch=92 lr=8.02e-05 G=1.739 advA2B=0.601 advB2A=0.704 cycA=0.104 cycB=0.113 idtA=0.112 idtB=0.126 D_A=0.087 D_B=0.126 D_A(real)=0.84 D_A(fake)=0.16 gnG=25.86 gnD=14.59 it_per_s=8.66
2026-10-04 14:43:57,704 INFO iter=641900 epoch=92 lr=7.99e-05 G=1.738 advA2B=0.601 advB2A=0.700 cycA=0.105 cycB=0.113 idtA=0.111 idtB=0.126 D_A=0.087 D_B=0.125 D_A(real)=0.84 D_A(fake)=0.16 gnG=25.85 gnD=14.51 it_per_s=8.70
2026-10-04 14:44:08,353 INFO iter=642000 epoch=92 lr=7.97e-05 G=1.738 advA2B=0.600 advB2A=0.701 cycA=0.105 cycB=0.113 idtA=0.110 idtB=0.127 D_A=0.087 D_B=0.125 D_A(real)=0.84 D_A(fake)=0.16 gnG=25.81 gnD=14.51 it_per_s=8.74
2026-10-04 14:44:19,016 INFO iter=642100 epoch=92 lr=7.94e-05 G=1.735 advA2B=0.600 advB2A=0.699 cycA=0.105 cycB=0.113 idtA=0.110 idtB=0.129 D_A=0.086 D_B=0.125 D_A(real)=0.84 D_A(fake)=0.16 gnG=25.67 gnD=14.45 it_per_s=8.78
2026-10-04 14:44:29,634 INFO iter=642200 epoch=92 lr=7.92e-05 G=1.735 advA2B=0.600 advB2A=0.700 cycA=0.105 cycB=0.113 idtA=0.111 idtB=0.130 D_A=0.085 D_B=0.125 D_A(real)=0.84 D_A(fake)=0.16 gnG=25.56 gnD=14.42 it_per_s=8.81
2026-10-04 14:44:40,237 INFO iter=642300 epoch=92 lr=7.90e-05 G=1.736 advA2B=0.599 advB2A=0.702 cycA=0.105 cycB=0.113 idtA=0.112 idtB=0.129 D_A=0.085 D_B=0.125 D_A(real)=0.84 D_A(fake)=0.16 gnG=25.64 gnD=14.40 it_per_s=8.84
2026-10-04 14:44:50,912 INFO iter=642400 epoch=92 lr=7.87e-05 G=1.738 advA2B=0.600 advB2A=0.703 cycA=0.104 cycB=0.113 idtA=0.112 idtB=0.130 D_A=0.085 D_B=0.124 D_A(real)=0.84 D_A(fake)=0.16 gnG=25.61 gnD=14.36 it_per_s=8.87
2026-10-04 14:45:01,571 INFO iter=642500 epoch=92 lr=7.85e-05 G=1.736 advA2B=0.597 advB2A=0.703 cycA=0.104 cycB=0.114 idtA=0.112 idtB=0.132 D_A=0.085 D_B=0.125 D_A(real)=0.84 D_A(fake)=0.16 gnG=25.72 gnD=14.37 it_per_s=8.89
2026-10-04 14:45:12,187 INFO iter=642600 epoch=92 lr=7.83e-05 G=1.733 advA2B=0.597 advB2A=0.700 cycA=0.104 cycB=0.114 idtA=0.112 idtB=0.134 D_A=0.084 D_B=0.124 D_A(real)=0.84 D_A(fake)=0.16 gnG=25.71 gnD=14.40 it_per_s=8.92
2026-10-04 14:45:22,777 INFO iter=642700 epoch=92 lr=7.80e-05 G=1.729 advA2B=0.595 advB2A=0.699 cycA=0.104 cycB=0.114 idtA=0.113 idtB=0.133 D_A=0.084 D_B=0.124 D_A(real)=0.84 D_A(fake)=0.16 gnG=25.71 gnD=14.41 it_per_s=8.94
2026-10-04 14:45:33,419 INFO iter=642800 epoch=92 lr=7.78e-05 G=1.725 advA2B=0.592 advB2A=0.697 cycA=0.104 cycB=0.114 idtA=0.113 idtB=0.133 D_A=0.084 D_B=0.124 D_A(real)=0.84 D_A(fake)=0.16 gnG=25.67 gnD=14.38 it_per_s=8.96
2026-10-04 14:45:44,020 INFO iter=642900 epoch=92 lr=7.76e-05 G=1.719 advA2B=0.591 advB2A=0.694 cycA=0.104 cycB=0.114 idtA=0.113 idtB=0.134 D_A=0.085 D_B=0.125 D_A(real)=0.84 D_A(fake)=0.16 gnG=25.61 gnD=14.41 it_per_s=8.98
2026-10-04 14:45:54,684 INFO iter=643000 epoch=92 lr=7.73e-05 G=1.717 advA2B=0.591 advB2A=0.691 cycA=0.104 cycB=0.114 idtA=0.113 idtB=0.134 D_A=0.085 D_B=0.125 D_A(real)=0.84 D_A(fake)=0.16 gnG=25.52 gnD=14.44 it_per_s=8.99
2026-10-04 14:46:05,264 INFO iter=643100 epoch=92 lr=7.71e-05 G=1.719 advA2B=0.592 advB2A=0.692 cycA=0.104 cycB=0.114 idtA=0.113 idtB=0.134 D_A=0.085 D_B=0.125 D_A(real)=0.84 D_A(fake)=0.16 gnG=25.51 gnD=14.40 it_per_s=9.01
2026-10-04 14:46:15,912 INFO iter=643200 epoch=92 lr=7.68e-05 G=1.717 advA2B=0.590 advB2A=0.691 cycA=0.104 cycB=0.114 idtA=0.113 idtB=0.134 D_A=0.086 D_B=0.125 D_A(real)=0.84 D_A(fake)=0.16 gnG=25.77 gnD=14.39 it_per_s=9.02
2026-10-04 14:46:26,508 INFO iter=643300 epoch=92 lr=7.66e-05 G=1.719 advA2B=0.590 advB2A=0.693 cycA=0.104 cycB=0.114 idtA=0.114 idtB=0.134 D_A=0.086 D_B=0.125 D_A(real)=0.84 D_A(fake)=0.16 gnG=25.93 gnD=14.39 it_per_s=9.04
2026-10-04 14:46:37,111 INFO iter=643400 epoch=92 lr=7.64e-05 G=1.718 advA2B=0.590 advB2A=0.693 cycA=0.104 cycB=0.114 idtA=0.114 idtB=0.134 D_A=0.085 D_B=0.125 D_A(real)=0.84 D_A(fake)=0.16 gnG=26.02 gnD=14.37 it_per_s=9.05
2026-10-04 14:46:47,739 INFO iter=643500 epoch=92 lr=7.61e-05 G=1.722 advA2B=0.592 advB2A=0.694 cycA=0.104 cycB=0.114 idtA=0.115 idtB=0.134 D_A=0.085 D_B=0.125 D_A(real)=0.84 D_A(fake)=0.16 gnG=26.17 gnD=14.36 it_per_s=9.06
2026-10-04 14:46:58,388 INFO iter=643600 epoch=92 lr=7.59e-05 G=1.725 advA2B=0.593 advB2A=0.695 cycA=0.104 cycB=0.114 idtA=0.116 idtB=0.134 D_A=0.085 D_B=0.125 D_A(real)=0.84 D_A(fake)=0.16 gnG=26.39 gnD=14.35 it_per_s=9.07
2026-10-04 14:47:09,050 INFO iter=643700 epoch=92 lr=7.57e-05 G=1.722 advA2B=0.593 advB2A=0.694 cycA=0.104 cycB=0.114 idtA=0.118 idtB=0.135 D_A=0.085 D_B=0.124 D_A(real)=0.84 D_A(fake)=0.16 gnG=26.39 gnD=14.33 it_per_s=9.08
2026-10-04 14:47:19,675 INFO iter=643800 epoch=92 lr=7.54e-05 G=1.723 advA2B=0.593 advB2A=0.694 cycA=0.104 cycB=0.114 idtA=0.119 idtB=0.135 D_A=0.085 D_B=0.124 D_A(real)=0.84 D_A(fake)=0.16 gnG=26.56 gnD=14.32 it_per_s=9.09
2026-10-04 14:47:30,359 INFO iter=643900 epoch=92 lr=7.52e-05 G=1.721 advA2B=0.593 advB2A=0.692 cycA=0.104 cycB=0.114 idtA=0.120 idtB=0.136 D_A=0.085 D_B=0.124 D_A(real)=0.84 D_A(fake)=0.16 gnG=26.55 gnD=14.36 it_per_s=9.10
2026-10-04 14:47:41,005 INFO iter=644000 epoch=92 lr=7.49e-05 G=1.718 advA2B=0.591 advB2A=0.692 cycA=0.104 cycB=0.114 idtA=0.120 idtB=0.136 D_A=0.085 D_B=0.125 D_A(real)=0.84 D_A(fake)=0.16 gnG=26.40 gnD=14.38 it_per_s=9.10
2026-10-04 14:47:51,596 INFO iter=644100 epoch=92 lr=7.47e-05 G=1.716 advA2B=0.589 advB2A=0.692 cycA=0.104 cycB=0.114 idtA=0.121 idtB=0.136 D_A=0.085 D_B=0.125 D_A(real)=0.84 D_A(fake)=0.16 gnG=26.30 gnD=14.39 it_per_s=9.11
2026-10-04 14:48:02,258 INFO iter=644200 epoch=92 lr=7.45e-05 G=1.716 advA2B=0.589 advB2A=0.692 cycA=0.104 cycB=0.114 idtA=0.121 idtB=0.136 D_A=0.085 D_B=0.125 D_A(real)=0.84 D_A(fake)=0.16 gnG=26.34 gnD=14.39 it_per_s=9.12
2026-10-04 14:48:12,970 INFO iter=644300 epoch=92 lr=7.42e-05 G=1.715 advA2B=0.589 advB2A=0.691 cycA=0.104 cycB=0.114 idtA=0.122 idtB=0.136 D_A=0.085 D_B=0.125 D_A(real)=0.84 D_A(fake)=0.16 gnG=26.27 gnD=14.40 it_per_s=9.13
2026-10-04 14:48:23,838 INFO iter=644400 epoch=92 lr=7.40e-05 G=1.714 advA2B=0.588 advB2A=0.692 cycA=0.104 cycB=0.114 idtA=0.122 idtB=0.135 D_A=0.085 D_B=0.125 D_A(real)=0.84 D_A(fake)=0.16 gnG=26.27 gnD=14.40 it_per_s=9.13
2026-10-04 14:48:34,465 INFO iter=644500 epoch=92 lr=7.38e-05 G=1.712 advA2B=0.587 advB2A=0.690 cycA=0.103 cycB=0.114 idtA=0.122 idtB=0.135 D_A=0.085 D_B=0.125 D_A(real)=0.84 D_A(fake)=0.16 gnG=26.31 gnD=14.41 it_per_s=9.13
2026-10-04 14:48:45,099 INFO iter=644600 epoch=92 lr=7.35e-05 G=1.712 advA2B=0.588 advB2A=0.691 cycA=0.103 cycB=0.114 idtA=0.123 idtB=0.135 D_A=0.085 D_B=0.125 D_A(real)=0.84 D_A(fake)=0.16 gnG=26.19 gnD=14.40 it_per_s=9.14
2026-10-04 14:48:55,757 INFO iter=644700 epoch=92 lr=7.33e-05 G=1.713 advA2B=0.587 advB2A=0.692 cycA=0.103 cycB=0.114 idtA=0.123 idtB=0.134 D_A=0.085 D_B=0.125 D_A(real)=0.84 D_A(fake)=0.16 gnG=26.16 gnD=14.38 it_per_s=9.15
2026-10-04 14:49:06,404 INFO iter=644800 epoch=92 lr=7.31e-05 G=1.712 advA2B=0.587 advB2A=0.692 cycA=0.103 cycB=0.113 idtA=0.123 idtB=0.133 D_A=0.085 D_B=0.125 D_A(real)=0.84 D_A(fake)=0.16 gnG=26.13 gnD=14.37 it_per_s=9.15
2026-10-04 14:49:17,022 INFO iter=644900 epoch=92 lr=7.28e-05 G=1.712 advA2B=0.587 advB2A=0.692 cycA=0.103 cycB=0.113 idtA=0.123 idtB=0.134 D_A=0.085 D_B=0.125 D_A(real)=0.84 D_A(fake)=0.16 gnG=26.10 gnD=14.38 it_per_s=9.16
2026-10-04 14:49:27,619 INFO iter=645000 epoch=92 lr=7.26e-05 G=1.712 advA2B=0.586 advB2A=0.692 cycA=0.103 cycB=0.113 idtA=0.123 idtB=0.134 D_A=0.085 D_B=0.125 D_A(real)=0.84 D_A(fake)=0.16 gnG=26.13 gnD=14.38 it_per_s=9.16
2026-10-04 14:49:38,233 INFO iter=645100 epoch=92 lr=7.23e-05 G=1.712 advA2B=0.585 advB2A=0.693 cycA=0.103 cycB=0.113 idtA=0.123 idtB=0.134 D_A=0.085 D_B=0.125 D_A(real)=0.84 D_A(fake)=0.16 gnG=26.12 gnD=14.39 it_per_s=9.17
2026-10-04 14:49:48,866 INFO iter=645200 epoch=92 lr=7.21e-05 G=1.710 advA2B=0.584 advB2A=0.693 cycA=0.103 cycB=0.113 idtA=0.122 idtB=0.134 D_A=0.085 D_B=0.125 D_A(real)=0.84 D_A(fake)=0.16 gnG=26.06 gnD=14.40 it_per_s=9.17
2026-10-04 14:49:59,457 INFO iter=645300 epoch=92 lr=7.19e-05 G=1.708 advA2B=0.583 advB2A=0.693 cycA=0.103 cycB=0.113 idtA=0.122 idtB=0.134 D_A=0.085 D_B=0.125 D_A(real)=0.84 D_A(fake)=0.16 gnG=26.06 gnD=14.41 it_per_s=9.18
2026-10-04 14:50:10,106 INFO iter=645400 epoch=92 lr=7.16e-05 G=1.708 advA2B=0.583 advB2A=0.693 cycA=0.103 cycB=0.113 idtA=0.122 idtB=0.134 D_A=0.085 D_B=0.125 D_A(real)=0.84 D_A(fake)=0.16 gnG=26.00 gnD=14.41 it_per_s=9.18
2026-10-04 14:50:20,698 INFO iter=645500 epoch=92 lr=7.14e-05 G=1.708 advA2B=0.583 advB2A=0.693 cycA=0.103 cycB=0.113 idtA=0.122 idtB=0.134 D_A=0.085 D_B=0.125 D_A(real)=0.84 D_A(fake)=0.16 gnG=25.91 gnD=14.41 it_per_s=9.19
2026-10-04 14:50:31,322 INFO iter=645600 epoch=92 lr=7.12e-05 G=1.706 advA2B=0.582 advB2A=0.692 cycA=0.103 cycB=0.113 idtA=0.122 idtB=0.135 D_A=0.085 D_B=0.125 D_A(real)=0.84 D_A(fake)=0.16 gnG=25.86 gnD=14.39 it_per_s=9.19
2026-10-04 14:50:41,992 INFO iter=645700 epoch=92 lr=7.09e-05 G=1.706 advA2B=0.581 advB2A=0.693 cycA=0.103 cycB=0.113 idtA=0.122 idtB=0.135 D_A=0.085 D_B=0.125 D_A(real)=0.84 D_A(fake)=0.16 gnG=25.79 gnD=14.39 it_per_s=9.20
2026-10-04 14:50:52,602 INFO iter=645800 epoch=92 lr=7.07e-05 G=1.704 advA2B=0.579 advB2A=0.693 cycA=0.102 cycB=0.113 idtA=0.122 idtB=0.134 D_A=0.085 D_B=0.125 D_A(real)=0.84 D_A(fake)=0.16 gnG=25.76 gnD=14.41 it_per_s=9.20
2026-10-04 14:51:03,242 INFO iter=645900 epoch=92 lr=7.04e-05 G=1.702 advA2B=0.577 advB2A=0.693 cycA=0.102 cycB=0.113 idtA=0.123 idtB=0.135 D_A=0.085 D_B=0.125 D_A(real)=0.84 D_A(fake)=0.16 gnG=25.76 gnD=14.41 it_per_s=9.20
2026-10-04 14:51:13,865 INFO iter=646000 epoch=92 lr=7.02e-05 G=1.700 advA2B=0.577 advB2A=0.692 cycA=0.102 cycB=0.113 idtA=0.122 idtB=0.134 D_A=0.085 D_B=0.125 D_A(real)=0.84 D_A(fake)=0.16 gnG=25.74 gnD=14.42 it_per_s=9.21
2026-10-04 14:51:24,341 INFO iter=646100 epoch=92 lr=7.00e-05 G=1.700 advA2B=0.577 advB2A=0.692 cycA=0.102 cycB=0.113 idtA=0.122 idtB=0.134 D_A=0.085 D_B=0.125 D_A(real)=0.84 D_A(fake)=0.16 gnG=25.70 gnD=14.42 it_per_s=9.21
2026-10-04 14:51:35,006 INFO iter=646200 epoch=92 lr=6.97e-05 G=1.699 advA2B=0.576 advB2A=0.691 cycA=0.102 cycB=0.113 idtA=0.122 idtB=0.134 D_A=0.085 D_B=0.125 D_A(real)=0.84 D_A(fake)=0.16 gnG=25.67 gnD=14.44 it_per_s=9.22
2026-10-04 14:51:45,275 INFO iter=646300 epoch=92 lr=6.95e-05 G=1.698 advA2B=0.576 advB2A=0.691 cycA=0.102 cycB=0.113 idtA=0.122 idtB=0.134 D_A=0.085 D_B=0.125 D_A(real)=0.84 D_A(fake)=0.16 gnG=25.63 gnD=14.44 it_per_s=9.22
2026-10-04 14:51:55,808 INFO iter=646400 epoch=92 lr=6.93e-05 G=1.696 advA2B=0.575 advB2A=0.690 cycA=0.102 cycB=0.113 idtA=0.121 idtB=0.134 D_A=0.085 D_B=0.126 D_A(real)=0.84 D_A(fake)=0.16 gnG=25.60 gnD=14.45 it_per_s=9.23
2026-10-04 14:52:06,443 INFO iter=646500 epoch=92 lr=6.90e-05 G=1.696 advA2B=0.575 advB2A=0.690 cycA=0.102 cycB=0.113 idtA=0.121 idtB=0.134 D_A=0.085 D_B=0.126 D_A(real)=0.84 D_A(fake)=0.16 gnG=25.69 gnD=14.45 it_per_s=9.23
2026-10-04 14:52:17,076 INFO iter=646600 epoch=92 lr=6.88e-05 G=1.696 advA2B=0.575 advB2A=0.690 cycA=0.102 cycB=0.113 idtA=0.122 idtB=0.134 D_A=0.085 D_B=0.126 D_A(real)=0.84 D_A(fake)=0.16 gnG=25.72 gnD=14.47 it_per_s=9.23
2026-10-04 14:52:27,717 INFO iter=646700 epoch=92 lr=6.86e-05 G=1.695 advA2B=0.575 advB2A=0.690 cycA=0.102 cycB=0.113 idtA=0.122 idtB=0.134 D_A=0.085 D_B=0.126 D_A(real)=0.84 D_A(fake)=0.16 gnG=25.73 gnD=14.46 it_per_s=9.24
2026-10-04 14:52:38,288 INFO iter=646800 epoch=92 lr=6.83e-05 G=1.696 advA2B=0.574 advB2A=0.691 cycA=0.102 cycB=0.113 idtA=0.121 idtB=0.134 D_A=0.085 D_B=0.126 D_A(real)=0.84 D_A(fake)=0.16 gnG=25.69 gnD=14.47 it_per_s=9.24
2026-10-04 14:52:48,875 INFO iter=646900 epoch=92 lr=6.81e-05 G=1.697 advA2B=0.576 advB2A=0.691 cycA=0.102 cycB=0.113 idtA=0.122 idtB=0.134 D_A=0.085 D_B=0.126 D_A(real)=0.84 D_A(fake)=0.16 gnG=25.66 gnD=14.46 it_per_s=9.24
2026-10-04 14:52:59,476 INFO iter=647000 epoch=92 lr=6.78e-05 G=1.697 advA2B=0.575 advB2A=0.691 cycA=0.102 cycB=0.113 idtA=0.121 idtB=0.134 D_A=0.085 D_B=0.126 D_A(real)=0.84 D_A(fake)=0.16 gnG=25.63 gnD=14.46 it_per_s=9.25
2026-10-04 14:53:10,153 INFO iter=647100 epoch=92 lr=6.76e-05 G=1.696 advA2B=0.574 advB2A=0.691 cycA=0.102 cycB=0.113 idtA=0.121 idtB=0.134 D_A=0.085 D_B=0.126 D_A(real)=0.84 D_A(fake)=0.16 gnG=25.69 gnD=14.47 it_per_s=9.25
2026-10-04 14:53:20,750 INFO iter=647200 epoch=92 lr=6.74e-05 G=1.694 advA2B=0.574 advB2A=0.690 cycA=0.102 cycB=0.113 idtA=0.121 idtB=0.134 D_A=0.085 D_B=0.126 D_A(real)=0.84 D_A(fake)=0.16 gnG=25.67 gnD=14.48 it_per_s=9.25
2026-10-04 14:53:31,506 INFO iter=647300 epoch=92 lr=6.71e-05 G=1.695 advA2B=0.574 advB2A=0.691 cycA=0.102 cycB=0.113 idtA=0.122 idtB=0.134 D_A=0.085 D_B=0.126 D_A(real)=0.84 D_A(fake)=0.16 gnG=25.65 gnD=14.49 it_per_s=9.25
2026-10-04 14:53:42,168 INFO iter=647400 epoch=92 lr=6.69e-05 G=1.695 advA2B=0.574 advB2A=0.690 cycA=0.102 cycB=0.113 idtA=0.122 idtB=0.134 D_A=0.085 D_B=0.126 D_A(real)=0.84 D_A(fake)=0.16 gnG=25.65 gnD=14.48 it_per_s=9.25
2026-10-04 14:53:52,369 INFO epoch=92 done time_s=760 it_per_s=9.26 G=1.695 cycA=0.102 cycB=0.113 idtA=0.122 idtB=0.134 D_A=0.085 D_B=0.126 D_A(real)=0.84 D_A(fake)=0.16 nan_count=0
2026-10-04 14:53:53,697 INFO iter=647500 epoch=93 lr=6.67e-05 G=1.187 advA2B=0.431 advB2A=0.362 cycA=0.089 cycB=0.108 idtA=0.139 idtB=0.116 D_A=0.086 D_B=0.154 D_A(real)=0.76 D_A(fake)=0.13 gnG=13.90 gnD=15.84 it_per_s=8.89
2026-10-04 14:54:04,352 INFO iter=647600 epoch=93 lr=6.64e-05 G=1.650 advA2B=0.580 advB2A=0.656 cycA=0.098 cycB=0.109 idtA=0.133 idtB=0.124 D_A=0.084 D_B=0.144 D_A(real)=0.82 D_A(fake)=0.18 gnG=24.41 gnD=15.59 it_per_s=9.37
2026-10-04 14:54:14,979 INFO iter=647700 epoch=93 lr=6.62e-05 G=1.654 advA2B=0.580 advB2A=0.655 cycA=0.100 cycB=0.109 idtA=0.145 idtB=0.137 D_A=0.093 D_B=0.138 D_A(real)=0.81 D_A(fake)=0.18 gnG=23.59 gnD=15.44 it_per_s=9.39
2026-10-04 14:54:25,613 INFO iter=647800 epoch=93 lr=6.59e-05 G=1.657 advA2B=0.573 advB2A=0.667 cycA=0.100 cycB=0.109 idtA=0.141 idtB=0.138 D_A=0.087 D_B=0.134 D_A(real)=0.82 D_A(fake)=0.18 gnG=23.61 gnD=14.90 it_per_s=9.39
2026-10-04 14:54:39,520 INFO iter=647900 epoch=93 lr=6.57e-05 G=1.659 advA2B=0.571 advB2A=0.674 cycA=0.098 cycB=0.109 idtA=0.134 idtB=0.135 D_A=0.086 D_B=0.133 D_A(real)=0.83 D_A(fake)=0.17 gnG=23.81 gnD=14.94 it_per_s=8.73
2026-10-04 14:54:51,699 INFO iter=648000 epoch=93 lr=6.55e-05 G=1.677 advA2B=0.584 advB2A=0.680 cycA=0.098 cycB=0.108 idtA=0.133 idtB=0.135 D_A=0.085 D_B=0.133 D_A(real)=0.83 D_A(fake)=0.17 gnG=24.08 gnD=14.92 it_per_s=8.62
2026-10-04 14:55:06,003 INFO iter=648100 epoch=93 lr=6.52e-05 G=1.689 advA2B=0.592 advB2A=0.684 cycA=0.098 cycB=0.108 idtA=0.134 idtB=0.133 D_A=0.084 D_B=0.134 D_A(real)=0.83 D_A(fake)=0.17 gnG=24.39 gnD=14.85 it_per_s=8.30
2026-10-04 14:55:18,460 INFO iter=648200 epoch=93 lr=6.50e-05 G=1.693 advA2B=0.591 advB2A=0.689 cycA=0.098 cycB=0.109 idtA=0.134 idtB=0.130 D_A=0.084 D_B=0.135 D_A(real)=0.83 D_A(fake)=0.17 gnG=24.67 gnD=14.94 it_per_s=8.26
2026-10-04 14:55:32,794 INFO iter=648300 epoch=93 lr=6.48e-05 G=1.689 advA2B=0.591 advB2A=0.685 cycA=0.097 cycB=0.109 idtA=0.134 idtB=0.129 D_A=0.084 D_B=0.134 D_A(real)=0.83 D_A(fake)=0.17 gnG=24.49 gnD=14.94 it_per_s=8.08
2026-10-04 14:55:45,460 INFO iter=648400 epoch=93 lr=6.45e-05 G=1.687 advA2B=0.586 advB2A=0.687 cycA=0.098 cycB=0.109 idtA=0.134 idtB=0.129 D_A=0.084 D_B=0.132 D_A(real)=0.83 D_A(fake)=0.17 gnG=24.23 gnD=14.89 it_per_s=8.06
2026-10-04 14:56:00,285 INFO iter=648500 epoch=93 lr=6.43e-05 G=1.683 advA2B=0.582 advB2A=0.687 cycA=0.098 cycB=0.109 idtA=0.133 idtB=0.131 D_A=0.084 D_B=0.133 D_A(real)=0.83 D_A(fake)=0.17 gnG=24.36 gnD=14.85 it_per_s=7.90
2026-10-04 14:56:13,461 INFO iter=648600 epoch=93 lr=6.41e-05 G=1.684 advA2B=0.581 advB2A=0.688 cycA=0.098 cycB=0.109 idtA=0.132 idtB=0.132 D_A=0.083 D_B=0.131 D_A(real)=0.84 D_A(fake)=0.16 gnG=24.20 gnD=14.78 it_per_s=7.87
2026-10-04 14:56:25,465 INFO iter=648700 epoch=93 lr=6.38e-05 G=1.684 advA2B=0.580 advB2A=0.688 cycA=0.098 cycB=0.110 idtA=0.132 idtB=0.132 D_A=0.083 D_B=0.132 D_A(real)=0.84 D_A(fake)=0.16 gnG=24.15 gnD=14.79 it_per_s=7.91
2026-10-04 14:56:36,331 INFO iter=648800 epoch=93 lr=6.36e-05 G=1.677 advA2B=0.578 advB2A=0.683 cycA=0.098 cycB=0.110 idtA=0.133 idtB=0.132 D_A=0.083 D_B=0.132 D_A(real)=0.84 D_A(fake)=0.16 gnG=24.05 gnD=14.73 it_per_s=8.00
2026-10-04 14:56:46,922 INFO iter=648900 epoch=93 lr=6.33e-05 G=1.681 advA2B=0.580 advB2A=0.685 cycA=0.098 cycB=0.110 idtA=0.133 idtB=0.132 D_A=0.083 D_B=0.131 D_A(real)=0.83 D_A(fake)=0.17 gnG=24.02 gnD=14.67 it_per_s=8.08
2026-10-04 14:56:57,627 INFO iter=649000 epoch=93 lr=6.31e-05 G=1.679 advA2B=0.577 advB2A=0.687 cycA=0.098 cycB=0.110 idtA=0.134 idtB=0.131 D_A=0.083 D_B=0.131 D_A(real)=0.84 D_A(fake)=0.16 gnG=24.38 gnD=14.64 it_per_s=8.16
2026-10-04 14:57:08,292 INFO iter=649100 epoch=93 lr=6.29e-05 G=1.679 advA2B=0.579 advB2A=0.685 cycA=0.098 cycB=0.110 idtA=0.134 idtB=0.131 D_A=0.083 D_B=0.131 D_A(real)=0.84 D_A(fake)=0.16 gnG=24.30 gnD=14.72 it_per_s=8.22
2026-10-04 14:57:18,944 INFO iter=649200 epoch=93 lr=6.26e-05 G=1.682 advA2B=0.580 advB2A=0.685 cycA=0.098 cycB=0.110 idtA=0.135 idtB=0.131 D_A=0.083 D_B=0.131 D_A(real)=0.84 D_A(fake)=0.16 gnG=24.31 gnD=14.75 it_per_s=8.28
2026-10-04 14:57:29,665 INFO iter=649300 epoch=93 lr=6.24e-05 G=1.682 advA2B=0.580 advB2A=0.685 cycA=0.098 cycB=0.110 idtA=0.135 idtB=0.131 D_A=0.083 D_B=0.130 D_A(real)=0.84 D_A(fake)=0.16 gnG=24.43 gnD=14.73 it_per_s=8.34
2026-10-04 14:57:40,375 INFO iter=649400 epoch=93 lr=6.22e-05 G=1.683 advA2B=0.578 advB2A=0.687 cycA=0.098 cycB=0.110 idtA=0.136 idtB=0.131 D_A=0.083 D_B=0.131 D_A(real)=0.84 D_A(fake)=0.16 gnG=24.44 gnD=14.74 it_per_s=8.38
2026-10-04 14:57:50,974 INFO iter=649500 epoch=93 lr=6.19e-05 G=1.684 advA2B=0.578 advB2A=0.689 cycA=0.098 cycB=0.110 idtA=0.135 idtB=0.131 D_A=0.083 D_B=0.131 D_A(real)=0.84 D_A(fake)=0.16 gnG=24.49 gnD=14.75 it_per_s=8.43
2026-10-04 14:58:01,616 INFO iter=649600 epoch=93 lr=6.17e-05 G=1.682 advA2B=0.576 advB2A=0.688 cycA=0.098 cycB=0.110 idtA=0.135 idtB=0.131 D_A=0.083 D_B=0.131 D_A(real)=0.84 D_A(fake)=0.16 gnG=24.42 gnD=14.73 it_per_s=8.47
2026-10-04 14:58:12,262 INFO iter=649700 epoch=93 lr=6.14e-05 G=1.679 advA2B=0.575 advB2A=0.687 cycA=0.098 cycB=0.110 idtA=0.135 idtB=0.131 D_A=0.083 D_B=0.131 D_A(real)=0.84 D_A(fake)=0.16 gnG=24.39 gnD=14.73 it_per_s=8.51
2026-10-04 14:58:22,909 INFO iter=649800 epoch=93 lr=6.12e-05 G=1.682 advA2B=0.575 advB2A=0.689 cycA=0.099 cycB=0.110 idtA=0.136 idtB=0.130 D_A=0.082 D_B=0.132 D_A(real)=0.84 D_A(fake)=0.16 gnG=24.37 gnD=14.75 it_per_s=8.54
2026-10-04 14:58:33,555 INFO iter=649900 epoch=93 lr=6.10e-05 G=1.685 advA2B=0.575 advB2A=0.692 cycA=0.099 cycB=0.110 idtA=0.136 idtB=0.130 D_A=0.082 D_B=0.132 D_A(real)=0.84 D_A(fake)=0.16 gnG=24.45 gnD=14.81 it_per_s=8.58
2026-10-04 14:58:44,165 INFO iter=650000 epoch=93 lr=6.07e-05 G=1.685 advA2B=0.576 advB2A=0.691 cycA=0.099 cycB=0.110 idtA=0.135 idtB=0.129 D_A=0.082 D_B=0.131 D_A(real)=0.84 D_A(fake)=0.16 gnG=24.45 gnD=14.77 it_per_s=8.61
2026-10-04 14:58:54,783 INFO iter=650100 epoch=93 lr=6.05e-05 G=1.685 advA2B=0.576 advB2A=0.690 cycA=0.099 cycB=0.111 idtA=0.134 idtB=0.129 D_A=0.082 D_B=0.131 D_A(real)=0.84 D_A(fake)=0.16 gnG=24.44 gnD=14.76 it_per_s=8.64
2026-10-04 14:59:05,407 INFO iter=650200 epoch=93 lr=6.03e-05 G=1.684 advA2B=0.576 advB2A=0.690 cycA=0.099 cycB=0.110 idtA=0.134 idtB=0.129 D_A=0.082 D_B=0.131 D_A(real)=0.84 D_A(fake)=0.16 gnG=24.40 gnD=14.79 it_per_s=8.66
2026-10-04 14:59:16,062 INFO iter=650300 epoch=93 lr=6.00e-05 G=1.682 advA2B=0.574 advB2A=0.691 cycA=0.098 cycB=0.110 idtA=0.134 idtB=0.129 D_A=0.082 D_B=0.131 D_A(real)=0.84 D_A(fake)=0.16 gnG=24.42 gnD=14.83 it_per_s=8.69
2026-10-04 14:59:26,698 INFO iter=650400 epoch=93 lr=5.98e-05 G=1.685 advA2B=0.574 advB2A=0.693 cycA=0.098 cycB=0.110 idtA=0.134 idtB=0.128 D_A=0.082 D_B=0.131 D_A(real)=0.84 D_A(fake)=0.16 gnG=24.35 gnD=14.80 it_per_s=8.71
2026-10-04 14:59:37,362 INFO iter=650500 epoch=93 lr=5.96e-05 G=1.683 advA2B=0.575 advB2A=0.691 cycA=0.098 cycB=0.110 idtA=0.134 idtB=0.128 D_A=0.082 D_B=0.131 D_A(real)=0.84 D_A(fake)=0.16 gnG=24.25 gnD=14.80 it_per_s=8.73
2026-10-04 14:59:47,997 INFO iter=650600 epoch=93 lr=5.93e-05 G=1.686 advA2B=0.576 advB2A=0.692 cycA=0.098 cycB=0.110 idtA=0.134 idtB=0.129 D_A=0.082 D_B=0.130 D_A(real)=0.84 D_A(fake)=0.16 gnG=24.31 gnD=14.76 it_per_s=8.75
2026-10-04 14:59:58,640 INFO iter=650700 epoch=93 lr=5.91e-05 G=1.685 advA2B=0.575 advB2A=0.692 cycA=0.099 cycB=0.110 idtA=0.135 idtB=0.129 D_A=0.082 D_B=0.130 D_A(real)=0.84 D_A(fake)=0.16 gnG=24.42 gnD=14.76 it_per_s=8.77
2026-10-04 15:00:09,319 INFO iter=650800 epoch=93 lr=5.88e-05 G=1.688 advA2B=0.575 advB2A=0.695 cycA=0.099 cycB=0.110 idtA=0.135 idtB=0.128 D_A=0.083 D_B=0.130 D_A(real)=0.84 D_A(fake)=0.16 gnG=24.53 gnD=14.76 it_per_s=8.79
2026-10-04 15:00:19,984 INFO iter=650900 epoch=93 lr=5.86e-05 G=1.688 advA2B=0.574 advB2A=0.696 cycA=0.098 cycB=0.110 idtA=0.135 idtB=0.128 D_A=0.082 D_B=0.130 D_A(real)=0.84 D_A(fake)=0.16 gnG=24.59 gnD=14.76 it_per_s=8.80
2026-10-04 15:00:30,607 INFO iter=651000 epoch=93 lr=5.84e-05 G=1.687 advA2B=0.573 advB2A=0.696 cycA=0.098 cycB=0.110 idtA=0.134 idtB=0.127 D_A=0.082 D_B=0.130 D_A(real)=0.84 D_A(fake)=0.16 gnG=24.53 gnD=14.76 it_per_s=8.82
2026-10-04 15:00:41,274 INFO iter=651100 epoch=93 lr=5.81e-05 G=1.687 advA2B=0.573 advB2A=0.696 cycA=0.098 cycB=0.110 idtA=0.134 idtB=0.127 D_A=0.083 D_B=0.130 D_A(real)=0.84 D_A(fake)=0.16 gnG=24.48 gnD=14.76 it_per_s=8.83
2026-10-04 15:00:51,717 INFO iter=651200 epoch=93 lr=5.79e-05 G=1.686 advA2B=0.572 advB2A=0.696 cycA=0.099 cycB=0.110 idtA=0.133 idtB=0.127 D_A=0.083 D_B=0.130 D_A(real)=0.84 D_A(fake)=0.16 gnG=24.46 gnD=14.78 it_per_s=8.85
2026-10-04 15:01:02,393 INFO iter=651300 epoch=93 lr=5.77e-05 G=1.687 advA2B=0.573 advB2A=0.696 cycA=0.099 cycB=0.110 idtA=0.133 idtB=0.127 D_A=0.083 D_B=0.130 D_A(real)=0.84 D_A(fake)=0.16 gnG=24.39 gnD=14.79 it_per_s=8.86
2026-10-04 15:01:12,917 INFO iter=651400 epoch=93 lr=5.74e-05 G=1.685 advA2B=0.571 advB2A=0.697 cycA=0.098 cycB=0.110 idtA=0.133 idtB=0.127 D_A=0.083 D_B=0.129 D_A(real)=0.84 D_A(fake)=0.16 gnG=24.34 gnD=14.80 it_per_s=8.88
2026-10-04 15:01:23,232 INFO iter=651500 epoch=93 lr=5.72e-05 G=1.686 advA2B=0.570 advB2A=0.698 cycA=0.098 cycB=0.110 idtA=0.132 idtB=0.127 D_A=0.083 D_B=0.129 D_A(real)=0.84 D_A(fake)=0.16 gnG=24.33 gnD=14.79 it_per_s=8.90
2026-10-04 15:01:33,879 INFO iter=651600 epoch=93 lr=5.70e-05 G=1.689 advA2B=0.571 advB2A=0.700 cycA=0.098 cycB=0.110 idtA=0.132 idtB=0.127 D_A=0.083 D_B=0.129 D_A(real)=0.84 D_A(fake)=0.16 gnG=24.37 gnD=14.80 it_per_s=8.91
2026-10-04 15:01:44,604 INFO iter=651700 epoch=93 lr=5.67e-05 G=1.690 advA2B=0.571 advB2A=0.702 cycA=0.098 cycB=0.110 idtA=0.133 idtB=0.127 D_A=0.083 D_B=0.129 D_A(real)=0.84 D_A(fake)=0.16 gnG=24.43 gnD=14.80 it_per_s=8.92
2026-10-04 15:01:55,007 INFO iter=651800 epoch=93 lr=5.65e-05 G=1.689 advA2B=0.571 advB2A=0.702 cycA=0.098 cycB=0.110 idtA=0.133 idtB=0.126 D_A=0.083 D_B=0.129 D_A(real)=0.84 D_A(fake)=0.16 gnG=24.33 gnD=14.82 it_per_s=8.93
2026-10-04 15:02:05,608 INFO iter=651900 epoch=93 lr=5.62e-05 G=1.688 advA2B=0.570 advB2A=0.701 cycA=0.098 cycB=0.110 idtA=0.132 idtB=0.126 D_A=0.083 D_B=0.129 D_A(real)=0.84 D_A(fake)=0.16 gnG=24.30 gnD=14.80 it_per_s=8.94
2026-10-04 15:02:16,095 INFO iter=652000 epoch=93 lr=5.60e-05 G=1.688 advA2B=0.570 advB2A=0.701 cycA=0.098 cycB=0.110 idtA=0.131 idtB=0.126 D_A=0.083 D_B=0.129 D_A(real)=0.84 D_A(fake)=0.16 gnG=24.31 gnD=14.79 it_per_s=8.96
2026-10-04 15:02:26,576 INFO iter=652100 epoch=93 lr=5.58e-05 G=1.688 advA2B=0.570 advB2A=0.701 cycA=0.098 cycB=0.110 idtA=0.132 idtB=0.126 D_A=0.083 D_B=0.129 D_A(real)=0.84 D_A(fake)=0.16 gnG=24.31 gnD=14.78 it_per_s=8.97
2026-10-04 15:02:37,312 INFO iter=652200 epoch=93 lr=5.55e-05 G=1.688 advA2B=0.569 advB2A=0.702 cycA=0.098 cycB=0.110 idtA=0.132 idtB=0.126 D_A=0.083 D_B=0.129 D_A(real)=0.84 D_A(fake)=0.16 gnG=24.29 gnD=14.77 it_per_s=8.98
2026-10-04 15:02:47,827 INFO iter=652300 epoch=93 lr=5.53e-05 G=1.689 advA2B=0.570 advB2A=0.702 cycA=0.098 cycB=0.111 idtA=0.132 idtB=0.126 D_A=0.083 D_B=0.129 D_A(real)=0.84 D_A(fake)=0.16 gnG=24.31 gnD=14.77 it_per_s=8.99
2026-10-04 15:02:58,302 INFO iter=652400 epoch=93 lr=5.51e-05 G=1.690 advA2B=0.569 advB2A=0.703 cycA=0.098 cycB=0.111 idtA=0.131 idtB=0.126 D_A=0.083 D_B=0.129 D_A(real)=0.84 D_A(fake)=0.16 gnG=24.39 gnD=14.77 it_per_s=9.00
2026-10-04 15:03:08,923 INFO iter=652500 epoch=93 lr=5.48e-05 G=1.690 advA2B=0.569 advB2A=0.704 cycA=0.098 cycB=0.111 idtA=0.131 idtB=0.126 D_A=0.082 D_B=0.128 D_A(real)=0.84 D_A(fake)=0.16 gnG=24.43 gnD=14.75 it_per_s=9.01
2026-10-04 15:03:19,480 INFO iter=652600 epoch=93 lr=5.46e-05 G=1.692 advA2B=0.570 advB2A=0.705 cycA=0.098 cycB=0.110 idtA=0.131 idtB=0.126 D_A=0.082 D_B=0.129 D_A(real)=0.84 D_A(fake)=0.16 gnG=24.50 gnD=14.76 it_per_s=9.01
2026-10-04 15:03:29,986 INFO iter=652700 epoch=93 lr=5.43e-05 G=1.692 advA2B=0.571 advB2A=0.705 cycA=0.098 cycB=0.110 idtA=0.131 idtB=0.126 D_A=0.082 D_B=0.128 D_A(real)=0.84 D_A(fake)=0.16 gnG=24.57 gnD=14.74 it_per_s=9.02
2026-10-04 15:03:40,611 INFO iter=652800 epoch=93 lr=5.41e-05 G=1.692 advA2B=0.571 advB2A=0.705 cycA=0.098 cycB=0.110 idtA=0.130 idtB=0.126 D_A=0.082 D_B=0.128 D_A(real)=0.84 D_A(fake)=0.16 gnG=24.59 gnD=14.74 it_per_s=9.03
2026-10-04 15:03:51,082 INFO iter=652900 epoch=93 lr=5.39e-05 G=1.692 advA2B=0.571 advB2A=0.704 cycA=0.098 cycB=0.110 idtA=0.130 idtB=0.126 D_A=0.082 D_B=0.128 D_A(real)=0.84 D_A(fake)=0.16 gnG=24.56 gnD=14.73 it_per_s=9.04
2026-10-04 15:04:01,643 INFO iter=653000 epoch=93 lr=5.36e-05 G=1.693 advA2B=0.571 advB2A=0.705 cycA=0.098 cycB=0.110 idtA=0.131 idtB=0.125 D_A=0.082 D_B=0.128 D_A(real)=0.84 D_A(fake)=0.16 gnG=24.52 gnD=14.74 it_per_s=9.05
2026-10-04 15:04:12,246 INFO iter=653100 epoch=93 lr=5.34e-05 G=1.693 advA2B=0.572 advB2A=0.704 cycA=0.098 cycB=0.111 idtA=0.131 idtB=0.125 D_A=0.082 D_B=0.128 D_A(real)=0.84 D_A(fake)=0.16 gnG=24.55 gnD=14.74 it_per_s=9.05
2026-10-04 15:04:22,558 INFO iter=653200 epoch=93 lr=5.32e-05 G=1.693 advA2B=0.572 advB2A=0.704 cycA=0.098 cycB=0.111 idtA=0.131 idtB=0.125 D_A=0.082 D_B=0.128 D_A(real)=0.84 D_A(fake)=0.16 gnG=24.56 gnD=14.73 it_per_s=9.06
2026-10-04 15:04:33,192 INFO iter=653300 epoch=93 lr=5.29e-05 G=1.693 advA2B=0.571 advB2A=0.705 cycA=0.098 cycB=0.111 idtA=0.131 idtB=0.125 D_A=0.082 D_B=0.128 D_A(real)=0.84 D_A(fake)=0.16 gnG=24.57 gnD=14.75 it_per_s=9.07
2026-10-04 15:04:43,715 INFO iter=653400 epoch=93 lr=5.27e-05 G=1.694 advA2B=0.572 advB2A=0.706 cycA=0.098 cycB=0.111 idtA=0.131 idtB=0.125 D_A=0.082 D_B=0.128 D_A(real)=0.84 D_A(fake)=0.16 gnG=24.55 gnD=14.76 it_per_s=9.08
2026-10-04 15:04:54,025 INFO iter=653500 epoch=93 lr=5.25e-05 G=1.694 advA2B=0.572 advB2A=0.706 cycA=0.098 cycB=0.111 idtA=0.131 idtB=0.125 D_A=0.082 D_B=0.128 D_A(real)=0.84 D_A(fake)=0.16 gnG=24.51 gnD=14.77 it_per_s=9.09
2026-10-04 15:05:04,667 INFO iter=653600 epoch=93 lr=5.22e-05 G=1.694 advA2B=0.571 advB2A=0.706 cycA=0.098 cycB=0.111 idtA=0.131 idtB=0.125 D_A=0.082 D_B=0.128 D_A(real)=0.84 D_A(fake)=0.16 gnG=24.53 gnD=14.79 it_per_s=9.09
2026-10-04 15:05:15,200 INFO iter=653700 epoch=93 lr=5.20e-05 G=1.694 advA2B=0.572 advB2A=0.706 cycA=0.098 cycB=0.111 idtA=0.131 idtB=0.125 D_A=0.082 D_B=0.128 D_A(real)=0.84 D_A(fake)=0.16 gnG=24.53 gnD=14.79 it_per_s=9.10
2026-10-04 15:05:25,583 INFO iter=653800 epoch=93 lr=5.17e-05 G=1.695 advA2B=0.571 advB2A=0.707 cycA=0.098 cycB=0.111 idtA=0.131 idtB=0.125 D_A=0.082 D_B=0.128 D_A(real)=0.84 D_A(fake)=0.16 gnG=24.51 gnD=14.80 it_per_s=9.11
2026-10-04 15:05:36,186 INFO iter=653900 epoch=93 lr=5.15e-05 G=1.695 advA2B=0.571 advB2A=0.707 cycA=0.098 cycB=0.111 idtA=0.131 idtB=0.124 D_A=0.082 D_B=0.128 D_A(real)=0.84 D_A(fake)=0.16 gnG=24.50 gnD=14.80 it_per_s=9.11
2026-10-04 15:05:46,714 INFO iter=654000 epoch=93 lr=5.13e-05 G=1.694 advA2B=0.570 advB2A=0.706 cycA=0.098 cycB=0.111 idtA=0.131 idtB=0.124 D_A=0.082 D_B=0.128 D_A(real)=0.84 D_A(fake)=0.16 gnG=24.48 gnD=14.80 it_per_s=9.12
2026-10-04 15:05:57,133 INFO iter=654100 epoch=93 lr=5.10e-05 G=1.694 advA2B=0.569 advB2A=0.708 cycA=0.098 cycB=0.111 idtA=0.131 idtB=0.124 D_A=0.082 D_B=0.128 D_A(real)=0.84 D_A(fake)=0.16 gnG=24.53 gnD=14.80 it_per_s=9.12
2026-10-04 15:06:07,813 INFO iter=654200 epoch=93 lr=5.08e-05 G=1.693 advA2B=0.569 advB2A=0.707 cycA=0.098 cycB=0.111 idtA=0.131 idtB=0.124 D_A=0.082 D_B=0.128 D_A(real)=0.84 D_A(fake)=0.16 gnG=24.48 gnD=14.81 it_per_s=9.13
2026-10-04 15:06:18,413 INFO iter=654300 epoch=93 lr=5.06e-05 G=1.693 advA2B=0.569 advB2A=0.707 cycA=0.098 cycB=0.111 idtA=0.131 idtB=0.124 D_A=0.082 D_B=0.128 D_A(real)=0.84 D_A(fake)=0.16 gnG=24.51 gnD=14.81 it_per_s=9.13
2026-10-04 15:06:29,056 INFO iter=654400 epoch=93 lr=5.03e-05 G=1.693 advA2B=0.569 advB2A=0.707 cycA=0.098 cycB=0.111 idtA=0.131 idtB=0.124 D_A=0.082 D_B=0.128 D_A(real)=0.84 D_A(fake)=0.16 gnG=24.48 gnD=14.82 it_per_s=9.13
2026-10-04 15:06:39,727 INFO iter=654500 epoch=93 lr=5.01e-05 G=1.692 advA2B=0.569 advB2A=0.706 cycA=0.098 cycB=0.111 idtA=0.131 idtB=0.124 D_A=0.082 D_B=0.128 D_A(real)=0.84 D_A(fake)=0.16 gnG=24.44 gnD=14.82 it_per_s=9.14
2026-10-04 15:06:43,317 INFO epoch=93 done time_s=770 it_per_s=9.14 G=1.692 cycA=0.098 cycB=0.111 idtA=0.131 idtB=0.124 D_A=0.082 D_B=0.128 D_A(real)=0.84 D_A(fake)=0.16 nan_count=0
2026-10-04 15:06:51,194 INFO iter=654600 epoch=94 lr=4.98e-05 G=1.757 advA2B=0.570 advB2A=0.788 cycA=0.091 cycB=0.109 idtA=0.137 idtB=0.125 D_A=0.078 D_B=0.121 D_A(real)=0.83 D_A(fake)=0.17 gnG=26.02 gnD=14.53 it_per_s=9.39
2026-10-04 15:07:01,773 INFO iter=654700 epoch=94 lr=4.96e-05 G=1.797 advA2B=0.612 advB2A=0.777 cycA=0.094 cycB=0.110 idtA=0.130 idtB=0.132 D_A=0.083 D_B=0.129 D_A(real)=0.83 D_A(fake)=0.16 gnG=25.61 gnD=15.60 it_per_s=9.43
2026-10-04 15:07:16,291 INFO iter=654800 epoch=94 lr=4.94e-05 G=1.727 advA2B=0.590 advB2A=0.733 cycA=0.094 cycB=0.108 idtA=0.124 idtB=0.124 D_A=0.080 D_B=0.128 D_A(real)=0.84 D_A(fake)=0.16 gnG=25.13 gnD=15.40 it_per_s=8.28
2026-10-04 15:07:28,119 INFO iter=654900 epoch=94 lr=4.91e-05 G=1.729 advA2B=0.593 advB2A=0.731 cycA=0.094 cycB=0.108 idtA=0.125 idtB=0.121 D_A=0.079 D_B=0.130 D_A(real)=0.84 D_A(fake)=0.16 gnG=24.47 gnD=15.42 it_per_s=8.33
2026-10-04 15:07:43,134 INFO iter=655000 epoch=94 lr=4.89e-05 G=1.725 advA2B=0.599 advB2A=0.721 cycA=0.094 cycB=0.109 idtA=0.127 idtB=0.118 D_A=0.078 D_B=0.129 D_A(real)=0.84 D_A(fake)=0.16 gnG=24.34 gnD=15.33 it_per_s=7.90
2026-10-04 15:07:55,310 INFO iter=655100 epoch=94 lr=4.87e-05 G=1.724 advA2B=0.593 advB2A=0.724 cycA=0.094 cycB=0.110 idtA=0.128 idtB=0.117 D_A=0.077 D_B=0.125 D_A(real)=0.84 D_A(fake)=0.16 gnG=24.56 gnD=15.19 it_per_s=7.96
2026-10-04 15:08:10,355 INFO iter=655200 epoch=94 lr=4.84e-05 G=1.716 advA2B=0.591 advB2A=0.720 cycA=0.093 cycB=0.109 idtA=0.127 idtB=0.117 D_A=0.077 D_B=0.125 D_A(real)=0.84 D_A(fake)=0.16 gnG=24.20 gnD=15.10 it_per_s=7.73
2026-10-04 15:08:23,033 INFO iter=655300 epoch=94 lr=4.82e-05 G=1.727 advA2B=0.595 advB2A=0.725 cycA=0.094 cycB=0.110 idtA=0.128 idtB=0.118 D_A=0.076 D_B=0.126 D_A(real)=0.84 D_A(fake)=0.15 gnG=25.64 gnD=15.13 it_per_s=7.75
2026-10-04 15:08:37,769 INFO iter=655400 epoch=94 lr=4.80e-05 G=1.738 advA2B=0.610 advB2A=0.721 cycA=0.094 cycB=0.110 idtA=0.127 idtB=0.116 D_A=0.077 D_B=0.127 D_A(real)=0.84 D_A(fake)=0.16 gnG=26.27 gnD=15.15 it_per_s=7.62
2026-10-04 15:08:50,086 INFO iter=655500 epoch=94 lr=4.77e-05 G=1.729 advA2B=0.600 advB2A=0.725 cycA=0.094 cycB=0.109 idtA=0.128 idtB=0.116 D_A=0.077 D_B=0.126 D_A(real)=0.84 D_A(fake)=0.16 gnG=25.93 gnD=15.12 it_per_s=7.67
2026-10-04 15:09:05,169 INFO iter=655600 epoch=94 lr=4.75e-05 G=1.716 advA2B=0.588 advB2A=0.723 cycA=0.094 cycB=0.109 idtA=0.128 idtB=0.115 D_A=0.077 D_B=0.125 D_A(real)=0.84 D_A(fake)=0.16 gnG=25.96 gnD=15.09 it_per_s=7.56
2026-10-04 15:09:17,867 INFO iter=655700 epoch=94 lr=4.72e-05 G=1.715 advA2B=0.590 advB2A=0.720 cycA=0.094 cycB=0.108 idtA=0.128 idtB=0.114 D_A=0.078 D_B=0.124 D_A(real)=0.84 D_A(fake)=0.16 gnG=25.91 gnD=15.12 it_per_s=7.59
2026-10-04 15:09:32,835 INFO iter=655800 epoch=94 lr=4.70e-05 G=1.719 advA2B=0.593 advB2A=0.719 cycA=0.095 cycB=0.109 idtA=0.129 idtB=0.115 D_A=0.078 D_B=0.124 D_A(real)=0.84 D_A(fake)=0.16 gnG=25.83 gnD=15.07 it_per_s=7.51
2026-10-04 15:09:45,436 INFO iter=655900 epoch=94 lr=4.68e-05 G=1.723 advA2B=0.590 advB2A=0.723 cycA=0.095 cycB=0.110 idtA=0.129 idtB=0.115 D_A=0.078 D_B=0.124 D_A(real)=0.84 D_A(fake)=0.16 gnG=26.30 gnD=15.01 it_per_s=7.54
2026-10-04 15:09:56,734 INFO iter=656000 epoch=94 lr=4.65e-05 G=1.718 advA2B=0.587 advB2A=0.722 cycA=0.095 cycB=0.110 idtA=0.129 idtB=0.115 D_A=0.078 D_B=0.124 D_A(real)=0.84 D_A(fake)=0.16 gnG=26.86 gnD=14.97 it_per_s=7.61
2026-10-04 15:10:07,386 INFO iter=656100 epoch=94 lr=4.63e-05 G=1.719 advA2B=0.587 advB2A=0.723 cycA=0.095 cycB=0.110 idtA=0.130 idtB=0.115 D_A=0.078 D_B=0.124 D_A(real)=0.84 D_A(fake)=0.16 gnG=26.72 gnD=14.97 it_per_s=7.71
2026-10-04 15:10:18,066 INFO iter=656200 epoch=94 lr=4.61e-05 G=1.720 advA2B=0.587 advB2A=0.724 cycA=0.095 cycB=0.109 idtA=0.129 idtB=0.115 D_A=0.078 D_B=0.123 D_A(real)=0.84 D_A(fake)=0.16 gnG=26.73 gnD=14.91 it_per_s=7.79
2026-10-04 15:10:28,732 INFO iter=656300 epoch=94 lr=4.58e-05 G=1.722 advA2B=0.591 advB2A=0.723 cycA=0.095 cycB=0.109 idtA=0.129 idtB=0.115 D_A=0.078 D_B=0.124 D_A(real)=0.84 D_A(fake)=0.16 gnG=26.81 gnD=14.94 it_per_s=7.86
2026-10-04 15:10:39,421 INFO iter=656400 epoch=94 lr=4.56e-05 G=1.724 advA2B=0.591 advB2A=0.725 cycA=0.095 cycB=0.109 idtA=0.128 idtB=0.115 D_A=0.078 D_B=0.123 D_A(real)=0.84 D_A(fake)=0.16 gnG=26.66 gnD=14.88 it_per_s=7.93
2026-10-04 15:10:50,098 INFO iter=656500 epoch=94 lr=4.53e-05 G=1.724 advA2B=0.592 advB2A=0.723 cycA=0.095 cycB=0.109 idtA=0.129 idtB=0.114 D_A=0.077 D_B=0.123 D_A(real)=0.84 D_A(fake)=0.16 gnG=26.52 gnD=14.89 it_per_s=7.99
2026-10-04 15:11:00,768 INFO iter=656600 epoch=94 lr=4.51e-05 G=1.728 advA2B=0.591 advB2A=0.729 cycA=0.095 cycB=0.109 idtA=0.129 idtB=0.115 D_A=0.077 D_B=0.122 D_A(real)=0.84 D_A(fake)=0.16 gnG=26.54 gnD=14.84 it_per_s=8.05
2026-10-04 15:11:11,408 INFO iter=656700 epoch=94 lr=4.49e-05 G=1.730 advA2B=0.591 advB2A=0.730 cycA=0.095 cycB=0.109 idtA=0.130 idtB=0.115 D_A=0.078 D_B=0.122 D_A(real)=0.84 D_A(fake)=0.16 gnG=26.52 gnD=14.81 it_per_s=8.10
2026-10-04 15:11:22,023 INFO iter=656800 epoch=94 lr=4.46e-05 G=1.729 advA2B=0.590 advB2A=0.730 cycA=0.095 cycB=0.109 idtA=0.130 idtB=0.116 D_A=0.077 D_B=0.122 D_A(real)=0.84 D_A(fake)=0.16 gnG=26.31 gnD=14.84 it_per_s=8.16
2026-10-04 15:11:32,652 INFO iter=656900 epoch=94 lr=4.44e-05 G=1.727 advA2B=0.589 advB2A=0.729 cycA=0.095 cycB=0.110 idtA=0.130 idtB=0.116 D_A=0.078 D_B=0.122 D_A(real)=0.84 D_A(fake)=0.16 gnG=26.18 gnD=14.82 it_per_s=8.20
2026-10-04 15:11:43,286 INFO iter=657000 epoch=94 lr=4.42e-05 G=1.727 advA2B=0.589 advB2A=0.728 cycA=0.095 cycB=0.110 idtA=0.130 idtB=0.115 D_A=0.078 D_B=0.122 D_A(real)=0.84 D_A(fake)=0.16 gnG=26.19 gnD=14.83 it_per_s=8.24
2026-10-04 15:11:53,931 INFO iter=657100 epoch=94 lr=4.39e-05 G=1.722 advA2B=0.586 advB2A=0.727 cycA=0.095 cycB=0.109 idtA=0.130 idtB=0.115 D_A=0.078 D_B=0.121 D_A(real)=0.84 D_A(fake)=0.16 gnG=26.12 gnD=14.83 it_per_s=8.28
2026-10-04 15:12:04,709 INFO iter=657200 epoch=94 lr=4.37e-05 G=1.723 advA2B=0.587 advB2A=0.727 cycA=0.095 cycB=0.109 idtA=0.130 idtB=0.116 D_A=0.078 D_B=0.121 D_A(real)=0.84 D_A(fake)=0.16 gnG=26.19 gnD=14.83 it_per_s=8.32
2026-10-04 15:12:15,437 INFO iter=657300 epoch=94 lr=4.35e-05 G=1.723 advA2B=0.587 advB2A=0.727 cycA=0.095 cycB=0.109 idtA=0.130 idtB=0.116 D_A=0.078 D_B=0.122 D_A(real)=0.84 D_A(fake)=0.16 gnG=26.07 gnD=14.85 it_per_s=8.35
2026-10-04 15:12:26,108 INFO iter=657400 epoch=94 lr=4.32e-05 G=1.722 advA2B=0.585 advB2A=0.728 cycA=0.095 cycB=0.109 idtA=0.130 idtB=0.115 D_A=0.078 D_B=0.122 D_A(real)=0.84 D_A(fake)=0.16 gnG=26.01 gnD=14.87 it_per_s=8.38
2026-10-04 15:12:36,750 INFO iter=657500 epoch=94 lr=4.30e-05 G=1.718 advA2B=0.583 advB2A=0.727 cycA=0.095 cycB=0.109 idtA=0.130 idtB=0.115 D_A=0.077 D_B=0.122 D_A(real)=0.84 D_A(fake)=0.16 gnG=25.88 gnD=14.85 it_per_s=8.41
2026-10-04 15:12:47,349 INFO iter=657600 epoch=94 lr=4.27e-05 G=1.722 advA2B=0.588 advB2A=0.726 cycA=0.095 cycB=0.109 idtA=0.130 idtB=0.115 D_A=0.077 D_B=0.122 D_A(real)=0.84 D_A(fake)=0.16 gnG=25.88 gnD=14.84 it_per_s=8.44
2026-10-04 15:12:57,981 INFO iter=657700 epoch=94 lr=4.25e-05 G=1.721 advA2B=0.587 advB2A=0.726 cycA=0.095 cycB=0.109 idtA=0.131 idtB=0.115 D_A=0.077 D_B=0.122 D_A(real)=0.84 D_A(fake)=0.16 gnG=25.92 gnD=14.85 it_per_s=8.47
2026-10-04 15:13:08,636 INFO iter=657800 epoch=94 lr=4.23e-05 G=1.718 advA2B=0.585 advB2A=0.725 cycA=0.095 cycB=0.109 idtA=0.132 idtB=0.115 D_A=0.077 D_B=0.122 D_A(real)=0.84 D_A(fake)=0.15 gnG=25.91 gnD=14.86 it_per_s=8.49
2026-10-04 15:13:19,293 INFO iter=657900 epoch=94 lr=4.20e-05 G=1.716 advA2B=0.584 advB2A=0.725 cycA=0.095 cycB=0.109 idtA=0.132 idtB=0.115 D_A=0.077 D_B=0.122 D_A(real)=0.84 D_A(fake)=0.15 gnG=25.93 gnD=14.91 it_per_s=8.52
2026-10-04 15:13:29,746 INFO iter=658000 epoch=94 lr=4.18e-05 G=1.717 advA2B=0.584 advB2A=0.726 cycA=0.095 cycB=0.109 idtA=0.131 idtB=0.115 D_A=0.077 D_B=0.123 D_A(real)=0.85 D_A(fake)=0.15 gnG=25.91 gnD=14.93 it_per_s=8.55
2026-10-04 15:13:40,396 INFO iter=658100 epoch=94 lr=4.16e-05 G=1.717 advA2B=0.585 advB2A=0.724 cycA=0.095 cycB=0.109 idtA=0.131 idtB=0.115 D_A=0.077 D_B=0.122 D_A(real)=0.85 D_A(fake)=0.15 gnG=25.86 gnD=14.93 it_per_s=8.57
2026-10-04 15:13:50,781 INFO iter=658200 epoch=94 lr=4.13e-05 G=1.716 advA2B=0.586 advB2A=0.723 cycA=0.095 cycB=0.109 idtA=0.131 idtB=0.115 D_A=0.077 D_B=0.122 D_A(real)=0.84 D_A(fake)=0.16 gnG=25.80 gnD=14.94 it_per_s=8.59
2026-10-04 15:14:01,237 INFO iter=658300 epoch=94 lr=4.11e-05 G=1.718 advA2B=0.587 advB2A=0.724 cycA=0.095 cycB=0.108 idtA=0.130 idtB=0.115 D_A=0.077 D_B=0.122 D_A(real)=0.84 D_A(fake)=0.16 gnG=25.77 gnD=14.94 it_per_s=8.62
2026-10-04 15:14:11,863 INFO iter=658400 epoch=94 lr=4.08e-05 G=1.721 advA2B=0.588 advB2A=0.726 cycA=0.095 cycB=0.108 idtA=0.130 idtB=0.115 D_A=0.077 D_B=0.122 D_A(real)=0.84 D_A(fake)=0.16 gnG=25.76 gnD=14.92 it_per_s=8.64
2026-10-04 15:14:22,209 INFO iter=658500 epoch=94 lr=4.06e-05 G=1.718 advA2B=0.586 advB2A=0.725 cycA=0.095 cycB=0.109 idtA=0.130 idtB=0.115 D_A=0.077 D_B=0.122 D_A(real)=0.84 D_A(fake)=0.16 gnG=25.66 gnD=14.93 it_per_s=8.66
2026-10-04 15:14:32,740 INFO iter=658600 epoch=94 lr=4.04e-05 G=1.719 advA2B=0.586 advB2A=0.725 cycA=0.095 cycB=0.109 idtA=0.130 idtB=0.115 D_A=0.077 D_B=0.122 D_A(real)=0.84 D_A(fake)=0.16 gnG=25.67 gnD=14.92 it_per_s=8.68
2026-10-04 15:14:43,366 INFO iter=658700 epoch=94 lr=4.01e-05 G=1.717 advA2B=0.584 advB2A=0.725 cycA=0.095 cycB=0.108 idtA=0.130 idtB=0.115 D_A=0.077 D_B=0.122 D_A(real)=0.84 D_A(fake)=0.16 gnG=25.65 gnD=14.92 it_per_s=8.69
2026-10-04 15:14:53,717 INFO iter=658800 epoch=94 lr=3.99e-05 G=1.717 advA2B=0.585 advB2A=0.725 cycA=0.095 cycB=0.109 idtA=0.131 idtB=0.114 D_A=0.077 D_B=0.122 D_A(real)=0.84 D_A(fake)=0.16 gnG=25.59 gnD=14.94 it_per_s=8.71
2026-10-04 15:15:04,333 INFO iter=658900 epoch=94 lr=3.97e-05 G=1.718 advA2B=0.585 advB2A=0.726 cycA=0.095 cycB=0.109 idtA=0.131 idtB=0.114 D_A=0.077 D_B=0.122 D_A(real)=0.84 D_A(fake)=0.16 gnG=25.57 gnD=14.95 it_per_s=8.73
2026-10-04 15:15:15,004 INFO iter=659000 epoch=94 lr=3.94e-05 G=1.717 advA2B=0.585 advB2A=0.725 cycA=0.095 cycB=0.109 idtA=0.131 idtB=0.114 D_A=0.077 D_B=0.122 D_A(real)=0.84 D_A(fake)=0.16 gnG=25.53 gnD=14.94 it_per_s=8.74
2026-10-04 15:15:25,429 INFO iter=659100 epoch=94 lr=3.92e-05 G=1.719 advA2B=0.586 advB2A=0.726 cycA=0.095 cycB=0.109 idtA=0.131 idtB=0.115 D_A=0.077 D_B=0.122 D_A(real)=0.84 D_A(fake)=0.16 gnG=25.52 gnD=14.93 it_per_s=8.76
2026-10-04 15:15:36,034 INFO iter=659200 epoch=94 lr=3.90e-05 G=1.718 advA2B=0.586 advB2A=0.725 cycA=0.095 cycB=0.109 idtA=0.131 idtB=0.114 D_A=0.077 D_B=0.122 D_A(real)=0.84 D_A(fake)=0.16 gnG=25.51 gnD=14.94 it_per_s=8.77
2026-10-04 15:15:46,569 INFO iter=659300 epoch=94 lr=3.87e-05 G=1.720 advA2B=0.587 advB2A=0.727 cycA=0.095 cycB=0.109 idtA=0.131 idtB=0.114 D_A=0.077 D_B=0.122 D_A(real)=0.84 D_A(fake)=0.16 gnG=25.55 gnD=14.95 it_per_s=8.79
2026-10-04 15:15:56,827 INFO iter=659400 epoch=94 lr=3.85e-05 G=1.722 advA2B=0.588 advB2A=0.727 cycA=0.095 cycB=0.109 idtA=0.131 idtB=0.114 D_A=0.077 D_B=0.122 D_A(real)=0.84 D_A(fake)=0.16 gnG=25.61 gnD=14.95 it_per_s=8.80
2026-10-04 15:16:07,506 INFO iter=659500 epoch=94 lr=3.82e-05 G=1.722 advA2B=0.588 advB2A=0.726 cycA=0.095 cycB=0.109 idtA=0.131 idtB=0.114 D_A=0.077 D_B=0.122 D_A(real)=0.84 D_A(fake)=0.16 gnG=25.61 gnD=14.94 it_per_s=8.82
2026-10-04 15:16:18,053 INFO iter=659600 epoch=94 lr=3.80e-05 G=1.723 advA2B=0.590 advB2A=0.726 cycA=0.095 cycB=0.109 idtA=0.131 idtB=0.114 D_A=0.077 D_B=0.122 D_A(real)=0.84 D_A(fake)=0.16 gnG=25.63 gnD=14.93 it_per_s=8.83
2026-10-04 15:16:28,464 INFO iter=659700 epoch=94 lr=3.78e-05 G=1.725 advA2B=0.592 advB2A=0.727 cycA=0.095 cycB=0.109 idtA=0.131 idtB=0.114 D_A=0.077 D_B=0.122 D_A(real)=0.84 D_A(fake)=0.16 gnG=25.67 gnD=14.94 it_per_s=8.84
2026-10-04 15:16:39,154 INFO iter=659800 epoch=94 lr=3.75e-05 G=1.724 advA2B=0.591 advB2A=0.726 cycA=0.095 cycB=0.109 idtA=0.131 idtB=0.114 D_A=0.077 D_B=0.122 D_A(real)=0.84 D_A(fake)=0.16 gnG=25.66 gnD=14.96 it_per_s=8.85
2026-10-04 15:16:49,643 INFO iter=659900 epoch=94 lr=3.73e-05 G=1.723 advA2B=0.591 advB2A=0.726 cycA=0.095 cycB=0.108 idtA=0.131 idtB=0.114 D_A=0.077 D_B=0.122 D_A(real)=0.84 D_A(fake)=0.16 gnG=25.67 gnD=14.96 it_per_s=8.86
2026-10-04 15:17:00,021 INFO iter=660000 epoch=94 lr=3.71e-05 G=1.724 advA2B=0.591 advB2A=0.727 cycA=0.095 cycB=0.108 idtA=0.131 idtB=0.114 D_A=0.077 D_B=0.122 D_A(real)=0.84 D_A(fake)=0.16 gnG=25.68 gnD=14.97 it_per_s=8.88
2026-10-04 15:17:10,683 INFO iter=660100 epoch=94 lr=3.68e-05 G=1.724 advA2B=0.591 advB2A=0.727 cycA=0.095 cycB=0.108 idtA=0.131 idtB=0.115 D_A=0.077 D_B=0.122 D_A(real)=0.84 D_A(fake)=0.16 gnG=25.68 gnD=14.97 it_per_s=8.88
2026-10-04 15:17:21,412 INFO iter=660200 epoch=94 lr=3.66e-05 G=1.726 advA2B=0.592 advB2A=0.728 cycA=0.095 cycB=0.108 idtA=0.131 idtB=0.114 D_A=0.077 D_B=0.122 D_A(real)=0.84 D_A(fake)=0.16 gnG=25.72 gnD=14.97 it_per_s=8.89
2026-10-04 15:17:32,131 INFO iter=660300 epoch=94 lr=3.63e-05 G=1.728 advA2B=0.592 advB2A=0.729 cycA=0.095 cycB=0.108 idtA=0.131 idtB=0.114 D_A=0.077 D_B=0.122 D_A(real)=0.84 D_A(fake)=0.16 gnG=25.72 gnD=14.98 it_per_s=8.90
2026-10-04 15:17:42,815 INFO iter=660400 epoch=94 lr=3.61e-05 G=1.727 advA2B=0.592 advB2A=0.729 cycA=0.095 cycB=0.108 idtA=0.131 idtB=0.114 D_A=0.077 D_B=0.122 D_A(real)=0.84 D_A(fake)=0.16 gnG=25.74 gnD=14.97 it_per_s=8.91
2026-10-04 15:17:53,249 INFO iter=660500 epoch=94 lr=3.59e-05 G=1.726 advA2B=0.591 advB2A=0.729 cycA=0.095 cycB=0.108 idtA=0.131 idtB=0.115 D_A=0.077 D_B=0.122 D_A(real)=0.85 D_A(fake)=0.15 gnG=25.74 gnD=14.96 it_per_s=8.92
2026-10-04 15:18:03,848 INFO iter=660600 epoch=94 lr=3.56e-05 G=1.725 advA2B=0.590 advB2A=0.729 cycA=0.095 cycB=0.108 idtA=0.131 idtB=0.115 D_A=0.077 D_B=0.122 D_A(real)=0.85 D_A(fake)=0.15 gnG=25.81 gnD=14.97 it_per_s=8.92
2026-10-04 15:18:14,557 INFO iter=660700 epoch=94 lr=3.54e-05 G=1.727 advA2B=0.591 advB2A=0.730 cycA=0.095 cycB=0.108 idtA=0.131 idtB=0.115 D_A=0.077 D_B=0.122 D_A(real)=0.84 D_A(fake)=0.16 gnG=25.88 gnD=14.98 it_per_s=8.93
2026-10-04 15:18:25,170 INFO iter=660800 epoch=94 lr=3.52e-05 G=1.727 advA2B=0.590 advB2A=0.731 cycA=0.095 cycB=0.108 idtA=0.131 idtB=0.115 D_A=0.077 D_B=0.122 D_A(real)=0.84 D_A(fake)=0.16 gnG=25.92 gnD=14.99 it_per_s=8.94
2026-10-04 15:18:35,832 INFO iter=660900 epoch=94 lr=3.49e-05 G=1.727 advA2B=0.591 advB2A=0.730 cycA=0.095 cycB=0.108 idtA=0.131 idtB=0.115 D_A=0.076 D_B=0.122 D_A(real)=0.84 D_A(fake)=0.16 gnG=25.96 gnD=14.98 it_per_s=8.95
2026-10-04 15:18:46,585 INFO iter=661000 epoch=94 lr=3.47e-05 G=1.729 advA2B=0.592 advB2A=0.731 cycA=0.095 cycB=0.108 idtA=0.131 idtB=0.115 D_A=0.076 D_B=0.122 D_A(real)=0.85 D_A(fake)=0.15 gnG=26.05 gnD=14.97 it_per_s=8.95
2026-10-04 15:18:57,268 INFO iter=661100 epoch=94 lr=3.45e-05 G=1.728 advA2B=0.592 advB2A=0.730 cycA=0.095 cycB=0.108 idtA=0.131 idtB=0.115 D_A=0.076 D_B=0.122 D_A(real)=0.85 D_A(fake)=0.15 gnG=26.07 gnD=14.98 it_per_s=8.96
2026-10-04 15:19:07,937 INFO iter=661200 epoch=94 lr=3.42e-05 G=1.727 advA2B=0.591 advB2A=0.730 cycA=0.095 cycB=0.108 idtA=0.131 idtB=0.115 D_A=0.076 D_B=0.122 D_A(real)=0.85 D_A(fake)=0.15 gnG=26.07 gnD=14.99 it_per_s=8.96
2026-10-04 15:19:18,613 INFO iter=661300 epoch=94 lr=3.40e-05 G=1.727 advA2B=0.592 advB2A=0.730 cycA=0.095 cycB=0.108 idtA=0.131 idtB=0.115 D_A=0.076 D_B=0.122 D_A(real)=0.85 D_A(fake)=0.15 gnG=26.11 gnD=14.99 it_per_s=8.97
2026-10-04 15:19:29,326 INFO iter=661400 epoch=94 lr=3.37e-05 G=1.728 advA2B=0.592 advB2A=0.731 cycA=0.095 cycB=0.108 idtA=0.131 idtB=0.115 D_A=0.076 D_B=0.122 D_A(real)=0.85 D_A(fake)=0.15 gnG=26.09 gnD=15.00 it_per_s=8.97
2026-10-04 15:19:39,962 INFO iter=661500 epoch=94 lr=3.35e-05 G=1.728 advA2B=0.592 advB2A=0.731 cycA=0.095 cycB=0.108 idtA=0.131 idtB=0.115 D_A=0.076 D_B=0.122 D_A(real)=0.85 D_A(fake)=0.15 gnG=26.08 gnD=14.99 it_per_s=8.98
2026-10-04 15:19:47,597 INFO epoch=94 done time_s=783 it_per_s=8.98 G=1.728 cycA=0.095 cycB=0.108 idtA=0.131 idtB=0.114 D_A=0.076 D_B=0.122 D_A(real)=0.85 D_A(fake)=0.15 nan_count=0
2026-10-04 15:19:51,483 INFO iter=661600 epoch=95 lr=3.33e-05 G=1.735 advA2B=0.680 advB2A=0.647 cycA=0.095 cycB=0.109 idtA=0.128 idtB=0.116 D_A=0.057 D_B=0.100 D_A(real)=0.88 D_A(fake)=0.14 gnG=25.02 gnD=12.86 it_per_s=9.31
2026-10-04 15:20:02,173 INFO iter=661700 epoch=95 lr=3.30e-05 G=1.717 advA2B=0.625 advB2A=0.676 cycA=0.096 cycB=0.112 idtA=0.129 idtB=0.119 D_A=0.065 D_B=0.113 D_A(real)=0.86 D_A(fake)=0.14 gnG=25.37 gnD=13.95 it_per_s=9.35
2026-10-04 15:20:12,855 INFO iter=661800 epoch=95 lr=3.28e-05 G=1.681 advA2B=0.571 advB2A=0.701 cycA=0.094 cycB=0.111 idtA=0.129 idtB=0.121 D_A=0.069 D_B=0.114 D_A(real)=0.85 D_A(fake)=0.15 gnG=25.65 gnD=14.71 it_per_s=9.35
2026-10-04 15:20:23,441 INFO iter=661900 epoch=95 lr=3.26e-05 G=1.684 advA2B=0.568 advB2A=0.712 cycA=0.092 cycB=0.109 idtA=0.126 idtB=0.124 D_A=0.071 D_B=0.117 D_A(real)=0.85 D_A(fake)=0.15 gnG=25.90 gnD=14.81 it_per_s=9.38
2026-10-04 15:20:34,243 INFO iter=662000 epoch=95 lr=3.23e-05 G=1.684 advA2B=0.566 advB2A=0.717 cycA=0.092 cycB=0.108 idtA=0.124 idtB=0.123 D_A=0.070 D_B=0.116 D_A(real)=0.85 D_A(fake)=0.15 gnG=25.84 gnD=14.69 it_per_s=9.35
2026-10-04 15:20:44,857 INFO iter=662100 epoch=95 lr=3.21e-05 G=1.679 advA2B=0.559 advB2A=0.721 cycA=0.092 cycB=0.106 idtA=0.123 idtB=0.120 D_A=0.071 D_B=0.116 D_A(real)=0.85 D_A(fake)=0.15 gnG=25.81 gnD=14.95 it_per_s=9.36
2026-10-04 15:20:55,442 INFO iter=662200 epoch=95 lr=3.18e-05 G=1.680 advA2B=0.558 advB2A=0.724 cycA=0.093 cycB=0.106 idtA=0.123 idtB=0.118 D_A=0.072 D_B=0.116 D_A(real)=0.85 D_A(fake)=0.15 gnG=25.62 gnD=14.89 it_per_s=9.38
2026-10-04 15:21:06,066 INFO iter=662300 epoch=95 lr=3.16e-05 G=1.686 advA2B=0.561 advB2A=0.727 cycA=0.094 cycB=0.105 idtA=0.123 idtB=0.116 D_A=0.073 D_B=0.116 D_A(real)=0.85 D_A(fake)=0.15 gnG=25.61 gnD=14.95 it_per_s=9.38
2026-10-04 15:21:16,707 INFO iter=662400 epoch=95 lr=3.14e-05 G=1.699 advA2B=0.574 advB2A=0.724 cycA=0.095 cycB=0.106 idtA=0.123 idtB=0.117 D_A=0.073 D_B=0.116 D_A(real)=0.85 D_A(fake)=0.15 gnG=25.40 gnD=14.93 it_per_s=9.38
2026-10-04 15:21:27,359 INFO iter=662500 epoch=95 lr=3.11e-05 G=1.697 advA2B=0.574 advB2A=0.724 cycA=0.094 cycB=0.106 idtA=0.123 idtB=0.117 D_A=0.072 D_B=0.116 D_A(real)=0.85 D_A(fake)=0.15 gnG=25.37 gnD=14.89 it_per_s=9.38
2026-10-04 15:21:38,039 INFO iter=662600 epoch=95 lr=3.09e-05 G=1.687 advA2B=0.571 advB2A=0.717 cycA=0.094 cycB=0.105 idtA=0.123 idtB=0.117 D_A=0.071 D_B=0.117 D_A(real)=0.85 D_A(fake)=0.15 gnG=25.16 gnD=14.86 it_per_s=9.38
2026-10-04 15:21:48,673 INFO iter=662700 epoch=95 lr=3.07e-05 G=1.688 advA2B=0.574 advB2A=0.716 cycA=0.094 cycB=0.105 idtA=0.122 idtB=0.117 D_A=0.072 D_B=0.118 D_A(real)=0.85 D_A(fake)=0.15 gnG=25.86 gnD=14.99 it_per_s=9.38
2026-10-04 15:21:59,342 INFO iter=662800 epoch=95 lr=3.04e-05 G=1.691 advA2B=0.578 advB2A=0.715 cycA=0.094 cycB=0.105 idtA=0.121 idtB=0.118 D_A=0.071 D_B=0.118 D_A(real)=0.85 D_A(fake)=0.15 gnG=25.72 gnD=14.88 it_per_s=9.38
2026-10-04 15:22:09,944 INFO iter=662900 epoch=95 lr=3.02e-05 G=1.690 advA2B=0.581 advB2A=0.712 cycA=0.094 cycB=0.105 idtA=0.120 idtB=0.118 D_A=0.071 D_B=0.118 D_A(real)=0.85 D_A(fake)=0.15 gnG=25.79 gnD=14.88 it_per_s=9.39
2026-10-04 15:22:20,569 INFO iter=663000 epoch=95 lr=3.00e-05 G=1.692 advA2B=0.581 advB2A=0.713 cycA=0.094 cycB=0.105 idtA=0.119 idtB=0.118 D_A=0.072 D_B=0.118 D_A(real)=0.85 D_A(fake)=0.15 gnG=25.81 gnD=14.93 it_per_s=9.39
2026-10-04 15:22:31,236 INFO iter=663100 epoch=95 lr=2.97e-05 G=1.697 advA2B=0.581 advB2A=0.718 cycA=0.094 cycB=0.105 idtA=0.120 idtB=0.119 D_A=0.072 D_B=0.118 D_A(real)=0.85 D_A(fake)=0.15 gnG=25.96 gnD=14.98 it_per_s=9.39
2026-10-04 15:22:41,912 INFO iter=663200 epoch=95 lr=2.95e-05 G=1.701 advA2B=0.585 advB2A=0.717 cycA=0.094 cycB=0.105 idtA=0.119 idtB=0.121 D_A=0.072 D_B=0.118 D_A(real)=0.85 D_A(fake)=0.15 gnG=25.98 gnD=15.01 it_per_s=9.39
2026-10-04 15:22:52,580 INFO iter=663300 epoch=95 lr=2.92e-05 G=1.702 advA2B=0.586 advB2A=0.717 cycA=0.094 cycB=0.105 idtA=0.118 idtB=0.121 D_A=0.072 D_B=0.118 D_A(real)=0.85 D_A(fake)=0.15 gnG=26.02 gnD=15.07 it_per_s=9.39
2026-10-04 15:23:03,237 INFO iter=663400 epoch=95 lr=2.90e-05 G=1.696 advA2B=0.583 advB2A=0.715 cycA=0.094 cycB=0.105 idtA=0.117 idtB=0.121 D_A=0.072 D_B=0.118 D_A(real)=0.85 D_A(fake)=0.15 gnG=25.92 gnD=15.14 it_per_s=9.39
2026-10-04 15:23:13,915 INFO iter=663500 epoch=95 lr=2.88e-05 G=1.696 advA2B=0.584 advB2A=0.715 cycA=0.094 cycB=0.105 idtA=0.116 idtB=0.121 D_A=0.072 D_B=0.118 D_A(real)=0.85 D_A(fake)=0.15 gnG=25.99 gnD=15.24 it_per_s=9.38
2026-10-04 15:23:24,561 INFO iter=663600 epoch=95 lr=2.85e-05 G=1.696 advA2B=0.583 advB2A=0.716 cycA=0.094 cycB=0.105 idtA=0.116 idtB=0.121 D_A=0.072 D_B=0.119 D_A(real)=0.85 D_A(fake)=0.15 gnG=26.02 gnD=15.30 it_per_s=9.39
2026-10-04 15:23:35,226 INFO iter=663700 epoch=95 lr=2.83e-05 G=1.692 advA2B=0.582 advB2A=0.713 cycA=0.094 cycB=0.105 idtA=0.115 idtB=0.120 D_A=0.073 D_B=0.120 D_A(real)=0.85 D_A(fake)=0.15 gnG=25.91 gnD=15.36 it_per_s=9.38
2026-10-04 15:23:45,895 INFO iter=663800 epoch=95 lr=2.81e-05 G=1.694 advA2B=0.582 advB2A=0.715 cycA=0.094 cycB=0.105 idtA=0.115 idtB=0.120 D_A=0.073 D_B=0.120 D_A(real)=0.85 D_A(fake)=0.15 gnG=25.84 gnD=15.39 it_per_s=9.38
2026-10-04 15:23:56,555 INFO iter=663900 epoch=95 lr=2.78e-05 G=1.695 advA2B=0.583 advB2A=0.715 cycA=0.094 cycB=0.105 idtA=0.115 idtB=0.120 D_A=0.073 D_B=0.120 D_A(real)=0.85 D_A(fake)=0.15 gnG=25.79 gnD=15.38 it_per_s=9.38
2026-10-04 15:24:07,197 INFO iter=664000 epoch=95 lr=2.76e-05 G=1.693 advA2B=0.583 advB2A=0.714 cycA=0.094 cycB=0.105 idtA=0.115 idtB=0.120 D_A=0.073 D_B=0.120 D_A(real)=0.85 D_A(fake)=0.15 gnG=25.70 gnD=15.39 it_per_s=9.38
2026-10-04 15:24:17,834 INFO iter=664100 epoch=95 lr=2.73e-05 G=1.693 advA2B=0.584 advB2A=0.713 cycA=0.094 cycB=0.105 idtA=0.116 idtB=0.120 D_A=0.074 D_B=0.120 D_A(real)=0.85 D_A(fake)=0.15 gnG=25.74 gnD=15.47 it_per_s=9.39
2026-10-04 15:24:28,419 INFO iter=664200 epoch=95 lr=2.71e-05 G=1.696 advA2B=0.583 advB2A=0.716 cycA=0.094 cycB=0.104 idtA=0.116 idtB=0.120 D_A=0.073 D_B=0.121 D_A(real)=0.85 D_A(fake)=0.15 gnG=25.74 gnD=15.50 it_per_s=9.39
2026-10-04 15:24:39,090 INFO iter=664300 epoch=95 lr=2.69e-05 G=1.693 advA2B=0.583 advB2A=0.713 cycA=0.094 cycB=0.105 idtA=0.115 idtB=0.119 D_A=0.073 D_B=0.121 D_A(real)=0.85 D_A(fake)=0.15 gnG=25.68 gnD=15.50 it_per_s=9.39
2026-10-04 15:24:49,702 INFO iter=664400 epoch=95 lr=2.66e-05 G=1.695 advA2B=0.584 advB2A=0.715 cycA=0.094 cycB=0.105 idtA=0.115 idtB=0.119 D_A=0.073 D_B=0.121 D_A(real)=0.85 D_A(fake)=0.15 gnG=25.74 gnD=15.50 it_per_s=9.39
2026-10-04 15:25:00,257 INFO iter=664500 epoch=95 lr=2.64e-05 G=1.697 advA2B=0.585 advB2A=0.716 cycA=0.094 cycB=0.105 idtA=0.115 idtB=0.119 D_A=0.073 D_B=0.121 D_A(real)=0.85 D_A(fake)=0.15 gnG=25.82 gnD=15.52 it_per_s=9.39
2026-10-04 15:25:10,863 INFO iter=664600 epoch=95 lr=2.62e-05 G=1.696 advA2B=0.583 advB2A=0.717 cycA=0.094 cycB=0.105 idtA=0.115 idtB=0.119 D_A=0.073 D_B=0.121 D_A(real)=0.85 D_A(fake)=0.15 gnG=25.81 gnD=15.53 it_per_s=9.39
2026-10-04 15:25:21,452 INFO iter=664700 epoch=95 lr=2.59e-05 G=1.694 advA2B=0.582 advB2A=0.715 cycA=0.094 cycB=0.105 idtA=0.116 idtB=0.118 D_A=0.073 D_B=0.121 D_A(real)=0.85 D_A(fake)=0.15 gnG=25.77 gnD=15.55 it_per_s=9.39
2026-10-04 15:25:31,939 INFO iter=664800 epoch=95 lr=2.57e-05 G=1.693 advA2B=0.582 advB2A=0.715 cycA=0.093 cycB=0.104 idtA=0.116 idtB=0.118 D_A=0.073 D_B=0.121 D_A(real)=0.85 D_A(fake)=0.15 gnG=25.74 gnD=15.59 it_per_s=9.40
2026-10-04 15:25:42,585 INFO iter=664900 epoch=95 lr=2.55e-05 G=1.693 advA2B=0.581 advB2A=0.717 cycA=0.093 cycB=0.104 idtA=0.116 idtB=0.118 D_A=0.073 D_B=0.121 D_A(real)=0.85 D_A(fake)=0.15 gnG=25.78 gnD=15.60 it_per_s=9.40
2026-10-04 15:25:53,022 INFO iter=665000 epoch=95 lr=2.52e-05 G=1.693 advA2B=0.579 advB2A=0.718 cycA=0.093 cycB=0.105 idtA=0.116 idtB=0.118 D_A=0.073 D_B=0.121 D_A(real)=0.85 D_A(fake)=0.15 gnG=25.77 gnD=15.59 it_per_s=9.40
2026-10-04 15:26:03,426 INFO iter=665100 epoch=95 lr=2.50e-05 G=1.694 advA2B=0.579 advB2A=0.719 cycA=0.093 cycB=0.105 idtA=0.116 idtB=0.117 D_A=0.073 D_B=0.121 D_A(real)=0.85 D_A(fake)=0.15 gnG=25.82 gnD=15.63 it_per_s=9.41
2026-10-04 15:26:14,083 INFO iter=665200 epoch=95 lr=2.47e-05 G=1.695 advA2B=0.580 advB2A=0.720 cycA=0.093 cycB=0.105 idtA=0.116 idtB=0.117 D_A=0.073 D_B=0.121 D_A(real)=0.85 D_A(fake)=0.15 gnG=25.79 gnD=15.62 it_per_s=9.41
2026-10-04 15:26:24,734 INFO iter=665300 epoch=95 lr=2.45e-05 G=1.695 advA2B=0.579 advB2A=0.721 cycA=0.093 cycB=0.105 idtA=0.116 idtB=0.117 D_A=0.073 D_B=0.122 D_A(real)=0.85 D_A(fake)=0.15 gnG=25.88 gnD=15.62 it_per_s=9.41
2026-10-04 15:26:35,347 INFO iter=665400 epoch=95 lr=2.43e-05 G=1.696 advA2B=0.580 advB2A=0.721 cycA=0.093 cycB=0.105 idtA=0.117 idtB=0.117 D_A=0.073 D_B=0.122 D_A(real)=0.85 D_A(fake)=0.15 gnG=25.89 gnD=15.64 it_per_s=9.41
2026-10-04 15:26:45,973 INFO iter=665500 epoch=95 lr=2.40e-05 G=1.697 advA2B=0.580 advB2A=0.721 cycA=0.093 cycB=0.105 idtA=0.117 idtB=0.117 D_A=0.073 D_B=0.122 D_A(real)=0.85 D_A(fake)=0.15 gnG=25.93 gnD=15.63 it_per_s=9.41
2026-10-04 15:26:56,544 INFO iter=665600 epoch=95 lr=2.38e-05 G=1.696 advA2B=0.580 advB2A=0.722 cycA=0.093 cycB=0.105 idtA=0.117 idtB=0.117 D_A=0.073 D_B=0.123 D_A(real)=0.85 D_A(fake)=0.15 gnG=25.95 gnD=15.65 it_per_s=9.41
2026-10-04 15:27:07,088 INFO iter=665700 epoch=95 lr=2.36e-05 G=1.695 advA2B=0.579 advB2A=0.721 cycA=0.093 cycB=0.105 idtA=0.117 idtB=0.117 D_A=0.073 D_B=0.122 D_A(real)=0.85 D_A(fake)=0.15 gnG=25.92 gnD=15.62 it_per_s=9.41
2026-10-04 15:27:17,686 INFO iter=665800 epoch=95 lr=2.33e-05 G=1.696 advA2B=0.579 advB2A=0.722 cycA=0.093 cycB=0.105 idtA=0.117 idtB=0.116 D_A=0.073 D_B=0.122 D_A(real)=0.85 D_A(fake)=0.15 gnG=25.88 gnD=15.63 it_per_s=9.41
2026-10-04 15:27:28,278 INFO iter=665900 epoch=95 lr=2.31e-05 G=1.697 advA2B=0.580 advB2A=0.723 cycA=0.093 cycB=0.104 idtA=0.117 idtB=0.116 D_A=0.073 D_B=0.122 D_A(real)=0.85 D_A(fake)=0.15 gnG=25.92 gnD=15.63 it_per_s=9.41
2026-10-04 15:27:38,922 INFO iter=666000 epoch=95 lr=2.28e-05 G=1.699 advA2B=0.580 advB2A=0.724 cycA=0.093 cycB=0.104 idtA=0.117 idtB=0.116 D_A=0.073 D_B=0.122 D_A(real)=0.85 D_A(fake)=0.15 gnG=25.93 gnD=15.65 it_per_s=9.41
2026-10-04 15:27:49,522 INFO iter=666100 epoch=95 lr=2.26e-05 G=1.700 advA2B=0.581 advB2A=0.725 cycA=0.093 cycB=0.104 idtA=0.117 idtB=0.116 D_A=0.073 D_B=0.122 D_A(real)=0.85 D_A(fake)=0.15 gnG=25.96 gnD=15.66 it_per_s=9.41
2026-10-04 15:27:59,944 INFO iter=666200 epoch=95 lr=2.24e-05 G=1.701 advA2B=0.581 advB2A=0.725 cycA=0.093 cycB=0.104 idtA=0.117 idtB=0.116 D_A=0.073 D_B=0.122 D_A(real)=0.85 D_A(fake)=0.15 gnG=26.02 gnD=15.68 it_per_s=9.42
2026-10-04 15:28:10,620 INFO iter=666300 epoch=95 lr=2.21e-05 G=1.701 advA2B=0.581 advB2A=0.725 cycA=0.093 cycB=0.104 idtA=0.117 idtB=0.116 D_A=0.073 D_B=0.122 D_A(real)=0.85 D_A(fake)=0.15 gnG=26.05 gnD=15.69 it_per_s=9.42
2026-10-04 15:28:21,238 INFO iter=666400 epoch=95 lr=2.19e-05 G=1.701 advA2B=0.581 advB2A=0.726 cycA=0.093 cycB=0.104 idtA=0.117 idtB=0.116 D_A=0.073 D_B=0.122 D_A(real)=0.85 D_A(fake)=0.15 gnG=26.05 gnD=15.69 it_per_s=9.42
2026-10-04 15:28:31,586 INFO iter=666500 epoch=95 lr=2.17e-05 G=1.703 advA2B=0.582 advB2A=0.726 cycA=0.093 cycB=0.104 idtA=0.117 idtB=0.116 D_A=0.073 D_B=0.122 D_A(real)=0.85 D_A(fake)=0.15 gnG=26.10 gnD=15.69 it_per_s=9.42
2026-10-04 15:28:42,197 INFO iter=666600 epoch=95 lr=2.14e-05 G=1.702 advA2B=0.582 advB2A=0.726 cycA=0.093 cycB=0.104 idtA=0.117 idtB=0.116 D_A=0.073 D_B=0.122 D_A(real)=0.85 D_A(fake)=0.15 gnG=26.15 gnD=15.71 it_per_s=9.42
2026-10-04 15:28:52,632 INFO iter=666700 epoch=95 lr=2.12e-05 G=1.701 advA2B=0.581 advB2A=0.726 cycA=0.093 cycB=0.104 idtA=0.117 idtB=0.116 D_A=0.072 D_B=0.122 D_A(real)=0.85 D_A(fake)=0.15 gnG=26.16 gnD=15.71 it_per_s=9.42
2026-10-04 15:29:03,023 INFO iter=666800 epoch=95 lr=2.10e-05 G=1.703 advA2B=0.583 advB2A=0.726 cycA=0.093 cycB=0.104 idtA=0.117 idtB=0.116 D_A=0.072 D_B=0.122 D_A(real)=0.85 D_A(fake)=0.15 gnG=26.25 gnD=15.71 it_per_s=9.43
2026-10-04 15:29:13,651 INFO iter=666900 epoch=95 lr=2.07e-05 G=1.703 advA2B=0.583 advB2A=0.727 cycA=0.093 cycB=0.104 idtA=0.117 idtB=0.116 D_A=0.072 D_B=0.122 D_A(real)=0.85 D_A(fake)=0.15 gnG=26.29 gnD=15.71 it_per_s=9.43
2026-10-04 15:29:24,117 INFO iter=667000 epoch=95 lr=2.05e-05 G=1.704 advA2B=0.583 advB2A=0.727 cycA=0.093 cycB=0.104 idtA=0.116 idtB=0.115 D_A=0.072 D_B=0.122 D_A(real)=0.85 D_A(fake)=0.15 gnG=26.28 gnD=15.72 it_per_s=9.43
2026-10-04 15:29:34,588 INFO iter=667100 epoch=95 lr=2.02e-05 G=1.703 advA2B=0.582 advB2A=0.728 cycA=0.093 cycB=0.104 idtA=0.116 idtB=0.115 D_A=0.072 D_B=0.122 D_A(real)=0.85 D_A(fake)=0.15 gnG=26.26 gnD=15.72 it_per_s=9.43
2026-10-04 15:29:45,307 INFO iter=667200 epoch=95 lr=2.00e-05 G=1.702 advA2B=0.582 advB2A=0.727 cycA=0.092 cycB=0.104 idtA=0.116 idtB=0.115 D_A=0.072 D_B=0.121 D_A(real)=0.85 D_A(fake)=0.15 gnG=26.29 gnD=15.73 it_per_s=9.43
2026-10-04 15:29:55,788 INFO iter=667300 epoch=95 lr=1.98e-05 G=1.702 advA2B=0.582 advB2A=0.727 cycA=0.092 cycB=0.104 idtA=0.116 idtB=0.115 D_A=0.072 D_B=0.121 D_A(real)=0.85 D_A(fake)=0.15 gnG=26.30 gnD=15.73 it_per_s=9.43
2026-10-04 15:30:06,255 INFO iter=667400 epoch=95 lr=1.95e-05 G=1.703 advA2B=0.582 advB2A=0.728 cycA=0.092 cycB=0.104 idtA=0.116 idtB=0.115 D_A=0.072 D_B=0.121 D_A(real)=0.85 D_A(fake)=0.15 gnG=26.32 gnD=15.74 it_per_s=9.43
2026-10-04 15:30:16,857 INFO iter=667500 epoch=95 lr=1.93e-05 G=1.703 advA2B=0.581 advB2A=0.728 cycA=0.092 cycB=0.104 idtA=0.116 idtB=0.115 D_A=0.072 D_B=0.121 D_A(real)=0.85 D_A(fake)=0.15 gnG=26.28 gnD=15.72 it_per_s=9.43
2026-10-04 15:30:27,310 INFO iter=667600 epoch=95 lr=1.91e-05 G=1.703 advA2B=0.582 advB2A=0.728 cycA=0.092 cycB=0.104 idtA=0.116 idtB=0.115 D_A=0.072 D_B=0.121 D_A(real)=0.85 D_A(fake)=0.15 gnG=26.31 gnD=15.72 it_per_s=9.44
2026-10-04 15:30:37,813 INFO iter=667700 epoch=95 lr=1.88e-05 G=1.704 advA2B=0.582 advB2A=0.728 cycA=0.092 cycB=0.104 idtA=0.116 idtB=0.115 D_A=0.072 D_B=0.121 D_A(real)=0.85 D_A(fake)=0.15 gnG=26.35 gnD=15.72 it_per_s=9.44
2026-10-04 15:30:48,400 INFO iter=667800 epoch=95 lr=1.86e-05 G=1.704 advA2B=0.583 advB2A=0.729 cycA=0.092 cycB=0.104 idtA=0.116 idtB=0.114 D_A=0.072 D_B=0.121 D_A(real)=0.85 D_A(fake)=0.15 gnG=26.43 gnD=15.72 it_per_s=9.44
2026-10-04 15:30:58,725 INFO iter=667900 epoch=95 lr=1.84e-05 G=1.705 advA2B=0.583 advB2A=0.729 cycA=0.092 cycB=0.104 idtA=0.116 idtB=0.114 D_A=0.072 D_B=0.121 D_A(real)=0.85 D_A(fake)=0.15 gnG=26.50 gnD=15.74 it_per_s=9.44
2026-10-04 15:31:09,280 INFO iter=668000 epoch=95 lr=1.81e-05 G=1.706 advA2B=0.583 advB2A=0.729 cycA=0.092 cycB=0.104 idtA=0.116 idtB=0.114 D_A=0.072 D_B=0.121 D_A(real)=0.85 D_A(fake)=0.15 gnG=26.60 gnD=15.75 it_per_s=9.44
2026-10-04 15:31:19,824 INFO iter=668100 epoch=95 lr=1.79e-05 G=1.706 advA2B=0.584 advB2A=0.729 cycA=0.092 cycB=0.104 idtA=0.116 idtB=0.114 D_A=0.072 D_B=0.121 D_A(real)=0.85 D_A(fake)=0.15 gnG=26.65 gnD=15.75 it_per_s=9.44
2026-10-04 15:31:30,098 INFO iter=668200 epoch=95 lr=1.76e-05 G=1.708 advA2B=0.585 advB2A=0.730 cycA=0.092 cycB=0.104 idtA=0.116 idtB=0.114 D_A=0.071 D_B=0.121 D_A(real)=0.85 D_A(fake)=0.15 gnG=26.78 gnD=15.74 it_per_s=9.45
2026-10-04 15:31:40,713 INFO iter=668300 epoch=95 lr=1.74e-05 G=1.709 advA2B=0.585 advB2A=0.731 cycA=0.092 cycB=0.104 idtA=0.117 idtB=0.114 D_A=0.071 D_B=0.120 D_A(real)=0.85 D_A(fake)=0.15 gnG=26.92 gnD=15.73 it_per_s=9.45
2026-10-04 15:31:51,247 INFO iter=668400 epoch=95 lr=1.72e-05 G=1.710 advA2B=0.586 advB2A=0.731 cycA=0.092 cycB=0.104 idtA=0.117 idtB=0.114 D_A=0.071 D_B=0.120 D_A(real)=0.85 D_A(fake)=0.15 gnG=27.04 gnD=15.72 it_per_s=9.45
2026-10-04 15:32:01,625 INFO iter=668500 epoch=95 lr=1.69e-05 G=1.709 advA2B=0.586 advB2A=0.730 cycA=0.092 cycB=0.104 idtA=0.117 idtB=0.114 D_A=0.072 D_B=0.121 D_A(real)=0.85 D_A(fake)=0.15 gnG=27.14 gnD=15.74 it_per_s=9.45
2026-10-04 15:32:12,301 INFO iter=668600 epoch=95 lr=1.67e-05 G=1.710 advA2B=0.586 advB2A=0.731 cycA=0.092 cycB=0.104 idtA=0.117 idtB=0.114 D_A=0.072 D_B=0.121 D_A(real)=0.85 D_A(fake)=0.15 gnG=27.26 gnD=15.75 it_per_s=9.45
2026-10-04 15:32:13,344 INFO epoch=95 done time_s=745 it_per_s=9.45 G=1.709 cycA=0.092 cycB=0.104 idtA=0.117 idtB=0.114 D_A=0.072 D_B=0.121 D_A(real)=0.85 D_A(fake)=0.15 nan_count=0
2026-10-04 15:32:23,790 INFO iter=668700 epoch=96 lr=1.65e-05 G=1.687 advA2B=0.606 advB2A=0.699 cycA=0.090 cycB=0.101 idtA=0.128 idtB=0.108 D_A=0.060 D_B=0.119 D_A(real)=0.87 D_A(fake)=0.14 gnG=32.38 gnD=15.83 it_per_s=9.42
2026-10-04 15:32:34,135 INFO iter=668800 epoch=96 lr=1.62e-05 G=1.695 advA2B=0.616 advB2A=0.694 cycA=0.092 cycB=0.101 idtA=0.131 idtB=0.111 D_A=0.065 D_B=0.116 D_A(real)=0.86 D_A(fake)=0.14 gnG=31.96 gnD=15.49 it_per_s=9.55
2026-10-04 15:32:44,771 INFO iter=668900 epoch=96 lr=1.60e-05 G=1.709 advA2B=0.599 advB2A=0.725 cycA=0.091 cycB=0.101 idtA=0.127 idtB=0.111 D_A=0.065 D_B=0.113 D_A(real)=0.86 D_A(fake)=0.14 gnG=34.50 gnD=15.56 it_per_s=9.50
2026-10-04 15:32:55,483 INFO iter=669000 epoch=96 lr=1.57e-05 G=1.693 advA2B=0.584 advB2A=0.722 cycA=0.092 cycB=0.101 idtA=0.125 idtB=0.110 D_A=0.066 D_B=0.117 D_A(real)=0.85 D_A(fake)=0.14 gnG=34.99 gnD=15.62 it_per_s=9.46
2026-10-04 15:33:06,071 INFO iter=669100 epoch=96 lr=1.55e-05 G=1.703 advA2B=0.602 advB2A=0.715 cycA=0.091 cycB=0.102 idtA=0.124 idtB=0.109 D_A=0.066 D_B=0.117 D_A(real)=0.86 D_A(fake)=0.14 gnG=35.20 gnD=15.68 it_per_s=9.45
2026-10-04 15:33:16,697 INFO iter=669200 epoch=96 lr=1.53e-05 G=1.712 advA2B=0.602 advB2A=0.725 cycA=0.091 cycB=0.102 idtA=0.123 idtB=0.110 D_A=0.068 D_B=0.116 D_A(real)=0.85 D_A(fake)=0.15 gnG=35.70 gnD=15.77 it_per_s=9.45
2026-10-04 15:33:27,286 INFO iter=669300 epoch=96 lr=1.50e-05 G=1.720 advA2B=0.604 advB2A=0.730 cycA=0.091 cycB=0.103 idtA=0.124 idtB=0.109 D_A=0.068 D_B=0.115 D_A(real)=0.85 D_A(fake)=0.15 gnG=35.55 gnD=15.75 it_per_s=9.45
2026-10-04 15:33:37,914 INFO iter=669400 epoch=96 lr=1.48e-05 G=1.715 advA2B=0.598 advB2A=0.729 cycA=0.091 cycB=0.103 idtA=0.122 idtB=0.109 D_A=0.067 D_B=0.116 D_A(real)=0.85 D_A(fake)=0.14 gnG=35.34 gnD=15.72 it_per_s=9.44
2026-10-04 15:33:48,540 INFO iter=669500 epoch=96 lr=1.46e-05 G=1.707 advA2B=0.594 advB2A=0.726 cycA=0.090 cycB=0.103 idtA=0.121 idtB=0.109 D_A=0.067 D_B=0.116 D_A(real)=0.85 D_A(fake)=0.15 gnG=35.60 gnD=15.82 it_per_s=9.44
2026-10-04 15:33:59,126 INFO iter=669600 epoch=96 lr=1.43e-05 G=1.704 advA2B=0.592 advB2A=0.727 cycA=0.091 cycB=0.102 idtA=0.121 idtB=0.109 D_A=0.067 D_B=0.116 D_A(real)=0.85 D_A(fake)=0.15 gnG=35.82 gnD=15.83 it_per_s=9.44
2026-10-04 15:34:09,780 INFO iter=669700 epoch=96 lr=1.41e-05 G=1.715 advA2B=0.595 advB2A=0.735 cycA=0.091 cycB=0.102 idtA=0.121 idtB=0.109 D_A=0.067 D_B=0.116 D_A(real)=0.85 D_A(fake)=0.15 gnG=35.99 gnD=15.87 it_per_s=9.43
2026-10-04 15:34:20,490 INFO iter=669800 epoch=96 lr=1.39e-05 G=1.724 advA2B=0.600 advB2A=0.738 cycA=0.091 cycB=0.102 idtA=0.120 idtB=0.110 D_A=0.068 D_B=0.115 D_A(real)=0.85 D_A(fake)=0.15 gnG=36.04 gnD=15.88 it_per_s=9.43
2026-10-04 15:34:31,162 INFO iter=669900 epoch=96 lr=1.36e-05 G=1.717 advA2B=0.597 advB2A=0.735 cycA=0.090 cycB=0.102 idtA=0.120 idtB=0.110 D_A=0.067 D_B=0.116 D_A(real)=0.85 D_A(fake)=0.15 gnG=35.65 gnD=15.86 it_per_s=9.42
2026-10-04 15:34:41,769 INFO iter=670000 epoch=96 lr=1.34e-05 G=1.717 advA2B=0.598 advB2A=0.735 cycA=0.091 cycB=0.102 idtA=0.120 idtB=0.110 D_A=0.068 D_B=0.115 D_A(real)=0.85 D_A(fake)=0.15 gnG=35.99 gnD=15.88 it_per_s=9.42
2026-10-04 15:34:52,504 INFO iter=670100 epoch=96 lr=1.31e-05 G=1.719 advA2B=0.599 advB2A=0.735 cycA=0.090 cycB=0.102 idtA=0.119 idtB=0.109 D_A=0.068 D_B=0.116 D_A(real)=0.85 D_A(fake)=0.15 gnG=36.09 gnD=15.85 it_per_s=9.41
2026-10-04 15:35:03,235 INFO iter=670200 epoch=96 lr=1.29e-05 G=1.715 advA2B=0.598 advB2A=0.732 cycA=0.090 cycB=0.102 idtA=0.119 idtB=0.109 D_A=0.068 D_B=0.116 D_A(real)=0.85 D_A(fake)=0.15 gnG=36.30 gnD=15.83 it_per_s=9.41
2026-10-04 15:35:13,934 INFO iter=670300 epoch=96 lr=1.27e-05 G=1.710 advA2B=0.595 advB2A=0.731 cycA=0.090 cycB=0.102 idtA=0.119 idtB=0.109 D_A=0.068 D_B=0.115 D_A(real)=0.85 D_A(fake)=0.15 gnG=36.13 gnD=15.80 it_per_s=9.40
2026-10-04 15:35:24,543 INFO iter=670400 epoch=96 lr=1.24e-05 G=1.707 advA2B=0.593 advB2A=0.729 cycA=0.090 cycB=0.102 idtA=0.118 idtB=0.109 D_A=0.068 D_B=0.116 D_A(real)=0.85 D_A(fake)=0.15 gnG=36.46 gnD=15.82 it_per_s=9.41
2026-10-04 15:35:35,097 INFO iter=670500 epoch=96 lr=1.22e-05 G=1.712 advA2B=0.594 advB2A=0.734 cycA=0.090 cycB=0.102 idtA=0.118 idtB=0.109 D_A=0.068 D_B=0.117 D_A(real)=0.85 D_A(fake)=0.15 gnG=36.57 gnD=15.88 it_per_s=9.41
2026-10-04 15:35:45,697 INFO iter=670600 epoch=96 lr=1.20e-05 G=1.708 advA2B=0.589 advB2A=0.734 cycA=0.090 cycB=0.102 idtA=0.118 idtB=0.109 D_A=0.068 D_B=0.116 D_A(real)=0.85 D_A(fake)=0.15 gnG=36.66 gnD=15.86 it_per_s=9.41
2026-10-04 15:35:56,298 INFO iter=670700 epoch=96 lr=1.17e-05 G=1.708 advA2B=0.588 advB2A=0.735 cycA=0.090 cycB=0.102 idtA=0.118 idtB=0.109 D_A=0.068 D_B=0.117 D_A(real)=0.85 D_A(fake)=0.15 gnG=36.97 gnD=15.82 it_per_s=9.41
2026-10-04 15:36:06,816 INFO iter=670800 epoch=96 lr=1.15e-05 G=1.707 advA2B=0.588 advB2A=0.735 cycA=0.090 cycB=0.102 idtA=0.119 idtB=0.109 D_A=0.067 D_B=0.117 D_A(real)=0.85 D_A(fake)=0.15 gnG=37.03 gnD=15.80 it_per_s=9.42
2026-10-04 15:36:17,389 INFO iter=670900 epoch=96 lr=1.12e-05 G=1.708 advA2B=0.586 advB2A=0.736 cycA=0.091 cycB=0.102 idtA=0.119 idtB=0.109 D_A=0.067 D_B=0.117 D_A(real)=0.85 D_A(fake)=0.15 gnG=37.32 gnD=15.83 it_per_s=9.42
2026-10-04 15:36:27,844 INFO iter=671000 epoch=96 lr=1.10e-05 G=1.710 advA2B=0.586 advB2A=0.739 cycA=0.091 cycB=0.102 idtA=0.119 idtB=0.109 D_A=0.067 D_B=0.117 D_A(real)=0.85 D_A(fake)=0.15 gnG=37.42 gnD=15.84 it_per_s=9.42
2026-10-04 15:36:38,289 INFO iter=671100 epoch=96 lr=1.08e-05 G=1.710 advA2B=0.586 advB2A=0.738 cycA=0.091 cycB=0.102 idtA=0.119 idtB=0.109 D_A=0.068 D_B=0.117 D_A(real)=0.85 D_A(fake)=0.15 gnG=37.89 gnD=15.88 it_per_s=9.43
2026-10-04 15:36:48,916 INFO iter=671200 epoch=96 lr=1.05e-05 G=1.711 advA2B=0.586 advB2A=0.739 cycA=0.091 cycB=0.102 idtA=0.119 idtB=0.109 D_A=0.068 D_B=0.117 D_A(real)=0.85 D_A(fake)=0.15 gnG=37.95 gnD=15.89 it_per_s=9.43
2026-10-04 15:36:59,242 INFO iter=671300 epoch=96 lr=1.03e-05 G=1.711 advA2B=0.586 advB2A=0.739 cycA=0.091 cycB=0.102 idtA=0.119 idtB=0.109 D_A=0.068 D_B=0.117 D_A(real)=0.85 D_A(fake)=0.15 gnG=38.07 gnD=15.92 it_per_s=9.44
2026-10-04 15:37:09,729 INFO iter=671400 epoch=96 lr=1.01e-05 G=1.713 advA2B=0.587 advB2A=0.739 cycA=0.091 cycB=0.102 idtA=0.119 idtB=0.110 D_A=0.068 D_B=0.116 D_A(real)=0.85 D_A(fake)=0.15 gnG=38.25 gnD=15.92 it_per_s=9.44
2026-10-04 15:37:20,347 INFO iter=671500 epoch=96 lr=9.83e-06 G=1.710 advA2B=0.587 advB2A=0.738 cycA=0.091 cycB=0.102 idtA=0.118 idtB=0.110 D_A=0.068 D_B=0.116 D_A(real)=0.85 D_A(fake)=0.15 gnG=38.31 gnD=15.87 it_per_s=9.44
2026-10-04 15:37:30,654 INFO iter=671600 epoch=96 lr=9.59e-06 G=1.711 advA2B=0.587 advB2A=0.738 cycA=0.091 cycB=0.102 idtA=0.118 idtB=0.110 D_A=0.068 D_B=0.116 D_A(real)=0.85 D_A(fake)=0.15 gnG=38.65 gnD=15.85 it_per_s=9.45
2026-10-04 15:37:41,215 INFO iter=671700 epoch=96 lr=9.35e-06 G=1.710 advA2B=0.587 advB2A=0.738 cycA=0.091 cycB=0.102 idtA=0.118 idtB=0.110 D_A=0.068 D_B=0.116 D_A(real)=0.85 D_A(fake)=0.15 gnG=38.82 gnD=15.87 it_per_s=9.45
2026-10-04 15:37:51,825 INFO iter=671800 epoch=96 lr=9.11e-06 G=1.709 advA2B=0.585 advB2A=0.739 cycA=0.090 cycB=0.102 idtA=0.118 idtB=0.110 D_A=0.068 D_B=0.117 D_A(real)=0.85 D_A(fake)=0.15 gnG=39.08 gnD=15.87 it_per_s=9.45
2026-10-04 15:38:02,230 INFO iter=671900 epoch=96 lr=8.88e-06 G=1.707 advA2B=0.584 advB2A=0.738 cycA=0.090 cycB=0.102 idtA=0.118 idtB=0.110 D_A=0.068 D_B=0.116 D_A(real)=0.85 D_A(fake)=0.15 gnG=39.31 gnD=15.86 it_per_s=9.45
2026-10-04 15:38:12,824 INFO iter=672000 epoch=96 lr=8.64e-06 G=1.708 advA2B=0.585 advB2A=0.738 cycA=0.090 cycB=0.102 idtA=0.118 idtB=0.110 D_A=0.068 D_B=0.116 D_A(real)=0.85 D_A(fake)=0.15 gnG=39.54 gnD=15.87 it_per_s=9.45
2026-10-04 15:38:23,451 INFO iter=672100 epoch=96 lr=8.40e-06 G=1.708 advA2B=0.585 advB2A=0.739 cycA=0.090 cycB=0.102 idtA=0.119 idtB=0.110 D_A=0.068 D_B=0.116 D_A(real)=0.85 D_A(fake)=0.15 gnG=39.62 gnD=15.86 it_per_s=9.45
2026-10-04 15:38:33,839 INFO iter=672200 epoch=96 lr=8.17e-06 G=1.707 advA2B=0.585 advB2A=0.738 cycA=0.090 cycB=0.102 idtA=0.119 idtB=0.109 D_A=0.068 D_B=0.116 D_A(real)=0.85 D_A(fake)=0.15 gnG=39.62 gnD=15.85 it_per_s=9.46
2026-10-04 15:38:44,438 INFO iter=672300 epoch=96 lr=7.93e-06 G=1.708 advA2B=0.585 advB2A=0.738 cycA=0.090 cycB=0.102 idtA=0.119 idtB=0.109 D_A=0.068 D_B=0.116 D_A(real)=0.85 D_A(fake)=0.15 gnG=39.79 gnD=15.86 it_per_s=9.46
2026-10-04 15:38:54,949 INFO iter=672400 epoch=96 lr=7.69e-06 G=1.710 advA2B=0.585 advB2A=0.740 cycA=0.090 cycB=0.102 idtA=0.119 idtB=0.110 D_A=0.068 D_B=0.116 D_A(real)=0.85 D_A(fake)=0.15 gnG=39.94 gnD=15.84 it_per_s=9.46
2026-10-04 15:39:05,352 INFO iter=672500 epoch=96 lr=7.46e-06 G=1.709 advA2B=0.584 advB2A=0.740 cycA=0.090 cycB=0.102 idtA=0.119 idtB=0.110 D_A=0.068 D_B=0.116 D_A(real)=0.85 D_A(fake)=0.15 gnG=40.03 gnD=15.83 it_per_s=9.46
2026-10-04 15:39:15,989 INFO iter=672600 epoch=96 lr=7.22e-06 G=1.709 advA2B=0.584 advB2A=0.740 cycA=0.090 cycB=0.102 idtA=0.119 idtB=0.110 D_A=0.068 D_B=0.116 D_A(real)=0.85 D_A(fake)=0.15 gnG=40.18 gnD=15.84 it_per_s=9.46
2026-10-04 15:39:26,476 INFO iter=672700 epoch=96 lr=6.98e-06 G=1.710 advA2B=0.586 advB2A=0.739 cycA=0.090 cycB=0.102 idtA=0.119 idtB=0.110 D_A=0.067 D_B=0.116 D_A(real)=0.85 D_A(fake)=0.15 gnG=40.29 gnD=15.83 it_per_s=9.46
2026-10-04 15:39:36,912 INFO iter=672800 epoch=96 lr=6.75e-06 G=1.710 advA2B=0.586 advB2A=0.739 cycA=0.090 cycB=0.102 idtA=0.119 idtB=0.110 D_A=0.067 D_B=0.116 D_A(real)=0.85 D_A(fake)=0.15 gnG=40.40 gnD=15.84 it_per_s=9.47
2026-10-04 15:39:47,573 INFO iter=672900 epoch=96 lr=6.51e-06 G=1.710 advA2B=0.586 advB2A=0.740 cycA=0.090 cycB=0.102 idtA=0.119 idtB=0.110 D_A=0.067 D_B=0.116 D_A(real)=0.85 D_A(fake)=0.15 gnG=40.49 gnD=15.84 it_per_s=9.46
2026-10-04 15:39:58,152 INFO iter=673000 epoch=96 lr=6.27e-06 G=1.710 advA2B=0.586 advB2A=0.738 cycA=0.090 cycB=0.102 idtA=0.119 idtB=0.110 D_A=0.067 D_B=0.116 D_A(real)=0.85 D_A(fake)=0.15 gnG=40.55 gnD=15.82 it_per_s=9.46
2026-10-04 15:40:08,671 INFO iter=673100 epoch=96 lr=6.04e-06 G=1.710 advA2B=0.586 advB2A=0.739 cycA=0.090 cycB=0.102 idtA=0.119 idtB=0.110 D_A=0.067 D_B=0.116 D_A(real)=0.85 D_A(fake)=0.15 gnG=40.59 gnD=15.82 it_per_s=9.46
2026-10-04 15:40:19,280 INFO iter=673200 epoch=96 lr=5.80e-06 G=1.709 advA2B=0.586 advB2A=0.738 cycA=0.090 cycB=0.102 idtA=0.119 idtB=0.110 D_A=0.067 D_B=0.116 D_A(real)=0.85 D_A(fake)=0.15 gnG=40.59 gnD=15.83 it_per_s=9.46
2026-10-04 15:40:29,695 INFO iter=673300 epoch=96 lr=5.56e-06 G=1.710 advA2B=0.587 advB2A=0.738 cycA=0.090 cycB=0.102 idtA=0.119 idtB=0.110 D_A=0.067 D_B=0.116 D_A(real)=0.85 D_A(fake)=0.15 gnG=40.76 gnD=15.83 it_per_s=9.47
2026-10-04 15:40:40,198 INFO iter=673400 epoch=96 lr=5.33e-06 G=1.709 advA2B=0.586 advB2A=0.739 cycA=0.090 cycB=0.102 idtA=0.119 idtB=0.109 D_A=0.067 D_B=0.116 D_A(real)=0.85 D_A(fake)=0.15 gnG=40.82 gnD=15.82 it_per_s=9.47
2026-10-04 15:40:50,836 INFO iter=673500 epoch=96 lr=5.09e-06 G=1.710 advA2B=0.586 advB2A=0.739 cycA=0.090 cycB=0.102 idtA=0.119 idtB=0.110 D_A=0.067 D_B=0.116 D_A(real)=0.85 D_A(fake)=0.15 gnG=40.86 gnD=15.83 it_per_s=9.47
2026-10-04 15:41:01,242 INFO iter=673600 epoch=96 lr=4.85e-06 G=1.712 advA2B=0.587 advB2A=0.740 cycA=0.090 cycB=0.102 idtA=0.119 idtB=0.109 D_A=0.067 D_B=0.116 D_A(real)=0.85 D_A(fake)=0.15 gnG=41.09 gnD=15.84 it_per_s=9.47
2026-10-04 15:41:11,884 INFO iter=673700 epoch=96 lr=4.62e-06 G=1.711 advA2B=0.587 advB2A=0.740 cycA=0.090 cycB=0.102 idtA=0.119 idtB=0.109 D_A=0.067 D_B=0.116 D_A(real)=0.85 D_A(fake)=0.15 gnG=41.13 gnD=15.82 it_per_s=9.47
2026-10-04 15:41:22,486 INFO iter=673800 epoch=96 lr=4.38e-06 G=1.712 advA2B=0.587 advB2A=0.741 cycA=0.091 cycB=0.102 idtA=0.119 idtB=0.109 D_A=0.067 D_B=0.116 D_A(real)=0.85 D_A(fake)=0.15 gnG=41.17 gnD=15.83 it_per_s=9.47
2026-10-04 15:41:32,822 INFO iter=673900 epoch=96 lr=4.14e-06 G=1.712 advA2B=0.588 advB2A=0.741 cycA=0.090 cycB=0.101 idtA=0.119 idtB=0.109 D_A=0.067 D_B=0.116 D_A(real)=0.85 D_A(fake)=0.15 gnG=41.20 gnD=15.84 it_per_s=9.47
2026-10-04 15:41:43,408 INFO iter=674000 epoch=96 lr=3.90e-06 G=1.712 advA2B=0.587 advB2A=0.741 cycA=0.090 cycB=0.101 idtA=0.119 idtB=0.109 D_A=0.067 D_B=0.116 D_A(real)=0.85 D_A(fake)=0.15 gnG=41.26 gnD=15.84 it_per_s=9.47
2026-10-04 15:41:53,988 INFO iter=674100 epoch=96 lr=3.67e-06 G=1.714 advA2B=0.588 advB2A=0.743 cycA=0.090 cycB=0.101 idtA=0.119 idtB=0.109 D_A=0.067 D_B=0.116 D_A(real)=0.85 D_A(fake)=0.15 gnG=41.46 gnD=15.84 it_per_s=9.47
2026-10-04 15:42:04,593 INFO iter=674200 epoch=96 lr=3.43e-06 G=1.713 advA2B=0.588 advB2A=0.742 cycA=0.090 cycB=0.101 idtA=0.119 idtB=0.109 D_A=0.067 D_B=0.116 D_A(real)=0.85 D_A(fake)=0.15 gnG=41.51 gnD=15.85 it_per_s=9.47
2026-10-04 15:42:15,253 INFO iter=674300 epoch=96 lr=3.19e-06 G=1.713 advA2B=0.587 advB2A=0.743 cycA=0.090 cycB=0.101 idtA=0.119 idtB=0.109 D_A=0.067 D_B=0.116 D_A(real)=0.85 D_A(fake)=0.15 gnG=41.52 gnD=15.84 it_per_s=9.47
2026-10-04 15:42:25,860 INFO iter=674400 epoch=96 lr=2.96e-06 G=1.712 advA2B=0.586 advB2A=0.743 cycA=0.090 cycB=0.101 idtA=0.119 idtB=0.109 D_A=0.067 D_B=0.116 D_A(real)=0.85 D_A(fake)=0.15 gnG=41.46 gnD=15.86 it_per_s=9.47
2026-10-04 15:42:36,485 INFO iter=674500 epoch=96 lr=2.72e-06 G=1.712 advA2B=0.586 advB2A=0.743 cycA=0.090 cycB=0.101 idtA=0.119 idtB=0.109 D_A=0.067 D_B=0.116 D_A(real)=0.85 D_A(fake)=0.15 gnG=41.41 gnD=15.86 it_per_s=9.47
2026-10-04 15:42:47,065 INFO iter=674600 epoch=96 lr=2.48e-06 G=1.711 advA2B=0.585 advB2A=0.743 cycA=0.090 cycB=0.101 idtA=0.119 idtB=0.109 D_A=0.067 D_B=0.116 D_A(real)=0.85 D_A(fake)=0.15 gnG=41.40 gnD=15.87 it_per_s=9.47
2026-10-04 15:42:57,688 INFO iter=674700 epoch=96 lr=2.25e-06 G=1.711 advA2B=0.585 advB2A=0.744 cycA=0.090 cycB=0.101 idtA=0.119 idtB=0.109 D_A=0.067 D_B=0.116 D_A(real)=0.85 D_A(fake)=0.15 gnG=41.37 gnD=15.87 it_per_s=9.46
2026-10-04 15:43:08,237 INFO iter=674800 epoch=96 lr=2.01e-06 G=1.711 advA2B=0.584 advB2A=0.744 cycA=0.090 cycB=0.101 idtA=0.119 idtB=0.109 D_A=0.067 D_B=0.116 D_A(real)=0.85 D_A(fake)=0.15 gnG=41.47 gnD=15.87 it_per_s=9.46
2026-10-04 15:43:19,188 INFO iter=674900 epoch=96 lr=1.77e-06 G=1.711 advA2B=0.584 advB2A=0.743 cycA=0.090 cycB=0.101 idtA=0.119 idtB=0.109 D_A=0.067 D_B=0.116 D_A(real)=0.85 D_A(fake)=0.15 gnG=41.49 gnD=15.89 it_per_s=9.46
2026-10-04 15:43:29,624 INFO iter=675000 epoch=96 lr=1.54e-06 G=1.712 advA2B=0.585 advB2A=0.744 cycA=0.090 cycB=0.101 idtA=0.119 idtB=0.109 D_A=0.067 D_B=0.116 D_A(real)=0.85 D_A(fake)=0.15 gnG=41.57 gnD=15.89 it_per_s=9.46
2026-10-04 15:43:40,111 INFO iter=675100 epoch=96 lr=1.30e-06 G=1.711 advA2B=0.585 advB2A=0.743 cycA=0.090 cycB=0.101 idtA=0.119 idtB=0.109 D_A=0.067 D_B=0.116 D_A(real)=0.85 D_A(fake)=0.15 gnG=41.63 gnD=15.88 it_per_s=9.46
2026-10-04 15:43:50,763 INFO iter=675200 epoch=96 lr=1.06e-06 G=1.711 advA2B=0.585 advB2A=0.743 cycA=0.090 cycB=0.101 idtA=0.119 idtB=0.109 D_A=0.067 D_B=0.116 D_A(real)=0.85 D_A(fake)=0.15 gnG=41.65 gnD=15.88 it_per_s=9.46
2026-10-04 15:44:01,138 INFO iter=675300 epoch=96 lr=8.26e-07 G=1.711 advA2B=0.585 advB2A=0.743 cycA=0.090 cycB=0.101 idtA=0.119 idtB=0.109 D_A=0.067 D_B=0.116 D_A(real)=0.85 D_A(fake)=0.15 gnG=41.69 gnD=15.87 it_per_s=9.46
2026-10-04 15:44:11,683 INFO iter=675400 epoch=96 lr=5.90e-07 G=1.712 advA2B=0.585 advB2A=0.744 cycA=0.090 cycB=0.101 idtA=0.119 idtB=0.109 D_A=0.067 D_B=0.116 D_A(real)=0.85 D_A(fake)=0.15 gnG=41.81 gnD=15.86 it_per_s=9.46
2026-10-04 15:44:22,294 INFO iter=675500 epoch=96 lr=3.53e-07 G=1.712 advA2B=0.586 advB2A=0.744 cycA=0.090 cycB=0.101 idtA=0.119 idtB=0.109 D_A=0.066 D_B=0.116 D_A(real)=0.85 D_A(fake)=0.15 gnG=41.81 gnD=15.86 it_per_s=9.46
2026-10-04 15:44:32,593 INFO iter=675600 epoch=96 lr=1.16e-07 G=1.712 advA2B=0.586 advB2A=0.744 cycA=0.090 cycB=0.101 idtA=0.119 idtB=0.109 D_A=0.066 D_B=0.116 D_A(real)=0.85 D_A(fake)=0.15 gnG=41.77 gnD=15.86 it_per_s=9.47
2026-10-04 15:44:37,593 INFO epoch=96 done time_s=743 it_per_s=9.47 G=1.712 cycA=0.090 cycB=0.101 idtA=0.119 idtB=0.109 D_A=0.066 D_B=0.116 D_A(real)=0.85 D_A(fake)=0.15 nan_count=0
2026-10-04 15:44:38,596 INFO done summary={"run_id": "full_run15", "params": {"G_A2B": 11378179, "G_B2A": 11378179, "D_A": 2764737, "D_B": 2764737}, "param_count_total": 28285832, "param_count_generators": 22756358, "photos": 7038, "monets": 300, "iters": 675648, "train_time_s": 77115.34580209991, "train_iters_per_sec": 8.761524609302882, "train_images_per_sec": 17.523049218605763, "peak_memory_mb": 19577.52490234375, "max_grad_norm_G": 1824.5267333984375, "max_grad_norm_D": 381.4660339355469, "nan_count": 0, "final_epoch": {"epoch": 96, "iters": 7038, "epoch_time_s": 743.3648066001479, "iters_per_s": 9.467760563200438, "loss_G": 1.7118523162208723, "adv_A2B": 0.5861855257841361, "adv_B2A": 0.7432610527227195, "cycle_A": 0.09015265484024225, "cycle_B": 0.10105036144467977, "identity_A": 0.1190353007640443, "identity_B": 0.10856536058716965, "loss_D_A": 0.06643453447884476, "loss_D_B": 0.11563177127735152, "D_A_real_mean": 0.8509589821549091, "D_A_fake_mean": 0.14905832761659918, "grad_norm_G": 41.764310706166526, "grad_norm_D": 15.8635609814578}, "hardware": "GPU: NVIDIA GeForce RTX 4090; CPU: AMD64 Family 25 Model 97 Stepping 2, AuthenticAMD"}
