2026-10-02 10:43:04,985 INFO run_id=full_run02 config=task3_gan/member_chaitanya/configs/full_run02.yaml
2026-10-02 10:43:04,987 INFO config={"run_id": "full_run02", "seed": 1337, "data": {"monet_dir": "task3_gan/data/monet_jpg", "photo_dir": "task3_gan/data/photo_jpg", "load_size": 286, "crop_size": 256, "hflip": true, "num_workers": 4}, "model": {"ngf": 64, "n_res_blocks": 9, "n_downsampling": 2, "upsampling": "nearest_conv", "ndf": 64, "norm": "instance", "init_std": 0.02}, "loss": {"adversarial": "lsgan", "lambda_cycle": 10.0, "lambda_identity": 5.0, "d_loss_scale": 0.5}, "training": {"batch_size": 1, "epochs": 40, "constant_lr_epochs": 20, "lr_g": 0.0002, "lr_d": 0.0002, "betas": [0.5, 0.999], "pool_size": 50, "precision": "fp32", "cudnn_benchmark": true, "diffaugment_monet_d": true, "diffaugment_photo_d": true, "log_every_iters": 100, "grid_every_epochs": 1, "checkpoint_every_epochs": 5, "num_fixed_samples": 4}}
2026-10-02 10:43:04,999 INFO hardware=GPU: NVIDIA GeForce RTX 4090; CPU: AMD64 Family 25 Model 97 Stepping 2, AuthenticAMD torch=2.11.0+cu128
2026-10-02 10:43:04,999 INFO photos=7038 monets=300 iters_per_epoch=7038 total_iters=281520 params={"G_A2B": 11378179, "G_B2A": 11378179, "D_A": 2764737, "D_B": 2764737}
2026-10-02 10:43:42,583 INFO iter=100 epoch=1 lr=2.00e-04 G=12.238 advA2B=0.669 advB2A=0.739 cycA=0.353 cycB=0.385 idtA=0.335 idtB=0.355 D_A=0.837 D_B=0.652 D_A(real)=0.53 D_A(fake)=0.48 gnG=97.16 gnD=37.86 it_per_s=2.66
2026-10-02 10:43:52,697 INFO iter=200 epoch=1 lr=2.00e-04 G=10.999 advA2B=0.513 advB2A=0.565 cycA=0.329 cycB=0.348 idtA=0.310 idtB=0.321 D_A=0.581 D_B=0.467 D_A(real)=0.54 D_A(fake)=0.47 gnG=89.10 gnD=29.26 it_per_s=4.19
2026-10-02 10:44:02,783 INFO iter=300 epoch=1 lr=2.00e-04 G=10.462 advA2B=0.460 advB2A=0.506 cycA=0.317 cycB=0.331 idtA=0.298 idtB=0.306 D_A=0.482 D_B=0.408 D_A(real)=0.55 D_A(fake)=0.46 gnG=83.45 gnD=27.09 it_per_s=5.19
2026-10-02 10:44:12,797 INFO iter=400 epoch=1 lr=2.00e-04 G=10.180 advA2B=0.434 advB2A=0.474 cycA=0.308 cycB=0.324 idtA=0.290 idtB=0.300 D_A=0.431 D_B=0.371 D_A(real)=0.55 D_A(fake)=0.45 gnG=79.62 gnD=25.61 it_per_s=5.90
2026-10-02 10:44:22,852 INFO iter=500 epoch=1 lr=2.00e-04 G=9.993 advA2B=0.422 advB2A=0.456 cycA=0.303 cycB=0.320 idtA=0.284 idtB=0.294 D_A=0.399 D_B=0.352 D_A(real)=0.55 D_A(fake)=0.45 gnG=76.81 gnD=25.03 it_per_s=6.42
2026-10-02 10:44:32,899 INFO iter=600 epoch=1 lr=2.00e-04 G=9.738 advA2B=0.411 advB2A=0.447 cycA=0.296 cycB=0.311 idtA=0.277 idtB=0.285 D_A=0.374 D_B=0.338 D_A(real)=0.56 D_A(fake)=0.44 gnG=73.88 gnD=24.31 it_per_s=6.83
2026-10-02 10:44:43,085 INFO iter=700 epoch=1 lr=2.00e-04 G=9.548 advA2B=0.404 advB2A=0.441 cycA=0.291 cycB=0.303 idtA=0.274 idtB=0.277 D_A=0.355 D_B=0.329 D_A(real)=0.57 D_A(fake)=0.44 gnG=71.59 gnD=24.16 it_per_s=7.14
2026-10-02 10:44:53,228 INFO iter=800 epoch=1 lr=2.00e-04 G=9.386 advA2B=0.398 advB2A=0.434 cycA=0.284 cycB=0.301 idtA=0.266 idtB=0.275 D_A=0.343 D_B=0.321 D_A(real)=0.57 D_A(fake)=0.44 gnG=69.73 gnD=23.79 it_per_s=7.39
2026-10-02 10:45:03,449 INFO iter=900 epoch=1 lr=2.00e-04 G=9.273 advA2B=0.395 advB2A=0.433 cycA=0.280 cycB=0.297 idtA=0.261 idtB=0.272 D_A=0.332 D_B=0.316 D_A(real)=0.57 D_A(fake)=0.43 gnG=68.07 gnD=23.78 it_per_s=7.60
2026-10-02 10:45:13,954 INFO iter=1000 epoch=1 lr=2.00e-04 G=9.121 advA2B=0.392 advB2A=0.433 cycA=0.275 cycB=0.293 idtA=0.257 idtB=0.266 D_A=0.324 D_B=0.308 D_A(real)=0.58 D_A(fake)=0.43 gnG=66.33 gnD=23.33 it_per_s=7.75
2026-10-02 10:45:24,008 INFO iter=1100 epoch=1 lr=2.00e-04 G=9.046 advA2B=0.394 advB2A=0.438 cycA=0.274 cycB=0.289 idtA=0.255 idtB=0.262 D_A=0.315 D_B=0.305 D_A(real)=0.58 D_A(fake)=0.42 gnG=65.03 gnD=23.63 it_per_s=7.91
2026-10-02 10:45:34,150 INFO iter=1200 epoch=1 lr=2.00e-04 G=9.005 advA2B=0.395 advB2A=0.440 cycA=0.273 cycB=0.287 idtA=0.255 idtB=0.259 D_A=0.310 D_B=0.300 D_A(real)=0.59 D_A(fake)=0.42 gnG=64.29 gnD=23.65 it_per_s=8.05
2026-10-02 10:45:44,280 INFO iter=1300 epoch=1 lr=2.00e-04 G=8.932 advA2B=0.394 advB2A=0.438 cycA=0.271 cycB=0.284 idtA=0.253 idtB=0.256 D_A=0.304 D_B=0.296 D_A(real)=0.59 D_A(fake)=0.42 gnG=63.15 gnD=23.51 it_per_s=8.16
2026-10-02 10:45:54,415 INFO iter=1400 epoch=1 lr=2.00e-04 G=8.854 advA2B=0.396 advB2A=0.441 cycA=0.268 cycB=0.281 idtA=0.250 idtB=0.253 D_A=0.298 D_B=0.291 D_A(real)=0.59 D_A(fake)=0.41 gnG=62.19 gnD=23.37 it_per_s=8.26
2026-10-02 10:46:04,562 INFO iter=1500 epoch=1 lr=2.00e-04 G=8.799 advA2B=0.397 advB2A=0.443 cycA=0.266 cycB=0.280 idtA=0.249 idtB=0.251 D_A=0.294 D_B=0.289 D_A(real)=0.60 D_A(fake)=0.41 gnG=61.31 gnD=23.55 it_per_s=8.35
2026-10-02 10:46:14,721 INFO iter=1600 epoch=1 lr=2.00e-04 G=8.775 advA2B=0.399 advB2A=0.453 cycA=0.266 cycB=0.278 idtA=0.248 idtB=0.249 D_A=0.287 D_B=0.286 D_A(real)=0.60 D_A(fake)=0.40 gnG=60.93 gnD=23.58 it_per_s=8.43
2026-10-02 10:46:24,928 INFO iter=1700 epoch=1 lr=2.00e-04 G=8.759 advA2B=0.401 advB2A=0.459 cycA=0.265 cycB=0.277 idtA=0.248 idtB=0.248 D_A=0.282 D_B=0.283 D_A(real)=0.61 D_A(fake)=0.40 gnG=60.22 gnD=23.62 it_per_s=8.50
2026-10-02 10:46:35,338 INFO iter=1800 epoch=1 lr=2.00e-04 G=8.740 advA2B=0.404 advB2A=0.461 cycA=0.264 cycB=0.276 idtA=0.247 idtB=0.247 D_A=0.277 D_B=0.279 D_A(real)=0.61 D_A(fake)=0.39 gnG=59.54 gnD=23.62 it_per_s=8.56
2026-10-02 10:46:45,536 INFO iter=1900 epoch=1 lr=2.00e-04 G=8.735 advA2B=0.404 advB2A=0.471 cycA=0.263 cycB=0.276 idtA=0.246 idtB=0.247 D_A=0.271 D_B=0.276 D_A(real)=0.62 D_A(fake)=0.38 gnG=59.11 gnD=23.54 it_per_s=8.62
2026-10-02 10:46:55,687 INFO iter=2000 epoch=1 lr=2.00e-04 G=8.734 advA2B=0.405 advB2A=0.486 cycA=0.263 cycB=0.275 idtA=0.246 idtB=0.245 D_A=0.264 D_B=0.275 D_A(real)=0.63 D_A(fake)=0.37 gnG=58.73 gnD=23.60 it_per_s=8.67
2026-10-02 10:47:05,733 INFO iter=2100 epoch=1 lr=2.00e-04 G=8.729 advA2B=0.405 advB2A=0.500 cycA=0.263 cycB=0.275 idtA=0.246 idtB=0.244 D_A=0.258 D_B=0.274 D_A(real)=0.64 D_A(fake)=0.37 gnG=58.37 gnD=23.63 it_per_s=8.72
2026-10-02 10:47:16,266 INFO iter=2200 epoch=1 lr=2.00e-04 G=8.712 advA2B=0.408 advB2A=0.503 cycA=0.262 cycB=0.274 idtA=0.245 idtB=0.243 D_A=0.255 D_B=0.271 D_A(real)=0.64 D_A(fake)=0.36 gnG=57.85 gnD=23.61 it_per_s=8.76
2026-10-02 10:47:26,664 INFO iter=2300 epoch=1 lr=2.00e-04 G=8.683 advA2B=0.407 advB2A=0.503 cycA=0.260 cycB=0.273 idtA=0.244 idtB=0.243 D_A=0.251 D_B=0.270 D_A(real)=0.65 D_A(fake)=0.36 gnG=57.38 gnD=23.59 it_per_s=8.79
2026-10-02 10:47:37,069 INFO iter=2400 epoch=1 lr=2.00e-04 G=8.662 advA2B=0.408 advB2A=0.507 cycA=0.260 cycB=0.272 idtA=0.244 idtB=0.242 D_A=0.248 D_B=0.268 D_A(real)=0.65 D_A(fake)=0.35 gnG=56.94 gnD=23.57 it_per_s=8.82
2026-10-02 10:47:47,332 INFO iter=2500 epoch=1 lr=2.00e-04 G=8.623 advA2B=0.409 advB2A=0.510 cycA=0.259 cycB=0.270 idtA=0.243 idtB=0.240 D_A=0.245 D_B=0.266 D_A(real)=0.65 D_A(fake)=0.35 gnG=56.52 gnD=23.57 it_per_s=8.85
2026-10-02 10:47:58,146 INFO iter=2600 epoch=1 lr=2.00e-04 G=8.585 advA2B=0.407 advB2A=0.510 cycA=0.258 cycB=0.269 idtA=0.242 idtB=0.239 D_A=0.243 D_B=0.265 D_A(real)=0.66 D_A(fake)=0.35 gnG=56.02 gnD=23.53 it_per_s=8.87
2026-10-02 10:48:08,433 INFO iter=2700 epoch=1 lr=2.00e-04 G=8.559 advA2B=0.409 advB2A=0.508 cycA=0.256 cycB=0.268 idtA=0.241 idtB=0.238 D_A=0.242 D_B=0.264 D_A(real)=0.66 D_A(fake)=0.35 gnG=55.54 gnD=23.48 it_per_s=8.90
2026-10-02 10:48:18,728 INFO iter=2800 epoch=1 lr=2.00e-04 G=8.517 advA2B=0.407 advB2A=0.509 cycA=0.255 cycB=0.267 idtA=0.240 idtB=0.237 D_A=0.241 D_B=0.263 D_A(real)=0.66 D_A(fake)=0.35 gnG=55.02 gnD=23.49 it_per_s=8.92
2026-10-02 10:48:28,993 INFO iter=2900 epoch=1 lr=2.00e-04 G=8.486 advA2B=0.407 advB2A=0.508 cycA=0.254 cycB=0.266 idtA=0.239 idtB=0.236 D_A=0.240 D_B=0.262 D_A(real)=0.66 D_A(fake)=0.35 gnG=54.78 gnD=23.51 it_per_s=8.95
2026-10-02 10:48:39,405 INFO iter=3000 epoch=1 lr=2.00e-04 G=8.450 advA2B=0.406 advB2A=0.509 cycA=0.253 cycB=0.265 idtA=0.238 idtB=0.235 D_A=0.238 D_B=0.261 D_A(real)=0.66 D_A(fake)=0.35 gnG=54.36 gnD=23.40 it_per_s=8.97
2026-10-02 10:48:49,435 INFO iter=3100 epoch=1 lr=2.00e-04 G=8.415 advA2B=0.405 advB2A=0.509 cycA=0.252 cycB=0.263 idtA=0.237 idtB=0.234 D_A=0.237 D_B=0.260 D_A(real)=0.66 D_A(fake)=0.34 gnG=53.96 gnD=23.36 it_per_s=9.00
2026-10-02 10:48:59,356 INFO iter=3200 epoch=1 lr=2.00e-04 G=8.390 advA2B=0.405 advB2A=0.507 cycA=0.250 cycB=0.263 idtA=0.236 idtB=0.233 D_A=0.237 D_B=0.260 D_A(real)=0.66 D_A(fake)=0.35 gnG=53.69 gnD=23.34 it_per_s=9.03
2026-10-02 10:49:09,277 INFO iter=3300 epoch=1 lr=2.00e-04 G=8.367 advA2B=0.405 advB2A=0.506 cycA=0.250 cycB=0.262 idtA=0.235 idtB=0.232 D_A=0.236 D_B=0.260 D_A(real)=0.66 D_A(fake)=0.34 gnG=53.47 gnD=23.30 it_per_s=9.06
2026-10-02 10:49:19,194 INFO iter=3400 epoch=1 lr=2.00e-04 G=8.350 advA2B=0.405 advB2A=0.508 cycA=0.249 cycB=0.262 idtA=0.235 idtB=0.232 D_A=0.235 D_B=0.259 D_A(real)=0.66 D_A(fake)=0.34 gnG=53.14 gnD=23.25 it_per_s=9.09
2026-10-02 10:49:29,086 INFO iter=3500 epoch=1 lr=2.00e-04 G=8.329 advA2B=0.405 advB2A=0.507 cycA=0.248 cycB=0.261 idtA=0.234 idtB=0.231 D_A=0.234 D_B=0.259 D_A(real)=0.66 D_A(fake)=0.34 gnG=52.83 gnD=23.21 it_per_s=9.11
2026-10-02 10:49:38,967 INFO iter=3600 epoch=1 lr=2.00e-04 G=8.299 advA2B=0.405 advB2A=0.507 cycA=0.247 cycB=0.260 idtA=0.233 idtB=0.230 D_A=0.233 D_B=0.257 D_A(real)=0.66 D_A(fake)=0.34 gnG=52.51 gnD=23.14 it_per_s=9.14
2026-10-02 10:49:48,876 INFO iter=3700 epoch=1 lr=2.00e-04 G=8.262 advA2B=0.405 advB2A=0.506 cycA=0.246 cycB=0.259 idtA=0.232 idtB=0.229 D_A=0.232 D_B=0.257 D_A(real)=0.66 D_A(fake)=0.34 gnG=52.14 gnD=23.09 it_per_s=9.16
2026-10-02 10:49:58,756 INFO iter=3800 epoch=1 lr=2.00e-04 G=8.237 advA2B=0.405 advB2A=0.506 cycA=0.245 cycB=0.258 idtA=0.231 idtB=0.229 D_A=0.231 D_B=0.256 D_A(real)=0.66 D_A(fake)=0.34 gnG=51.87 gnD=23.05 it_per_s=9.18
2026-10-02 10:50:08,617 INFO iter=3900 epoch=1 lr=2.00e-04 G=8.212 advA2B=0.405 advB2A=0.505 cycA=0.244 cycB=0.257 idtA=0.231 idtB=0.228 D_A=0.231 D_B=0.256 D_A(real)=0.66 D_A(fake)=0.34 gnG=51.65 gnD=23.01 it_per_s=9.21
2026-10-02 10:50:18,542 INFO iter=4000 epoch=1 lr=2.00e-04 G=8.188 advA2B=0.405 advB2A=0.506 cycA=0.243 cycB=0.256 idtA=0.230 idtB=0.227 D_A=0.230 D_B=0.255 D_A(real)=0.66 D_A(fake)=0.34 gnG=51.44 gnD=22.97 it_per_s=9.23
2026-10-02 10:50:28,475 INFO iter=4100 epoch=1 lr=2.00e-04 G=8.159 advA2B=0.405 advB2A=0.505 cycA=0.242 cycB=0.255 idtA=0.229 idtB=0.226 D_A=0.230 D_B=0.254 D_A(real)=0.66 D_A(fake)=0.34 gnG=51.18 gnD=22.97 it_per_s=9.25
2026-10-02 10:50:38,374 INFO iter=4200 epoch=1 lr=2.00e-04 G=8.128 advA2B=0.405 advB2A=0.505 cycA=0.241 cycB=0.254 idtA=0.228 idtB=0.225 D_A=0.230 D_B=0.254 D_A(real)=0.66 D_A(fake)=0.34 gnG=50.93 gnD=22.92 it_per_s=9.26
2026-10-02 10:50:48,356 INFO iter=4300 epoch=1 lr=2.00e-04 G=8.107 advA2B=0.405 advB2A=0.503 cycA=0.241 cycB=0.253 idtA=0.228 idtB=0.224 D_A=0.230 D_B=0.254 D_A(real)=0.66 D_A(fake)=0.34 gnG=50.72 gnD=22.90 it_per_s=9.28
2026-10-02 10:50:58,301 INFO iter=4400 epoch=1 lr=2.00e-04 G=8.084 advA2B=0.406 advB2A=0.502 cycA=0.240 cycB=0.252 idtA=0.227 idtB=0.224 D_A=0.230 D_B=0.252 D_A(real)=0.66 D_A(fake)=0.34 gnG=50.48 gnD=22.81 it_per_s=9.30
2026-10-02 10:51:08,239 INFO iter=4500 epoch=1 lr=2.00e-04 G=8.069 advA2B=0.406 advB2A=0.502 cycA=0.240 cycB=0.252 idtA=0.227 idtB=0.223 D_A=0.229 D_B=0.252 D_A(real)=0.66 D_A(fake)=0.34 gnG=50.26 gnD=22.76 it_per_s=9.31
2026-10-02 10:51:18,165 INFO iter=4600 epoch=1 lr=2.00e-04 G=8.055 advA2B=0.406 advB2A=0.501 cycA=0.239 cycB=0.251 idtA=0.226 idtB=0.223 D_A=0.229 D_B=0.251 D_A(real)=0.66 D_A(fake)=0.34 gnG=50.13 gnD=22.72 it_per_s=9.33
2026-10-02 10:51:28,191 INFO iter=4700 epoch=1 lr=2.00e-04 G=8.051 advA2B=0.408 advB2A=0.500 cycA=0.239 cycB=0.251 idtA=0.226 idtB=0.222 D_A=0.229 D_B=0.251 D_A(real)=0.66 D_A(fake)=0.34 gnG=49.95 gnD=22.70 it_per_s=9.34
2026-10-02 10:51:38,152 INFO iter=4800 epoch=1 lr=2.00e-04 G=8.037 advA2B=0.407 advB2A=0.498 cycA=0.239 cycB=0.251 idtA=0.226 idtB=0.222 D_A=0.229 D_B=0.251 D_A(real)=0.66 D_A(fake)=0.34 gnG=49.72 gnD=22.69 it_per_s=9.35
2026-10-02 10:51:48,132 INFO iter=4900 epoch=1 lr=2.00e-04 G=8.023 advA2B=0.408 advB2A=0.498 cycA=0.238 cycB=0.250 idtA=0.226 idtB=0.221 D_A=0.229 D_B=0.252 D_A(real)=0.66 D_A(fake)=0.34 gnG=49.54 gnD=22.68 it_per_s=9.37
