2026-10-03 20:46:02,665 INFO resumed from C:\Users\chaitanya\Documents\GEN_AI_LAB1\task3_gan\member_chaitanya\checkpoints\full_run08\latest.pt at epoch 89 iter 626382
2026-10-03 20:46:02,671 INFO resumed EMA weights from C:\Users\chaitanya\Documents\GEN_AI_LAB1\task3_gan\member_chaitanya\checkpoints\full_run08\latest.pt
2026-10-03 20:46:02,671 INFO generator EMA enabled, decay=0.9999
2026-10-03 20:46:02,671 INFO run_id=full_run08 config=task3_gan/member_chaitanya/configs/full_run08.yaml
2026-10-03 20:46:02,671 INFO config={"run_id": "full_run08", "seed": 1337, "data": {"monet_dir": "task3_gan/data/monet_jpg", "photo_dir": "task3_gan/data/photo_jpg", "load_size": 286, "crop_size": 256, "hflip": true, "num_workers": 4}, "model": {"ngf": 64, "n_res_blocks": 9, "n_downsampling": 2, "upsampling": "nearest_conv", "ndf": 64, "norm": "instance", "init_std": 0.02}, "loss": {"adversarial": "lsgan", "lambda_cycle": 1.0, "lambda_identity": 0.0, "d_loss_scale": 0.5}, "training": {"batch_size": 1, "epochs": 99, "constant_lr_epochs": 89, "lr_g": 0.0001, "lr_d": 0.0001, "betas": [0.5, 0.999], "pool_size": 50, "precision": "fp32", "cudnn_benchmark": true, "diffaugment_monet_d": true, "diffaugment_photo_d": true, "ema_decay": 0.9999, "log_every_iters": 100, "grid_every_epochs": 1, "checkpoint_every_epochs": 2, "num_fixed_samples": 4}}
2026-10-03 20:46:02,693 INFO hardware=GPU: NVIDIA GeForce RTX 4090; CPU: AMD64 Family 25 Model 97 Stepping 2, AuthenticAMD torch=2.11.0+cu128
2026-10-03 20:46:02,693 INFO photos=7038 monets=300 iters_per_epoch=7038 total_iters=696762 params={"G_A2B": 11378179, "G_B2A": 11378179, "D_A": 2764737, "D_B": 2764737}
2026-10-03 20:46:47,876 INFO iter=626400 epoch=90 lr=1.00e-04 G=1.543 advA2B=0.518 advB2A=0.819 cycA=0.099 cycB=0.107 idtA=0.160 idtB=0.129 D_A=0.108 D_B=0.135 D_A(real)=0.78 D_A(fake)=0.20 gnG=28.36 gnD=16.93 it_per_s=0.40
2026-10-03 20:47:10,077 INFO iter=626500 epoch=90 lr=9.98e-05 G=1.548 advA2B=0.552 advB2A=0.767 cycA=0.112 cycB=0.116 idtA=0.153 idtB=0.149 D_A=0.102 D_B=0.143 D_A(real)=0.83 D_A(fake)=0.17 gnG=26.34 gnD=17.16 it_per_s=1.75
2026-10-03 20:47:34,059 INFO iter=626600 epoch=90 lr=9.97e-05 G=1.534 advA2B=0.548 advB2A=0.742 cycA=0.124 cycB=0.120 idtA=0.158 idtB=0.137 D_A=0.098 D_B=0.141 D_A(real)=0.84 D_A(fake)=0.16 gnG=25.81 gnD=16.48 it_per_s=2.39
2026-10-03 20:47:57,959 INFO iter=626700 epoch=90 lr=9.95e-05 G=1.505 advA2B=0.542 advB2A=0.714 cycA=0.125 cycB=0.124 idtA=0.167 idtB=0.144 D_A=0.100 D_B=0.141 D_A(real)=0.83 D_A(fake)=0.17 gnG=24.84 gnD=16.40 it_per_s=2.76
2026-10-03 20:48:21,126 INFO iter=626800 epoch=90 lr=9.94e-05 G=1.466 advA2B=0.532 advB2A=0.689 cycA=0.122 cycB=0.124 idtA=0.170 idtB=0.145 D_A=0.100 D_B=0.142 D_A(real)=0.83 D_A(fake)=0.17 gnG=24.66 gnD=16.47 it_per_s=3.02
2026-10-03 20:48:42,880 INFO iter=626900 epoch=90 lr=9.93e-05 G=1.459 advA2B=0.532 advB2A=0.682 cycA=0.121 cycB=0.123 idtA=0.172 idtB=0.143 D_A=0.102 D_B=0.144 D_A(real)=0.83 D_A(fake)=0.17 gnG=24.75 gnD=16.51 it_per_s=3.23
2026-10-03 20:49:07,052 INFO iter=627000 epoch=90 lr=9.91e-05 G=1.451 advA2B=0.535 advB2A=0.672 cycA=0.119 cycB=0.125 idtA=0.168 idtB=0.141 D_A=0.101 D_B=0.145 D_A(real)=0.83 D_A(fake)=0.17 gnG=24.51 gnD=16.44 it_per_s=3.35
2026-10-03 20:49:30,754 INFO iter=627100 epoch=90 lr=9.90e-05 G=1.441 advA2B=0.528 advB2A=0.670 cycA=0.118 cycB=0.125 idtA=0.168 idtB=0.139 D_A=0.098 D_B=0.142 D_A(real)=0.83 D_A(fake)=0.17 gnG=24.26 gnD=16.10 it_per_s=3.45
2026-10-03 20:49:54,358 INFO iter=627200 epoch=90 lr=9.88e-05 G=1.448 advA2B=0.539 advB2A=0.666 cycA=0.118 cycB=0.125 idtA=0.168 idtB=0.140 D_A=0.098 D_B=0.140 D_A(real)=0.83 D_A(fake)=0.17 gnG=24.13 gnD=16.03 it_per_s=3.53
2026-10-03 20:50:16,216 INFO iter=627300 epoch=90 lr=9.87e-05 G=1.447 advA2B=0.538 advB2A=0.666 cycA=0.118 cycB=0.125 idtA=0.169 idtB=0.140 D_A=0.096 D_B=0.141 D_A(real)=0.83 D_A(fake)=0.17 gnG=24.18 gnD=15.94 it_per_s=3.62
2026-10-03 20:50:39,699 INFO iter=627400 epoch=90 lr=9.86e-05 G=1.445 advA2B=0.538 advB2A=0.663 cycA=0.118 cycB=0.126 idtA=0.168 idtB=0.141 D_A=0.097 D_B=0.141 D_A(real)=0.83 D_A(fake)=0.17 gnG=24.03 gnD=15.96 it_per_s=3.67
2026-10-03 20:51:03,351 INFO iter=627500 epoch=90 lr=9.84e-05 G=1.446 advA2B=0.539 advB2A=0.661 cycA=0.119 cycB=0.127 idtA=0.169 idtB=0.144 D_A=0.095 D_B=0.139 D_A(real)=0.83 D_A(fake)=0.17 gnG=23.91 gnD=15.77 it_per_s=3.72
2026-10-03 20:51:27,467 INFO iter=627600 epoch=90 lr=9.83e-05 G=1.450 advA2B=0.537 advB2A=0.666 cycA=0.119 cycB=0.127 idtA=0.169 idtB=0.144 D_A=0.096 D_B=0.139 D_A(real)=0.83 D_A(fake)=0.17 gnG=24.30 gnD=15.70 it_per_s=3.75
2026-10-03 20:51:49,928 INFO iter=627700 epoch=90 lr=9.81e-05 G=1.455 advA2B=0.535 advB2A=0.672 cycA=0.120 cycB=0.127 idtA=0.171 idtB=0.144 D_A=0.095 D_B=0.139 D_A(real)=0.83 D_A(fake)=0.17 gnG=24.21 gnD=15.72 it_per_s=3.80
2026-10-03 20:52:12,492 INFO iter=627800 epoch=90 lr=9.80e-05 G=1.452 advA2B=0.533 advB2A=0.672 cycA=0.120 cycB=0.127 idtA=0.173 idtB=0.144 D_A=0.094 D_B=0.139 D_A(real)=0.83 D_A(fake)=0.17 gnG=24.18 gnD=15.64 it_per_s=3.83
2026-10-03 20:52:33,688 INFO iter=627900 epoch=90 lr=9.78e-05 G=1.458 advA2B=0.535 advB2A=0.675 cycA=0.120 cycB=0.127 idtA=0.174 idtB=0.144 D_A=0.093 D_B=0.139 D_A(real)=0.83 D_A(fake)=0.17 gnG=24.19 gnD=15.71 it_per_s=3.88
2026-10-03 20:52:57,085 INFO iter=628000 epoch=90 lr=9.77e-05 G=1.456 advA2B=0.534 advB2A=0.675 cycA=0.120 cycB=0.127 idtA=0.174 idtB=0.144 D_A=0.093 D_B=0.139 D_A(real)=0.84 D_A(fake)=0.16 gnG=24.13 gnD=15.70 it_per_s=3.90
2026-10-03 20:53:20,805 INFO iter=628100 epoch=90 lr=9.76e-05 G=1.453 advA2B=0.536 advB2A=0.669 cycA=0.120 cycB=0.127 idtA=0.175 idtB=0.144 D_A=0.092 D_B=0.139 D_A(real)=0.84 D_A(fake)=0.16 gnG=24.10 gnD=15.64 it_per_s=3.92
2026-10-03 20:53:44,819 INFO iter=628200 epoch=90 lr=9.74e-05 G=1.456 advA2B=0.538 advB2A=0.670 cycA=0.121 cycB=0.128 idtA=0.175 idtB=0.145 D_A=0.092 D_B=0.139 D_A(real)=0.84 D_A(fake)=0.16 gnG=24.07 gnD=15.60 it_per_s=3.93
2026-10-03 20:54:06,940 INFO iter=628300 epoch=90 lr=9.73e-05 G=1.455 advA2B=0.537 advB2A=0.670 cycA=0.120 cycB=0.128 idtA=0.175 idtB=0.145 D_A=0.092 D_B=0.139 D_A(real)=0.84 D_A(fake)=0.16 gnG=23.99 gnD=15.61 it_per_s=3.96
2026-10-03 20:54:30,258 INFO iter=628400 epoch=90 lr=9.71e-05 G=1.451 advA2B=0.534 advB2A=0.668 cycA=0.120 cycB=0.128 idtA=0.177 idtB=0.145 D_A=0.093 D_B=0.140 D_A(real)=0.83 D_A(fake)=0.16 gnG=23.90 gnD=15.62 it_per_s=3.98
2026-10-03 20:54:54,057 INFO iter=628500 epoch=90 lr=9.70e-05 G=1.451 advA2B=0.535 advB2A=0.667 cycA=0.120 cycB=0.128 idtA=0.179 idtB=0.146 D_A=0.093 D_B=0.140 D_A(real)=0.83 D_A(fake)=0.16 gnG=23.73 gnD=15.59 it_per_s=3.99
2026-10-03 20:55:18,100 INFO iter=628600 epoch=90 lr=9.68e-05 G=1.451 advA2B=0.535 advB2A=0.667 cycA=0.121 cycB=0.128 idtA=0.179 idtB=0.146 D_A=0.092 D_B=0.140 D_A(real)=0.83 D_A(fake)=0.16 gnG=23.65 gnD=15.59 it_per_s=3.99
2026-10-03 20:55:40,478 INFO iter=628700 epoch=90 lr=9.67e-05 G=1.453 advA2B=0.538 advB2A=0.666 cycA=0.120 cycB=0.128 idtA=0.178 idtB=0.146 D_A=0.091 D_B=0.140 D_A(real)=0.84 D_A(fake)=0.16 gnG=23.67 gnD=15.52 it_per_s=4.01
2026-10-03 20:56:03,081 INFO iter=628800 epoch=90 lr=9.66e-05 G=1.452 advA2B=0.537 advB2A=0.666 cycA=0.120 cycB=0.129 idtA=0.178 idtB=0.146 D_A=0.091 D_B=0.140 D_A(real)=0.84 D_A(fake)=0.16 gnG=23.64 gnD=15.51 it_per_s=4.03
2026-10-03 20:56:26,907 INFO iter=628900 epoch=90 lr=9.64e-05 G=1.452 advA2B=0.538 advB2A=0.666 cycA=0.120 cycB=0.129 idtA=0.177 idtB=0.147 D_A=0.091 D_B=0.140 D_A(real)=0.84 D_A(fake)=0.16 gnG=23.69 gnD=15.50 it_per_s=4.03
2026-10-03 20:56:51,043 INFO iter=629000 epoch=90 lr=9.63e-05 G=1.454 advA2B=0.538 advB2A=0.667 cycA=0.120 cycB=0.129 idtA=0.177 idtB=0.147 D_A=0.090 D_B=0.140 D_A(real)=0.84 D_A(fake)=0.16 gnG=23.73 gnD=15.50 it_per_s=4.04
2026-10-03 20:57:14,063 INFO iter=629100 epoch=90 lr=9.61e-05 G=1.452 advA2B=0.537 advB2A=0.666 cycA=0.120 cycB=0.129 idtA=0.176 idtB=0.147 D_A=0.090 D_B=0.140 D_A(real)=0.84 D_A(fake)=0.16 gnG=23.72 gnD=15.49 it_per_s=4.05
2026-10-03 20:57:36,079 INFO iter=629200 epoch=90 lr=9.60e-05 G=1.451 advA2B=0.537 advB2A=0.666 cycA=0.120 cycB=0.128 idtA=0.176 idtB=0.146 D_A=0.090 D_B=0.140 D_A(real)=0.84 D_A(fake)=0.16 gnG=23.76 gnD=15.50 it_per_s=4.06
2026-10-03 20:58:00,035 INFO iter=629300 epoch=90 lr=9.59e-05 G=1.452 advA2B=0.537 advB2A=0.667 cycA=0.119 cycB=0.129 idtA=0.176 idtB=0.147 D_A=0.090 D_B=0.140 D_A(real)=0.84 D_A(fake)=0.16 gnG=23.71 gnD=15.52 it_per_s=4.07
2026-10-03 20:58:23,915 INFO iter=629400 epoch=90 lr=9.57e-05 G=1.453 advA2B=0.537 advB2A=0.669 cycA=0.119 cycB=0.129 idtA=0.176 idtB=0.147 D_A=0.091 D_B=0.140 D_A(real)=0.84 D_A(fake)=0.16 gnG=23.71 gnD=15.53 it_per_s=4.07
2026-10-03 20:58:46,817 INFO iter=629500 epoch=90 lr=9.56e-05 G=1.452 advA2B=0.535 advB2A=0.668 cycA=0.120 cycB=0.129 idtA=0.177 idtB=0.147 D_A=0.091 D_B=0.140 D_A(real)=0.84 D_A(fake)=0.16 gnG=23.73 gnD=15.52 it_per_s=4.08
2026-10-03 20:59:08,720 INFO iter=629600 epoch=90 lr=9.54e-05 G=1.451 advA2B=0.535 advB2A=0.667 cycA=0.120 cycB=0.129 idtA=0.177 idtB=0.147 D_A=0.091 D_B=0.140 D_A(real)=0.84 D_A(fake)=0.16 gnG=23.71 gnD=15.55 it_per_s=4.09
2026-10-03 20:59:32,781 INFO iter=629700 epoch=90 lr=9.53e-05 G=1.449 advA2B=0.534 advB2A=0.666 cycA=0.120 cycB=0.129 idtA=0.177 idtB=0.147 D_A=0.091 D_B=0.140 D_A(real)=0.84 D_A(fake)=0.16 gnG=23.72 gnD=15.58 it_per_s=4.10
2026-10-03 20:59:56,453 INFO iter=629800 epoch=90 lr=9.51e-05 G=1.448 advA2B=0.535 advB2A=0.664 cycA=0.119 cycB=0.129 idtA=0.176 idtB=0.147 D_A=0.091 D_B=0.140 D_A(real)=0.84 D_A(fake)=0.16 gnG=23.68 gnD=15.54 it_per_s=4.10
2026-10-03 21:00:19,565 INFO iter=629900 epoch=90 lr=9.50e-05 G=1.449 advA2B=0.536 advB2A=0.664 cycA=0.119 cycB=0.129 idtA=0.176 idtB=0.147 D_A=0.091 D_B=0.139 D_A(real)=0.84 D_A(fake)=0.16 gnG=23.66 gnD=15.52 it_per_s=4.11
2026-10-03 21:00:44,680 INFO iter=630000 epoch=90 lr=9.49e-05 G=1.449 advA2B=0.537 advB2A=0.664 cycA=0.119 cycB=0.129 idtA=0.176 idtB=0.149 D_A=0.091 D_B=0.139 D_A(real)=0.84 D_A(fake)=0.16 gnG=23.73 gnD=15.50 it_per_s=4.10
2026-10-03 21:01:12,791 INFO iter=630100 epoch=90 lr=9.47e-05 G=1.450 advA2B=0.536 advB2A=0.665 cycA=0.119 cycB=0.129 idtA=0.176 idtB=0.150 D_A=0.091 D_B=0.139 D_A(real)=0.84 D_A(fake)=0.16 gnG=23.68 gnD=15.49 it_per_s=4.09
2026-10-03 21:01:35,109 INFO iter=630200 epoch=90 lr=9.46e-05 G=1.452 advA2B=0.536 advB2A=0.667 cycA=0.119 cycB=0.129 idtA=0.175 idtB=0.150 D_A=0.091 D_B=0.139 D_A(real)=0.84 D_A(fake)=0.16 gnG=23.68 gnD=15.47 it_per_s=4.09
2026-10-03 21:01:58,097 INFO iter=630300 epoch=90 lr=9.44e-05 G=1.451 advA2B=0.536 advB2A=0.666 cycA=0.120 cycB=0.129 idtA=0.175 idtB=0.151 D_A=0.091 D_B=0.139 D_A(real)=0.84 D_A(fake)=0.16 gnG=23.69 gnD=15.49 it_per_s=4.10
2026-10-03 21:02:21,781 INFO iter=630400 epoch=90 lr=9.43e-05 G=1.450 advA2B=0.537 advB2A=0.665 cycA=0.120 cycB=0.129 idtA=0.175 idtB=0.151 D_A=0.091 D_B=0.139 D_A(real)=0.84 D_A(fake)=0.16 gnG=23.73 gnD=15.46 it_per_s=4.10
2026-10-03 21:02:42,396 INFO iter=630500 epoch=90 lr=9.42e-05 G=1.451 advA2B=0.537 advB2A=0.664 cycA=0.120 cycB=0.130 idtA=0.175 idtB=0.151 D_A=0.091 D_B=0.139 D_A(real)=0.84 D_A(fake)=0.16 gnG=23.69 gnD=15.44 it_per_s=4.12
2026-10-03 21:03:02,628 INFO iter=630600 epoch=90 lr=9.40e-05 G=1.448 advA2B=0.535 advB2A=0.663 cycA=0.120 cycB=0.129 idtA=0.175 idtB=0.151 D_A=0.091 D_B=0.139 D_A(real)=0.84 D_A(fake)=0.16 gnG=23.61 gnD=15.43 it_per_s=4.14
2026-10-03 21:03:26,551 INFO iter=630700 epoch=90 lr=9.39e-05 G=1.449 advA2B=0.536 advB2A=0.663 cycA=0.120 cycB=0.129 idtA=0.175 idtB=0.152 D_A=0.091 D_B=0.139 D_A(real)=0.84 D_A(fake)=0.16 gnG=23.60 gnD=15.43 it_per_s=4.14
2026-10-03 21:03:50,361 INFO iter=630800 epoch=90 lr=9.37e-05 G=1.448 advA2B=0.535 advB2A=0.663 cycA=0.120 cycB=0.130 idtA=0.174 idtB=0.152 D_A=0.091 D_B=0.139 D_A(real)=0.84 D_A(fake)=0.16 gnG=23.56 gnD=15.42 it_per_s=4.14
2026-10-03 21:04:13,694 INFO iter=630900 epoch=90 lr=9.36e-05 G=1.448 advA2B=0.537 advB2A=0.661 cycA=0.120 cycB=0.130 idtA=0.174 idtB=0.153 D_A=0.091 D_B=0.138 D_A(real)=0.84 D_A(fake)=0.16 gnG=23.63 gnD=15.39 it_per_s=4.14
2026-10-03 21:04:35,114 INFO iter=631000 epoch=90 lr=9.34e-05 G=1.448 advA2B=0.536 advB2A=0.662 cycA=0.121 cycB=0.130 idtA=0.174 idtB=0.154 D_A=0.091 D_B=0.138 D_A(real)=0.84 D_A(fake)=0.16 gnG=23.57 gnD=15.40 it_per_s=4.15
2026-10-03 21:04:55,385 INFO iter=631100 epoch=90 lr=9.33e-05 G=1.450 advA2B=0.536 advB2A=0.663 cycA=0.121 cycB=0.130 idtA=0.174 idtB=0.154 D_A=0.091 D_B=0.138 D_A(real)=0.84 D_A(fake)=0.16 gnG=23.56 gnD=15.39 it_per_s=4.17
2026-10-03 21:05:17,102 INFO iter=631200 epoch=90 lr=9.32e-05 G=1.449 advA2B=0.537 advB2A=0.663 cycA=0.121 cycB=0.130 idtA=0.174 idtB=0.154 D_A=0.091 D_B=0.139 D_A(real)=0.84 D_A(fake)=0.16 gnG=23.53 gnD=15.39 it_per_s=4.17
2026-10-03 21:05:46,051 INFO iter=631300 epoch=90 lr=9.30e-05 G=1.448 advA2B=0.536 advB2A=0.661 cycA=0.121 cycB=0.130 idtA=0.173 idtB=0.153 D_A=0.091 D_B=0.139 D_A(real)=0.84 D_A(fake)=0.16 gnG=23.52 gnD=15.37 it_per_s=4.16
2026-10-03 21:06:16,572 INFO iter=631400 epoch=90 lr=9.29e-05 G=1.447 advA2B=0.535 advB2A=0.661 cycA=0.121 cycB=0.130 idtA=0.173 idtB=0.153 D_A=0.091 D_B=0.139 D_A(real)=0.84 D_A(fake)=0.16 gnG=23.49 gnD=15.37 it_per_s=4.13
2026-10-03 21:06:47,188 INFO iter=631500 epoch=90 lr=9.27e-05 G=1.446 advA2B=0.535 advB2A=0.660 cycA=0.121 cycB=0.130 idtA=0.173 idtB=0.153 D_A=0.090 D_B=0.138 D_A(real)=0.84 D_A(fake)=0.16 gnG=23.54 gnD=15.35 it_per_s=4.11
2026-10-03 21:07:11,581 INFO iter=631600 epoch=90 lr=9.26e-05 G=1.446 advA2B=0.535 advB2A=0.660 cycA=0.121 cycB=0.130 idtA=0.173 idtB=0.154 D_A=0.090 D_B=0.139 D_A(real)=0.84 D_A(fake)=0.16 gnG=23.55 gnD=15.35 it_per_s=4.11
2026-10-03 21:07:32,342 INFO iter=631700 epoch=90 lr=9.24e-05 G=1.445 advA2B=0.535 advB2A=0.659 cycA=0.121 cycB=0.130 idtA=0.173 idtB=0.154 D_A=0.090 D_B=0.138 D_A(real)=0.84 D_A(fake)=0.16 gnG=23.56 gnD=15.34 it_per_s=4.12
2026-10-03 21:07:52,508 INFO iter=631800 epoch=90 lr=9.23e-05 G=1.444 advA2B=0.534 advB2A=0.659 cycA=0.121 cycB=0.130 idtA=0.173 idtB=0.154 D_A=0.090 D_B=0.138 D_A(real)=0.84 D_A(fake)=0.16 gnG=23.53 gnD=15.33 it_per_s=4.14
2026-10-03 21:08:12,700 INFO iter=631900 epoch=90 lr=9.22e-05 G=1.444 advA2B=0.534 advB2A=0.659 cycA=0.121 cycB=0.130 idtA=0.173 idtB=0.154 D_A=0.090 D_B=0.139 D_A(real)=0.83 D_A(fake)=0.16 gnG=23.55 gnD=15.34 it_per_s=4.15
2026-10-03 21:08:33,171 INFO iter=632000 epoch=90 lr=9.20e-05 G=1.444 advA2B=0.535 advB2A=0.658 cycA=0.121 cycB=0.130 idtA=0.173 idtB=0.154 D_A=0.091 D_B=0.138 D_A(real)=0.83 D_A(fake)=0.17 gnG=23.54 gnD=15.32 it_per_s=4.16
2026-10-03 21:08:53,619 INFO iter=632100 epoch=90 lr=9.19e-05 G=1.445 advA2B=0.535 advB2A=0.659 cycA=0.121 cycB=0.131 idtA=0.173 idtB=0.154 D_A=0.091 D_B=0.138 D_A(real)=0.83 D_A(fake)=0.17 gnG=23.53 gnD=15.32 it_per_s=4.17
2026-10-03 21:09:14,037 INFO iter=632200 epoch=90 lr=9.17e-05 G=1.445 advA2B=0.535 advB2A=0.659 cycA=0.121 cycB=0.131 idtA=0.173 idtB=0.154 D_A=0.091 D_B=0.138 D_A(real)=0.83 D_A(fake)=0.17 gnG=23.49 gnD=15.32 it_per_s=4.18
2026-10-03 21:09:34,566 INFO iter=632300 epoch=90 lr=9.16e-05 G=1.445 advA2B=0.535 advB2A=0.658 cycA=0.121 cycB=0.130 idtA=0.173 idtB=0.154 D_A=0.091 D_B=0.138 D_A(real)=0.83 D_A(fake)=0.17 gnG=23.49 gnD=15.31 it_per_s=4.19
2026-10-03 21:09:54,844 INFO iter=632400 epoch=90 lr=9.15e-05 G=1.443 advA2B=0.534 advB2A=0.658 cycA=0.121 cycB=0.131 idtA=0.173 idtB=0.155 D_A=0.091 D_B=0.138 D_A(real)=0.83 D_A(fake)=0.17 gnG=23.44 gnD=15.31 it_per_s=4.20
2026-10-03 21:10:15,093 INFO iter=632500 epoch=90 lr=9.13e-05 G=1.445 advA2B=0.535 advB2A=0.658 cycA=0.121 cycB=0.131 idtA=0.173 idtB=0.155 D_A=0.090 D_B=0.138 D_A(real)=0.83 D_A(fake)=0.17 gnG=23.44 gnD=15.28 it_per_s=4.21
2026-10-03 21:10:35,557 INFO iter=632600 epoch=90 lr=9.12e-05 G=1.444 advA2B=0.535 advB2A=0.658 cycA=0.121 cycB=0.131 idtA=0.173 idtB=0.155 D_A=0.090 D_B=0.138 D_A(real)=0.83 D_A(fake)=0.17 gnG=23.39 gnD=15.28 it_per_s=4.22
2026-10-03 21:10:55,770 INFO iter=632700 epoch=90 lr=9.10e-05 G=1.445 advA2B=0.536 advB2A=0.658 cycA=0.121 cycB=0.131 idtA=0.173 idtB=0.155 D_A=0.090 D_B=0.138 D_A(real)=0.83 D_A(fake)=0.16 gnG=23.42 gnD=15.27 it_per_s=4.23
2026-10-03 21:11:15,993 INFO iter=632800 epoch=90 lr=9.09e-05 G=1.444 advA2B=0.535 advB2A=0.657 cycA=0.121 cycB=0.131 idtA=0.173 idtB=0.154 D_A=0.090 D_B=0.138 D_A(real)=0.83 D_A(fake)=0.16 gnG=23.41 gnD=15.27 it_per_s=4.24
2026-10-03 21:11:36,186 INFO iter=632900 epoch=90 lr=9.07e-05 G=1.443 advA2B=0.536 advB2A=0.656 cycA=0.121 cycB=0.131 idtA=0.173 idtB=0.155 D_A=0.090 D_B=0.138 D_A(real)=0.83 D_A(fake)=0.16 gnG=23.43 gnD=15.26 it_per_s=4.25
2026-10-03 21:11:56,354 INFO iter=633000 epoch=90 lr=9.06e-05 G=1.442 advA2B=0.535 advB2A=0.656 cycA=0.121 cycB=0.131 idtA=0.173 idtB=0.155 D_A=0.090 D_B=0.138 D_A(real)=0.83 D_A(fake)=0.16 gnG=23.42 gnD=15.26 it_per_s=4.26
2026-10-03 21:12:16,509 INFO iter=633100 epoch=90 lr=9.05e-05 G=1.442 advA2B=0.534 advB2A=0.656 cycA=0.121 cycB=0.131 idtA=0.173 idtB=0.155 D_A=0.090 D_B=0.138 D_A(real)=0.83 D_A(fake)=0.17 gnG=23.40 gnD=15.26 it_per_s=4.27
2026-10-03 21:12:36,677 INFO iter=633200 epoch=90 lr=9.03e-05 G=1.442 advA2B=0.534 advB2A=0.656 cycA=0.121 cycB=0.131 idtA=0.173 idtB=0.155 D_A=0.090 D_B=0.138 D_A(real)=0.83 D_A(fake)=0.17 gnG=23.36 gnD=15.27 it_per_s=4.28
2026-10-03 21:12:56,806 INFO iter=633300 epoch=90 lr=9.02e-05 G=1.443 advA2B=0.535 advB2A=0.656 cycA=0.121 cycB=0.131 idtA=0.173 idtB=0.155 D_A=0.090 D_B=0.138 D_A(real)=0.83 D_A(fake)=0.16 gnG=23.34 gnD=15.26 it_per_s=4.29
2026-10-03 21:13:16,922 INFO iter=633400 epoch=90 lr=9.00e-05 G=1.443 advA2B=0.535 advB2A=0.656 cycA=0.121 cycB=0.131 idtA=0.173 idtB=0.155 D_A=0.090 D_B=0.137 D_A(real)=0.83 D_A(fake)=0.16 gnG=23.35 gnD=15.24 it_per_s=4.29
2026-10-03 21:13:20,937 INFO epoch=90 done time_s=1638 it_per_s=4.30 G=1.442 cycA=0.121 cycB=0.131 idtA=0.172 idtB=0.155 D_A=0.090 D_B=0.138 D_A(real)=0.83 D_A(fake)=0.16 nan_count=0
2026-10-03 21:13:52,080 INFO iter=633500 epoch=91 lr=8.99e-05 G=1.430 advA2B=0.478 advB2A=0.690 cycA=0.130 cycB=0.133 idtA=0.170 idtB=0.187 D_A=0.090 D_B=0.147 D_A(real)=0.84 D_A(fake)=0.16 gnG=19.86 gnD=15.30 it_per_s=4.97
2026-10-03 21:14:12,298 INFO iter=633600 epoch=91 lr=8.97e-05 G=1.463 advA2B=0.529 advB2A=0.676 cycA=0.128 cycB=0.131 idtA=0.166 idtB=0.166 D_A=0.085 D_B=0.133 D_A(real)=0.84 D_A(fake)=0.16 gnG=22.56 gnD=14.87 it_per_s=4.96
2026-10-03 21:14:32,493 INFO iter=633700 epoch=91 lr=8.96e-05 G=1.461 advA2B=0.521 advB2A=0.680 cycA=0.128 cycB=0.132 idtA=0.165 idtB=0.165 D_A=0.085 D_B=0.136 D_A(real)=0.84 D_A(fake)=0.16 gnG=22.41 gnD=15.06 it_per_s=4.95
2026-10-03 21:14:52,661 INFO iter=633800 epoch=91 lr=8.95e-05 G=1.479 advA2B=0.538 advB2A=0.679 cycA=0.128 cycB=0.134 idtA=0.166 idtB=0.168 D_A=0.087 D_B=0.136 D_A(real)=0.83 D_A(fake)=0.17 gnG=22.63 gnD=15.21 it_per_s=4.96
2026-10-03 21:15:12,829 INFO iter=633900 epoch=91 lr=8.93e-05 G=1.490 advA2B=0.546 advB2A=0.683 cycA=0.129 cycB=0.133 idtA=0.166 idtB=0.165 D_A=0.086 D_B=0.135 D_A(real)=0.83 D_A(fake)=0.17 gnG=23.49 gnD=15.19 it_per_s=4.96
2026-10-03 21:15:33,002 INFO iter=634000 epoch=91 lr=8.92e-05 G=1.492 advA2B=0.549 advB2A=0.684 cycA=0.126 cycB=0.132 idtA=0.165 idtB=0.163 D_A=0.086 D_B=0.134 D_A(real)=0.83 D_A(fake)=0.17 gnG=23.20 gnD=14.91 it_per_s=4.96
2026-10-03 21:15:53,172 INFO iter=634100 epoch=91 lr=8.90e-05 G=1.486 advA2B=0.556 advB2A=0.673 cycA=0.125 cycB=0.132 idtA=0.166 idtB=0.164 D_A=0.085 D_B=0.134 D_A(real)=0.84 D_A(fake)=0.16 gnG=22.94 gnD=14.86 it_per_s=4.96
2026-10-03 21:16:13,369 INFO iter=634200 epoch=91 lr=8.89e-05 G=1.478 advA2B=0.552 advB2A=0.670 cycA=0.124 cycB=0.132 idtA=0.165 idtB=0.165 D_A=0.085 D_B=0.133 D_A(real)=0.84 D_A(fake)=0.16 gnG=22.94 gnD=14.85 it_per_s=4.96
2026-10-03 21:16:33,563 INFO iter=634300 epoch=91 lr=8.88e-05 G=1.471 advA2B=0.544 advB2A=0.673 cycA=0.123 cycB=0.131 idtA=0.165 idtB=0.162 D_A=0.086 D_B=0.133 D_A(real)=0.83 D_A(fake)=0.16 gnG=22.79 gnD=14.89 it_per_s=4.96
2026-10-03 21:16:53,779 INFO iter=634400 epoch=91 lr=8.86e-05 G=1.476 advA2B=0.549 advB2A=0.673 cycA=0.123 cycB=0.131 idtA=0.166 idtB=0.162 D_A=0.086 D_B=0.132 D_A(real)=0.84 D_A(fake)=0.16 gnG=22.72 gnD=14.92 it_per_s=4.95
2026-10-03 21:17:13,930 INFO iter=634500 epoch=91 lr=8.85e-05 G=1.481 advA2B=0.552 advB2A=0.676 cycA=0.123 cycB=0.131 idtA=0.165 idtB=0.162 D_A=0.086 D_B=0.132 D_A(real)=0.84 D_A(fake)=0.16 gnG=22.78 gnD=14.85 it_per_s=4.96
2026-10-03 21:17:34,078 INFO iter=634600 epoch=91 lr=8.83e-05 G=1.487 advA2B=0.556 advB2A=0.677 cycA=0.123 cycB=0.131 idtA=0.166 idtB=0.164 D_A=0.085 D_B=0.132 D_A(real)=0.84 D_A(fake)=0.16 gnG=23.04 gnD=14.89 it_per_s=4.96
2026-10-03 21:17:54,220 INFO iter=634700 epoch=91 lr=8.82e-05 G=1.491 advA2B=0.554 advB2A=0.682 cycA=0.123 cycB=0.131 idtA=0.168 idtB=0.164 D_A=0.086 D_B=0.133 D_A(real)=0.84 D_A(fake)=0.16 gnG=22.92 gnD=14.90 it_per_s=4.96
2026-10-03 21:18:14,387 INFO iter=634800 epoch=91 lr=8.80e-05 G=1.481 advA2B=0.548 advB2A=0.678 cycA=0.123 cycB=0.132 idtA=0.168 idtB=0.164 D_A=0.086 D_B=0.132 D_A(real)=0.84 D_A(fake)=0.16 gnG=22.71 gnD=14.88 it_per_s=4.96
2026-10-03 21:18:34,518 INFO iter=634900 epoch=91 lr=8.79e-05 G=1.485 advA2B=0.552 advB2A=0.678 cycA=0.123 cycB=0.133 idtA=0.168 idtB=0.164 D_A=0.086 D_B=0.131 D_A(real)=0.84 D_A(fake)=0.16 gnG=22.90 gnD=14.86 it_per_s=4.96
2026-10-03 21:18:54,714 INFO iter=635000 epoch=91 lr=8.78e-05 G=1.477 advA2B=0.548 advB2A=0.675 cycA=0.122 cycB=0.132 idtA=0.167 idtB=0.163 D_A=0.086 D_B=0.132 D_A(real)=0.84 D_A(fake)=0.16 gnG=22.69 gnD=14.90 it_per_s=4.96
2026-10-03 21:19:14,887 INFO iter=635100 epoch=91 lr=8.76e-05 G=1.474 advA2B=0.549 advB2A=0.671 cycA=0.122 cycB=0.132 idtA=0.168 idtB=0.164 D_A=0.085 D_B=0.132 D_A(real)=0.84 D_A(fake)=0.16 gnG=22.63 gnD=14.90 it_per_s=4.96
2026-10-03 21:19:35,065 INFO iter=635200 epoch=91 lr=8.75e-05 G=1.471 advA2B=0.546 advB2A=0.672 cycA=0.122 cycB=0.132 idtA=0.169 idtB=0.163 D_A=0.085 D_B=0.133 D_A(real)=0.84 D_A(fake)=0.16 gnG=22.58 gnD=14.91 it_per_s=4.96
2026-10-03 21:19:55,217 INFO iter=635300 epoch=91 lr=8.73e-05 G=1.472 advA2B=0.546 advB2A=0.673 cycA=0.121 cycB=0.131 idtA=0.169 idtB=0.161 D_A=0.085 D_B=0.133 D_A(real)=0.84 D_A(fake)=0.16 gnG=22.57 gnD=14.93 it_per_s=4.96
2026-10-03 21:20:15,397 INFO iter=635400 epoch=91 lr=8.72e-05 G=1.475 advA2B=0.548 advB2A=0.672 cycA=0.122 cycB=0.132 idtA=0.169 idtB=0.163 D_A=0.085 D_B=0.133 D_A(real)=0.84 D_A(fake)=0.16 gnG=22.66 gnD=14.93 it_per_s=4.96
2026-10-03 21:20:35,545 INFO iter=635500 epoch=91 lr=8.70e-05 G=1.470 advA2B=0.545 advB2A=0.671 cycA=0.122 cycB=0.133 idtA=0.170 idtB=0.164 D_A=0.085 D_B=0.133 D_A(real)=0.84 D_A(fake)=0.16 gnG=22.57 gnD=14.93 it_per_s=4.96
2026-10-03 21:20:55,678 INFO iter=635600 epoch=91 lr=8.69e-05 G=1.471 advA2B=0.546 advB2A=0.670 cycA=0.122 cycB=0.133 idtA=0.171 idtB=0.164 D_A=0.085 D_B=0.134 D_A(real)=0.84 D_A(fake)=0.16 gnG=22.57 gnD=15.00 it_per_s=4.96
2026-10-03 21:21:15,847 INFO iter=635700 epoch=91 lr=8.68e-05 G=1.468 advA2B=0.545 advB2A=0.669 cycA=0.122 cycB=0.133 idtA=0.170 idtB=0.164 D_A=0.085 D_B=0.134 D_A(real)=0.84 D_A(fake)=0.16 gnG=22.60 gnD=15.03 it_per_s=4.96
2026-10-03 21:21:36,015 INFO iter=635800 epoch=91 lr=8.66e-05 G=1.462 advA2B=0.543 advB2A=0.665 cycA=0.122 cycB=0.133 idtA=0.169 idtB=0.163 D_A=0.085 D_B=0.134 D_A(real)=0.84 D_A(fake)=0.16 gnG=22.53 gnD=15.04 it_per_s=4.96
2026-10-03 21:21:56,187 INFO iter=635900 epoch=91 lr=8.65e-05 G=1.461 advA2B=0.541 advB2A=0.665 cycA=0.121 cycB=0.133 idtA=0.169 idtB=0.163 D_A=0.085 D_B=0.135 D_A(real)=0.84 D_A(fake)=0.16 gnG=22.53 gnD=15.05 it_per_s=4.96
2026-10-03 21:22:16,358 INFO iter=636000 epoch=91 lr=8.63e-05 G=1.457 advA2B=0.540 advB2A=0.663 cycA=0.121 cycB=0.133 idtA=0.168 idtB=0.163 D_A=0.086 D_B=0.135 D_A(real)=0.84 D_A(fake)=0.16 gnG=22.47 gnD=15.06 it_per_s=4.96
2026-10-03 21:22:36,526 INFO iter=636100 epoch=91 lr=8.62e-05 G=1.455 advA2B=0.538 advB2A=0.663 cycA=0.121 cycB=0.133 idtA=0.167 idtB=0.163 D_A=0.086 D_B=0.135 D_A(real)=0.84 D_A(fake)=0.16 gnG=22.39 gnD=15.09 it_per_s=4.96
2026-10-03 21:22:56,685 INFO iter=636200 epoch=91 lr=8.61e-05 G=1.454 advA2B=0.537 advB2A=0.663 cycA=0.121 cycB=0.133 idtA=0.167 idtB=0.163 D_A=0.086 D_B=0.135 D_A(real)=0.84 D_A(fake)=0.16 gnG=22.38 gnD=15.11 it_per_s=4.96
2026-10-03 21:23:16,864 INFO iter=636300 epoch=91 lr=8.59e-05 G=1.456 advA2B=0.537 advB2A=0.665 cycA=0.121 cycB=0.133 idtA=0.167 idtB=0.163 D_A=0.086 D_B=0.135 D_A(real)=0.84 D_A(fake)=0.16 gnG=22.34 gnD=15.10 it_per_s=4.96
2026-10-03 21:23:37,022 INFO iter=636400 epoch=91 lr=8.58e-05 G=1.456 advA2B=0.538 advB2A=0.664 cycA=0.121 cycB=0.133 idtA=0.167 idtB=0.163 D_A=0.086 D_B=0.134 D_A(real)=0.84 D_A(fake)=0.16 gnG=22.40 gnD=15.06 it_per_s=4.96
2026-10-03 21:23:57,176 INFO iter=636500 epoch=91 lr=8.56e-05 G=1.455 advA2B=0.538 advB2A=0.663 cycA=0.121 cycB=0.133 idtA=0.166 idtB=0.163 D_A=0.086 D_B=0.134 D_A(real)=0.84 D_A(fake)=0.16 gnG=22.38 gnD=15.04 it_per_s=4.96
2026-10-03 21:24:17,386 INFO iter=636600 epoch=91 lr=8.55e-05 G=1.455 advA2B=0.539 advB2A=0.663 cycA=0.121 cycB=0.132 idtA=0.167 idtB=0.163 D_A=0.086 D_B=0.134 D_A(real)=0.84 D_A(fake)=0.16 gnG=22.37 gnD=15.03 it_per_s=4.96
2026-10-03 21:24:37,553 INFO iter=636700 epoch=91 lr=8.53e-05 G=1.456 advA2B=0.541 advB2A=0.662 cycA=0.121 cycB=0.133 idtA=0.167 idtB=0.163 D_A=0.086 D_B=0.134 D_A(real)=0.84 D_A(fake)=0.16 gnG=22.38 gnD=15.03 it_per_s=4.96
2026-10-03 21:24:57,713 INFO iter=636800 epoch=91 lr=8.52e-05 G=1.455 advA2B=0.540 advB2A=0.662 cycA=0.121 cycB=0.132 idtA=0.167 idtB=0.162 D_A=0.086 D_B=0.134 D_A(real)=0.84 D_A(fake)=0.16 gnG=22.48 gnD=15.05 it_per_s=4.96
2026-10-03 21:25:16,558 INFO iter=636900 epoch=91 lr=8.51e-05 G=1.452 advA2B=0.538 advB2A=0.661 cycA=0.121 cycB=0.132 idtA=0.168 idtB=0.163 D_A=0.087 D_B=0.134 D_A(real)=0.84 D_A(fake)=0.16 gnG=22.41 gnD=15.07 it_per_s=4.97
2026-10-03 21:25:36,721 INFO iter=637000 epoch=91 lr=8.49e-05 G=1.450 advA2B=0.537 advB2A=0.660 cycA=0.121 cycB=0.132 idtA=0.168 idtB=0.162 D_A=0.087 D_B=0.134 D_A(real)=0.84 D_A(fake)=0.16 gnG=22.36 gnD=15.10 it_per_s=4.97
2026-10-03 21:25:56,886 INFO iter=637100 epoch=91 lr=8.48e-05 G=1.452 advA2B=0.538 advB2A=0.661 cycA=0.121 cycB=0.132 idtA=0.168 idtB=0.162 D_A=0.087 D_B=0.134 D_A(real)=0.84 D_A(fake)=0.16 gnG=22.39 gnD=15.11 it_per_s=4.97
2026-10-03 21:26:17,046 INFO iter=637200 epoch=91 lr=8.46e-05 G=1.449 advA2B=0.536 advB2A=0.660 cycA=0.121 cycB=0.132 idtA=0.169 idtB=0.161 D_A=0.087 D_B=0.134 D_A(real)=0.84 D_A(fake)=0.16 gnG=22.37 gnD=15.14 it_per_s=4.97
2026-10-03 21:26:37,191 INFO iter=637300 epoch=91 lr=8.45e-05 G=1.451 advA2B=0.536 advB2A=0.661 cycA=0.121 cycB=0.132 idtA=0.168 idtB=0.161 D_A=0.087 D_B=0.135 D_A(real)=0.83 D_A(fake)=0.16 gnG=22.39 gnD=15.18 it_per_s=4.97
2026-10-03 21:26:57,329 INFO iter=637400 epoch=91 lr=8.43e-05 G=1.450 advA2B=0.536 advB2A=0.662 cycA=0.121 cycB=0.132 idtA=0.169 idtB=0.160 D_A=0.087 D_B=0.135 D_A(real)=0.84 D_A(fake)=0.16 gnG=22.46 gnD=15.21 it_per_s=4.97
2026-10-03 21:27:17,483 INFO iter=637500 epoch=91 lr=8.42e-05 G=1.449 advA2B=0.535 advB2A=0.661 cycA=0.121 cycB=0.132 idtA=0.169 idtB=0.160 D_A=0.087 D_B=0.135 D_A(real)=0.83 D_A(fake)=0.16 gnG=22.49 gnD=15.22 it_per_s=4.97
2026-10-03 21:27:37,642 INFO iter=637600 epoch=91 lr=8.41e-05 G=1.450 advA2B=0.535 advB2A=0.661 cycA=0.121 cycB=0.132 idtA=0.169 idtB=0.159 D_A=0.087 D_B=0.135 D_A(real)=0.84 D_A(fake)=0.16 gnG=22.43 gnD=15.21 it_per_s=4.97
2026-10-03 21:27:57,813 INFO iter=637700 epoch=91 lr=8.39e-05 G=1.449 advA2B=0.534 advB2A=0.663 cycA=0.121 cycB=0.132 idtA=0.169 idtB=0.159 D_A=0.087 D_B=0.135 D_A(real)=0.84 D_A(fake)=0.16 gnG=22.46 gnD=15.20 it_per_s=4.97
2026-10-03 21:28:17,965 INFO iter=637800 epoch=91 lr=8.38e-05 G=1.449 advA2B=0.533 advB2A=0.663 cycA=0.121 cycB=0.132 idtA=0.169 idtB=0.159 D_A=0.087 D_B=0.135 D_A(real)=0.83 D_A(fake)=0.16 gnG=22.45 gnD=15.19 it_per_s=4.97
2026-10-03 21:28:38,135 INFO iter=637900 epoch=91 lr=8.36e-05 G=1.449 advA2B=0.533 advB2A=0.663 cycA=0.121 cycB=0.132 idtA=0.169 idtB=0.159 D_A=0.087 D_B=0.135 D_A(real)=0.84 D_A(fake)=0.16 gnG=22.45 gnD=15.17 it_per_s=4.97
2026-10-03 21:28:58,301 INFO iter=638000 epoch=91 lr=8.35e-05 G=1.449 advA2B=0.533 advB2A=0.664 cycA=0.120 cycB=0.132 idtA=0.169 idtB=0.159 D_A=0.086 D_B=0.135 D_A(real)=0.84 D_A(fake)=0.16 gnG=22.46 gnD=15.14 it_per_s=4.97
2026-10-03 21:29:18,482 INFO iter=638100 epoch=91 lr=8.34e-05 G=1.449 advA2B=0.532 advB2A=0.665 cycA=0.120 cycB=0.132 idtA=0.170 idtB=0.159 D_A=0.087 D_B=0.135 D_A(real)=0.84 D_A(fake)=0.16 gnG=22.47 gnD=15.15 it_per_s=4.97
2026-10-03 21:29:38,631 INFO iter=638200 epoch=91 lr=8.32e-05 G=1.449 advA2B=0.532 advB2A=0.664 cycA=0.120 cycB=0.132 idtA=0.169 idtB=0.160 D_A=0.087 D_B=0.135 D_A(real)=0.84 D_A(fake)=0.16 gnG=22.48 gnD=15.15 it_per_s=4.97
2026-10-03 21:29:58,775 INFO iter=638300 epoch=91 lr=8.31e-05 G=1.449 advA2B=0.532 advB2A=0.665 cycA=0.120 cycB=0.132 idtA=0.169 idtB=0.160 D_A=0.086 D_B=0.135 D_A(real)=0.84 D_A(fake)=0.16 gnG=22.54 gnD=15.16 it_per_s=4.97
2026-10-03 21:30:19,030 INFO iter=638400 epoch=91 lr=8.29e-05 G=1.450 advA2B=0.532 advB2A=0.665 cycA=0.120 cycB=0.132 idtA=0.170 idtB=0.161 D_A=0.087 D_B=0.135 D_A(real)=0.84 D_A(fake)=0.16 gnG=22.51 gnD=15.16 it_per_s=4.96
2026-10-03 21:30:39,194 INFO iter=638500 epoch=91 lr=8.28e-05 G=1.449 advA2B=0.532 advB2A=0.664 cycA=0.120 cycB=0.132 idtA=0.169 idtB=0.161 D_A=0.086 D_B=0.135 D_A(real)=0.84 D_A(fake)=0.16 gnG=22.53 gnD=15.14 it_per_s=4.96
2026-10-03 21:30:59,391 INFO iter=638600 epoch=91 lr=8.26e-05 G=1.449 advA2B=0.532 advB2A=0.665 cycA=0.120 cycB=0.132 idtA=0.169 idtB=0.161 D_A=0.087 D_B=0.135 D_A(real)=0.84 D_A(fake)=0.16 gnG=22.50 gnD=15.16 it_per_s=4.96
2026-10-03 21:31:19,613 INFO iter=638700 epoch=91 lr=8.25e-05 G=1.448 advA2B=0.532 advB2A=0.664 cycA=0.120 cycB=0.132 idtA=0.169 idtB=0.161 D_A=0.087 D_B=0.135 D_A(real)=0.84 D_A(fake)=0.16 gnG=22.47 gnD=15.16 it_per_s=4.96
2026-10-03 21:31:39,813 INFO iter=638800 epoch=91 lr=8.24e-05 G=1.447 advA2B=0.531 advB2A=0.664 cycA=0.120 cycB=0.132 idtA=0.169 idtB=0.161 D_A=0.087 D_B=0.135 D_A(real)=0.84 D_A(fake)=0.16 gnG=22.47 gnD=15.15 it_per_s=4.96
2026-10-03 21:31:59,999 INFO iter=638900 epoch=91 lr=8.22e-05 G=1.447 advA2B=0.531 advB2A=0.665 cycA=0.120 cycB=0.132 idtA=0.169 idtB=0.161 D_A=0.086 D_B=0.135 D_A(real)=0.84 D_A(fake)=0.16 gnG=22.50 gnD=15.15 it_per_s=4.96
2026-10-03 21:32:20,207 INFO iter=639000 epoch=91 lr=8.21e-05 G=1.447 advA2B=0.531 advB2A=0.663 cycA=0.120 cycB=0.132 idtA=0.169 idtB=0.160 D_A=0.086 D_B=0.135 D_A(real)=0.84 D_A(fake)=0.16 gnG=22.49 gnD=15.16 it_per_s=4.96
2026-10-03 21:32:40,400 INFO iter=639100 epoch=91 lr=8.19e-05 G=1.447 advA2B=0.532 advB2A=0.662 cycA=0.120 cycB=0.132 idtA=0.169 idtB=0.161 D_A=0.086 D_B=0.135 D_A(real)=0.84 D_A(fake)=0.16 gnG=22.51 gnD=15.16 it_per_s=4.96
2026-10-03 21:33:00,582 INFO iter=639200 epoch=91 lr=8.18e-05 G=1.449 advA2B=0.534 advB2A=0.662 cycA=0.121 cycB=0.132 idtA=0.169 idtB=0.163 D_A=0.086 D_B=0.135 D_A(real)=0.84 D_A(fake)=0.16 gnG=22.52 gnD=15.14 it_per_s=4.96
2026-10-03 21:33:20,750 INFO iter=639300 epoch=91 lr=8.16e-05 G=1.449 advA2B=0.535 advB2A=0.661 cycA=0.121 cycB=0.132 idtA=0.169 idtB=0.163 D_A=0.087 D_B=0.135 D_A(real)=0.84 D_A(fake)=0.16 gnG=22.53 gnD=15.13 it_per_s=4.96
2026-10-03 21:33:40,905 INFO iter=639400 epoch=91 lr=8.15e-05 G=1.448 advA2B=0.534 advB2A=0.660 cycA=0.121 cycB=0.132 idtA=0.169 idtB=0.162 D_A=0.087 D_B=0.135 D_A(real)=0.83 D_A(fake)=0.17 gnG=22.57 gnD=15.13 it_per_s=4.96
2026-10-03 21:34:01,132 INFO iter=639500 epoch=91 lr=8.14e-05 G=1.448 advA2B=0.534 advB2A=0.661 cycA=0.121 cycB=0.132 idtA=0.169 idtB=0.163 D_A=0.087 D_B=0.135 D_A(real)=0.83 D_A(fake)=0.17 gnG=22.60 gnD=15.13 it_per_s=4.96
2026-10-03 21:34:21,331 INFO iter=639600 epoch=91 lr=8.12e-05 G=1.447 advA2B=0.533 advB2A=0.661 cycA=0.121 cycB=0.132 idtA=0.169 idtB=0.163 D_A=0.087 D_B=0.135 D_A(real)=0.83 D_A(fake)=0.17 gnG=22.60 gnD=15.13 it_per_s=4.96
2026-10-03 21:34:41,476 INFO iter=639700 epoch=91 lr=8.11e-05 G=1.448 advA2B=0.533 advB2A=0.662 cycA=0.121 cycB=0.132 idtA=0.169 idtB=0.163 D_A=0.087 D_B=0.135 D_A(real)=0.84 D_A(fake)=0.16 gnG=22.59 gnD=15.12 it_per_s=4.96
2026-10-03 21:35:01,629 INFO iter=639800 epoch=91 lr=8.09e-05 G=1.448 advA2B=0.534 advB2A=0.662 cycA=0.120 cycB=0.132 idtA=0.169 idtB=0.163 D_A=0.087 D_B=0.134 D_A(real)=0.83 D_A(fake)=0.16 gnG=22.61 gnD=15.11 it_per_s=4.96
2026-10-03 21:35:21,780 INFO iter=639900 epoch=91 lr=8.08e-05 G=1.448 advA2B=0.534 advB2A=0.662 cycA=0.121 cycB=0.132 idtA=0.169 idtB=0.163 D_A=0.086 D_B=0.135 D_A(real)=0.84 D_A(fake)=0.16 gnG=22.59 gnD=15.11 it_per_s=4.96
2026-10-03 21:35:41,978 INFO iter=640000 epoch=91 lr=8.07e-05 G=1.447 advA2B=0.533 advB2A=0.661 cycA=0.121 cycB=0.132 idtA=0.169 idtB=0.163 D_A=0.087 D_B=0.135 D_A(real)=0.84 D_A(fake)=0.16 gnG=22.56 gnD=15.11 it_per_s=4.96
2026-10-03 21:36:02,119 INFO iter=640100 epoch=91 lr=8.05e-05 G=1.447 advA2B=0.533 advB2A=0.661 cycA=0.121 cycB=0.132 idtA=0.169 idtB=0.163 D_A=0.087 D_B=0.135 D_A(real)=0.84 D_A(fake)=0.16 gnG=22.54 gnD=15.12 it_per_s=4.96
2026-10-03 21:36:22,295 INFO iter=640200 epoch=91 lr=8.04e-05 G=1.448 advA2B=0.534 advB2A=0.661 cycA=0.121 cycB=0.132 idtA=0.169 idtB=0.164 D_A=0.087 D_B=0.135 D_A(real)=0.84 D_A(fake)=0.16 gnG=22.60 gnD=15.14 it_per_s=4.96
2026-10-03 21:36:42,478 INFO iter=640300 epoch=91 lr=8.02e-05 G=1.448 advA2B=0.534 advB2A=0.661 cycA=0.121 cycB=0.132 idtA=0.169 idtB=0.164 D_A=0.087 D_B=0.135 D_A(real)=0.84 D_A(fake)=0.16 gnG=22.62 gnD=15.13 it_per_s=4.96
2026-10-03 21:37:02,649 INFO iter=640400 epoch=91 lr=8.01e-05 G=1.449 advA2B=0.535 advB2A=0.661 cycA=0.121 cycB=0.132 idtA=0.169 idtB=0.164 D_A=0.087 D_B=0.134 D_A(real)=0.84 D_A(fake)=0.16 gnG=22.62 gnD=15.12 it_per_s=4.96
2026-10-03 21:37:14,342 INFO epoch=91 done time_s=1418 it_per_s=4.96 G=1.449 cycA=0.121 cycB=0.132 idtA=0.169 idtB=0.163 D_A=0.087 D_B=0.134 D_A(real)=0.84 D_A(fake)=0.16 nan_count=0
2026-10-03 21:37:23,646 INFO iter=640500 epoch=92 lr=7.99e-05 G=1.358 advA2B=0.502 advB2A=0.610 cycA=0.113 cycB=0.133 idtA=0.173 idtB=0.156 D_A=0.082 D_B=0.118 D_A(real)=0.84 D_A(fake)=0.15 gnG=20.77 gnD=14.25 it_per_s=4.95
2026-10-03 21:37:43,810 INFO iter=640600 epoch=92 lr=7.98e-05 G=1.424 advA2B=0.534 advB2A=0.635 cycA=0.123 cycB=0.132 idtA=0.156 idtB=0.166 D_A=0.089 D_B=0.134 D_A(real)=0.83 D_A(fake)=0.17 gnG=22.65 gnD=15.33 it_per_s=4.96
2026-10-03 21:38:03,965 INFO iter=640700 epoch=92 lr=7.97e-05 G=1.467 advA2B=0.570 advB2A=0.645 cycA=0.120 cycB=0.133 idtA=0.161 idtB=0.170 D_A=0.088 D_B=0.133 D_A(real)=0.83 D_A(fake)=0.17 gnG=23.55 gnD=14.98 it_per_s=4.96
2026-10-03 21:38:24,099 INFO iter=640800 epoch=92 lr=7.95e-05 G=1.472 advA2B=0.554 advB2A=0.663 cycA=0.121 cycB=0.134 idtA=0.167 idtB=0.166 D_A=0.086 D_B=0.135 D_A(real)=0.83 D_A(fake)=0.17 gnG=23.53 gnD=15.10 it_per_s=4.96
2026-10-03 21:38:44,272 INFO iter=640900 epoch=92 lr=7.94e-05 G=1.461 advA2B=0.547 advB2A=0.658 cycA=0.121 cycB=0.135 idtA=0.168 idtB=0.165 D_A=0.084 D_B=0.134 D_A(real)=0.84 D_A(fake)=0.16 gnG=23.44 gnD=15.17 it_per_s=4.96
2026-10-03 21:39:04,436 INFO iter=641000 epoch=92 lr=7.92e-05 G=1.449 advA2B=0.536 advB2A=0.659 cycA=0.121 cycB=0.133 idtA=0.172 idtB=0.169 D_A=0.084 D_B=0.136 D_A(real)=0.84 D_A(fake)=0.16 gnG=22.71 gnD=15.24 it_per_s=4.96
2026-10-03 21:39:24,594 INFO iter=641100 epoch=92 lr=7.91e-05 G=1.456 advA2B=0.541 advB2A=0.662 cycA=0.120 cycB=0.133 idtA=0.171 idtB=0.166 D_A=0.084 D_B=0.134 D_A(real)=0.84 D_A(fake)=0.16 gnG=22.73 gnD=15.32 it_per_s=4.96
2026-10-03 21:39:44,772 INFO iter=641200 epoch=92 lr=7.89e-05 G=1.455 advA2B=0.543 advB2A=0.660 cycA=0.119 cycB=0.133 idtA=0.171 idtB=0.163 D_A=0.085 D_B=0.135 D_A(real)=0.84 D_A(fake)=0.16 gnG=22.69 gnD=15.36 it_per_s=4.96
2026-10-03 21:40:04,938 INFO iter=641300 epoch=92 lr=7.88e-05 G=1.458 advA2B=0.549 advB2A=0.658 cycA=0.118 cycB=0.133 idtA=0.170 idtB=0.163 D_A=0.085 D_B=0.135 D_A(real)=0.84 D_A(fake)=0.16 gnG=22.97 gnD=15.33 it_per_s=4.96
2026-10-03 21:40:25,086 INFO iter=641400 epoch=92 lr=7.87e-05 G=1.447 advA2B=0.542 advB2A=0.654 cycA=0.118 cycB=0.133 idtA=0.169 idtB=0.163 D_A=0.084 D_B=0.135 D_A(real)=0.84 D_A(fake)=0.16 gnG=22.88 gnD=15.25 it_per_s=4.96
2026-10-03 21:40:45,252 INFO iter=641500 epoch=92 lr=7.85e-05 G=1.447 advA2B=0.543 advB2A=0.652 cycA=0.118 cycB=0.133 idtA=0.167 idtB=0.168 D_A=0.085 D_B=0.134 D_A(real)=0.84 D_A(fake)=0.16 gnG=23.21 gnD=15.18 it_per_s=4.96
2026-10-03 21:41:05,505 INFO iter=641600 epoch=92 lr=7.84e-05 G=1.453 advA2B=0.545 advB2A=0.656 cycA=0.119 cycB=0.133 idtA=0.167 idtB=0.169 D_A=0.084 D_B=0.134 D_A(real)=0.84 D_A(fake)=0.16 gnG=23.06 gnD=15.14 it_per_s=4.96
2026-10-03 21:41:25,660 INFO iter=641700 epoch=92 lr=7.82e-05 G=1.444 advA2B=0.542 advB2A=0.650 cycA=0.119 cycB=0.134 idtA=0.167 idtB=0.169 D_A=0.085 D_B=0.134 D_A(real)=0.84 D_A(fake)=0.16 gnG=23.05 gnD=15.22 it_per_s=4.96
2026-10-03 21:41:45,841 INFO iter=641800 epoch=92 lr=7.81e-05 G=1.447 advA2B=0.543 advB2A=0.650 cycA=0.120 cycB=0.134 idtA=0.167 idtB=0.169 D_A=0.085 D_B=0.133 D_A(real)=0.84 D_A(fake)=0.16 gnG=22.89 gnD=15.16 it_per_s=4.96
2026-10-03 21:42:05,965 INFO iter=641900 epoch=92 lr=7.80e-05 G=1.450 advA2B=0.544 advB2A=0.652 cycA=0.120 cycB=0.134 idtA=0.167 idtB=0.170 D_A=0.085 D_B=0.134 D_A(real)=0.84 D_A(fake)=0.16 gnG=22.84 gnD=15.16 it_per_s=4.96
2026-10-03 21:42:26,125 INFO iter=642000 epoch=92 lr=7.78e-05 G=1.453 advA2B=0.543 advB2A=0.657 cycA=0.119 cycB=0.134 idtA=0.167 idtB=0.170 D_A=0.085 D_B=0.134 D_A(real)=0.84 D_A(fake)=0.16 gnG=22.85 gnD=15.17 it_per_s=4.96
2026-10-03 21:42:46,302 INFO iter=642100 epoch=92 lr=7.77e-05 G=1.448 advA2B=0.540 advB2A=0.655 cycA=0.119 cycB=0.133 idtA=0.168 idtB=0.170 D_A=0.086 D_B=0.135 D_A(real)=0.84 D_A(fake)=0.16 gnG=22.78 gnD=15.32 it_per_s=4.96
2026-10-03 21:43:06,501 INFO iter=642200 epoch=92 lr=7.75e-05 G=1.445 advA2B=0.539 advB2A=0.654 cycA=0.119 cycB=0.133 idtA=0.167 idtB=0.171 D_A=0.085 D_B=0.134 D_A(real)=0.84 D_A(fake)=0.16 gnG=22.78 gnD=15.28 it_per_s=4.96
2026-10-03 21:43:26,667 INFO iter=642300 epoch=92 lr=7.74e-05 G=1.448 advA2B=0.539 advB2A=0.657 cycA=0.119 cycB=0.133 idtA=0.168 idtB=0.170 D_A=0.084 D_B=0.134 D_A(real)=0.84 D_A(fake)=0.16 gnG=22.81 gnD=15.25 it_per_s=4.96
2026-10-03 21:43:46,830 INFO iter=642400 epoch=92 lr=7.72e-05 G=1.442 advA2B=0.535 advB2A=0.655 cycA=0.119 cycB=0.133 idtA=0.169 idtB=0.169 D_A=0.085 D_B=0.134 D_A(real)=0.84 D_A(fake)=0.16 gnG=22.88 gnD=15.29 it_per_s=4.96
2026-10-03 21:44:06,997 INFO iter=642500 epoch=92 lr=7.71e-05 G=1.443 advA2B=0.535 advB2A=0.656 cycA=0.119 cycB=0.133 idtA=0.168 idtB=0.169 D_A=0.085 D_B=0.134 D_A(real)=0.84 D_A(fake)=0.16 gnG=23.01 gnD=15.30 it_per_s=4.96
2026-10-03 21:44:27,185 INFO iter=642600 epoch=92 lr=7.70e-05 G=1.443 advA2B=0.536 advB2A=0.655 cycA=0.119 cycB=0.133 idtA=0.168 idtB=0.168 D_A=0.085 D_B=0.134 D_A(real)=0.84 D_A(fake)=0.16 gnG=22.96 gnD=15.31 it_per_s=4.96
2026-10-03 21:44:47,335 INFO iter=642700 epoch=92 lr=7.68e-05 G=1.442 advA2B=0.536 advB2A=0.655 cycA=0.119 cycB=0.132 idtA=0.167 idtB=0.167 D_A=0.085 D_B=0.134 D_A(real)=0.84 D_A(fake)=0.16 gnG=22.93 gnD=15.34 it_per_s=4.96
2026-10-03 21:45:07,490 INFO iter=642800 epoch=92 lr=7.67e-05 G=1.445 advA2B=0.535 advB2A=0.658 cycA=0.120 cycB=0.133 idtA=0.167 idtB=0.168 D_A=0.085 D_B=0.134 D_A(real)=0.84 D_A(fake)=0.16 gnG=22.91 gnD=15.36 it_per_s=4.96
2026-10-03 21:45:27,638 INFO iter=642900 epoch=92 lr=7.65e-05 G=1.446 advA2B=0.534 advB2A=0.660 cycA=0.120 cycB=0.133 idtA=0.168 idtB=0.168 D_A=0.085 D_B=0.134 D_A(real)=0.84 D_A(fake)=0.16 gnG=23.01 gnD=15.38 it_per_s=4.96
2026-10-03 21:45:47,812 INFO iter=643000 epoch=92 lr=7.64e-05 G=1.445 advA2B=0.535 advB2A=0.658 cycA=0.120 cycB=0.132 idtA=0.167 idtB=0.167 D_A=0.084 D_B=0.134 D_A(real)=0.84 D_A(fake)=0.16 gnG=22.94 gnD=15.36 it_per_s=4.96
2026-10-03 21:46:07,986 INFO iter=643100 epoch=92 lr=7.62e-05 G=1.442 advA2B=0.532 advB2A=0.657 cycA=0.120 cycB=0.132 idtA=0.167 idtB=0.166 D_A=0.085 D_B=0.134 D_A(real)=0.84 D_A(fake)=0.16 gnG=22.96 gnD=15.37 it_per_s=4.96
2026-10-03 21:46:28,159 INFO iter=643200 epoch=92 lr=7.61e-05 G=1.440 advA2B=0.531 advB2A=0.657 cycA=0.120 cycB=0.132 idtA=0.167 idtB=0.166 D_A=0.085 D_B=0.134 D_A(real)=0.84 D_A(fake)=0.16 gnG=22.95 gnD=15.35 it_per_s=4.96
2026-10-03 21:46:48,349 INFO iter=643300 epoch=92 lr=7.60e-05 G=1.441 advA2B=0.532 advB2A=0.658 cycA=0.120 cycB=0.132 idtA=0.167 idtB=0.165 D_A=0.085 D_B=0.134 D_A(real)=0.84 D_A(fake)=0.16 gnG=23.01 gnD=15.37 it_per_s=4.96
2026-10-03 21:47:08,567 INFO iter=643400 epoch=92 lr=7.58e-05 G=1.442 advA2B=0.531 advB2A=0.659 cycA=0.120 cycB=0.132 idtA=0.166 idtB=0.165 D_A=0.085 D_B=0.134 D_A(real)=0.84 D_A(fake)=0.16 gnG=23.11 gnD=15.37 it_per_s=4.96
2026-10-03 21:47:28,725 INFO iter=643500 epoch=92 lr=7.57e-05 G=1.445 advA2B=0.535 advB2A=0.657 cycA=0.120 cycB=0.132 idtA=0.165 idtB=0.166 D_A=0.085 D_B=0.134 D_A(real)=0.84 D_A(fake)=0.16 gnG=23.07 gnD=15.35 it_per_s=4.96
2026-10-03 21:47:48,897 INFO iter=643600 epoch=92 lr=7.55e-05 G=1.445 advA2B=0.536 advB2A=0.657 cycA=0.120 cycB=0.132 idtA=0.166 idtB=0.167 D_A=0.085 D_B=0.134 D_A(real)=0.84 D_A(fake)=0.16 gnG=23.09 gnD=15.33 it_per_s=4.96
2026-10-03 21:48:09,133 INFO iter=643700 epoch=92 lr=7.54e-05 G=1.447 advA2B=0.537 advB2A=0.657 cycA=0.120 cycB=0.132 idtA=0.166 idtB=0.167 D_A=0.085 D_B=0.133 D_A(real)=0.84 D_A(fake)=0.16 gnG=23.05 gnD=15.32 it_per_s=4.96
2026-10-03 21:48:29,327 INFO iter=643800 epoch=92 lr=7.53e-05 G=1.448 advA2B=0.537 advB2A=0.659 cycA=0.120 cycB=0.132 idtA=0.166 idtB=0.167 D_A=0.085 D_B=0.133 D_A(real)=0.84 D_A(fake)=0.16 gnG=23.05 gnD=15.33 it_per_s=4.96
2026-10-03 21:48:48,736 INFO iter=643900 epoch=92 lr=7.51e-05 G=1.448 advA2B=0.537 advB2A=0.660 cycA=0.120 cycB=0.132 idtA=0.165 idtB=0.167 D_A=0.085 D_B=0.133 D_A(real)=0.84 D_A(fake)=0.16 gnG=22.99 gnD=15.33 it_per_s=4.96
2026-10-03 21:49:12,152 INFO iter=644000 epoch=92 lr=7.50e-05 G=1.446 advA2B=0.535 advB2A=0.659 cycA=0.120 cycB=0.132 idtA=0.165 idtB=0.166 D_A=0.085 D_B=0.133 D_A(real)=0.84 D_A(fake)=0.16 gnG=22.93 gnD=15.36 it_per_s=4.94
2026-10-03 21:49:34,082 INFO iter=644100 epoch=92 lr=7.48e-05 G=1.446 advA2B=0.534 advB2A=0.660 cycA=0.120 cycB=0.132 idtA=0.165 idtB=0.166 D_A=0.085 D_B=0.133 D_A(real)=0.84 D_A(fake)=0.16 gnG=22.96 gnD=15.36 it_per_s=4.93
2026-10-03 21:49:57,302 INFO iter=644200 epoch=92 lr=7.47e-05 G=1.446 advA2B=0.534 advB2A=0.660 cycA=0.120 cycB=0.132 idtA=0.165 idtB=0.165 D_A=0.085 D_B=0.133 D_A(real)=0.84 D_A(fake)=0.16 gnG=23.01 gnD=15.39 it_per_s=4.91
2026-10-03 21:50:21,009 INFO iter=644300 epoch=92 lr=7.45e-05 G=1.446 advA2B=0.535 advB2A=0.659 cycA=0.120 cycB=0.132 idtA=0.165 idtB=0.165 D_A=0.085 D_B=0.134 D_A(real)=0.84 D_A(fake)=0.16 gnG=23.02 gnD=15.42 it_per_s=4.89
2026-10-03 21:50:45,041 INFO iter=644400 epoch=92 lr=7.44e-05 G=1.445 advA2B=0.534 advB2A=0.659 cycA=0.120 cycB=0.132 idtA=0.165 idtB=0.164 D_A=0.086 D_B=0.134 D_A(real)=0.84 D_A(fake)=0.16 gnG=23.01 gnD=15.44 it_per_s=4.87
2026-10-03 21:51:07,374 INFO iter=644500 epoch=92 lr=7.43e-05 G=1.446 advA2B=0.534 advB2A=0.661 cycA=0.120 cycB=0.132 idtA=0.165 idtB=0.164 D_A=0.085 D_B=0.134 D_A(real)=0.84 D_A(fake)=0.16 gnG=23.03 gnD=15.43 it_per_s=4.86
2026-10-03 21:51:30,144 INFO iter=644600 epoch=92 lr=7.41e-05 G=1.447 advA2B=0.535 advB2A=0.661 cycA=0.120 cycB=0.131 idtA=0.165 idtB=0.163 D_A=0.085 D_B=0.133 D_A(real)=0.84 D_A(fake)=0.16 gnG=23.07 gnD=15.42 it_per_s=4.84
2026-10-03 21:51:53,796 INFO iter=644700 epoch=92 lr=7.40e-05 G=1.450 advA2B=0.536 advB2A=0.663 cycA=0.120 cycB=0.132 idtA=0.165 idtB=0.164 D_A=0.085 D_B=0.133 D_A(real)=0.84 D_A(fake)=0.16 gnG=23.11 gnD=15.44 it_per_s=4.83
2026-10-03 21:52:14,516 INFO iter=644800 epoch=92 lr=7.38e-05 G=1.449 advA2B=0.536 advB2A=0.662 cycA=0.120 cycB=0.132 idtA=0.164 idtB=0.164 D_A=0.085 D_B=0.134 D_A(real)=0.84 D_A(fake)=0.16 gnG=23.07 gnD=15.46 it_per_s=4.83
2026-10-03 21:52:34,726 INFO iter=644900 epoch=92 lr=7.37e-05 G=1.447 advA2B=0.534 advB2A=0.662 cycA=0.120 cycB=0.132 idtA=0.164 idtB=0.163 D_A=0.085 D_B=0.134 D_A(real)=0.84 D_A(fake)=0.16 gnG=23.05 gnD=15.46 it_per_s=4.83
2026-10-03 21:52:54,865 INFO iter=645000 epoch=92 lr=7.35e-05 G=1.447 advA2B=0.534 advB2A=0.662 cycA=0.119 cycB=0.131 idtA=0.164 idtB=0.164 D_A=0.085 D_B=0.133 D_A(real)=0.84 D_A(fake)=0.16 gnG=23.13 gnD=15.45 it_per_s=4.83
2026-10-03 21:53:15,018 INFO iter=645100 epoch=92 lr=7.34e-05 G=1.446 advA2B=0.534 advB2A=0.661 cycA=0.119 cycB=0.131 idtA=0.164 idtB=0.164 D_A=0.085 D_B=0.134 D_A(real)=0.84 D_A(fake)=0.16 gnG=23.11 gnD=15.45 it_per_s=4.84
2026-10-03 21:53:35,213 INFO iter=645200 epoch=92 lr=7.33e-05 G=1.447 advA2B=0.534 advB2A=0.662 cycA=0.119 cycB=0.132 idtA=0.164 idtB=0.164 D_A=0.085 D_B=0.133 D_A(real)=0.84 D_A(fake)=0.16 gnG=23.17 gnD=15.42 it_per_s=4.84
2026-10-03 21:53:55,462 INFO iter=645300 epoch=92 lr=7.31e-05 G=1.446 advA2B=0.534 advB2A=0.661 cycA=0.119 cycB=0.132 idtA=0.164 idtB=0.163 D_A=0.085 D_B=0.133 D_A(real)=0.84 D_A(fake)=0.16 gnG=23.23 gnD=15.42 it_per_s=4.84
2026-10-03 21:54:15,653 INFO iter=645400 epoch=92 lr=7.30e-05 G=1.447 advA2B=0.535 advB2A=0.660 cycA=0.120 cycB=0.132 idtA=0.164 idtB=0.164 D_A=0.085 D_B=0.133 D_A(real)=0.84 D_A(fake)=0.16 gnG=23.24 gnD=15.42 it_per_s=4.84
2026-10-03 21:54:35,851 INFO iter=645500 epoch=92 lr=7.28e-05 G=1.447 advA2B=0.535 advB2A=0.660 cycA=0.120 cycB=0.132 idtA=0.164 idtB=0.165 D_A=0.085 D_B=0.133 D_A(real)=0.84 D_A(fake)=0.16 gnG=23.25 gnD=15.41 it_per_s=4.84
2026-10-03 21:54:56,030 INFO iter=645600 epoch=92 lr=7.27e-05 G=1.445 advA2B=0.535 advB2A=0.660 cycA=0.119 cycB=0.132 idtA=0.164 idtB=0.164 D_A=0.085 D_B=0.133 D_A(real)=0.84 D_A(fake)=0.16 gnG=23.26 gnD=15.40 it_per_s=4.85
2026-10-03 21:55:16,209 INFO iter=645700 epoch=92 lr=7.26e-05 G=1.446 advA2B=0.536 advB2A=0.659 cycA=0.119 cycB=0.132 idtA=0.164 idtB=0.164 D_A=0.085 D_B=0.133 D_A(real)=0.84 D_A(fake)=0.16 gnG=23.27 gnD=15.40 it_per_s=4.85
2026-10-03 21:55:36,364 INFO iter=645800 epoch=92 lr=7.24e-05 G=1.445 advA2B=0.536 advB2A=0.659 cycA=0.119 cycB=0.131 idtA=0.164 idtB=0.164 D_A=0.085 D_B=0.133 D_A(real)=0.84 D_A(fake)=0.16 gnG=23.26 gnD=15.42 it_per_s=4.85
2026-10-03 21:55:56,546 INFO iter=645900 epoch=92 lr=7.23e-05 G=1.445 advA2B=0.536 advB2A=0.659 cycA=0.119 cycB=0.132 idtA=0.164 idtB=0.164 D_A=0.085 D_B=0.133 D_A(real)=0.84 D_A(fake)=0.16 gnG=23.28 gnD=15.44 it_per_s=4.85
2026-10-03 21:56:16,758 INFO iter=646000 epoch=92 lr=7.21e-05 G=1.447 advA2B=0.536 advB2A=0.660 cycA=0.119 cycB=0.132 idtA=0.165 idtB=0.164 D_A=0.085 D_B=0.133 D_A(real)=0.84 D_A(fake)=0.16 gnG=23.29 gnD=15.46 it_per_s=4.85
2026-10-03 21:56:36,949 INFO iter=646100 epoch=92 lr=7.20e-05 G=1.447 advA2B=0.537 advB2A=0.660 cycA=0.119 cycB=0.132 idtA=0.165 idtB=0.164 D_A=0.085 D_B=0.133 D_A(real)=0.84 D_A(fake)=0.16 gnG=23.30 gnD=15.45 it_per_s=4.86
2026-10-03 21:56:57,107 INFO iter=646200 epoch=92 lr=7.18e-05 G=1.446 advA2B=0.536 advB2A=0.660 cycA=0.119 cycB=0.132 idtA=0.165 idtB=0.164 D_A=0.085 D_B=0.133 D_A(real)=0.84 D_A(fake)=0.16 gnG=23.32 gnD=15.46 it_per_s=4.86
2026-10-03 21:57:17,293 INFO iter=646300 epoch=92 lr=7.17e-05 G=1.446 advA2B=0.536 advB2A=0.660 cycA=0.119 cycB=0.131 idtA=0.165 idtB=0.164 D_A=0.085 D_B=0.133 D_A(real)=0.84 D_A(fake)=0.16 gnG=23.29 gnD=15.48 it_per_s=4.86
2026-10-03 21:57:37,489 INFO iter=646400 epoch=92 lr=7.16e-05 G=1.446 advA2B=0.535 advB2A=0.661 cycA=0.119 cycB=0.131 idtA=0.165 idtB=0.163 D_A=0.085 D_B=0.134 D_A(real)=0.84 D_A(fake)=0.16 gnG=23.28 gnD=15.49 it_per_s=4.86
2026-10-03 21:57:57,664 INFO iter=646500 epoch=92 lr=7.14e-05 G=1.446 advA2B=0.535 advB2A=0.661 cycA=0.119 cycB=0.131 idtA=0.165 idtB=0.163 D_A=0.085 D_B=0.134 D_A(real)=0.84 D_A(fake)=0.16 gnG=23.27 gnD=15.50 it_per_s=4.86
2026-10-03 21:58:17,832 INFO iter=646600 epoch=92 lr=7.13e-05 G=1.447 advA2B=0.535 advB2A=0.662 cycA=0.119 cycB=0.132 idtA=0.165 idtB=0.163 D_A=0.085 D_B=0.134 D_A(real)=0.84 D_A(fake)=0.16 gnG=23.26 gnD=15.52 it_per_s=4.86
2026-10-03 21:58:38,028 INFO iter=646700 epoch=92 lr=7.11e-05 G=1.447 advA2B=0.535 advB2A=0.662 cycA=0.119 cycB=0.132 idtA=0.165 idtB=0.163 D_A=0.085 D_B=0.134 D_A(real)=0.84 D_A(fake)=0.16 gnG=23.26 gnD=15.52 it_per_s=4.87
2026-10-03 21:58:58,238 INFO iter=646800 epoch=92 lr=7.10e-05 G=1.447 advA2B=0.534 advB2A=0.663 cycA=0.119 cycB=0.132 idtA=0.165 idtB=0.163 D_A=0.085 D_B=0.134 D_A(real)=0.84 D_A(fake)=0.16 gnG=23.25 gnD=15.52 it_per_s=4.87
2026-10-03 21:59:18,431 INFO iter=646900 epoch=92 lr=7.08e-05 G=1.447 advA2B=0.533 advB2A=0.663 cycA=0.119 cycB=0.132 idtA=0.165 idtB=0.163 D_A=0.085 D_B=0.134 D_A(real)=0.84 D_A(fake)=0.16 gnG=23.26 gnD=15.53 it_per_s=4.87
2026-10-03 21:59:38,630 INFO iter=647000 epoch=92 lr=7.07e-05 G=1.446 advA2B=0.533 advB2A=0.663 cycA=0.119 cycB=0.132 idtA=0.165 idtB=0.162 D_A=0.085 D_B=0.134 D_A(real)=0.84 D_A(fake)=0.16 gnG=23.25 gnD=15.54 it_per_s=4.87
2026-10-03 21:59:58,826 INFO iter=647100 epoch=92 lr=7.06e-05 G=1.446 advA2B=0.533 advB2A=0.663 cycA=0.119 cycB=0.132 idtA=0.165 idtB=0.162 D_A=0.085 D_B=0.133 D_A(real)=0.84 D_A(fake)=0.16 gnG=23.23 gnD=15.53 it_per_s=4.87
2026-10-03 22:00:19,024 INFO iter=647200 epoch=92 lr=7.04e-05 G=1.447 advA2B=0.533 advB2A=0.663 cycA=0.119 cycB=0.132 idtA=0.165 idtB=0.162 D_A=0.085 D_B=0.133 D_A(real)=0.84 D_A(fake)=0.16 gnG=23.23 gnD=15.54 it_per_s=4.87
2026-10-03 22:00:39,186 INFO iter=647300 epoch=92 lr=7.03e-05 G=1.448 advA2B=0.534 advB2A=0.663 cycA=0.119 cycB=0.132 idtA=0.165 idtB=0.162 D_A=0.085 D_B=0.133 D_A(real)=0.84 D_A(fake)=0.16 gnG=23.42 gnD=15.55 it_per_s=4.87
2026-10-03 22:00:59,329 INFO iter=647400 epoch=92 lr=7.01e-05 G=1.446 advA2B=0.534 advB2A=0.662 cycA=0.119 cycB=0.132 idtA=0.165 idtB=0.162 D_A=0.085 D_B=0.133 D_A(real)=0.84 D_A(fake)=0.16 gnG=23.39 gnD=15.53 it_per_s=4.87
2026-10-03 22:01:18,665 INFO epoch=92 done time_s=1444 it_per_s=4.88 G=1.447 cycA=0.119 cycB=0.132 idtA=0.165 idtB=0.162 D_A=0.085 D_B=0.133 D_A(real)=0.84 D_A(fake)=0.16 nan_count=0
2026-10-03 22:01:20,489 INFO iter=647500 epoch=93 lr=7.00e-05 G=1.210 advA2B=0.210 advB2A=0.727 cycA=0.119 cycB=0.153 idtA=0.187 idtB=0.237 D_A=0.064 D_B=0.244 D_A(real)=0.92 D_A(fake)=0.03 gnG=13.94 gnD=19.91 it_per_s=4.89
2026-10-03 22:01:41,485 INFO iter=647600 epoch=93 lr=6.99e-05 G=1.586 advA2B=0.564 advB2A=0.773 cycA=0.118 cycB=0.132 idtA=0.188 idtB=0.225 D_A=0.084 D_B=0.146 D_A(real)=0.84 D_A(fake)=0.16 gnG=24.50 gnD=16.05 it_per_s=4.77
2026-10-03 22:02:04,834 INFO iter=647700 epoch=93 lr=6.97e-05 G=1.563 advA2B=0.568 advB2A=0.738 cycA=0.123 cycB=0.134 idtA=0.185 idtB=0.198 D_A=0.086 D_B=0.143 D_A(real)=0.84 D_A(fake)=0.16 gnG=24.22 gnD=15.99 it_per_s=4.52
2026-10-03 22:02:28,453 INFO iter=647800 epoch=93 lr=6.96e-05 G=1.540 advA2B=0.568 advB2A=0.717 cycA=0.124 cycB=0.132 idtA=0.179 idtB=0.189 D_A=0.083 D_B=0.140 D_A(real)=0.84 D_A(fake)=0.15 gnG=24.99 gnD=15.79 it_per_s=4.42
2026-10-03 22:02:52,335 INFO iter=647900 epoch=93 lr=6.94e-05 G=1.531 advA2B=0.558 advB2A=0.718 cycA=0.123 cycB=0.133 idtA=0.182 idtB=0.185 D_A=0.084 D_B=0.138 D_A(real)=0.84 D_A(fake)=0.16 gnG=24.30 gnD=15.66 it_per_s=4.36
2026-10-03 22:03:14,386 INFO iter=648000 epoch=93 lr=6.93e-05 G=1.523 advA2B=0.555 advB2A=0.713 cycA=0.121 cycB=0.134 idtA=0.179 idtB=0.181 D_A=0.084 D_B=0.137 D_A(real)=0.84 D_A(fake)=0.16 gnG=24.44 gnD=15.74 it_per_s=4.39
2026-10-03 22:03:37,481 INFO iter=648100 epoch=93 lr=6.91e-05 G=1.517 advA2B=0.555 advB2A=0.707 cycA=0.121 cycB=0.134 idtA=0.178 idtB=0.182 D_A=0.084 D_B=0.137 D_A(real)=0.84 D_A(fake)=0.16 gnG=24.41 gnD=15.72 it_per_s=4.38
2026-10-03 22:03:57,776 INFO iter=648200 epoch=93 lr=6.90e-05 G=1.516 advA2B=0.555 advB2A=0.707 cycA=0.120 cycB=0.134 idtA=0.178 idtB=0.179 D_A=0.084 D_B=0.133 D_A(real)=0.84 D_A(fake)=0.16 gnG=24.42 gnD=15.60 it_per_s=4.45
2026-10-03 22:04:20,914 INFO iter=648300 epoch=93 lr=6.89e-05 G=1.520 advA2B=0.557 advB2A=0.709 cycA=0.120 cycB=0.134 idtA=0.178 idtB=0.179 D_A=0.083 D_B=0.135 D_A(real)=0.84 D_A(fake)=0.16 gnG=24.45 gnD=15.70 it_per_s=4.44
2026-10-03 22:04:42,409 INFO iter=648400 epoch=93 lr=6.87e-05 G=1.510 advA2B=0.553 advB2A=0.704 cycA=0.120 cycB=0.134 idtA=0.178 idtB=0.177 D_A=0.083 D_B=0.135 D_A(real)=0.84 D_A(fake)=0.16 gnG=24.36 gnD=15.69 it_per_s=4.46
2026-10-03 22:05:06,319 INFO iter=648500 epoch=93 lr=6.86e-05 G=1.510 advA2B=0.552 advB2A=0.705 cycA=0.120 cycB=0.133 idtA=0.176 idtB=0.177 D_A=0.083 D_B=0.135 D_A(real)=0.84 D_A(fake)=0.16 gnG=24.20 gnD=15.71 it_per_s=4.43
2026-10-03 22:05:30,008 INFO iter=648600 epoch=93 lr=6.84e-05 G=1.501 advA2B=0.548 advB2A=0.701 cycA=0.120 cycB=0.132 idtA=0.175 idtB=0.178 D_A=0.084 D_B=0.134 D_A(real)=0.84 D_A(fake)=0.16 gnG=24.24 gnD=15.70 it_per_s=4.41
2026-10-03 22:05:53,769 INFO iter=648700 epoch=93 lr=6.83e-05 G=1.507 advA2B=0.555 advB2A=0.701 cycA=0.119 cycB=0.132 idtA=0.173 idtB=0.178 D_A=0.085 D_B=0.134 D_A(real)=0.84 D_A(fake)=0.16 gnG=24.59 gnD=15.75 it_per_s=4.39
2026-10-03 22:06:15,343 INFO iter=648800 epoch=93 lr=6.81e-05 G=1.506 advA2B=0.556 advB2A=0.698 cycA=0.120 cycB=0.132 idtA=0.173 idtB=0.177 D_A=0.085 D_B=0.133 D_A(real)=0.84 D_A(fake)=0.16 gnG=24.92 gnD=15.73 it_per_s=4.41
2026-10-03 22:06:39,245 INFO iter=648900 epoch=93 lr=6.80e-05 G=1.518 advA2B=0.565 advB2A=0.701 cycA=0.120 cycB=0.132 idtA=0.171 idtB=0.175 D_A=0.085 D_B=0.133 D_A(real)=0.84 D_A(fake)=0.16 gnG=25.69 gnD=15.72 it_per_s=4.39
2026-10-03 22:07:02,955 INFO iter=649000 epoch=93 lr=6.79e-05 G=1.519 advA2B=0.562 advB2A=0.704 cycA=0.120 cycB=0.133 idtA=0.172 idtB=0.175 D_A=0.085 D_B=0.133 D_A(real)=0.84 D_A(fake)=0.16 gnG=25.57 gnD=15.74 it_per_s=4.38
2026-10-03 22:07:23,654 INFO iter=649100 epoch=93 lr=6.77e-05 G=1.527 advA2B=0.570 advB2A=0.704 cycA=0.120 cycB=0.133 idtA=0.171 idtB=0.175 D_A=0.085 D_B=0.132 D_A(real)=0.84 D_A(fake)=0.16 gnG=26.01 gnD=15.70 it_per_s=4.41
2026-10-03 22:07:43,829 INFO iter=649200 epoch=93 lr=6.76e-05 G=1.528 advA2B=0.573 advB2A=0.703 cycA=0.120 cycB=0.133 idtA=0.170 idtB=0.174 D_A=0.084 D_B=0.132 D_A(real)=0.84 D_A(fake)=0.16 gnG=25.88 gnD=15.69 it_per_s=4.44
