2026-10-04 05:48:21,070 INFO generator optimiser state not restored (frozen generators change the parameter set)
2026-10-04 05:48:21,071 INFO resumed from C:\Users\chaitanya\Documents\GEN_AI_LAB1\task3_gan\member_chaitanya\checkpoints\full_run13\latest.pt at epoch 112 iter 788256
2026-10-04 05:48:21,188 INFO initialised G_A2B from task3_gan/member_chaitanya/checkpoints/full_blends/epoch_p6/G_A2B.pt
2026-10-04 05:48:21,302 INFO initialised G_B2A from task3_gan/member_chaitanya/checkpoints/full_blends/epoch_p6/G_B2A.pt
2026-10-04 05:48:21,304 INFO frozen generators: ['G_B2A']; training the other generator only
2026-10-04 05:48:21,308 INFO resumed EMA weights from C:\Users\chaitanya\Documents\GEN_AI_LAB1\task3_gan\member_chaitanya\checkpoints\full_run13\latest.pt
2026-10-04 05:48:21,310 INFO EMA for G_A2B reset to its initialised weights
2026-10-04 05:48:21,311 INFO EMA for G_B2A reset to its initialised weights
2026-10-04 05:48:21,312 INFO generator EMA enabled, decay=0.9999
2026-10-04 05:48:21,312 INFO run_id=full_run13 config=task3_gan/member_chaitanya/configs/full_run13.yaml
2026-10-04 05:48:21,312 INFO config={"run_id": "full_run13", "seed": 1337, "data": {"monet_dir": "task3_gan/data/monet_jpg", "photo_dir": "task3_gan/data/photo_jpg", "load_size": 256, "crop_size": 256, "hflip": true, "num_workers": 4}, "model": {"ngf": 64, "n_res_blocks": 9, "n_downsampling": 2, "upsampling": "nearest_conv", "ndf": 64, "d_scales": 2, "norm": "instance", "init_std": 0.02}, "loss": {"adversarial": "lsgan", "lambda_cycle": 2.0, "lambda_identity": 0.0, "d_loss_scale": 0.5}, "training": {"batch_size": 1, "epochs": 120, "constant_lr_epochs": 112, "lr_g": 5e-05, "lr_d": 5e-05, "betas": [0.5, 0.999], "pool_size": 50, "precision": "fp32", "cudnn_benchmark": true, "diffaugment_monet_d": true, "diffaugment_photo_d": true, "ema_decay": 0.9999, "freeze_generators": ["G_B2A"], "init_generators": {"G_A2B": "task3_gan/member_chaitanya/checkpoints/full_blends/epoch_p6/G_A2B.pt", "G_B2A": "task3_gan/member_chaitanya/checkpoints/full_blends/epoch_p6/G_B2A.pt"}, "log_every_iters": 100, "grid_every_epochs": 1, "checkpoint_every_epochs": 2, "num_fixed_samples": 4}}
2026-10-04 05:48:21,340 INFO hardware=GPU: NVIDIA GeForce RTX 4090; CPU: AMD64 Family 25 Model 97 Stepping 2, AuthenticAMD torch=2.11.0+cu128
2026-10-04 05:48:21,340 INFO photos=7038 monets=300 iters_per_epoch=7038 total_iters=844560 params={"G_A2B": 11378179, "G_B2A": 11378179, "D_A": 5529474, "D_B": 5529474}
2026-10-04 05:49:49,919 INFO iter=788300 epoch=113 lr=5.00e-05 G=1.643 advA2B=0.521 advB2A=0.718 cycA=0.093 cycB=0.109 idtA=0.146 idtB=0.113 D_A=0.111 D_B=0.179 D_A(real)=0.90 D_A(fake)=0.10 gnG=10.21 gnD=11.25 it_per_s=0.50
2026-10-04 05:50:09,668 INFO iter=788400 epoch=113 lr=4.99e-05 G=1.507 advA2B=0.410 advB2A=0.687 cycA=0.098 cycB=0.107 idtA=0.150 idtB=0.114 D_A=0.127 D_B=0.186 D_A(real)=0.90 D_A(fake)=0.10 gnG=9.14 gnD=11.12 it_per_s=1.33
2026-10-04 05:50:33,219 INFO iter=788500 epoch=113 lr=4.98e-05 G=1.487 advA2B=0.393 advB2A=0.683 cycA=0.099 cycB=0.107 idtA=0.150 idtB=0.113 D_A=0.128 D_B=0.193 D_A(real)=0.90 D_A(fake)=0.10 gnG=7.84 gnD=10.61 it_per_s=1.85
2026-10-04 05:50:53,669 INFO iter=788600 epoch=113 lr=4.97e-05 G=1.485 advA2B=0.394 advB2A=0.674 cycA=0.101 cycB=0.107 idtA=0.152 idtB=0.118 D_A=0.128 D_B=0.192 D_A(real)=0.90 D_A(fake)=0.10 gnG=7.52 gnD=10.41 it_per_s=2.26
2026-10-04 05:51:14,880 INFO iter=788700 epoch=113 lr=4.96e-05 G=1.483 advA2B=0.396 advB2A=0.672 cycA=0.101 cycB=0.107 idtA=0.151 idtB=0.117 D_A=0.129 D_B=0.190 D_A(real)=0.90 D_A(fake)=0.10 gnG=7.63 gnD=10.18 it_per_s=2.56
2026-10-04 05:51:37,714 INFO iter=788800 epoch=113 lr=4.95e-05 G=1.480 advA2B=0.394 advB2A=0.671 cycA=0.101 cycB=0.107 idtA=0.151 idtB=0.118 D_A=0.131 D_B=0.189 D_A(real)=0.90 D_A(fake)=0.10 gnG=7.66 gnD=9.99 it_per_s=2.77
2026-10-04 05:51:57,867 INFO iter=788900 epoch=113 lr=4.94e-05 G=1.474 advA2B=0.396 advB2A=0.661 cycA=0.101 cycB=0.107 idtA=0.151 idtB=0.119 D_A=0.131 D_B=0.188 D_A(real)=0.90 D_A(fake)=0.10 gnG=8.05 gnD=9.88 it_per_s=2.97
2026-10-04 05:52:19,667 INFO iter=789000 epoch=113 lr=4.93e-05 G=1.471 advA2B=0.399 advB2A=0.656 cycA=0.101 cycB=0.107 idtA=0.152 idtB=0.121 D_A=0.130 D_B=0.186 D_A(real)=0.90 D_A(fake)=0.10 gnG=8.23 gnD=9.65 it_per_s=3.12
2026-10-04 05:52:39,798 INFO iter=789100 epoch=113 lr=4.93e-05 G=1.468 advA2B=0.405 advB2A=0.649 cycA=0.101 cycB=0.107 idtA=0.152 idtB=0.123 D_A=0.131 D_B=0.185 D_A(real)=0.90 D_A(fake)=0.10 gnG=8.46 gnD=9.51 it_per_s=3.27
2026-10-04 05:53:00,872 INFO iter=789200 epoch=113 lr=4.92e-05 G=1.470 advA2B=0.409 advB2A=0.648 cycA=0.100 cycB=0.107 idtA=0.152 idtB=0.123 D_A=0.131 D_B=0.184 D_A(real)=0.90 D_A(fake)=0.10 gnG=8.85 gnD=9.44 it_per_s=3.38
2026-10-04 05:53:20,555 INFO iter=789300 epoch=113 lr=4.91e-05 G=1.478 advA2B=0.415 advB2A=0.648 cycA=0.100 cycB=0.107 idtA=0.152 idtB=0.124 D_A=0.131 D_B=0.182 D_A(real)=0.90 D_A(fake)=0.10 gnG=8.94 gnD=9.34 it_per_s=3.49
2026-10-04 05:53:43,668 INFO iter=789400 epoch=113 lr=4.90e-05 G=1.484 advA2B=0.420 advB2A=0.648 cycA=0.101 cycB=0.108 idtA=0.151 idtB=0.124 D_A=0.130 D_B=0.181 D_A(real)=0.90 D_A(fake)=0.10 gnG=9.15 gnD=9.24 it_per_s=3.55
2026-10-04 05:54:03,479 INFO iter=789500 epoch=113 lr=4.89e-05 G=1.490 advA2B=0.423 advB2A=0.652 cycA=0.100 cycB=0.108 idtA=0.151 idtB=0.123 D_A=0.129 D_B=0.179 D_A(real)=0.90 D_A(fake)=0.10 gnG=9.40 gnD=9.16 it_per_s=3.64
2026-10-04 05:54:24,910 INFO iter=789600 epoch=113 lr=4.88e-05 G=1.494 advA2B=0.429 advB2A=0.651 cycA=0.100 cycB=0.107 idtA=0.151 idtB=0.122 D_A=0.129 D_B=0.178 D_A(real)=0.90 D_A(fake)=0.10 gnG=9.70 gnD=9.11 it_per_s=3.70
2026-10-04 05:54:48,037 INFO iter=789700 epoch=113 lr=4.87e-05 G=1.494 advA2B=0.432 advB2A=0.649 cycA=0.100 cycB=0.107 idtA=0.152 idtB=0.121 D_A=0.129 D_B=0.177 D_A(real)=0.90 D_A(fake)=0.10 gnG=9.59 gnD=9.08 it_per_s=3.73
2026-10-04 05:55:05,700 INFO iter=789800 epoch=113 lr=4.86e-05 G=1.498 advA2B=0.436 advB2A=0.649 cycA=0.100 cycB=0.107 idtA=0.152 idtB=0.121 D_A=0.129 D_B=0.175 D_A(real)=0.89 D_A(fake)=0.10 gnG=9.67 gnD=9.02 it_per_s=3.82
2026-10-04 05:55:28,942 INFO iter=789900 epoch=113 lr=4.85e-05 G=1.501 advA2B=0.437 advB2A=0.651 cycA=0.100 cycB=0.107 idtA=0.152 idtB=0.120 D_A=0.128 D_B=0.175 D_A(real)=0.90 D_A(fake)=0.10 gnG=9.73 gnD=9.01 it_per_s=3.84
2026-10-04 05:55:49,858 INFO iter=790000 epoch=113 lr=4.85e-05 G=1.501 advA2B=0.438 advB2A=0.649 cycA=0.100 cycB=0.107 idtA=0.152 idtB=0.120 D_A=0.128 D_B=0.174 D_A(real)=0.90 D_A(fake)=0.10 gnG=9.86 gnD=8.98 it_per_s=3.89
2026-10-04 05:56:10,178 INFO iter=790100 epoch=113 lr=4.84e-05 G=1.504 advA2B=0.442 advB2A=0.649 cycA=0.100 cycB=0.107 idtA=0.152 idtB=0.120 D_A=0.128 D_B=0.174 D_A(real)=0.90 D_A(fake)=0.10 gnG=10.03 gnD=8.95 it_per_s=3.93
2026-10-04 05:56:33,284 INFO iter=790200 epoch=113 lr=4.83e-05 G=1.506 advA2B=0.443 advB2A=0.648 cycA=0.100 cycB=0.107 idtA=0.152 idtB=0.120 D_A=0.128 D_B=0.174 D_A(real)=0.90 D_A(fake)=0.10 gnG=10.14 gnD=8.95 it_per_s=3.95
2026-10-04 05:56:51,009 INFO iter=790300 epoch=113 lr=4.82e-05 G=1.506 advA2B=0.444 advB2A=0.648 cycA=0.101 cycB=0.107 idtA=0.152 idtB=0.120 D_A=0.128 D_B=0.174 D_A(real)=0.90 D_A(fake)=0.10 gnG=10.14 gnD=8.93 it_per_s=4.01
2026-10-04 05:57:14,280 INFO iter=790400 epoch=113 lr=4.81e-05 G=1.509 advA2B=0.447 advB2A=0.648 cycA=0.101 cycB=0.106 idtA=0.152 idtB=0.120 D_A=0.127 D_B=0.173 D_A(real)=0.90 D_A(fake)=0.10 gnG=10.30 gnD=8.90 it_per_s=4.02
2026-10-04 05:57:33,746 INFO iter=790500 epoch=113 lr=4.80e-05 G=1.514 advA2B=0.450 advB2A=0.650 cycA=0.101 cycB=0.107 idtA=0.152 idtB=0.121 D_A=0.127 D_B=0.172 D_A(real)=0.90 D_A(fake)=0.10 gnG=10.46 gnD=8.88 it_per_s=4.06
2026-10-04 05:57:55,536 INFO iter=790600 epoch=113 lr=4.79e-05 G=1.517 advA2B=0.453 advB2A=0.649 cycA=0.101 cycB=0.107 idtA=0.152 idtB=0.121 D_A=0.127 D_B=0.171 D_A(real)=0.90 D_A(fake)=0.10 gnG=10.74 gnD=8.87 it_per_s=4.08
2026-10-04 05:58:18,407 INFO iter=790700 epoch=113 lr=4.78e-05 G=1.515 advA2B=0.453 advB2A=0.648 cycA=0.101 cycB=0.106 idtA=0.152 idtB=0.121 D_A=0.127 D_B=0.171 D_A(real)=0.90 D_A(fake)=0.10 gnG=10.83 gnD=8.86 it_per_s=4.09
2026-10-04 05:58:36,574 INFO iter=790800 epoch=113 lr=4.77e-05 G=1.516 advA2B=0.454 advB2A=0.648 cycA=0.101 cycB=0.106 idtA=0.153 idtB=0.121 D_A=0.127 D_B=0.171 D_A(real)=0.90 D_A(fake)=0.10 gnG=10.87 gnD=8.84 it_per_s=4.13
2026-10-04 05:58:59,784 INFO iter=790900 epoch=113 lr=4.77e-05 G=1.517 advA2B=0.454 advB2A=0.649 cycA=0.101 cycB=0.106 idtA=0.153 idtB=0.120 D_A=0.127 D_B=0.171 D_A(real)=0.90 D_A(fake)=0.10 gnG=10.86 gnD=8.83 it_per_s=4.14
2026-10-04 05:59:17,235 INFO iter=791000 epoch=113 lr=4.76e-05 G=1.519 advA2B=0.456 advB2A=0.649 cycA=0.101 cycB=0.106 idtA=0.153 idtB=0.120 D_A=0.127 D_B=0.170 D_A(real)=0.90 D_A(fake)=0.10 gnG=10.93 gnD=8.83 it_per_s=4.18
2026-10-04 05:59:33,082 INFO iter=791100 epoch=113 lr=4.75e-05 G=1.521 advA2B=0.458 advB2A=0.649 cycA=0.101 cycB=0.106 idtA=0.153 idtB=0.120 D_A=0.127 D_B=0.170 D_A(real)=0.90 D_A(fake)=0.10 gnG=11.08 gnD=8.82 it_per_s=4.23
2026-10-04 05:59:49,012 INFO iter=791200 epoch=113 lr=4.74e-05 G=1.523 advA2B=0.459 advB2A=0.649 cycA=0.101 cycB=0.107 idtA=0.153 idtB=0.121 D_A=0.127 D_B=0.169 D_A(real)=0.90 D_A(fake)=0.10 gnG=11.22 gnD=8.81 it_per_s=4.28
2026-10-04 06:00:06,510 INFO iter=791300 epoch=113 lr=4.73e-05 G=1.521 advA2B=0.459 advB2A=0.647 cycA=0.101 cycB=0.107 idtA=0.153 idtB=0.121 D_A=0.127 D_B=0.169 D_A(real)=0.90 D_A(fake)=0.10 gnG=11.15 gnD=8.81 it_per_s=4.32
2026-10-04 06:00:28,890 INFO iter=791400 epoch=113 lr=4.72e-05 G=1.522 advA2B=0.459 advB2A=0.648 cycA=0.101 cycB=0.107 idtA=0.153 idtB=0.120 D_A=0.127 D_B=0.169 D_A(real)=0.90 D_A(fake)=0.10 gnG=11.13 gnD=8.80 it_per_s=4.32
2026-10-04 06:00:53,701 INFO iter=791500 epoch=113 lr=4.71e-05 G=1.520 advA2B=0.459 advB2A=0.647 cycA=0.101 cycB=0.106 idtA=0.153 idtB=0.120 D_A=0.127 D_B=0.169 D_A(real)=0.90 D_A(fake)=0.10 gnG=11.03 gnD=8.80 it_per_s=4.31
2026-10-04 06:01:18,425 INFO iter=791600 epoch=113 lr=4.70e-05 G=1.521 advA2B=0.460 advB2A=0.647 cycA=0.101 cycB=0.106 idtA=0.153 idtB=0.120 D_A=0.127 D_B=0.168 D_A(real)=0.90 D_A(fake)=0.10 gnG=10.95 gnD=8.80 it_per_s=4.30
2026-10-04 06:01:43,243 INFO iter=791700 epoch=113 lr=4.69e-05 G=1.521 advA2B=0.461 advB2A=0.647 cycA=0.100 cycB=0.106 idtA=0.153 idtB=0.120 D_A=0.126 D_B=0.168 D_A(real)=0.90 D_A(fake)=0.10 gnG=10.86 gnD=8.80 it_per_s=4.29
2026-10-04 06:02:00,804 INFO iter=791800 epoch=113 lr=4.69e-05 G=1.522 advA2B=0.462 advB2A=0.646 cycA=0.100 cycB=0.106 idtA=0.153 idtB=0.120 D_A=0.126 D_B=0.168 D_A(real)=0.90 D_A(fake)=0.10 gnG=10.80 gnD=8.79 it_per_s=4.32
2026-10-04 06:02:17,341 INFO iter=791900 epoch=113 lr=4.68e-05 G=1.522 advA2B=0.463 advB2A=0.646 cycA=0.100 cycB=0.106 idtA=0.153 idtB=0.120 D_A=0.126 D_B=0.168 D_A(real)=0.90 D_A(fake)=0.10 gnG=10.76 gnD=8.79 it_per_s=4.36
2026-10-04 06:02:33,168 INFO iter=792000 epoch=113 lr=4.67e-05 G=1.524 advA2B=0.464 advB2A=0.647 cycA=0.100 cycB=0.106 idtA=0.153 idtB=0.120 D_A=0.126 D_B=0.167 D_A(real)=0.90 D_A(fake)=0.10 gnG=10.76 gnD=8.78 it_per_s=4.40
2026-10-04 06:02:48,942 INFO iter=792100 epoch=113 lr=4.66e-05 G=1.525 advA2B=0.464 advB2A=0.648 cycA=0.100 cycB=0.106 idtA=0.153 idtB=0.120 D_A=0.126 D_B=0.167 D_A(real)=0.90 D_A(fake)=0.10 gnG=10.67 gnD=8.80 it_per_s=4.43
2026-10-04 06:03:04,875 INFO iter=792200 epoch=113 lr=4.65e-05 G=1.524 advA2B=0.464 advB2A=0.647 cycA=0.100 cycB=0.106 idtA=0.153 idtB=0.120 D_A=0.126 D_B=0.167 D_A(real)=0.90 D_A(fake)=0.10 gnG=10.61 gnD=8.80 it_per_s=4.46
2026-10-04 06:03:20,973 INFO iter=792300 epoch=113 lr=4.64e-05 G=1.524 advA2B=0.464 advB2A=0.647 cycA=0.100 cycB=0.106 idtA=0.153 idtB=0.120 D_A=0.126 D_B=0.167 D_A(real)=0.90 D_A(fake)=0.10 gnG=10.59 gnD=8.80 it_per_s=4.50
2026-10-04 06:03:37,056 INFO iter=792400 epoch=113 lr=4.63e-05 G=1.523 advA2B=0.465 advB2A=0.647 cycA=0.100 cycB=0.106 idtA=0.153 idtB=0.119 D_A=0.126 D_B=0.167 D_A(real)=0.90 D_A(fake)=0.10 gnG=10.55 gnD=8.80 it_per_s=4.53
2026-10-04 06:03:53,161 INFO iter=792500 epoch=113 lr=4.62e-05 G=1.523 advA2B=0.465 advB2A=0.647 cycA=0.100 cycB=0.106 idtA=0.153 idtB=0.119 D_A=0.126 D_B=0.167 D_A(real)=0.90 D_A(fake)=0.10 gnG=10.50 gnD=8.80 it_per_s=4.55
2026-10-04 06:04:09,265 INFO iter=792600 epoch=113 lr=4.61e-05 G=1.523 advA2B=0.466 advB2A=0.646 cycA=0.100 cycB=0.106 idtA=0.153 idtB=0.119 D_A=0.125 D_B=0.167 D_A(real)=0.90 D_A(fake)=0.10 gnG=10.47 gnD=8.79 it_per_s=4.58
2026-10-04 06:04:25,240 INFO iter=792700 epoch=113 lr=4.61e-05 G=1.524 advA2B=0.466 advB2A=0.647 cycA=0.100 cycB=0.106 idtA=0.153 idtB=0.118 D_A=0.125 D_B=0.167 D_A(real)=0.90 D_A(fake)=0.10 gnG=10.44 gnD=8.79 it_per_s=4.61
2026-10-04 06:04:41,107 INFO iter=792800 epoch=113 lr=4.60e-05 G=1.523 advA2B=0.467 advB2A=0.646 cycA=0.100 cycB=0.106 idtA=0.153 idtB=0.118 D_A=0.125 D_B=0.167 D_A(real)=0.90 D_A(fake)=0.10 gnG=10.40 gnD=8.79 it_per_s=4.64
2026-10-04 06:04:57,045 INFO iter=792900 epoch=113 lr=4.59e-05 G=1.524 advA2B=0.467 advB2A=0.646 cycA=0.100 cycB=0.105 idtA=0.153 idtB=0.118 D_A=0.125 D_B=0.167 D_A(real)=0.90 D_A(fake)=0.10 gnG=10.38 gnD=8.79 it_per_s=4.66
2026-10-04 06:05:13,020 INFO iter=793000 epoch=113 lr=4.58e-05 G=1.524 advA2B=0.468 advB2A=0.646 cycA=0.100 cycB=0.105 idtA=0.153 idtB=0.118 D_A=0.125 D_B=0.166 D_A(real)=0.90 D_A(fake)=0.10 gnG=10.36 gnD=8.79 it_per_s=4.69
2026-10-04 06:05:29,048 INFO iter=793100 epoch=113 lr=4.57e-05 G=1.525 advA2B=0.469 advB2A=0.646 cycA=0.100 cycB=0.105 idtA=0.153 idtB=0.118 D_A=0.125 D_B=0.166 D_A(real)=0.90 D_A(fake)=0.10 gnG=10.36 gnD=8.80 it_per_s=4.71
2026-10-04 06:05:44,879 INFO iter=793200 epoch=113 lr=4.56e-05 G=1.526 advA2B=0.470 advB2A=0.646 cycA=0.100 cycB=0.105 idtA=0.153 idtB=0.118 D_A=0.125 D_B=0.166 D_A(real)=0.90 D_A(fake)=0.10 gnG=10.33 gnD=8.80 it_per_s=4.74
2026-10-04 06:06:00,643 INFO iter=793300 epoch=113 lr=4.55e-05 G=1.526 advA2B=0.470 advB2A=0.646 cycA=0.100 cycB=0.105 idtA=0.153 idtB=0.118 D_A=0.125 D_B=0.166 D_A(real)=0.90 D_A(fake)=0.10 gnG=10.30 gnD=8.80 it_per_s=4.76
2026-10-04 06:06:16,480 INFO iter=793400 epoch=113 lr=4.54e-05 G=1.527 advA2B=0.471 advB2A=0.646 cycA=0.100 cycB=0.105 idtA=0.153 idtB=0.118 D_A=0.125 D_B=0.166 D_A(real)=0.90 D_A(fake)=0.10 gnG=10.27 gnD=8.80 it_per_s=4.78
2026-10-04 06:06:32,300 INFO iter=793500 epoch=113 lr=4.53e-05 G=1.526 advA2B=0.471 advB2A=0.646 cycA=0.100 cycB=0.105 idtA=0.153 idtB=0.118 D_A=0.125 D_B=0.166 D_A(real)=0.90 D_A(fake)=0.10 gnG=10.25 gnD=8.80 it_per_s=4.81
2026-10-04 06:06:48,104 INFO iter=793600 epoch=113 lr=4.53e-05 G=1.526 advA2B=0.471 advB2A=0.645 cycA=0.100 cycB=0.105 idtA=0.153 idtB=0.118 D_A=0.125 D_B=0.166 D_A(real)=0.90 D_A(fake)=0.10 gnG=10.21 gnD=8.81 it_per_s=4.83
2026-10-04 06:07:03,931 INFO iter=793700 epoch=113 lr=4.52e-05 G=1.526 advA2B=0.472 advB2A=0.645 cycA=0.100 cycB=0.105 idtA=0.153 idtB=0.119 D_A=0.125 D_B=0.165 D_A(real)=0.90 D_A(fake)=0.10 gnG=10.21 gnD=8.82 it_per_s=4.85
2026-10-04 06:07:19,714 INFO iter=793800 epoch=113 lr=4.51e-05 G=1.526 advA2B=0.472 advB2A=0.645 cycA=0.100 cycB=0.105 idtA=0.153 idtB=0.119 D_A=0.125 D_B=0.165 D_A(real)=0.90 D_A(fake)=0.10 gnG=10.22 gnD=8.83 it_per_s=4.87
2026-10-04 06:07:35,593 INFO iter=793900 epoch=113 lr=4.50e-05 G=1.526 advA2B=0.473 advB2A=0.645 cycA=0.100 cycB=0.105 idtA=0.153 idtB=0.119 D_A=0.125 D_B=0.165 D_A(real)=0.89 D_A(fake)=0.10 gnG=10.19 gnD=8.83 it_per_s=4.89
2026-10-04 06:07:51,378 INFO iter=794000 epoch=113 lr=4.49e-05 G=1.527 advA2B=0.473 advB2A=0.644 cycA=0.099 cycB=0.105 idtA=0.153 idtB=0.119 D_A=0.124 D_B=0.165 D_A(real)=0.90 D_A(fake)=0.10 gnG=10.20 gnD=8.82 it_per_s=4.91
2026-10-04 06:08:07,194 INFO iter=794100 epoch=113 lr=4.48e-05 G=1.527 advA2B=0.474 advB2A=0.645 cycA=0.099 cycB=0.105 idtA=0.153 idtB=0.119 D_A=0.124 D_B=0.165 D_A(real)=0.89 D_A(fake)=0.11 gnG=10.21 gnD=8.81 it_per_s=4.93
2026-10-04 06:08:23,057 INFO iter=794200 epoch=113 lr=4.47e-05 G=1.527 advA2B=0.474 advB2A=0.645 cycA=0.099 cycB=0.105 idtA=0.153 idtB=0.119 D_A=0.124 D_B=0.165 D_A(real)=0.89 D_A(fake)=0.11 gnG=10.19 gnD=8.81 it_per_s=4.95
2026-10-04 06:08:38,914 INFO iter=794300 epoch=113 lr=4.46e-05 G=1.528 advA2B=0.474 advB2A=0.645 cycA=0.099 cycB=0.105 idtA=0.153 idtB=0.119 D_A=0.124 D_B=0.165 D_A(real)=0.89 D_A(fake)=0.11 gnG=10.19 gnD=8.82 it_per_s=4.96
2026-10-04 06:08:54,751 INFO iter=794400 epoch=113 lr=4.45e-05 G=1.528 advA2B=0.474 advB2A=0.645 cycA=0.099 cycB=0.105 idtA=0.153 idtB=0.119 D_A=0.124 D_B=0.165 D_A(real)=0.89 D_A(fake)=0.10 gnG=10.19 gnD=8.81 it_per_s=4.98
2026-10-04 06:09:10,634 INFO iter=794500 epoch=113 lr=4.45e-05 G=1.528 advA2B=0.475 advB2A=0.645 cycA=0.099 cycB=0.105 idtA=0.153 idtB=0.118 D_A=0.124 D_B=0.165 D_A(real)=0.89 D_A(fake)=0.11 gnG=10.20 gnD=8.82 it_per_s=5.00
2026-10-04 06:09:26,465 INFO iter=794600 epoch=113 lr=4.44e-05 G=1.527 advA2B=0.475 advB2A=0.644 cycA=0.099 cycB=0.105 idtA=0.153 idtB=0.118 D_A=0.124 D_B=0.165 D_A(real)=0.89 D_A(fake)=0.11 gnG=10.18 gnD=8.82 it_per_s=5.01
2026-10-04 06:09:42,277 INFO iter=794700 epoch=113 lr=4.43e-05 G=1.528 advA2B=0.475 advB2A=0.645 cycA=0.099 cycB=0.105 idtA=0.153 idtB=0.118 D_A=0.123 D_B=0.165 D_A(real)=0.89 D_A(fake)=0.11 gnG=10.17 gnD=8.82 it_per_s=5.03
2026-10-04 06:09:58,093 INFO iter=794800 epoch=113 lr=4.42e-05 G=1.529 advA2B=0.476 advB2A=0.645 cycA=0.099 cycB=0.105 idtA=0.153 idtB=0.119 D_A=0.123 D_B=0.165 D_A(real)=0.89 D_A(fake)=0.11 gnG=10.18 gnD=8.82 it_per_s=5.05
2026-10-04 06:10:13,878 INFO iter=794900 epoch=113 lr=4.41e-05 G=1.529 advA2B=0.476 advB2A=0.645 cycA=0.099 cycB=0.105 idtA=0.153 idtB=0.118 D_A=0.123 D_B=0.165 D_A(real)=0.89 D_A(fake)=0.11 gnG=10.18 gnD=8.82 it_per_s=5.06
2026-10-04 06:10:29,683 INFO iter=795000 epoch=113 lr=4.40e-05 G=1.529 advA2B=0.476 advB2A=0.645 cycA=0.099 cycB=0.105 idtA=0.153 idtB=0.118 D_A=0.123 D_B=0.164 D_A(real)=0.89 D_A(fake)=0.11 gnG=10.19 gnD=8.82 it_per_s=5.08
2026-10-04 06:10:45,571 INFO iter=795100 epoch=113 lr=4.39e-05 G=1.530 advA2B=0.477 advB2A=0.645 cycA=0.099 cycB=0.105 idtA=0.154 idtB=0.118 D_A=0.123 D_B=0.164 D_A(real)=0.89 D_A(fake)=0.11 gnG=10.18 gnD=8.83 it_per_s=5.09
2026-10-04 06:11:01,408 INFO iter=795200 epoch=113 lr=4.38e-05 G=1.530 advA2B=0.477 advB2A=0.645 cycA=0.099 cycB=0.105 idtA=0.154 idtB=0.118 D_A=0.123 D_B=0.164 D_A(real)=0.89 D_A(fake)=0.10 gnG=10.18 gnD=8.83 it_per_s=5.11
2026-10-04 06:11:16,268 INFO epoch=113 done time_s=1375 it_per_s=5.12 G=1.531 cycA=0.099 cycB=0.105 idtA=0.154 idtB=0.119 D_A=0.123 D_B=0.164 D_A(real)=0.89 D_A(fake)=0.10 nan_count=0
2026-10-04 06:11:32,084 INFO iter=795300 epoch=114 lr=4.37e-05 G=1.472 advA2B=0.444 advB2A=0.613 cycA=0.099 cycB=0.109 idtA=0.167 idtB=0.139 D_A=0.164 D_B=0.147 D_A(real)=0.76 D_A(fake)=0.13 gnG=6.77 gnD=9.90 it_per_s=6.09
2026-10-04 06:11:47,835 INFO iter=795400 epoch=114 lr=4.37e-05 G=1.559 advA2B=0.483 advB2A=0.665 cycA=0.100 cycB=0.105 idtA=0.160 idtB=0.132 D_A=0.123 D_B=0.165 D_A(real)=0.89 D_A(fake)=0.10 gnG=9.20 gnD=9.20 it_per_s=6.33
2026-10-04 06:12:03,582 INFO iter=795500 epoch=114 lr=4.36e-05 G=1.550 advA2B=0.486 advB2A=0.653 cycA=0.099 cycB=0.106 idtA=0.155 idtB=0.127 D_A=0.120 D_B=0.159 D_A(real)=0.90 D_A(fake)=0.10 gnG=9.92 gnD=8.93 it_per_s=6.34
2026-10-04 06:12:19,373 INFO iter=795600 epoch=114 lr=4.35e-05 G=1.547 advA2B=0.485 advB2A=0.657 cycA=0.098 cycB=0.105 idtA=0.154 idtB=0.127 D_A=0.120 D_B=0.162 D_A(real)=0.89 D_A(fake)=0.11 gnG=10.23 gnD=9.03 it_per_s=6.34
2026-10-04 06:12:35,088 INFO iter=795700 epoch=114 lr=4.34e-05 G=1.556 advA2B=0.492 advB2A=0.660 cycA=0.098 cycB=0.105 idtA=0.153 idtB=0.127 D_A=0.118 D_B=0.158 D_A(real)=0.90 D_A(fake)=0.10 gnG=10.35 gnD=9.00 it_per_s=6.34
2026-10-04 06:12:50,877 INFO iter=795800 epoch=114 lr=4.33e-05 G=1.561 advA2B=0.494 advB2A=0.663 cycA=0.098 cycB=0.104 idtA=0.152 idtB=0.127 D_A=0.118 D_B=0.158 D_A(real)=0.89 D_A(fake)=0.10 gnG=10.22 gnD=9.13 it_per_s=6.34
2026-10-04 06:13:06,696 INFO iter=795900 epoch=114 lr=4.32e-05 G=1.566 advA2B=0.497 advB2A=0.665 cycA=0.098 cycB=0.104 idtA=0.152 idtB=0.125 D_A=0.118 D_B=0.159 D_A(real)=0.90 D_A(fake)=0.10 gnG=10.13 gnD=9.13 it_per_s=6.34
2026-10-04 06:13:22,543 INFO iter=796000 epoch=114 lr=4.31e-05 G=1.562 advA2B=0.497 advB2A=0.663 cycA=0.098 cycB=0.103 idtA=0.152 idtB=0.123 D_A=0.117 D_B=0.159 D_A(real)=0.90 D_A(fake)=0.10 gnG=10.06 gnD=9.12 it_per_s=6.33
2026-10-04 06:13:38,347 INFO iter=796100 epoch=114 lr=4.30e-05 G=1.561 advA2B=0.501 advB2A=0.657 cycA=0.098 cycB=0.103 idtA=0.154 idtB=0.122 D_A=0.116 D_B=0.159 D_A(real)=0.90 D_A(fake)=0.10 gnG=10.13 gnD=9.07 it_per_s=6.33
2026-10-04 06:13:54,182 INFO iter=796200 epoch=114 lr=4.29e-05 G=1.564 advA2B=0.502 advB2A=0.658 cycA=0.098 cycB=0.104 idtA=0.154 idtB=0.122 D_A=0.116 D_B=0.159 D_A(real)=0.90 D_A(fake)=0.10 gnG=10.02 gnD=9.08 it_per_s=6.33
2026-10-04 06:14:09,955 INFO iter=796300 epoch=114 lr=4.29e-05 G=1.565 advA2B=0.502 advB2A=0.659 cycA=0.098 cycB=0.104 idtA=0.153 idtB=0.122 D_A=0.117 D_B=0.159 D_A(real)=0.90 D_A(fake)=0.10 gnG=10.07 gnD=9.15 it_per_s=6.33
2026-10-04 06:14:25,729 INFO iter=796400 epoch=114 lr=4.28e-05 G=1.560 advA2B=0.501 advB2A=0.657 cycA=0.098 cycB=0.103 idtA=0.154 idtB=0.122 D_A=0.117 D_B=0.160 D_A(real)=0.90 D_A(fake)=0.10 gnG=10.12 gnD=9.18 it_per_s=6.33
2026-10-04 06:14:41,516 INFO iter=796500 epoch=114 lr=4.27e-05 G=1.561 advA2B=0.500 advB2A=0.658 cycA=0.098 cycB=0.103 idtA=0.153 idtB=0.122 D_A=0.117 D_B=0.160 D_A(real)=0.90 D_A(fake)=0.10 gnG=10.26 gnD=9.21 it_per_s=6.33
2026-10-04 06:14:57,401 INFO iter=796600 epoch=114 lr=4.26e-05 G=1.562 advA2B=0.503 advB2A=0.657 cycA=0.098 cycB=0.103 idtA=0.153 idtB=0.122 D_A=0.117 D_B=0.160 D_A(real)=0.89 D_A(fake)=0.11 gnG=10.52 gnD=9.20 it_per_s=6.33
2026-10-04 06:15:13,219 INFO iter=796700 epoch=114 lr=4.25e-05 G=1.561 advA2B=0.503 advB2A=0.655 cycA=0.098 cycB=0.104 idtA=0.153 idtB=0.122 D_A=0.117 D_B=0.160 D_A(real)=0.89 D_A(fake)=0.11 gnG=10.45 gnD=9.20 it_per_s=6.33
2026-10-04 06:15:29,018 INFO iter=796800 epoch=114 lr=4.24e-05 G=1.560 advA2B=0.502 advB2A=0.655 cycA=0.098 cycB=0.104 idtA=0.153 idtB=0.122 D_A=0.117 D_B=0.160 D_A(real)=0.90 D_A(fake)=0.10 gnG=10.39 gnD=9.20 it_per_s=6.33
2026-10-04 06:15:44,814 INFO iter=796900 epoch=114 lr=4.23e-05 G=1.558 advA2B=0.500 advB2A=0.656 cycA=0.098 cycB=0.103 idtA=0.153 idtB=0.122 D_A=0.116 D_B=0.160 D_A(real)=0.90 D_A(fake)=0.10 gnG=10.42 gnD=9.19 it_per_s=6.33
2026-10-04 06:16:00,595 INFO iter=797000 epoch=114 lr=4.22e-05 G=1.559 advA2B=0.501 advB2A=0.656 cycA=0.098 cycB=0.103 idtA=0.153 idtB=0.121 D_A=0.115 D_B=0.160 D_A(real)=0.90 D_A(fake)=0.10 gnG=10.35 gnD=9.19 it_per_s=6.33
2026-10-04 06:16:16,416 INFO iter=797100 epoch=114 lr=4.21e-05 G=1.556 advA2B=0.499 advB2A=0.655 cycA=0.098 cycB=0.103 idtA=0.153 idtB=0.121 D_A=0.115 D_B=0.160 D_A(real)=0.90 D_A(fake)=0.10 gnG=10.31 gnD=9.17 it_per_s=6.33
2026-10-04 06:16:32,292 INFO iter=797200 epoch=114 lr=4.21e-05 G=1.556 advA2B=0.499 advB2A=0.655 cycA=0.098 cycB=0.103 idtA=0.153 idtB=0.121 D_A=0.115 D_B=0.160 D_A(real)=0.90 D_A(fake)=0.10 gnG=10.31 gnD=9.16 it_per_s=6.33
2026-10-04 06:16:48,084 INFO iter=797300 epoch=114 lr=4.20e-05 G=1.555 advA2B=0.498 advB2A=0.654 cycA=0.098 cycB=0.103 idtA=0.153 idtB=0.121 D_A=0.115 D_B=0.160 D_A(real)=0.90 D_A(fake)=0.10 gnG=10.31 gnD=9.13 it_per_s=6.33
2026-10-04 06:17:03,899 INFO iter=797400 epoch=114 lr=4.19e-05 G=1.555 advA2B=0.499 advB2A=0.654 cycA=0.098 cycB=0.103 idtA=0.153 idtB=0.122 D_A=0.115 D_B=0.160 D_A(real)=0.90 D_A(fake)=0.10 gnG=10.31 gnD=9.13 it_per_s=6.33
2026-10-04 06:17:19,701 INFO iter=797500 epoch=114 lr=4.18e-05 G=1.556 advA2B=0.500 advB2A=0.655 cycA=0.098 cycB=0.103 idtA=0.152 idtB=0.121 D_A=0.115 D_B=0.160 D_A(real)=0.90 D_A(fake)=0.10 gnG=10.29 gnD=9.11 it_per_s=6.33
2026-10-04 06:17:35,481 INFO iter=797600 epoch=114 lr=4.17e-05 G=1.555 advA2B=0.499 advB2A=0.654 cycA=0.098 cycB=0.103 idtA=0.152 idtB=0.121 D_A=0.115 D_B=0.160 D_A(real)=0.90 D_A(fake)=0.10 gnG=10.28 gnD=9.12 it_per_s=6.33
2026-10-04 06:17:51,281 INFO iter=797700 epoch=114 lr=4.16e-05 G=1.555 advA2B=0.500 advB2A=0.653 cycA=0.098 cycB=0.103 idtA=0.152 idtB=0.121 D_A=0.115 D_B=0.160 D_A(real)=0.90 D_A(fake)=0.10 gnG=10.32 gnD=9.13 it_per_s=6.33
2026-10-04 06:18:07,039 INFO iter=797800 epoch=114 lr=4.15e-05 G=1.558 advA2B=0.501 advB2A=0.655 cycA=0.098 cycB=0.103 idtA=0.153 idtB=0.121 D_A=0.115 D_B=0.160 D_A(real)=0.90 D_A(fake)=0.10 gnG=10.31 gnD=9.11 it_per_s=6.33
2026-10-04 06:18:22,831 INFO iter=797900 epoch=114 lr=4.14e-05 G=1.556 advA2B=0.500 advB2A=0.654 cycA=0.098 cycB=0.103 idtA=0.152 idtB=0.121 D_A=0.115 D_B=0.160 D_A(real)=0.90 D_A(fake)=0.10 gnG=10.30 gnD=9.11 it_per_s=6.33
2026-10-04 06:18:38,634 INFO iter=798000 epoch=114 lr=4.13e-05 G=1.556 advA2B=0.499 advB2A=0.655 cycA=0.098 cycB=0.103 idtA=0.152 idtB=0.121 D_A=0.114 D_B=0.160 D_A(real)=0.90 D_A(fake)=0.10 gnG=10.31 gnD=9.11 it_per_s=6.33
2026-10-04 06:18:54,414 INFO iter=798100 epoch=114 lr=4.13e-05 G=1.554 advA2B=0.499 advB2A=0.654 cycA=0.097 cycB=0.103 idtA=0.152 idtB=0.120 D_A=0.114 D_B=0.160 D_A(real)=0.90 D_A(fake)=0.10 gnG=10.32 gnD=9.12 it_per_s=6.33
2026-10-04 06:19:10,188 INFO iter=798200 epoch=114 lr=4.12e-05 G=1.554 advA2B=0.498 advB2A=0.654 cycA=0.098 cycB=0.103 idtA=0.153 idtB=0.120 D_A=0.114 D_B=0.160 D_A(real)=0.90 D_A(fake)=0.10 gnG=10.31 gnD=9.12 it_per_s=6.33
2026-10-04 06:19:25,918 INFO iter=798300 epoch=114 lr=4.11e-05 G=1.555 advA2B=0.498 advB2A=0.655 cycA=0.098 cycB=0.103 idtA=0.153 idtB=0.120 D_A=0.114 D_B=0.160 D_A(real)=0.90 D_A(fake)=0.10 gnG=10.32 gnD=9.11 it_per_s=6.33
2026-10-04 06:19:41,685 INFO iter=798400 epoch=114 lr=4.10e-05 G=1.555 advA2B=0.498 advB2A=0.655 cycA=0.098 cycB=0.103 idtA=0.153 idtB=0.120 D_A=0.114 D_B=0.160 D_A(real)=0.90 D_A(fake)=0.10 gnG=10.35 gnD=9.12 it_per_s=6.33
2026-10-04 06:19:57,425 INFO iter=798500 epoch=114 lr=4.09e-05 G=1.554 advA2B=0.498 advB2A=0.654 cycA=0.098 cycB=0.103 idtA=0.153 idtB=0.119 D_A=0.114 D_B=0.160 D_A(real)=0.90 D_A(fake)=0.10 gnG=10.35 gnD=9.12 it_per_s=6.33
2026-10-04 06:20:13,240 INFO iter=798600 epoch=114 lr=4.08e-05 G=1.554 advA2B=0.498 advB2A=0.654 cycA=0.098 cycB=0.103 idtA=0.153 idtB=0.119 D_A=0.113 D_B=0.160 D_A(real)=0.90 D_A(fake)=0.10 gnG=10.38 gnD=9.11 it_per_s=6.33
2026-10-04 06:20:29,035 INFO iter=798700 epoch=114 lr=4.07e-05 G=1.554 advA2B=0.497 advB2A=0.655 cycA=0.098 cycB=0.103 idtA=0.153 idtB=0.119 D_A=0.113 D_B=0.160 D_A(real)=0.90 D_A(fake)=0.10 gnG=10.37 gnD=9.10 it_per_s=6.33
2026-10-04 06:20:44,885 INFO iter=798800 epoch=114 lr=4.06e-05 G=1.554 advA2B=0.497 advB2A=0.655 cycA=0.098 cycB=0.103 idtA=0.153 idtB=0.118 D_A=0.113 D_B=0.160 D_A(real)=0.90 D_A(fake)=0.10 gnG=10.35 gnD=9.10 it_per_s=6.33
2026-10-04 06:21:00,702 INFO iter=798900 epoch=114 lr=4.05e-05 G=1.553 advA2B=0.496 advB2A=0.655 cycA=0.098 cycB=0.103 idtA=0.153 idtB=0.118 D_A=0.113 D_B=0.160 D_A(real)=0.90 D_A(fake)=0.10 gnG=10.33 gnD=9.10 it_per_s=6.33
2026-10-04 06:21:16,453 INFO iter=799000 epoch=114 lr=4.05e-05 G=1.554 advA2B=0.497 advB2A=0.656 cycA=0.098 cycB=0.103 idtA=0.153 idtB=0.118 D_A=0.113 D_B=0.160 D_A(real)=0.90 D_A(fake)=0.10 gnG=10.33 gnD=9.11 it_per_s=6.33
2026-10-04 06:21:32,302 INFO iter=799100 epoch=114 lr=4.04e-05 G=1.553 advA2B=0.496 advB2A=0.656 cycA=0.098 cycB=0.103 idtA=0.153 idtB=0.118 D_A=0.114 D_B=0.160 D_A(real)=0.90 D_A(fake)=0.10 gnG=10.46 gnD=9.13 it_per_s=6.33
2026-10-04 06:21:48,076 INFO iter=799200 epoch=114 lr=4.03e-05 G=1.555 advA2B=0.498 advB2A=0.656 cycA=0.098 cycB=0.103 idtA=0.153 idtB=0.117 D_A=0.114 D_B=0.160 D_A(real)=0.90 D_A(fake)=0.10 gnG=10.53 gnD=9.13 it_per_s=6.33
2026-10-04 06:22:03,861 INFO iter=799300 epoch=114 lr=4.02e-05 G=1.554 advA2B=0.497 advB2A=0.656 cycA=0.098 cycB=0.103 idtA=0.153 idtB=0.117 D_A=0.114 D_B=0.160 D_A(real)=0.90 D_A(fake)=0.10 gnG=10.52 gnD=9.14 it_per_s=6.33
2026-10-04 06:22:19,723 INFO iter=799400 epoch=114 lr=4.01e-05 G=1.553 advA2B=0.497 advB2A=0.656 cycA=0.097 cycB=0.103 idtA=0.153 idtB=0.117 D_A=0.114 D_B=0.160 D_A(real)=0.90 D_A(fake)=0.10 gnG=10.55 gnD=9.14 it_per_s=6.33
2026-10-04 06:22:35,566 INFO iter=799500 epoch=114 lr=4.00e-05 G=1.553 advA2B=0.496 advB2A=0.656 cycA=0.097 cycB=0.103 idtA=0.153 idtB=0.117 D_A=0.114 D_B=0.160 D_A(real)=0.90 D_A(fake)=0.10 gnG=10.56 gnD=9.13 it_per_s=6.33
2026-10-04 06:22:51,499 INFO iter=799600 epoch=114 lr=3.99e-05 G=1.552 advA2B=0.496 advB2A=0.656 cycA=0.097 cycB=0.103 idtA=0.153 idtB=0.117 D_A=0.114 D_B=0.161 D_A(real)=0.90 D_A(fake)=0.10 gnG=10.57 gnD=9.13 it_per_s=6.33
2026-10-04 06:23:07,405 INFO iter=799700 epoch=114 lr=3.98e-05 G=1.553 advA2B=0.497 advB2A=0.656 cycA=0.097 cycB=0.103 idtA=0.153 idtB=0.117 D_A=0.114 D_B=0.160 D_A(real)=0.90 D_A(fake)=0.10 gnG=10.59 gnD=9.13 it_per_s=6.33
2026-10-04 06:23:23,291 INFO iter=799800 epoch=114 lr=3.97e-05 G=1.552 advA2B=0.497 advB2A=0.656 cycA=0.097 cycB=0.103 idtA=0.153 idtB=0.117 D_A=0.114 D_B=0.160 D_A(real)=0.90 D_A(fake)=0.10 gnG=10.60 gnD=9.12 it_per_s=6.33
2026-10-04 06:23:39,251 INFO iter=799900 epoch=114 lr=3.97e-05 G=1.553 advA2B=0.497 advB2A=0.656 cycA=0.097 cycB=0.103 idtA=0.153 idtB=0.117 D_A=0.113 D_B=0.161 D_A(real)=0.90 D_A(fake)=0.10 gnG=10.62 gnD=9.12 it_per_s=6.33
2026-10-04 06:23:55,172 INFO iter=800000 epoch=114 lr=3.96e-05 G=1.552 advA2B=0.497 advB2A=0.656 cycA=0.097 cycB=0.103 idtA=0.153 idtB=0.117 D_A=0.113 D_B=0.160 D_A(real)=0.90 D_A(fake)=0.10 gnG=10.62 gnD=9.12 it_per_s=6.32
2026-10-04 06:24:11,167 INFO iter=800100 epoch=114 lr=3.95e-05 G=1.552 advA2B=0.496 advB2A=0.656 cycA=0.097 cycB=0.103 idtA=0.153 idtB=0.117 D_A=0.113 D_B=0.160 D_A(real)=0.90 D_A(fake)=0.10 gnG=10.61 gnD=9.12 it_per_s=6.32
2026-10-04 06:24:27,205 INFO iter=800200 epoch=114 lr=3.94e-05 G=1.553 advA2B=0.497 advB2A=0.657 cycA=0.097 cycB=0.103 idtA=0.153 idtB=0.117 D_A=0.113 D_B=0.160 D_A(real)=0.90 D_A(fake)=0.10 gnG=10.62 gnD=9.13 it_per_s=6.32
2026-10-04 06:24:43,038 INFO iter=800300 epoch=114 lr=3.93e-05 G=1.554 advA2B=0.497 advB2A=0.657 cycA=0.097 cycB=0.103 idtA=0.153 idtB=0.117 D_A=0.113 D_B=0.160 D_A(real)=0.90 D_A(fake)=0.10 gnG=10.64 gnD=9.13 it_per_s=6.32
2026-10-04 06:24:58,997 INFO iter=800400 epoch=114 lr=3.92e-05 G=1.553 advA2B=0.496 advB2A=0.657 cycA=0.097 cycB=0.103 idtA=0.153 idtB=0.117 D_A=0.112 D_B=0.160 D_A(real)=0.90 D_A(fake)=0.10 gnG=10.62 gnD=9.13 it_per_s=6.32
2026-10-04 06:25:14,887 INFO iter=800500 epoch=114 lr=3.91e-05 G=1.554 advA2B=0.496 advB2A=0.658 cycA=0.097 cycB=0.103 idtA=0.153 idtB=0.117 D_A=0.112 D_B=0.160 D_A(real)=0.90 D_A(fake)=0.10 gnG=10.62 gnD=9.13 it_per_s=6.32
2026-10-04 06:25:30,664 INFO iter=800600 epoch=114 lr=3.90e-05 G=1.554 advA2B=0.496 advB2A=0.658 cycA=0.097 cycB=0.103 idtA=0.153 idtB=0.117 D_A=0.112 D_B=0.160 D_A(real)=0.90 D_A(fake)=0.10 gnG=10.60 gnD=9.13 it_per_s=6.32
2026-10-04 06:25:46,395 INFO iter=800700 epoch=114 lr=3.90e-05 G=1.555 advA2B=0.496 advB2A=0.659 cycA=0.097 cycB=0.103 idtA=0.153 idtB=0.116 D_A=0.112 D_B=0.160 D_A(real)=0.90 D_A(fake)=0.10 gnG=10.63 gnD=9.13 it_per_s=6.32
2026-10-04 06:26:02,286 INFO iter=800800 epoch=114 lr=3.89e-05 G=1.555 advA2B=0.496 advB2A=0.658 cycA=0.097 cycB=0.103 idtA=0.153 idtB=0.116 D_A=0.112 D_B=0.160 D_A(real)=0.90 D_A(fake)=0.10 gnG=10.65 gnD=9.13 it_per_s=6.32
2026-10-04 06:26:18,120 INFO iter=800900 epoch=114 lr=3.88e-05 G=1.555 advA2B=0.497 advB2A=0.659 cycA=0.097 cycB=0.103 idtA=0.153 idtB=0.116 D_A=0.112 D_B=0.160 D_A(real)=0.90 D_A(fake)=0.10 gnG=10.67 gnD=9.14 it_per_s=6.32
2026-10-04 06:26:33,900 INFO iter=801000 epoch=114 lr=3.87e-05 G=1.556 advA2B=0.497 advB2A=0.659 cycA=0.097 cycB=0.103 idtA=0.153 idtB=0.116 D_A=0.112 D_B=0.160 D_A(real)=0.90 D_A(fake)=0.10 gnG=10.70 gnD=9.14 it_per_s=6.32
2026-10-04 06:26:49,721 INFO iter=801100 epoch=114 lr=3.86e-05 G=1.557 advA2B=0.498 advB2A=0.659 cycA=0.097 cycB=0.103 idtA=0.153 idtB=0.117 D_A=0.112 D_B=0.160 D_A(real)=0.90 D_A(fake)=0.10 gnG=10.73 gnD=9.15 it_per_s=6.32
2026-10-04 06:27:05,545 INFO iter=801200 epoch=114 lr=3.85e-05 G=1.556 advA2B=0.498 advB2A=0.658 cycA=0.097 cycB=0.103 idtA=0.153 idtB=0.116 D_A=0.111 D_B=0.160 D_A(real)=0.90 D_A(fake)=0.10 gnG=10.75 gnD=9.15 it_per_s=6.32
2026-10-04 06:27:21,313 INFO iter=801300 epoch=114 lr=3.84e-05 G=1.556 advA2B=0.498 advB2A=0.658 cycA=0.097 cycB=0.103 idtA=0.153 idtB=0.116 D_A=0.111 D_B=0.160 D_A(real)=0.90 D_A(fake)=0.10 gnG=10.77 gnD=9.14 it_per_s=6.32
2026-10-04 06:27:37,156 INFO iter=801400 epoch=114 lr=3.83e-05 G=1.556 advA2B=0.498 advB2A=0.658 cycA=0.097 cycB=0.103 idtA=0.153 idtB=0.117 D_A=0.111 D_B=0.160 D_A(real)=0.90 D_A(fake)=0.10 gnG=10.81 gnD=9.15 it_per_s=6.32
2026-10-04 06:27:52,934 INFO iter=801500 epoch=114 lr=3.82e-05 G=1.556 advA2B=0.499 advB2A=0.658 cycA=0.097 cycB=0.103 idtA=0.153 idtB=0.117 D_A=0.111 D_B=0.160 D_A(real)=0.90 D_A(fake)=0.10 gnG=10.87 gnD=9.15 it_per_s=6.32
2026-10-04 06:28:08,758 INFO iter=801600 epoch=114 lr=3.82e-05 G=1.556 advA2B=0.498 advB2A=0.658 cycA=0.097 cycB=0.103 idtA=0.153 idtB=0.117 D_A=0.111 D_B=0.160 D_A(real)=0.90 D_A(fake)=0.10 gnG=10.89 gnD=9.15 it_per_s=6.32
2026-10-04 06:28:24,584 INFO iter=801700 epoch=114 lr=3.81e-05 G=1.557 advA2B=0.499 advB2A=0.658 cycA=0.097 cycB=0.103 idtA=0.153 idtB=0.117 D_A=0.111 D_B=0.160 D_A(real)=0.90 D_A(fake)=0.10 gnG=10.90 gnD=9.15 it_per_s=6.32
2026-10-04 06:28:40,477 INFO iter=801800 epoch=114 lr=3.80e-05 G=1.558 advA2B=0.499 advB2A=0.659 cycA=0.097 cycB=0.103 idtA=0.153 idtB=0.117 D_A=0.111 D_B=0.160 D_A(real)=0.90 D_A(fake)=0.10 gnG=10.92 gnD=9.15 it_per_s=6.32
2026-10-04 06:28:56,237 INFO iter=801900 epoch=114 lr=3.79e-05 G=1.557 advA2B=0.498 advB2A=0.659 cycA=0.097 cycB=0.103 idtA=0.153 idtB=0.117 D_A=0.111 D_B=0.160 D_A(real)=0.90 D_A(fake)=0.10 gnG=10.93 gnD=9.14 it_per_s=6.32
2026-10-04 06:29:11,999 INFO iter=802000 epoch=114 lr=3.78e-05 G=1.557 advA2B=0.498 advB2A=0.659 cycA=0.097 cycB=0.103 idtA=0.153 idtB=0.116 D_A=0.111 D_B=0.160 D_A(real)=0.90 D_A(fake)=0.10 gnG=10.95 gnD=9.16 it_per_s=6.32
2026-10-04 06:29:27,843 INFO iter=802100 epoch=114 lr=3.77e-05 G=1.556 advA2B=0.498 advB2A=0.659 cycA=0.097 cycB=0.103 idtA=0.153 idtB=0.116 D_A=0.111 D_B=0.160 D_A(real)=0.90 D_A(fake)=0.10 gnG=10.97 gnD=9.16 it_per_s=6.32
2026-10-04 06:29:43,638 INFO iter=802200 epoch=114 lr=3.76e-05 G=1.557 advA2B=0.499 advB2A=0.659 cycA=0.097 cycB=0.103 idtA=0.153 idtB=0.116 D_A=0.111 D_B=0.160 D_A(real)=0.90 D_A(fake)=0.10 gnG=10.99 gnD=9.16 it_per_s=6.32
2026-10-04 06:29:59,400 INFO iter=802300 epoch=114 lr=3.75e-05 G=1.557 advA2B=0.499 advB2A=0.659 cycA=0.097 cycB=0.103 idtA=0.153 idtB=0.116 D_A=0.111 D_B=0.160 D_A(real)=0.90 D_A(fake)=0.10 gnG=11.01 gnD=9.17 it_per_s=6.32
2026-10-04 06:30:04,463 INFO epoch=114 done time_s=1113 it_per_s=6.32 G=1.557 cycA=0.097 cycB=0.103 idtA=0.153 idtB=0.116 D_A=0.111 D_B=0.160 D_A(real)=0.90 D_A(fake)=0.10 nan_count=0
2026-10-04 06:30:16,207 INFO iter=802400 epoch=115 lr=3.74e-05 G=1.584 advA2B=0.514 advB2A=0.679 cycA=0.094 cycB=0.101 idtA=0.157 idtB=0.114 D_A=0.118 D_B=0.158 D_A(real)=0.89 D_A(fake)=0.12 gnG=11.58 gnD=9.56 it_per_s=6.32
2026-10-04 06:30:32,023 INFO iter=802500 epoch=115 lr=3.74e-05 G=1.558 advA2B=0.490 advB2A=0.674 cycA=0.096 cycB=0.101 idtA=0.156 idtB=0.113 D_A=0.110 D_B=0.163 D_A(real)=0.91 D_A(fake)=0.10 gnG=11.44 gnD=9.18 it_per_s=6.32
2026-10-04 06:30:49,056 INFO iter=802600 epoch=115 lr=3.73e-05 G=1.578 advA2B=0.500 advB2A=0.682 cycA=0.096 cycB=0.101 idtA=0.153 idtB=0.118 D_A=0.114 D_B=0.161 D_A(real)=0.90 D_A(fake)=0.10 gnG=12.17 gnD=9.29 it_per_s=6.15
2026-10-04 06:31:07,620 INFO iter=802700 epoch=115 lr=3.72e-05 G=1.564 advA2B=0.496 advB2A=0.671 cycA=0.097 cycB=0.102 idtA=0.153 idtB=0.118 D_A=0.111 D_B=0.159 D_A(real)=0.90 D_A(fake)=0.10 gnG=12.42 gnD=9.17 it_per_s=5.92
2026-10-04 06:31:26,846 INFO iter=802800 epoch=115 lr=3.71e-05 G=1.574 advA2B=0.505 advB2A=0.671 cycA=0.097 cycB=0.102 idtA=0.152 idtB=0.118 D_A=0.109 D_B=0.160 D_A(real)=0.91 D_A(fake)=0.10 gnG=12.45 gnD=9.24 it_per_s=5.75
2026-10-04 06:31:43,523 INFO iter=802900 epoch=115 lr=3.70e-05 G=1.574 advA2B=0.502 advB2A=0.673 cycA=0.098 cycB=0.102 idtA=0.153 idtB=0.116 D_A=0.109 D_B=0.158 D_A(real)=0.91 D_A(fake)=0.10 gnG=12.06 gnD=9.29 it_per_s=5.79
2026-10-04 06:31:59,391 INFO iter=803000 epoch=115 lr=3.69e-05 G=1.575 advA2B=0.506 advB2A=0.670 cycA=0.097 cycB=0.102 idtA=0.154 idtB=0.115 D_A=0.109 D_B=0.158 D_A(real)=0.91 D_A(fake)=0.09 gnG=12.32 gnD=9.32 it_per_s=5.86
2026-10-04 06:32:15,187 INFO iter=803100 epoch=115 lr=3.68e-05 G=1.573 advA2B=0.510 advB2A=0.666 cycA=0.097 cycB=0.102 idtA=0.153 idtB=0.114 D_A=0.108 D_B=0.158 D_A(real)=0.91 D_A(fake)=0.09 gnG=12.62 gnD=9.29 it_per_s=5.92
2026-10-04 06:32:31,030 INFO iter=803200 epoch=115 lr=3.67e-05 G=1.574 advA2B=0.510 advB2A=0.667 cycA=0.097 cycB=0.102 idtA=0.153 idtB=0.114 D_A=0.107 D_B=0.158 D_A(real)=0.91 D_A(fake)=0.09 gnG=12.61 gnD=9.28 it_per_s=5.96
2026-10-04 06:32:46,865 INFO iter=803300 epoch=115 lr=3.66e-05 G=1.575 advA2B=0.509 advB2A=0.668 cycA=0.097 cycB=0.102 idtA=0.154 idtB=0.114 D_A=0.106 D_B=0.159 D_A(real)=0.91 D_A(fake)=0.09 gnG=12.54 gnD=9.25 it_per_s=6.00
2026-10-04 06:33:02,643 INFO iter=803400 epoch=115 lr=3.66e-05 G=1.579 advA2B=0.509 advB2A=0.672 cycA=0.097 cycB=0.102 idtA=0.154 idtB=0.115 D_A=0.106 D_B=0.159 D_A(real)=0.91 D_A(fake)=0.09 gnG=12.58 gnD=9.22 it_per_s=6.03
2026-10-04 06:33:18,375 INFO iter=803500 epoch=115 lr=3.65e-05 G=1.581 advA2B=0.510 advB2A=0.673 cycA=0.097 cycB=0.102 idtA=0.153 idtB=0.114 D_A=0.105 D_B=0.159 D_A(real)=0.91 D_A(fake)=0.09 gnG=12.72 gnD=9.21 it_per_s=6.05
2026-10-04 06:33:34,190 INFO iter=803600 epoch=115 lr=3.64e-05 G=1.580 advA2B=0.511 advB2A=0.671 cycA=0.097 cycB=0.102 idtA=0.153 idtB=0.114 D_A=0.104 D_B=0.159 D_A(real)=0.91 D_A(fake)=0.09 gnG=12.58 gnD=9.24 it_per_s=6.07
2026-10-04 06:33:49,933 INFO iter=803700 epoch=115 lr=3.63e-05 G=1.583 advA2B=0.511 advB2A=0.673 cycA=0.098 cycB=0.102 idtA=0.153 idtB=0.114 D_A=0.105 D_B=0.159 D_A(real)=0.91 D_A(fake)=0.09 gnG=12.62 gnD=9.26 it_per_s=6.09
2026-10-04 06:34:05,783 INFO iter=803800 epoch=115 lr=3.62e-05 G=1.584 advA2B=0.512 advB2A=0.673 cycA=0.098 cycB=0.102 idtA=0.153 idtB=0.115 D_A=0.104 D_B=0.159 D_A(real)=0.91 D_A(fake)=0.09 gnG=12.59 gnD=9.24 it_per_s=6.11
2026-10-04 06:34:21,620 INFO iter=803900 epoch=115 lr=3.61e-05 G=1.585 advA2B=0.514 advB2A=0.673 cycA=0.097 cycB=0.102 idtA=0.153 idtB=0.114 D_A=0.105 D_B=0.159 D_A(real)=0.91 D_A(fake)=0.09 gnG=12.74 gnD=9.26 it_per_s=6.12
2026-10-04 06:34:37,391 INFO iter=804000 epoch=115 lr=3.60e-05 G=1.582 advA2B=0.512 advB2A=0.672 cycA=0.097 cycB=0.102 idtA=0.152 idtB=0.114 D_A=0.105 D_B=0.159 D_A(real)=0.91 D_A(fake)=0.09 gnG=12.63 gnD=9.33 it_per_s=6.13
2026-10-04 06:34:53,168 INFO iter=804100 epoch=115 lr=3.59e-05 G=1.583 advA2B=0.513 advB2A=0.672 cycA=0.097 cycB=0.102 idtA=0.152 idtB=0.114 D_A=0.105 D_B=0.159 D_A(real)=0.91 D_A(fake)=0.09 gnG=12.65 gnD=9.32 it_per_s=6.14
2026-10-04 06:35:08,441 INFO iter=804200 epoch=115 lr=3.58e-05 G=1.582 advA2B=0.512 advB2A=0.672 cycA=0.097 cycB=0.102 idtA=0.153 idtB=0.114 D_A=0.105 D_B=0.159 D_A(real)=0.91 D_A(fake)=0.09 gnG=12.61 gnD=9.31 it_per_s=6.17
2026-10-04 06:35:27,395 INFO iter=804300 epoch=115 lr=3.58e-05 G=1.583 advA2B=0.512 advB2A=0.673 cycA=0.097 cycB=0.101 idtA=0.152 idtB=0.113 D_A=0.105 D_B=0.159 D_A(real)=0.91 D_A(fake)=0.09 gnG=12.70 gnD=9.33 it_per_s=6.11
2026-10-04 06:35:44,300 INFO iter=804400 epoch=115 lr=3.57e-05 G=1.583 advA2B=0.511 advB2A=0.674 cycA=0.098 cycB=0.101 idtA=0.153 idtB=0.113 D_A=0.105 D_B=0.159 D_A(real)=0.91 D_A(fake)=0.09 gnG=12.66 gnD=9.35 it_per_s=6.10
2026-10-04 06:36:03,781 INFO iter=804500 epoch=115 lr=3.56e-05 G=1.582 advA2B=0.510 advB2A=0.675 cycA=0.097 cycB=0.101 idtA=0.153 idtB=0.113 D_A=0.105 D_B=0.159 D_A(real)=0.91 D_A(fake)=0.09 gnG=12.60 gnD=9.35 it_per_s=6.05
2026-10-04 06:36:21,730 INFO iter=804600 epoch=115 lr=3.55e-05 G=1.583 advA2B=0.510 advB2A=0.676 cycA=0.097 cycB=0.101 idtA=0.153 idtB=0.112 D_A=0.105 D_B=0.159 D_A(real)=0.91 D_A(fake)=0.09 gnG=12.60 gnD=9.37 it_per_s=6.03
2026-10-04 06:36:40,150 INFO iter=804700 epoch=115 lr=3.54e-05 G=1.582 advA2B=0.510 advB2A=0.675 cycA=0.097 cycB=0.101 idtA=0.153 idtB=0.113 D_A=0.105 D_B=0.159 D_A(real)=0.91 D_A(fake)=0.09 gnG=12.63 gnD=9.36 it_per_s=6.00
2026-10-04 06:36:59,463 INFO iter=804800 epoch=115 lr=3.53e-05 G=1.582 advA2B=0.509 advB2A=0.676 cycA=0.097 cycB=0.101 idtA=0.153 idtB=0.112 D_A=0.105 D_B=0.159 D_A(real)=0.91 D_A(fake)=0.09 gnG=12.63 gnD=9.34 it_per_s=5.96
2026-10-04 06:37:15,960 INFO iter=804900 epoch=115 lr=3.52e-05 G=1.581 advA2B=0.509 advB2A=0.675 cycA=0.098 cycB=0.101 idtA=0.153 idtB=0.112 D_A=0.105 D_B=0.159 D_A(real)=0.91 D_A(fake)=0.09 gnG=12.63 gnD=9.32 it_per_s=5.97
2026-10-04 06:37:35,439 INFO iter=805000 epoch=115 lr=3.51e-05 G=1.581 advA2B=0.509 advB2A=0.675 cycA=0.098 cycB=0.101 idtA=0.153 idtB=0.112 D_A=0.104 D_B=0.159 D_A(real)=0.91 D_A(fake)=0.09 gnG=12.66 gnD=9.30 it_per_s=5.93
2026-10-04 06:37:54,454 INFO iter=805100 epoch=115 lr=3.50e-05 G=1.581 advA2B=0.508 advB2A=0.675 cycA=0.098 cycB=0.101 idtA=0.153 idtB=0.112 D_A=0.104 D_B=0.159 D_A(real)=0.91 D_A(fake)=0.09 gnG=12.67 gnD=9.30 it_per_s=5.90
2026-10-04 06:38:11,704 INFO iter=805200 epoch=115 lr=3.50e-05 G=1.583 advA2B=0.508 advB2A=0.678 cycA=0.097 cycB=0.101 idtA=0.153 idtB=0.112 D_A=0.104 D_B=0.159 D_A(real)=0.91 D_A(fake)=0.09 gnG=12.68 gnD=9.29 it_per_s=5.90
2026-10-04 06:38:27,612 INFO iter=805300 epoch=115 lr=3.49e-05 G=1.582 advA2B=0.507 advB2A=0.678 cycA=0.097 cycB=0.101 idtA=0.153 idtB=0.112 D_A=0.104 D_B=0.159 D_A(real)=0.91 D_A(fake)=0.09 gnG=12.70 gnD=9.30 it_per_s=5.91
2026-10-04 06:38:43,443 INFO iter=805400 epoch=115 lr=3.48e-05 G=1.584 advA2B=0.508 advB2A=0.679 cycA=0.097 cycB=0.101 idtA=0.153 idtB=0.112 D_A=0.104 D_B=0.159 D_A(real)=0.91 D_A(fake)=0.09 gnG=12.73 gnD=9.33 it_per_s=5.92
2026-10-04 06:38:59,240 INFO iter=805500 epoch=115 lr=3.47e-05 G=1.583 advA2B=0.508 advB2A=0.678 cycA=0.097 cycB=0.101 idtA=0.153 idtB=0.112 D_A=0.104 D_B=0.159 D_A(real)=0.91 D_A(fake)=0.09 gnG=12.70 gnD=9.34 it_per_s=5.93
2026-10-04 06:39:15,143 INFO iter=805600 epoch=115 lr=3.46e-05 G=1.584 advA2B=0.509 advB2A=0.678 cycA=0.097 cycB=0.101 idtA=0.153 idtB=0.112 D_A=0.104 D_B=0.159 D_A(real)=0.91 D_A(fake)=0.09 gnG=12.82 gnD=9.35 it_per_s=5.95
2026-10-04 06:39:30,926 INFO iter=805700 epoch=115 lr=3.45e-05 G=1.583 advA2B=0.507 advB2A=0.679 cycA=0.097 cycB=0.101 idtA=0.153 idtB=0.112 D_A=0.104 D_B=0.159 D_A(real)=0.91 D_A(fake)=0.09 gnG=12.78 gnD=9.36 it_per_s=5.96
2026-10-04 06:39:46,774 INFO iter=805800 epoch=115 lr=3.44e-05 G=1.582 advA2B=0.508 advB2A=0.677 cycA=0.097 cycB=0.101 idtA=0.153 idtB=0.112 D_A=0.104 D_B=0.159 D_A(real)=0.91 D_A(fake)=0.09 gnG=12.84 gnD=9.37 it_per_s=5.97
2026-10-04 06:40:02,592 INFO iter=805900 epoch=115 lr=3.43e-05 G=1.582 advA2B=0.507 advB2A=0.677 cycA=0.097 cycB=0.101 idtA=0.153 idtB=0.112 D_A=0.104 D_B=0.159 D_A(real)=0.91 D_A(fake)=0.09 gnG=12.84 gnD=9.37 it_per_s=5.98
2026-10-04 06:40:18,358 INFO iter=806000 epoch=115 lr=3.42e-05 G=1.583 advA2B=0.508 advB2A=0.677 cycA=0.097 cycB=0.101 idtA=0.153 idtB=0.112 D_A=0.104 D_B=0.159 D_A(real)=0.91 D_A(fake)=0.09 gnG=12.86 gnD=9.38 it_per_s=5.98
2026-10-04 06:40:34,165 INFO iter=806100 epoch=115 lr=3.42e-05 G=1.581 advA2B=0.508 advB2A=0.677 cycA=0.097 cycB=0.101 idtA=0.153 idtB=0.112 D_A=0.104 D_B=0.159 D_A(real)=0.91 D_A(fake)=0.09 gnG=12.84 gnD=9.39 it_per_s=5.99
2026-10-04 06:40:49,932 INFO iter=806200 epoch=115 lr=3.41e-05 G=1.581 advA2B=0.508 advB2A=0.676 cycA=0.097 cycB=0.101 idtA=0.153 idtB=0.111 D_A=0.104 D_B=0.159 D_A(real)=0.91 D_A(fake)=0.09 gnG=12.84 gnD=9.39 it_per_s=6.00
2026-10-04 06:41:05,692 INFO iter=806300 epoch=115 lr=3.40e-05 G=1.581 advA2B=0.508 advB2A=0.677 cycA=0.097 cycB=0.101 idtA=0.153 idtB=0.111 D_A=0.104 D_B=0.159 D_A(real)=0.91 D_A(fake)=0.09 gnG=12.82 gnD=9.38 it_per_s=6.01
2026-10-04 06:41:21,416 INFO iter=806400 epoch=115 lr=3.39e-05 G=1.581 advA2B=0.508 advB2A=0.677 cycA=0.097 cycB=0.101 idtA=0.153 idtB=0.111 D_A=0.104 D_B=0.159 D_A(real)=0.91 D_A(fake)=0.09 gnG=12.82 gnD=9.38 it_per_s=6.02
2026-10-04 06:41:37,251 INFO iter=806500 epoch=115 lr=3.38e-05 G=1.582 advA2B=0.507 advB2A=0.677 cycA=0.097 cycB=0.101 idtA=0.153 idtB=0.112 D_A=0.104 D_B=0.159 D_A(real)=0.91 D_A(fake)=0.09 gnG=12.82 gnD=9.38 it_per_s=6.02
2026-10-04 06:41:52,986 INFO iter=806600 epoch=115 lr=3.37e-05 G=1.583 advA2B=0.507 advB2A=0.678 cycA=0.097 cycB=0.101 idtA=0.153 idtB=0.112 D_A=0.103 D_B=0.159 D_A(real)=0.91 D_A(fake)=0.09 gnG=12.80 gnD=9.38 it_per_s=6.03
2026-10-04 06:42:08,742 INFO iter=806700 epoch=115 lr=3.36e-05 G=1.584 advA2B=0.508 advB2A=0.678 cycA=0.097 cycB=0.101 idtA=0.154 idtB=0.112 D_A=0.103 D_B=0.159 D_A(real)=0.91 D_A(fake)=0.09 gnG=12.79 gnD=9.38 it_per_s=6.04
2026-10-04 06:42:24,516 INFO iter=806800 epoch=115 lr=3.35e-05 G=1.585 advA2B=0.508 advB2A=0.679 cycA=0.097 cycB=0.101 idtA=0.154 idtB=0.112 D_A=0.104 D_B=0.159 D_A(real)=0.91 D_A(fake)=0.09 gnG=12.82 gnD=9.39 it_per_s=6.05
2026-10-04 06:42:40,308 INFO iter=806900 epoch=115 lr=3.34e-05 G=1.584 advA2B=0.508 advB2A=0.679 cycA=0.097 cycB=0.101 idtA=0.154 idtB=0.112 D_A=0.103 D_B=0.159 D_A(real)=0.91 D_A(fake)=0.09 gnG=12.79 gnD=9.38 it_per_s=6.05
2026-10-04 06:42:56,046 INFO iter=807000 epoch=115 lr=3.34e-05 G=1.584 advA2B=0.508 advB2A=0.679 cycA=0.097 cycB=0.101 idtA=0.154 idtB=0.112 D_A=0.103 D_B=0.159 D_A(real)=0.91 D_A(fake)=0.09 gnG=12.79 gnD=9.38 it_per_s=6.06
2026-10-04 06:43:11,822 INFO iter=807100 epoch=115 lr=3.33e-05 G=1.584 advA2B=0.508 advB2A=0.679 cycA=0.097 cycB=0.101 idtA=0.154 idtB=0.112 D_A=0.103 D_B=0.159 D_A(real)=0.91 D_A(fake)=0.09 gnG=12.82 gnD=9.38 it_per_s=6.06
2026-10-04 06:43:27,618 INFO iter=807200 epoch=115 lr=3.32e-05 G=1.584 advA2B=0.508 advB2A=0.679 cycA=0.097 cycB=0.101 idtA=0.154 idtB=0.112 D_A=0.103 D_B=0.159 D_A(real)=0.91 D_A(fake)=0.09 gnG=12.80 gnD=9.37 it_per_s=6.07
2026-10-04 06:43:43,492 INFO iter=807300 epoch=115 lr=3.31e-05 G=1.584 advA2B=0.507 advB2A=0.679 cycA=0.097 cycB=0.101 idtA=0.154 idtB=0.112 D_A=0.103 D_B=0.159 D_A(real)=0.91 D_A(fake)=0.09 gnG=12.83 gnD=9.37 it_per_s=6.07
2026-10-04 06:43:59,262 INFO iter=807400 epoch=115 lr=3.30e-05 G=1.583 advA2B=0.507 advB2A=0.678 cycA=0.097 cycB=0.101 idtA=0.153 idtB=0.112 D_A=0.103 D_B=0.159 D_A(real)=0.91 D_A(fake)=0.09 gnG=12.84 gnD=9.37 it_per_s=6.08
2026-10-04 06:44:15,078 INFO iter=807500 epoch=115 lr=3.29e-05 G=1.583 advA2B=0.507 advB2A=0.678 cycA=0.097 cycB=0.101 idtA=0.153 idtB=0.112 D_A=0.103 D_B=0.159 D_A(real)=0.91 D_A(fake)=0.09 gnG=12.87 gnD=9.38 it_per_s=6.08
2026-10-04 06:44:30,849 INFO iter=807600 epoch=115 lr=3.28e-05 G=1.583 advA2B=0.507 advB2A=0.678 cycA=0.097 cycB=0.101 idtA=0.153 idtB=0.112 D_A=0.103 D_B=0.159 D_A(real)=0.91 D_A(fake)=0.09 gnG=12.85 gnD=9.37 it_per_s=6.09
2026-10-04 06:44:46,667 INFO iter=807700 epoch=115 lr=3.27e-05 G=1.583 advA2B=0.507 advB2A=0.679 cycA=0.097 cycB=0.101 idtA=0.153 idtB=0.112 D_A=0.103 D_B=0.159 D_A(real)=0.91 D_A(fake)=0.09 gnG=12.86 gnD=9.37 it_per_s=6.09
2026-10-04 06:45:02,533 INFO iter=807800 epoch=115 lr=3.26e-05 G=1.583 advA2B=0.507 advB2A=0.679 cycA=0.097 cycB=0.101 idtA=0.153 idtB=0.112 D_A=0.103 D_B=0.159 D_A(real)=0.91 D_A(fake)=0.09 gnG=12.87 gnD=9.38 it_per_s=6.10
2026-10-04 06:45:18,327 INFO iter=807900 epoch=115 lr=3.26e-05 G=1.584 advA2B=0.507 advB2A=0.680 cycA=0.097 cycB=0.101 idtA=0.153 idtB=0.112 D_A=0.103 D_B=0.159 D_A(real)=0.91 D_A(fake)=0.09 gnG=12.89 gnD=9.38 it_per_s=6.10
2026-10-04 06:45:34,137 INFO iter=808000 epoch=115 lr=3.25e-05 G=1.584 advA2B=0.507 advB2A=0.680 cycA=0.097 cycB=0.101 idtA=0.153 idtB=0.112 D_A=0.103 D_B=0.159 D_A(real)=0.91 D_A(fake)=0.09 gnG=12.87 gnD=9.37 it_per_s=6.10
2026-10-04 06:45:49,917 INFO iter=808100 epoch=115 lr=3.24e-05 G=1.585 advA2B=0.507 advB2A=0.681 cycA=0.097 cycB=0.101 idtA=0.153 idtB=0.112 D_A=0.103 D_B=0.159 D_A(real)=0.91 D_A(fake)=0.09 gnG=12.87 gnD=9.38 it_per_s=6.11
2026-10-04 06:46:05,655 INFO iter=808200 epoch=115 lr=3.23e-05 G=1.584 advA2B=0.506 advB2A=0.681 cycA=0.097 cycB=0.101 idtA=0.153 idtB=0.112 D_A=0.103 D_B=0.159 D_A(real)=0.91 D_A(fake)=0.09 gnG=12.86 gnD=9.38 it_per_s=6.11
2026-10-04 06:46:21,464 INFO iter=808300 epoch=115 lr=3.22e-05 G=1.584 advA2B=0.506 advB2A=0.681 cycA=0.097 cycB=0.101 idtA=0.153 idtB=0.111 D_A=0.102 D_B=0.159 D_A(real)=0.91 D_A(fake)=0.09 gnG=12.90 gnD=9.39 it_per_s=6.11
2026-10-04 06:46:37,446 INFO iter=808400 epoch=115 lr=3.21e-05 G=1.584 advA2B=0.506 advB2A=0.681 cycA=0.097 cycB=0.101 idtA=0.153 idtB=0.112 D_A=0.103 D_B=0.159 D_A(real)=0.91 D_A(fake)=0.09 gnG=12.89 gnD=9.39 it_per_s=6.12
2026-10-04 06:46:53,211 INFO iter=808500 epoch=115 lr=3.20e-05 G=1.585 advA2B=0.506 advB2A=0.681 cycA=0.097 cycB=0.101 idtA=0.153 idtB=0.112 D_A=0.103 D_B=0.159 D_A(real)=0.91 D_A(fake)=0.09 gnG=12.88 gnD=9.39 it_per_s=6.12
2026-10-04 06:47:09,019 INFO iter=808600 epoch=115 lr=3.19e-05 G=1.586 advA2B=0.507 advB2A=0.682 cycA=0.097 cycB=0.101 idtA=0.154 idtB=0.112 D_A=0.103 D_B=0.159 D_A(real)=0.91 D_A(fake)=0.09 gnG=12.88 gnD=9.40 it_per_s=6.12
2026-10-04 06:47:24,822 INFO iter=808700 epoch=115 lr=3.18e-05 G=1.586 advA2B=0.507 advB2A=0.682 cycA=0.097 cycB=0.101 idtA=0.154 idtB=0.112 D_A=0.102 D_B=0.159 D_A(real)=0.91 D_A(fake)=0.09 gnG=12.87 gnD=9.40 it_per_s=6.13
2026-10-04 06:47:40,631 INFO iter=808800 epoch=115 lr=3.18e-05 G=1.586 advA2B=0.506 advB2A=0.682 cycA=0.097 cycB=0.101 idtA=0.154 idtB=0.112 D_A=0.102 D_B=0.159 D_A(real)=0.91 D_A(fake)=0.09 gnG=12.86 gnD=9.40 it_per_s=6.13
2026-10-04 06:47:56,386 INFO iter=808900 epoch=115 lr=3.17e-05 G=1.586 advA2B=0.506 advB2A=0.683 cycA=0.097 cycB=0.101 idtA=0.154 idtB=0.112 D_A=0.102 D_B=0.159 D_A(real)=0.91 D_A(fake)=0.09 gnG=12.85 gnD=9.40 it_per_s=6.13
2026-10-04 06:48:12,138 INFO iter=809000 epoch=115 lr=3.16e-05 G=1.587 advA2B=0.507 advB2A=0.683 cycA=0.097 cycB=0.101 idtA=0.154 idtB=0.112 D_A=0.102 D_B=0.159 D_A(real)=0.91 D_A(fake)=0.09 gnG=12.84 gnD=9.39 it_per_s=6.14
2026-10-04 06:48:27,924 INFO iter=809100 epoch=115 lr=3.15e-05 G=1.587 advA2B=0.506 advB2A=0.684 cycA=0.097 cycB=0.101 idtA=0.154 idtB=0.112 D_A=0.102 D_B=0.159 D_A(real)=0.91 D_A(fake)=0.09 gnG=12.85 gnD=9.40 it_per_s=6.14
2026-10-04 06:48:43,633 INFO iter=809200 epoch=115 lr=3.14e-05 G=1.588 advA2B=0.507 advB2A=0.683 cycA=0.097 cycB=0.101 idtA=0.154 idtB=0.112 D_A=0.102 D_B=0.159 D_A(real)=0.91 D_A(fake)=0.09 gnG=12.84 gnD=9.41 it_per_s=6.14
2026-10-04 06:48:59,392 INFO iter=809300 epoch=115 lr=3.13e-05 G=1.588 advA2B=0.507 advB2A=0.684 cycA=0.097 cycB=0.101 idtA=0.154 idtB=0.112 D_A=0.102 D_B=0.159 D_A(real)=0.91 D_A(fake)=0.09 gnG=12.84 gnD=9.40 it_per_s=6.14
2026-10-04 06:49:10,467 INFO epoch=115 done time_s=1145 it_per_s=6.15 G=1.587 cycA=0.097 cycB=0.101 idtA=0.153 idtB=0.112 D_A=0.102 D_B=0.159 D_A(real)=0.91 D_A(fake)=0.09 nan_count=0
2026-10-04 06:49:16,068 INFO iter=809400 epoch=116 lr=3.12e-05 G=1.641 advA2B=0.502 advB2A=0.728 cycA=0.100 cycB=0.106 idtA=0.149 idtB=0.108 D_A=0.093 D_B=0.165 D_A(real)=0.92 D_A(fake)=0.07 gnG=11.38 gnD=9.51 it_per_s=6.33
2026-10-04 06:49:31,891 INFO iter=809500 epoch=116 lr=3.11e-05 G=1.634 advA2B=0.506 advB2A=0.730 cycA=0.095 cycB=0.104 idtA=0.150 idtB=0.118 D_A=0.092 D_B=0.155 D_A(real)=0.91 D_A(fake)=0.08 gnG=13.20 gnD=9.66 it_per_s=6.32
2026-10-04 06:49:47,740 INFO iter=809600 epoch=116 lr=3.10e-05 G=1.633 advA2B=0.502 advB2A=0.735 cycA=0.096 cycB=0.101 idtA=0.153 idtB=0.113 D_A=0.099 D_B=0.158 D_A(real)=0.91 D_A(fake)=0.09 gnG=13.79 gnD=9.73 it_per_s=6.32
2026-10-04 06:50:03,536 INFO iter=809700 epoch=116 lr=3.10e-05 G=1.612 advA2B=0.499 advB2A=0.719 cycA=0.096 cycB=0.100 idtA=0.153 idtB=0.111 D_A=0.097 D_B=0.157 D_A(real)=0.91 D_A(fake)=0.08 gnG=13.68 gnD=9.52 it_per_s=6.32
2026-10-04 06:50:19,361 INFO iter=809800 epoch=116 lr=3.09e-05 G=1.614 advA2B=0.500 advB2A=0.720 cycA=0.096 cycB=0.101 idtA=0.152 idtB=0.112 D_A=0.096 D_B=0.157 D_A(real)=0.92 D_A(fake)=0.08 gnG=13.64 gnD=9.44 it_per_s=6.32
2026-10-04 06:50:35,152 INFO iter=809900 epoch=116 lr=3.08e-05 G=1.612 advA2B=0.504 advB2A=0.712 cycA=0.096 cycB=0.102 idtA=0.151 idtB=0.112 D_A=0.095 D_B=0.157 D_A(real)=0.92 D_A(fake)=0.08 gnG=13.50 gnD=9.41 it_per_s=6.32
2026-10-04 06:50:50,910 INFO iter=810000 epoch=116 lr=3.07e-05 G=1.619 advA2B=0.509 advB2A=0.715 cycA=0.096 cycB=0.102 idtA=0.151 idtB=0.112 D_A=0.097 D_B=0.156 D_A(real)=0.92 D_A(fake)=0.08 gnG=13.47 gnD=9.47 it_per_s=6.33
2026-10-04 06:51:06,661 INFO iter=810100 epoch=116 lr=3.06e-05 G=1.626 advA2B=0.509 advB2A=0.720 cycA=0.096 cycB=0.102 idtA=0.150 idtB=0.111 D_A=0.096 D_B=0.157 D_A(real)=0.92 D_A(fake)=0.08 gnG=13.35 gnD=9.49 it_per_s=6.33
2026-10-04 06:51:22,437 INFO iter=810200 epoch=116 lr=3.05e-05 G=1.626 advA2B=0.508 advB2A=0.721 cycA=0.096 cycB=0.102 idtA=0.150 idtB=0.113 D_A=0.096 D_B=0.156 D_A(real)=0.92 D_A(fake)=0.08 gnG=13.35 gnD=9.52 it_per_s=6.33
2026-10-04 06:51:38,218 INFO iter=810300 epoch=116 lr=3.04e-05 G=1.627 advA2B=0.507 advB2A=0.723 cycA=0.097 cycB=0.102 idtA=0.150 idtB=0.113 D_A=0.095 D_B=0.156 D_A(real)=0.92 D_A(fake)=0.08 gnG=13.28 gnD=9.56 it_per_s=6.33
2026-10-04 06:51:54,038 INFO iter=810400 epoch=116 lr=3.03e-05 G=1.624 advA2B=0.507 advB2A=0.721 cycA=0.096 cycB=0.101 idtA=0.150 idtB=0.112 D_A=0.095 D_B=0.157 D_A(real)=0.91 D_A(fake)=0.08 gnG=13.48 gnD=9.58 it_per_s=6.33
2026-10-04 06:52:09,843 INFO iter=810500 epoch=116 lr=3.02e-05 G=1.617 advA2B=0.507 advB2A=0.715 cycA=0.097 cycB=0.101 idtA=0.150 idtB=0.111 D_A=0.095 D_B=0.157 D_A(real)=0.92 D_A(fake)=0.08 gnG=13.33 gnD=9.55 it_per_s=6.33
2026-10-04 06:52:25,655 INFO iter=810600 epoch=116 lr=3.02e-05 G=1.616 advA2B=0.506 advB2A=0.715 cycA=0.097 cycB=0.101 idtA=0.150 idtB=0.111 D_A=0.096 D_B=0.157 D_A(real)=0.91 D_A(fake)=0.08 gnG=13.27 gnD=9.59 it_per_s=6.33
2026-10-04 06:52:41,504 INFO iter=810700 epoch=116 lr=3.01e-05 G=1.617 advA2B=0.506 advB2A=0.714 cycA=0.097 cycB=0.101 idtA=0.151 idtB=0.111 D_A=0.097 D_B=0.157 D_A(real)=0.91 D_A(fake)=0.09 gnG=13.16 gnD=9.60 it_per_s=6.33
2026-10-04 06:52:57,287 INFO iter=810800 epoch=116 lr=3.00e-05 G=1.620 advA2B=0.508 advB2A=0.714 cycA=0.097 cycB=0.102 idtA=0.151 idtB=0.112 D_A=0.097 D_B=0.157 D_A(real)=0.91 D_A(fake)=0.09 gnG=13.29 gnD=9.63 it_per_s=6.33
2026-10-04 06:53:13,089 INFO iter=810900 epoch=116 lr=2.99e-05 G=1.617 advA2B=0.508 advB2A=0.712 cycA=0.097 cycB=0.102 idtA=0.152 idtB=0.112 D_A=0.097 D_B=0.157 D_A(real)=0.91 D_A(fake)=0.09 gnG=13.28 gnD=9.57 it_per_s=6.33
2026-10-04 06:53:28,902 INFO iter=811000 epoch=116 lr=2.98e-05 G=1.620 advA2B=0.509 advB2A=0.714 cycA=0.097 cycB=0.102 idtA=0.151 idtB=0.112 D_A=0.097 D_B=0.157 D_A(real)=0.91 D_A(fake)=0.09 gnG=13.30 gnD=9.59 it_per_s=6.33
2026-10-04 06:53:44,670 INFO iter=811100 epoch=116 lr=2.97e-05 G=1.618 advA2B=0.510 advB2A=0.712 cycA=0.097 cycB=0.101 idtA=0.152 idtB=0.112 D_A=0.098 D_B=0.157 D_A(real)=0.91 D_A(fake)=0.09 gnG=13.28 gnD=9.61 it_per_s=6.33
2026-10-04 06:54:00,454 INFO iter=811200 epoch=116 lr=2.96e-05 G=1.617 advA2B=0.510 advB2A=0.711 cycA=0.097 cycB=0.101 idtA=0.152 idtB=0.112 D_A=0.097 D_B=0.157 D_A(real)=0.91 D_A(fake)=0.09 gnG=13.26 gnD=9.60 it_per_s=6.33
2026-10-04 06:54:16,188 INFO iter=811300 epoch=116 lr=2.95e-05 G=1.616 advA2B=0.510 advB2A=0.710 cycA=0.096 cycB=0.101 idtA=0.151 idtB=0.112 D_A=0.097 D_B=0.157 D_A(real)=0.91 D_A(fake)=0.09 gnG=13.29 gnD=9.57 it_per_s=6.33
2026-10-04 06:54:32,000 INFO iter=811400 epoch=116 lr=2.94e-05 G=1.614 advA2B=0.508 advB2A=0.710 cycA=0.097 cycB=0.101 idtA=0.151 idtB=0.112 D_A=0.097 D_B=0.157 D_A(real)=0.92 D_A(fake)=0.08 gnG=13.24 gnD=9.57 it_per_s=6.33
2026-10-04 06:54:47,764 INFO iter=811500 epoch=116 lr=2.94e-05 G=1.616 advA2B=0.508 advB2A=0.711 cycA=0.097 cycB=0.101 idtA=0.151 idtB=0.113 D_A=0.097 D_B=0.157 D_A(real)=0.92 D_A(fake)=0.08 gnG=13.17 gnD=9.55 it_per_s=6.33
2026-10-04 06:55:03,682 INFO iter=811600 epoch=116 lr=2.93e-05 G=1.617 advA2B=0.509 advB2A=0.712 cycA=0.097 cycB=0.101 idtA=0.151 idtB=0.112 D_A=0.096 D_B=0.157 D_A(real)=0.92 D_A(fake)=0.08 gnG=13.16 gnD=9.54 it_per_s=6.33
2026-10-04 06:55:19,570 INFO iter=811700 epoch=116 lr=2.92e-05 G=1.618 advA2B=0.509 advB2A=0.712 cycA=0.097 cycB=0.102 idtA=0.151 idtB=0.113 D_A=0.096 D_B=0.158 D_A(real)=0.92 D_A(fake)=0.08 gnG=13.21 gnD=9.54 it_per_s=6.33
2026-10-04 06:55:35,339 INFO iter=811800 epoch=116 lr=2.91e-05 G=1.618 advA2B=0.509 advB2A=0.713 cycA=0.097 cycB=0.102 idtA=0.152 idtB=0.112 D_A=0.096 D_B=0.158 D_A(real)=0.92 D_A(fake)=0.08 gnG=13.23 gnD=9.54 it_per_s=6.33
2026-10-04 06:55:51,096 INFO iter=811900 epoch=116 lr=2.90e-05 G=1.616 advA2B=0.508 advB2A=0.712 cycA=0.097 cycB=0.102 idtA=0.152 idtB=0.112 D_A=0.096 D_B=0.158 D_A(real)=0.92 D_A(fake)=0.08 gnG=13.27 gnD=9.54 it_per_s=6.33
2026-10-04 06:56:06,894 INFO iter=812000 epoch=116 lr=2.89e-05 G=1.616 advA2B=0.508 advB2A=0.712 cycA=0.097 cycB=0.101 idtA=0.152 idtB=0.112 D_A=0.096 D_B=0.158 D_A(real)=0.92 D_A(fake)=0.08 gnG=13.32 gnD=9.54 it_per_s=6.33
2026-10-04 06:56:22,679 INFO iter=812100 epoch=116 lr=2.88e-05 G=1.616 advA2B=0.507 advB2A=0.713 cycA=0.097 cycB=0.101 idtA=0.152 idtB=0.112 D_A=0.096 D_B=0.158 D_A(real)=0.92 D_A(fake)=0.08 gnG=13.25 gnD=9.55 it_per_s=6.33
2026-10-04 06:56:38,444 INFO iter=812200 epoch=116 lr=2.87e-05 G=1.618 advA2B=0.508 advB2A=0.714 cycA=0.097 cycB=0.101 idtA=0.152 idtB=0.112 D_A=0.096 D_B=0.158 D_A(real)=0.92 D_A(fake)=0.08 gnG=13.23 gnD=9.57 it_per_s=6.33
2026-10-04 06:56:54,223 INFO iter=812300 epoch=116 lr=2.86e-05 G=1.617 advA2B=0.507 advB2A=0.714 cycA=0.097 cycB=0.101 idtA=0.152 idtB=0.112 D_A=0.096 D_B=0.158 D_A(real)=0.92 D_A(fake)=0.08 gnG=13.17 gnD=9.56 it_per_s=6.33
2026-10-04 06:57:10,016 INFO iter=812400 epoch=116 lr=2.86e-05 G=1.615 advA2B=0.506 advB2A=0.712 cycA=0.097 cycB=0.101 idtA=0.152 idtB=0.112 D_A=0.096 D_B=0.158 D_A(real)=0.92 D_A(fake)=0.08 gnG=13.18 gnD=9.58 it_per_s=6.33
2026-10-04 06:57:25,928 INFO iter=812500 epoch=116 lr=2.85e-05 G=1.612 advA2B=0.505 advB2A=0.712 cycA=0.097 cycB=0.101 idtA=0.152 idtB=0.111 D_A=0.095 D_B=0.158 D_A(real)=0.92 D_A(fake)=0.08 gnG=13.15 gnD=9.58 it_per_s=6.33
2026-10-04 06:57:41,770 INFO iter=812600 epoch=116 lr=2.84e-05 G=1.612 advA2B=0.504 advB2A=0.711 cycA=0.097 cycB=0.101 idtA=0.152 idtB=0.112 D_A=0.095 D_B=0.159 D_A(real)=0.92 D_A(fake)=0.08 gnG=13.13 gnD=9.59 it_per_s=6.33
2026-10-04 06:57:57,550 INFO iter=812700 epoch=116 lr=2.83e-05 G=1.612 advA2B=0.504 advB2A=0.712 cycA=0.097 cycB=0.101 idtA=0.152 idtB=0.111 D_A=0.095 D_B=0.159 D_A(real)=0.92 D_A(fake)=0.08 gnG=13.11 gnD=9.60 it_per_s=6.33
2026-10-04 06:58:13,308 INFO iter=812800 epoch=116 lr=2.82e-05 G=1.611 advA2B=0.503 advB2A=0.712 cycA=0.097 cycB=0.101 idtA=0.152 idtB=0.111 D_A=0.095 D_B=0.159 D_A(real)=0.92 D_A(fake)=0.08 gnG=13.14 gnD=9.61 it_per_s=6.33
2026-10-04 06:58:29,088 INFO iter=812900 epoch=116 lr=2.81e-05 G=1.612 advA2B=0.504 advB2A=0.712 cycA=0.097 cycB=0.101 idtA=0.152 idtB=0.111 D_A=0.095 D_B=0.159 D_A(real)=0.92 D_A(fake)=0.08 gnG=13.19 gnD=9.63 it_per_s=6.33
2026-10-04 06:58:44,809 INFO iter=813000 epoch=116 lr=2.80e-05 G=1.612 advA2B=0.503 advB2A=0.712 cycA=0.097 cycB=0.101 idtA=0.153 idtB=0.111 D_A=0.094 D_B=0.159 D_A(real)=0.92 D_A(fake)=0.08 gnG=13.19 gnD=9.63 it_per_s=6.33
2026-10-04 06:59:00,195 INFO iter=813100 epoch=116 lr=2.79e-05 G=1.610 advA2B=0.503 advB2A=0.711 cycA=0.097 cycB=0.101 idtA=0.153 idtB=0.111 D_A=0.094 D_B=0.159 D_A(real)=0.92 D_A(fake)=0.08 gnG=13.20 gnD=9.63 it_per_s=6.33
2026-10-04 06:59:15,976 INFO iter=813200 epoch=116 lr=2.78e-05 G=1.610 advA2B=0.504 advB2A=0.711 cycA=0.097 cycB=0.101 idtA=0.153 idtB=0.111 D_A=0.094 D_B=0.159 D_A(real)=0.92 D_A(fake)=0.08 gnG=13.21 gnD=9.62 it_per_s=6.33
2026-10-04 06:59:31,739 INFO iter=813300 epoch=116 lr=2.78e-05 G=1.610 advA2B=0.504 advB2A=0.711 cycA=0.097 cycB=0.101 idtA=0.153 idtB=0.111 D_A=0.094 D_B=0.159 D_A(real)=0.92 D_A(fake)=0.08 gnG=13.23 gnD=9.63 it_per_s=6.33
2026-10-04 06:59:47,580 INFO iter=813400 epoch=116 lr=2.77e-05 G=1.610 advA2B=0.504 advB2A=0.711 cycA=0.097 cycB=0.101 idtA=0.153 idtB=0.111 D_A=0.094 D_B=0.159 D_A(real)=0.92 D_A(fake)=0.08 gnG=13.22 gnD=9.63 it_per_s=6.33
2026-10-04 07:00:03,393 INFO iter=813500 epoch=116 lr=2.76e-05 G=1.609 advA2B=0.503 advB2A=0.710 cycA=0.097 cycB=0.101 idtA=0.153 idtB=0.111 D_A=0.094 D_B=0.159 D_A(real)=0.92 D_A(fake)=0.08 gnG=13.23 gnD=9.62 it_per_s=6.33
2026-10-04 07:00:19,226 INFO iter=813600 epoch=116 lr=2.75e-05 G=1.608 advA2B=0.503 advB2A=0.710 cycA=0.097 cycB=0.101 idtA=0.153 idtB=0.111 D_A=0.094 D_B=0.159 D_A(real)=0.92 D_A(fake)=0.08 gnG=13.22 gnD=9.62 it_per_s=6.33
2026-10-04 07:00:35,035 INFO iter=813700 epoch=116 lr=2.74e-05 G=1.609 advA2B=0.503 advB2A=0.711 cycA=0.097 cycB=0.101 idtA=0.153 idtB=0.111 D_A=0.094 D_B=0.159 D_A(real)=0.92 D_A(fake)=0.08 gnG=13.24 gnD=9.61 it_per_s=6.33
2026-10-04 07:00:50,839 INFO iter=813800 epoch=116 lr=2.73e-05 G=1.610 advA2B=0.504 advB2A=0.711 cycA=0.097 cycB=0.101 idtA=0.153 idtB=0.111 D_A=0.094 D_B=0.159 D_A(real)=0.92 D_A(fake)=0.08 gnG=13.26 gnD=9.61 it_per_s=6.33
2026-10-04 07:01:06,619 INFO iter=813900 epoch=116 lr=2.72e-05 G=1.612 advA2B=0.504 advB2A=0.711 cycA=0.097 cycB=0.101 idtA=0.153 idtB=0.111 D_A=0.094 D_B=0.159 D_A(real)=0.92 D_A(fake)=0.08 gnG=13.28 gnD=9.63 it_per_s=6.33
2026-10-04 07:01:22,377 INFO iter=814000 epoch=116 lr=2.71e-05 G=1.610 advA2B=0.504 advB2A=0.710 cycA=0.097 cycB=0.101 idtA=0.153 idtB=0.111 D_A=0.094 D_B=0.159 D_A(real)=0.92 D_A(fake)=0.08 gnG=13.29 gnD=9.62 it_per_s=6.33
2026-10-04 07:01:38,179 INFO iter=814100 epoch=116 lr=2.71e-05 G=1.611 advA2B=0.504 advB2A=0.710 cycA=0.097 cycB=0.101 idtA=0.153 idtB=0.111 D_A=0.094 D_B=0.159 D_A(real)=0.92 D_A(fake)=0.08 gnG=13.32 gnD=9.63 it_per_s=6.33
2026-10-04 07:01:54,041 INFO iter=814200 epoch=116 lr=2.70e-05 G=1.612 advA2B=0.505 advB2A=0.711 cycA=0.097 cycB=0.101 idtA=0.153 idtB=0.111 D_A=0.094 D_B=0.159 D_A(real)=0.92 D_A(fake)=0.08 gnG=13.35 gnD=9.62 it_per_s=6.33
2026-10-04 07:02:09,912 INFO iter=814300 epoch=116 lr=2.69e-05 G=1.614 advA2B=0.505 advB2A=0.712 cycA=0.097 cycB=0.101 idtA=0.153 idtB=0.111 D_A=0.094 D_B=0.159 D_A(real)=0.92 D_A(fake)=0.08 gnG=13.36 gnD=9.62 it_per_s=6.33
2026-10-04 07:02:25,765 INFO iter=814400 epoch=116 lr=2.68e-05 G=1.614 advA2B=0.506 advB2A=0.712 cycA=0.097 cycB=0.101 idtA=0.153 idtB=0.111 D_A=0.094 D_B=0.159 D_A(real)=0.92 D_A(fake)=0.08 gnG=13.34 gnD=9.63 it_per_s=6.33
2026-10-04 07:02:41,565 INFO iter=814500 epoch=116 lr=2.67e-05 G=1.615 advA2B=0.506 advB2A=0.713 cycA=0.097 cycB=0.101 idtA=0.153 idtB=0.111 D_A=0.094 D_B=0.159 D_A(real)=0.92 D_A(fake)=0.08 gnG=13.35 gnD=9.63 it_per_s=6.33
2026-10-04 07:02:57,393 INFO iter=814600 epoch=116 lr=2.66e-05 G=1.616 advA2B=0.506 advB2A=0.713 cycA=0.097 cycB=0.101 idtA=0.153 idtB=0.111 D_A=0.094 D_B=0.159 D_A(real)=0.92 D_A(fake)=0.08 gnG=13.37 gnD=9.64 it_per_s=6.33
2026-10-04 07:03:13,187 INFO iter=814700 epoch=116 lr=2.65e-05 G=1.615 advA2B=0.506 advB2A=0.713 cycA=0.097 cycB=0.101 idtA=0.153 idtB=0.111 D_A=0.094 D_B=0.159 D_A(real)=0.92 D_A(fake)=0.08 gnG=13.37 gnD=9.64 it_per_s=6.33
2026-10-04 07:03:28,948 INFO iter=814800 epoch=116 lr=2.64e-05 G=1.615 advA2B=0.506 advB2A=0.713 cycA=0.097 cycB=0.101 idtA=0.153 idtB=0.111 D_A=0.094 D_B=0.159 D_A(real)=0.92 D_A(fake)=0.08 gnG=13.41 gnD=9.64 it_per_s=6.33
2026-10-04 07:03:44,781 INFO iter=814900 epoch=116 lr=2.63e-05 G=1.615 advA2B=0.506 advB2A=0.712 cycA=0.097 cycB=0.101 idtA=0.153 idtB=0.111 D_A=0.094 D_B=0.159 D_A(real)=0.92 D_A(fake)=0.08 gnG=13.39 gnD=9.64 it_per_s=6.33
2026-10-04 07:04:00,586 INFO iter=815000 epoch=116 lr=2.63e-05 G=1.615 advA2B=0.506 advB2A=0.712 cycA=0.097 cycB=0.101 idtA=0.153 idtB=0.111 D_A=0.094 D_B=0.159 D_A(real)=0.92 D_A(fake)=0.08 gnG=13.38 gnD=9.64 it_per_s=6.33
2026-10-04 07:04:16,377 INFO iter=815100 epoch=116 lr=2.62e-05 G=1.616 advA2B=0.506 advB2A=0.713 cycA=0.097 cycB=0.101 idtA=0.153 idtB=0.111 D_A=0.093 D_B=0.159 D_A(real)=0.92 D_A(fake)=0.08 gnG=13.39 gnD=9.63 it_per_s=6.33
2026-10-04 07:04:32,138 INFO iter=815200 epoch=116 lr=2.61e-05 G=1.616 advA2B=0.506 advB2A=0.714 cycA=0.097 cycB=0.101 idtA=0.153 idtB=0.111 D_A=0.093 D_B=0.159 D_A(real)=0.92 D_A(fake)=0.08 gnG=13.38 gnD=9.64 it_per_s=6.33
2026-10-04 07:04:47,935 INFO iter=815300 epoch=116 lr=2.60e-05 G=1.616 advA2B=0.505 advB2A=0.714 cycA=0.097 cycB=0.101 idtA=0.153 idtB=0.111 D_A=0.093 D_B=0.159 D_A(real)=0.92 D_A(fake)=0.08 gnG=13.36 gnD=9.64 it_per_s=6.33
2026-10-04 07:05:03,784 INFO iter=815400 epoch=116 lr=2.59e-05 G=1.617 advA2B=0.506 advB2A=0.715 cycA=0.097 cycB=0.101 idtA=0.153 idtB=0.111 D_A=0.093 D_B=0.159 D_A(real)=0.92 D_A(fake)=0.08 gnG=13.39 gnD=9.64 it_per_s=6.33
2026-10-04 07:05:19,552 INFO iter=815500 epoch=116 lr=2.58e-05 G=1.617 advA2B=0.506 advB2A=0.715 cycA=0.097 cycB=0.101 idtA=0.153 idtB=0.111 D_A=0.093 D_B=0.159 D_A(real)=0.92 D_A(fake)=0.08 gnG=13.42 gnD=9.65 it_per_s=6.33
2026-10-04 07:05:35,404 INFO iter=815600 epoch=116 lr=2.57e-05 G=1.618 advA2B=0.506 advB2A=0.715 cycA=0.097 cycB=0.101 idtA=0.153 idtB=0.111 D_A=0.093 D_B=0.159 D_A(real)=0.92 D_A(fake)=0.08 gnG=13.48 gnD=9.65 it_per_s=6.33
2026-10-04 07:05:51,183 INFO iter=815700 epoch=116 lr=2.56e-05 G=1.618 advA2B=0.506 advB2A=0.715 cycA=0.097 cycB=0.101 idtA=0.153 idtB=0.111 D_A=0.093 D_B=0.159 D_A(real)=0.92 D_A(fake)=0.08 gnG=13.48 gnD=9.65 it_per_s=6.33
2026-10-04 07:06:06,992 INFO iter=815800 epoch=116 lr=2.55e-05 G=1.619 advA2B=0.506 advB2A=0.716 cycA=0.097 cycB=0.101 idtA=0.153 idtB=0.111 D_A=0.093 D_B=0.159 D_A(real)=0.92 D_A(fake)=0.08 gnG=13.49 gnD=9.66 it_per_s=6.33
2026-10-04 07:06:22,782 INFO iter=815900 epoch=116 lr=2.55e-05 G=1.618 advA2B=0.506 advB2A=0.716 cycA=0.097 cycB=0.101 idtA=0.153 idtB=0.111 D_A=0.093 D_B=0.159 D_A(real)=0.92 D_A(fake)=0.08 gnG=13.47 gnD=9.67 it_per_s=6.33
2026-10-04 07:06:38,581 INFO iter=816000 epoch=116 lr=2.54e-05 G=1.619 advA2B=0.506 advB2A=0.717 cycA=0.097 cycB=0.101 idtA=0.153 idtB=0.111 D_A=0.093 D_B=0.159 D_A(real)=0.92 D_A(fake)=0.08 gnG=13.50 gnD=9.67 it_per_s=6.33
2026-10-04 07:06:54,395 INFO iter=816100 epoch=116 lr=2.53e-05 G=1.618 advA2B=0.506 advB2A=0.716 cycA=0.097 cycB=0.101 idtA=0.153 idtB=0.111 D_A=0.093 D_B=0.159 D_A(real)=0.92 D_A(fake)=0.08 gnG=13.51 gnD=9.67 it_per_s=6.33
2026-10-04 07:07:10,145 INFO iter=816200 epoch=116 lr=2.52e-05 G=1.618 advA2B=0.505 advB2A=0.717 cycA=0.097 cycB=0.101 idtA=0.153 idtB=0.111 D_A=0.093 D_B=0.159 D_A(real)=0.92 D_A(fake)=0.08 gnG=13.50 gnD=9.68 it_per_s=6.33
2026-10-04 07:07:25,928 INFO iter=816300 epoch=116 lr=2.51e-05 G=1.618 advA2B=0.506 advB2A=0.717 cycA=0.097 cycB=0.101 idtA=0.153 idtB=0.110 D_A=0.093 D_B=0.159 D_A(real)=0.92 D_A(fake)=0.08 gnG=13.50 gnD=9.67 it_per_s=6.33
2026-10-04 07:07:41,720 INFO iter=816400 epoch=116 lr=2.50e-05 G=1.619 advA2B=0.506 advB2A=0.717 cycA=0.097 cycB=0.101 idtA=0.153 idtB=0.110 D_A=0.093 D_B=0.159 D_A(real)=0.92 D_A(fake)=0.08 gnG=13.52 gnD=9.68 it_per_s=6.33
2026-10-04 07:07:42,974 INFO epoch=116 done time_s=1112 it_per_s=6.33 G=1.619 cycA=0.097 cycB=0.101 idtA=0.153 idtB=0.110 D_A=0.093 D_B=0.159 D_A(real)=0.92 D_A(fake)=0.08 nan_count=0
2026-10-04 07:07:58,533 INFO iter=816500 epoch=117 lr=2.49e-05 G=1.652 advA2B=0.513 advB2A=0.736 cycA=0.098 cycB=0.104 idtA=0.151 idtB=0.108 D_A=0.084 D_B=0.162 D_A(real)=0.92 D_A(fake)=0.08 gnG=15.98 gnD=10.06 it_per_s=6.32
2026-10-04 07:08:14,363 INFO iter=816600 epoch=117 lr=2.48e-05 G=1.634 advA2B=0.499 advB2A=0.732 cycA=0.098 cycB=0.103 idtA=0.153 idtB=0.110 D_A=0.082 D_B=0.159 D_A(real)=0.92 D_A(fake)=0.08 gnG=13.82 gnD=9.77 it_per_s=6.32
2026-10-04 07:08:33,817 INFO iter=816700 epoch=117 lr=2.47e-05 G=1.632 advA2B=0.495 advB2A=0.739 cycA=0.096 cycB=0.103 idtA=0.151 idtB=0.111 D_A=0.084 D_B=0.160 D_A(real)=0.92 D_A(fake)=0.08 gnG=14.27 gnD=9.87 it_per_s=5.86
2026-10-04 07:08:50,957 INFO iter=816800 epoch=117 lr=2.47e-05 G=1.629 advA2B=0.493 advB2A=0.741 cycA=0.096 cycB=0.102 idtA=0.150 idtB=0.110 D_A=0.084 D_B=0.159 D_A(real)=0.93 D_A(fake)=0.07 gnG=14.17 gnD=9.83 it_per_s=5.85
2026-10-04 07:09:09,815 INFO iter=816900 epoch=117 lr=2.46e-05 G=1.615 advA2B=0.493 advB2A=0.730 cycA=0.096 cycB=0.100 idtA=0.151 idtB=0.109 D_A=0.085 D_B=0.161 D_A(real)=0.92 D_A(fake)=0.07 gnG=13.81 gnD=10.00 it_per_s=5.73
2026-10-04 07:09:28,951 INFO iter=817000 epoch=117 lr=2.45e-05 G=1.616 advA2B=0.498 advB2A=0.725 cycA=0.096 cycB=0.100 idtA=0.151 idtB=0.108 D_A=0.085 D_B=0.160 D_A(real)=0.93 D_A(fake)=0.08 gnG=13.70 gnD=10.03 it_per_s=5.64
2026-10-04 07:09:45,794 INFO iter=817100 epoch=117 lr=2.44e-05 G=1.623 advA2B=0.502 advB2A=0.730 cycA=0.096 cycB=0.099 idtA=0.152 idtB=0.106 D_A=0.085 D_B=0.161 D_A(real)=0.92 D_A(fake)=0.08 gnG=14.13 gnD=9.99 it_per_s=5.68
2026-10-04 07:10:05,193 INFO iter=817200 epoch=117 lr=2.43e-05 G=1.627 advA2B=0.507 advB2A=0.728 cycA=0.097 cycB=0.099 idtA=0.153 idtB=0.106 D_A=0.086 D_B=0.161 D_A(real)=0.92 D_A(fake)=0.08 gnG=13.93 gnD=9.95 it_per_s=5.61
2026-10-04 07:10:21,541 INFO iter=817300 epoch=117 lr=2.42e-05 G=1.625 advA2B=0.504 advB2A=0.728 cycA=0.097 cycB=0.099 idtA=0.153 idtB=0.107 D_A=0.087 D_B=0.161 D_A(real)=0.92 D_A(fake)=0.08 gnG=13.86 gnD=9.95 it_per_s=5.66
