[2026-09-28 18:59:36] [INFO] ============================================================
[2026-09-28 18:59:36] [INFO] Starting Training for Model: baseline (Run ID: baseline_run01)
[2026-09-28 18:59:36] [INFO] Loaded config from: task2_sentiment/member_aswin/configs/baseline.yaml
[2026-09-28 18:59:36] [INFO] Random seed: 42
[2026-09-28 18:59:36] [INFO] Hardware compute device selected: mps
[2026-09-28 18:59:36] [INFO] Loading Yelp Polarity dataset from Hugging Face...
[2026-09-28 18:59:42] [INFO] Subsampling training set to 25000 examples (stratified, seed=42)...
[2026-09-28 18:59:42] [INFO] Subsampling test set to 5000 examples (stratified, seed=42)...
[2026-09-28 18:59:42] [INFO] EDA Completed: Train=25000, Test=5000, Duplicates=0
[2026-09-28 18:59:42] [INFO] Word length mean=133.3, 95th pct=377.0
[2026-09-28 18:59:42] [INFO] Split sizes: Train=20000, Val=5000, Test=5000
[2026-09-28 18:59:42] [INFO] Tokenizing training set and building vocabulary (from scratch on train split only)...
[2026-09-28 18:59:43] [INFO] Vocabulary successfully built! Total vocab size: 18766 tokens.
[2026-09-28 18:59:43] [INFO] Model architecture: baseline_mean_pooling
[2026-09-28 18:59:43] [INFO] Total trainable parameters: 2,418,689
[2026-09-28 18:59:44] [INFO] Beginning training loop...
[2026-09-28 18:59:52] [INFO] Epoch 01/05 [8.6s] - Train Loss: 0.3687, Train Acc: 0.8548 | Val Loss: 0.2235, Val Acc: 0.9094
[2026-09-28 18:59:52] [INFO] Saved new best checkpoint at epoch 1 (Val Loss: 0.2235) -> task2_sentiment/member_aswin/checkpoints/baseline/best_model.pt
[2026-09-28 18:59:58] [INFO] Epoch 02/05 [5.6s] - Train Loss: 0.1515, Train Acc: 0.9459 | Val Loss: 0.2380, Val Acc: 0.9100
[2026-09-28 19:00:03] [INFO] Epoch 03/05 [5.4s] - Train Loss: 0.0951, Train Acc: 0.9704 | Val Loss: 0.2716, Val Acc: 0.9062
[2026-09-28 19:00:10] [INFO] Epoch 04/05 [6.3s] - Train Loss: 0.0528, Train Acc: 0.9860 | Val Loss: 0.2974, Val Acc: 0.9074
[2026-09-28 19:00:17] [INFO] Epoch 05/05 [6.9s] - Train Loss: 0.0363, Train Acc: 0.9915 | Val Loss: 0.3353, Val Acc: 0.9046
[2026-09-28 19:00:17] [INFO] Training Complete in 32.89 seconds.
[2026-09-28 19:00:17] [INFO] Throughput: 3040.29 examples/sec | Peak Memory: 1058.66 MB
[2026-09-28 19:00:17] [INFO] Best validation loss 0.2235 achieved at epoch 1.
[2026-09-28 19:00:17] [INFO] Saved training curves to task2_sentiment/member_aswin/outputs/plots/baseline_training_curves.png
[2026-09-28 19:00:18] [INFO] Successfully recorded reproducibility manifest.
[2026-09-28 19:00:18] [INFO] ============================================================
[2026-09-28 19:00:35] [INFO] ============================================================
[2026-09-28 19:00:35] [INFO] Starting Evaluation for Model: baseline (Run ID: baseline_run01)
[2026-09-28 19:00:35] [INFO] Loading Yelp Polarity dataset from Hugging Face...
[2026-09-28 19:00:40] [INFO] Subsampling training set to 25000 examples (stratified, seed=42)...
[2026-09-28 19:00:40] [INFO] Subsampling test set to 5000 examples (stratified, seed=42)...
[2026-09-28 19:00:41] [INFO] EDA Completed: Train=25000, Test=5000, Duplicates=0
[2026-09-28 19:00:41] [INFO] Word length mean=133.3, 95th pct=377.0
[2026-09-28 19:00:41] [INFO] Split sizes: Train=20000, Val=5000, Test=5000
[2026-09-28 19:00:41] [INFO] Tokenizing training set and building vocabulary (from scratch on train split only)...
[2026-09-28 19:00:42] [INFO] Vocabulary successfully built! Total vocab size: 18766 tokens.
[2026-09-28 19:00:42] [INFO] Loading checkpoint weights from: task2_sentiment/member_aswin/checkpoints/baseline/best_model.pt
[2026-09-28 19:00:42] [INFO] Executing inference on the untouched test set...
[2026-09-28 19:00:42] [INFO] Computing metrics, bootstrap confidence intervals, and calibration statistics...
[2026-09-28 19:00:44] [INFO] Test Accuracy: 0.9162 [95% CI: 0.9084 - 0.9242]
[2026-09-28 19:00:44] [INFO] Macro-F1:      0.9162 [95% CI: 0.9084 - 0.9242]
[2026-09-28 19:00:44] [INFO] ROC-AUC:       0.9737
[2026-09-28 19:00:44] [INFO] PR-AUC:        0.9741
[2026-09-28 19:00:44] [INFO] MCC:           0.8324 [95% CI: 0.8168 - 0.8484]
[2026-09-28 19:00:44] [INFO] Brier Score:   0.0605
[2026-09-28 19:00:44] [INFO] ECE:           0.0112
[2026-09-28 19:00:44] [INFO] Confusion Matrix: TN=2295, FP=205, FN=214, TP=2286
[2026-09-28 19:00:44] [INFO] Saved test predictions to: task2_sentiment/member_aswin/outputs/predictions/baseline_test_predictions.csv
[2026-09-28 19:00:45] [INFO] Successfully recorded metrics in task2_sentiment/member_aswin/metrics_report.csv
[2026-09-28 19:00:45] [INFO] ============================================================
